"""
train_gpt_simple_leon.py

This file descends from the [NanoGPT speedrun](https://github.com/KellerJordan/modded-nanogpt).
It was prepared as a simplified version of the speedrun for use in neural net optimization research.
This variant replaces Muon with Leon (initial test using the same Newton-Schulz coefficients).
"""

import math
import os
import sys
with open(sys.argv[0]) as f:
    code = f.read() # read the code of this file ASAP, for logging
import argparse
import ast
import json
import subprocess
import uuid
import time
from datetime import datetime
from pathlib import Path


BASE_HPARAMS = dict(
    # Training
    train_steps         = 3375,
    # AdamW — embedding
    embed_lr            = 0.3,
    # AdamW — lm_head projection
    proj_lr             = 1/320,
    # AdamW — scalars (biases, gains)
    scalar_lr           = 0.01,
    # AdamW shared
    adam_betas          = (0.8, 0.95),
    adam_eps            = 1e-10,
    adam_wd             = 0.0,
    adam_cooldown_frac  = 0.7,
    # Leon — 2D block params
    leon_lr             = 0.025,
    leon_wd             = 0.025,
    leon_mu             = 0.95,
    leon_beta2          = 0.7,
    leon_cooldown_frac  = 0.7,
    leon_ns_iters       = 6,
    leon_eps            = 1e-9,
    leon_l_scale        = 1.0,
    leon_orthogonalize_dtype = "bfloat16",
    leon_l_scale_schedule = "constant",
    leon_l_scale_ramp_start_frac = 0.2,
    leon_l_scale_ramp_end_frac = 0.6,
    # "off": L = l_scale * T_t (raw unnormalized Gram sum).
    # "match_g": rescale L so tr(L) = l_scale * ||G||_F^2 (l_scale=1.0 -> tr(L) fraction 0.5).
    leon_l_normalize_mode = "off",
    # When True, rescale the final NS output to Frobenius norm sqrt(min(D1, D2)),
    # i.e. match the natural ||update||_F of the L=0 (Muon-NS) update.
    leon_match_l0_norm  = False,
    # When True, second moment accumulates (grad_t - grad_{t-1})(grad_t - grad_{t-1})^T
    # instead of grad_t * grad_t^T.
    leon_use_grad_diff  = False,
    # When False, skip the Nesterov first-moment buffer entirely; orthogonalize raw grad.
    leon_use_nesterov   = True,
    leon_log_diagnostics = False,
    leon_diag_interval  = 125,
    leon_diag_patterns  = (
        "blocks.0.attn.q.weight",
        "blocks.6.mlp.proj.weight",
        "blocks.11.attn.proj.weight",
    ),
    # Optional wandb logging (off by default). Enable with --set wandb_project=<name>.
    # File artifacts (train.log, config.json, tuning_log.csv) remain authoritative.
    wandb_project = None,
    wandb_mode    = "online",  # "online" | "offline" | "disabled"
    # Optional. If unset, the wandb run name falls back to run_dir.name (the timestamp+uuid).
    # Set this to your tuning_log.csv run_id so the dashboard matches the ledger.
    wandb_run_name = None,
)


def parse_value(s: str):
    try:
        return ast.literal_eval(s)
    except (ValueError, SyntaxError):
        return s


def parse_args():
    parser = argparse.ArgumentParser()
    parser.add_argument("legacy_trials", nargs="?", type=int,
                        help="Legacy positional trial count. Prefer --trials.")
    parser.add_argument("--trials", type=int, default=None)
    parser.add_argument("--set", action="append", default=[],
                        metavar="KEY=VALUE", help="Override or add an hparams entry.")
    parser.add_argument("--dry-run", action="store_true",
                        help="Resolve config and write metadata without CUDA/NCCL/training.")
    parser.add_argument("--out-dir", type=Path, default=None,
                        help="Run output directory. Defaults to runs/leon/<timestamp>-<uuid>.")
    return parser.parse_args()


def resolve_hparams(overrides):
    hparams = dict(BASE_HPARAMS)
    for item in overrides:
        if "=" not in item:
            raise ValueError(f"--set expects KEY=VALUE, got {item!r}")
        key, raw_value = item.split("=", 1)
        value = parse_value(raw_value)
        if key == "cooldown_frac":
            hparams["adam_cooldown_frac"] = value
            hparams["leon_cooldown_frac"] = value
        hparams[key] = value
    return hparams


def config_diff(hparams):
    return {k: v for k, v in hparams.items() if BASE_HPARAMS.get(k) != v}


def validate_hparams(hparams):
    l_scale = float(hparams["leon_l_scale"])
    if l_scale < 0:
        raise ValueError(f"leon_l_scale must be non-negative, got {l_scale!r}")

    orthogonalize_dtype = hparams["leon_orthogonalize_dtype"]
    if orthogonalize_dtype not in ("bfloat16", "float32", "float64"):
        raise ValueError(
            "leon_orthogonalize_dtype must be 'bfloat16', 'float32', or 'float64', "
            f"got {orthogonalize_dtype!r}"
        )

    schedule = hparams["leon_l_scale_schedule"]
    if schedule not in ("constant", "linear_ramp"):
        raise ValueError(
            "leon_l_scale_schedule must be 'constant' or 'linear_ramp', "
            f"got {schedule!r}"
        )

    if schedule == "linear_ramp":
        start = float(hparams["leon_l_scale_ramp_start_frac"])
        end = float(hparams["leon_l_scale_ramp_end_frac"])
        if not (0 <= start < end <= 1):
            raise ValueError(
                "linear_ramp requires 0 <= leon_l_scale_ramp_start_frac "
                "< leon_l_scale_ramp_end_frac <= 1, "
                f"got start={start!r}, end={end!r}"
            )

    normalize_mode = hparams["leon_l_normalize_mode"]
    if normalize_mode not in ("off", "match_g"):
        raise ValueError(
            "leon_l_normalize_mode must be 'off' or 'match_g', "
            f"got {normalize_mode!r}"
        )

    if not isinstance(hparams["leon_use_grad_diff"], bool):
        raise TypeError(
            f"leon_use_grad_diff must be bool, got {type(hparams['leon_use_grad_diff'])!r}"
        )

    if not isinstance(hparams["leon_use_nesterov"], bool):
        raise TypeError(
            f"leon_use_nesterov must be bool, got {type(hparams['leon_use_nesterov'])!r}"
        )


def scheduled_l_scale(hparams, progress):
    target = float(hparams["leon_l_scale"])
    schedule = hparams["leon_l_scale_schedule"]

    if schedule == "constant":
        return target

    start = float(hparams["leon_l_scale_ramp_start_frac"])
    end = float(hparams["leon_l_scale_ramp_end_frac"])
    if progress < start:
        return 0.0
    if progress >= end:
        return target
    ramp_progress = (progress - start) / (end - start)
    return target * ramp_progress


def default_run_dir():
    stamp = datetime.now().strftime("%Y%m%d-%H%M%S")
    return Path("records/track_3_optimization/runs/leon") / f"{stamp}-{uuid.uuid4().hex[:8]}"


def create_run_dir(out_dir=None):
    run_dir = Path(out_dir) if out_dir is not None else default_run_dir()
    run_dir.mkdir(parents=True, exist_ok=False)
    return run_dir


def git_commit():
    try:
        return subprocess.check_output(["git", "rev-parse", "HEAD"], text=True).strip()
    except Exception:
        return None


def shard_counts():
    cwd = Path.cwd()
    return dict(
        train_shards=len(list(cwd.glob("data/fineweb10B/fineweb_train_*.bin"))),
        val_shards=len(list(cwd.glob("data/fineweb10B/fineweb_val_*.bin"))),
    )


def torch_versions():
    torch_module = globals().get("torch")
    if torch_module is None:
        return None, None
    return torch_module.version.__version__, torch_module.version.cuda


def write_run_files(run_dir, args, hparams, mode, extra=None):
    torch_version, cuda_version = torch_versions()
    diff = config_diff(hparams)
    metadata = dict(
        mode=mode,
        argv=sys.argv,
        cwd=str(Path.cwd()),
        script=sys.argv[0],
        trials=args.trials if args.trials is not None else (args.legacy_trials or 1),
        dry_run=args.dry_run,
        out_dir=str(run_dir),
        git_commit=git_commit(),
        torch_version=torch_version,
        cuda_version=cuda_version,
        shard_counts=shard_counts(),
    )
    if extra:
        metadata.update(extra)
    (run_dir / "config.json").write_text(json.dumps(hparams, indent=2, sort_keys=True) + "\n")
    (run_dir / "config_diff.json").write_text(json.dumps(diff, indent=2, sort_keys=True) + "\n")
    (run_dir / "metadata.json").write_text(json.dumps(metadata, indent=2, sort_keys=True) + "\n")


if "--dry-run" in sys.argv:
    args = parse_args()
    hparams = resolve_hparams(args.set)
    validate_hparams(hparams)
    run_dir = create_run_dir(args.out_dir)
    write_run_files(run_dir, args, hparams, "dry-run")
    print(f"dry_run:true out_dir:{run_dir}")
    print(json.dumps(dict(hparams=hparams, config_diff=config_diff(hparams)), indent=2, sort_keys=True))
    sys.exit(0)

import torch
from torch import Tensor, nn
from torch.optim import AdamW
import torch.nn.functional as F
import torch.distributed as dist


########################################
#              Dataloader              #
########################################

def _load_data_shard(file: Path):
    header = torch.from_file(str(file), False, 256, dtype=torch.int32) # header is 256 int32
    assert header[0] == 20240520, "magic number mismatch in the data .bin file"
    assert header[1] == 1, "unsupported version"
    num_tokens = int(header[2]) # number of tokens (claimed)
    with file.open("rb", buffering=0) as f:
        tokens = torch.empty(num_tokens, dtype=torch.uint16, pin_memory=True)
        f.seek(256 * 4)
        nbytes = f.readinto(tokens.numpy()) # avoid bytes->array copy
        assert nbytes == 2 * num_tokens, "number of tokens read does not match header"
    return tokens

def distributed_data_generator(filename_pattern: str, batch_size: int, seq_len=1024):
    files = sorted(Path.cwd().glob(filename_pattern))
    assert batch_size % dist.get_world_size() == 0
    local_batch_size = batch_size // dist.get_world_size()
    file_iter = iter(files)
    tokens, pos = _load_data_shard(next(file_iter)), 0
    while True:
        if pos + batch_size + 1 >= len(tokens):
            tokens, pos = _load_data_shard(next(file_iter)), 0
        buf = tokens[pos + dist.get_rank() * local_batch_size:][:local_batch_size + 1]
        inputs = buf[:-1].to(device="cuda", dtype=torch.int32, non_blocking=True)
        targets = buf[1:].to(device="cuda", dtype=torch.int64, non_blocking=True)
        pos += batch_size
        yield inputs.view(-1, seq_len), targets.view(-1, seq_len)


########################################
#             Architecture             #
########################################

class RMSNorm(nn.Module):
    def __init__(self, dim):
        super().__init__()
        self.gains = nn.Parameter(torch.ones(dim))

    def forward(self, x):
        return F.rms_norm(x, (x.size(-1),), weight=self.gains.type_as(x))

class Linear(nn.Linear):
    def __init__(self, in_features, out_features):
        super().__init__(in_features, out_features, bias=True)

    def forward(self, x):
        return F.linear(x, self.weight.type_as(x), self.bias.type_as(x))

class Rotary(nn.Module):
    def __init__(self, dim: int):
        super().__init__()
        # half-truncate RoPE (w/ base freq tuning)
        angular_freq = (1 / 1024) ** torch.linspace(0, 1, steps=dim//4, dtype=torch.float32)
        self.register_buffer("angular_freq", torch.cat([angular_freq, angular_freq.new_zeros(dim//4)]))

    def forward(self, x_BTHD: Tensor):
        pos = torch.arange(x_BTHD.size(1), dtype=torch.float32, device=x_BTHD.device)
        theta = torch.outer(pos, self.angular_freq)[None, :, None, :]
        cos, sin = theta.cos(), theta.sin()
        x1, x2 = x_BTHD.to(dtype=torch.float32).chunk(2, dim=-1)
        y1 = x1 * cos + x2 * sin
        y2 = x1 * (-sin) + x2 * cos
        return torch.cat((y1, y2), 3).type_as(x_BTHD)

class CausalSelfAttention(nn.Module):
    def __init__(self, dim: int, head_dim=128):
        super().__init__()
        self.num_heads = dim // head_dim
        self.head_dim = head_dim
        hdim = self.num_heads * self.head_dim
        self.q = Linear(dim, hdim)
        self.k = Linear(dim, hdim)
        self.v = Linear(dim, hdim)
        self.proj = Linear(hdim, dim)
        self.rotary = Rotary(head_dim)

    def forward(self, x: Tensor):
        B, T = x.size(0), x.size(1)
        q = self.q(x).view(B, T, self.num_heads, self.head_dim)
        k = self.k(x).view(B, T, self.num_heads, self.head_dim)
        v = self.v(x).view(B, T, self.num_heads, self.head_dim)
        q, k = F.rms_norm(q, (q.size(-1),)), F.rms_norm(k, (k.size(-1),))
        q, k = self.rotary(q), self.rotary(k)
        y = F.scaled_dot_product_attention(q.transpose(1, 2), k.transpose(1, 2),
                                           v.transpose(1, 2), scale=0.12, is_causal=True).transpose(1, 2)
        y = y.contiguous().view(B, T, self.num_heads * self.head_dim)
        y = self.proj(y)
        return y

class MLP(nn.Module):
    def __init__(self, dim: int):
        super().__init__()
        hdim = 4 * dim
        self.fc = Linear(dim, hdim)
        self.proj = Linear(hdim, dim)

    def forward(self, x: Tensor):
        x = self.fc(x)
        x = x.relu().square()
        x = self.proj(x)
        return x

class Block(nn.Module):
    def __init__(self, dim: int):
        super().__init__()
        self.attn = CausalSelfAttention(dim)
        self.mlp = MLP(dim)
        self.norm1 = RMSNorm(dim)
        self.norm2 = RMSNorm(dim)

    def forward(self, x: Tensor):
        x = x + self.attn(self.norm1(x))
        x = x + self.mlp(self.norm2(x))
        return x

class GPT(nn.Module):
    def __init__(self, vocab_size: int, num_layers: int, model_dim: int):
        super().__init__()
        self.embed = nn.Embedding(vocab_size, model_dim).bfloat16()
        self.blocks = nn.ModuleList([Block(model_dim) for _ in range(num_layers)])
        self.proj = Linear(model_dim, vocab_size)
        self.norm1 = RMSNorm(model_dim)
        self.norm2 = RMSNorm(model_dim)

    def forward(self, inputs: Tensor, targets: Tensor):
        x = self.norm1(self.embed(inputs))
        for block in self.blocks:
            x = block(x)
        logits = self.proj(self.norm2(x)).float()
        logits = 15 * logits * (logits.square() + 15**2).rsqrt()
        return F.cross_entropy(logits.view(targets.numel(), -1), targets.view(-1), reduction="sum")


########################################
#              Optimizer               #
########################################

def leon_compute_dtype(dtype_name: str):
    if dtype_name == "bfloat16":
        return torch.bfloat16
    if dtype_name == "float32":
        return torch.float32
    if dtype_name == "float64":
        return torch.float64
    raise ValueError(f"Unsupported Leon orthogonalization dtype: {dtype_name!r}")


def leon_accum_dtype(dtype_name: str):
    return torch.float64 if dtype_name == "float64" else torch.float32


def leon_orthogonalize(grad: Tensor, momentum_buffer: Tensor, second_momentum_buffer: Tensor,
                       momentum: float = 0.95, beta2: float = 0.7,
                       ns_iters: int = 6, ns_coeffs: tuple = (2, -1.5, 0.5),
                       eps: float = 1e-7, l_scale: float = 1.0,
                       compute_dtype: str = "bfloat16",
                       l_normalize_mode: str = "off",
                       match_l0_norm: bool = False,
                       use_grad_diff: bool = False,
                       prev_grad_buffer: Tensor = None,
                       use_nesterov: bool = True) -> Tensor:
    """
    Leon update: Nesterov momentum + Newton-Schulz orthogonalization with
    augmented Gram matrix (second momentum buffer).

    Computes (GG^T + L)^{-0.5} G where L is an EMA-like gradient Gram statistic,
    using Newton-Schulz iterations to approximate the matrix inverse square root.

    Args:
        grad: Raw gradient (mutated in-place into the Nesterov-corrected update)
        momentum_buffer: First-moment unnormalized exponential sum
            S_t = momentum * S_{t-1} + grad_t (updated in place).
        second_momentum_buffer: Second-moment unnormalized exponential sum
            T_t = beta2 * T_{t-1} + grad_t grad_t^T (updated in place).
        momentum: First momentum coefficient (Nesterov)
        beta2: Second momentum coefficient
        ns_iters: Number of Newton-Schulz iterations
        ns_coeffs: (a, b, c) coefficients for the NS iteration
        eps: Diagonal stability epsilon added to the augmented Gram matrix
        l_scale: Multiplier for the second-momentum Gram contribution
        compute_dtype: Matrix-update dtype for X inside the NS iteration
        l_normalize_mode: "off" uses L = l_scale * T_t; "match_g" rescales L so
            tr(L) = l_scale * ||G||_F^2 (l_scale=1.0 -> tr(L) fraction 0.5).
        match_l0_norm: When True, rescale the final NS output to Frobenius norm
            sqrt(min(D1, D2)), matching the L=0 update's natural Frobenius norm.
    """
    is_tall = grad.size(-2) >= grad.size(-1)
    x_dtype = leon_compute_dtype(compute_dtype)
    accum_dtype = leon_accum_dtype(compute_dtype)

    # 0. Compute Gram matrix of raw gradient BEFORE mutating it with momentum
    if use_grad_diff and prev_grad_buffer is not None:
        gram_src = grad - prev_grad_buffer
        prev_grad_buffer.copy_(grad)  # store raw grad before momentum mutation
    else:
        gram_src = grad

    if is_tall:
        gram_tmp = gram_src.mT @ gram_src
    else:
        gram_tmp = gram_src @ gram_src.mT

    # Both buffers are stored as unnormalized exponential sums:
    #   S_t = momentum * S_{t-1} + grad_t          (first moment)
    #   T_t = beta2    * T_{t-1} + grad_t grad_t^T (second moment)
    # so we avoid the lerp_ / divide-by-(1-decay) round-trip used in EMA storage.

    # 1. First-moment sum + Nesterov: g = grad + momentum * S_t
    if use_nesterov and momentum_buffer is not None:
        momentum_buffer.mul_(momentum).add_(grad)
        g = grad.add_(momentum_buffer, alpha=momentum)
    else:
        g = grad  # no momentum: orthogonalize the raw gradient directly

    # 2. Second-moment sum: T_t in place
    second_momentum_buffer.mul_(beta2).add_(gram_tmp)

    X = g.to(dtype=x_dtype)
    L_unscaled = second_momentum_buffer.to(dtype=accum_dtype)
    if l_normalize_mode == "match_g":
        x_sq = X.to(dtype=accum_dtype).pow(2).sum()
        raw_l_tr = L_unscaled.diagonal(dim1=-2, dim2=-1).sum().clamp_min(1e-12)
        # Rescale so tr(L) = l_scale * ||X||_F^2 regardless of the raw sum magnitude.
        L = L_unscaled * (l_scale * x_sq / raw_l_tr)
    else:
        L = L_unscaled * l_scale
    A = 0.5 * (L + L.transpose(-2, -1))  # ensure symmetry

    # 3. Scale so that tr(GG^T + L) ≈ 1
    tr = X.to(dtype=accum_dtype).pow(2).sum(dim=(-2, -1), keepdim=True) \
       + A.diagonal(dim1=-2, dim2=-1).sum(dim=-1, keepdim=True).unsqueeze(-1)
    tr = tr.clamp_min(1e-12) * ((1 + 2e-2)**2)  # safety cushion

    inv_sqrt_tr = tr.rsqrt()
    inv_tr = inv_sqrt_tr.square()

    X = X * inv_sqrt_tr.to(X.dtype)
    A = (A * inv_tr).contiguous()

    # 4. Initial augmented Gram: A0 = gram(X) + L_scaled
    if is_tall:
        A = A + (X.mT @ X)
    else:
        A = A + (X @ X.mT)
    A.diagonal(dim1=-2, dim2=-1).add_(eps)  # eps for stability

    # 5. Newton-Schulz iterations with A iteration
    a, b, c = ns_coeffs
    last_iter = ns_iters - 1
    for i in range(ns_iters):
        A = 0.5 * (A + A.transpose(-2, -1))  # keep symmetric
        B = b * A + c * (A @ A)

        if is_tall:
            X = a * X + X @ B.to(X.dtype)
        else:
            X = a * X + B.to(X.dtype) @ X

        # Update A alongside X (skip on last iteration)
        if i < last_iter:
            # A <- (aI + B) A (aI + B)
            # computed as: D = a*A + B@A, then A = a*D + D@B
            D = a * A + B @ A
            A = a * D + D @ B

    if match_l0_norm:
        # Rescale X to ||X||_F = sqrt(min(D1, D2)), the natural Frobenius norm
        # of an orthogonalized (L=0) Muon-NS update.
        target = float(min(X.size(-2), X.size(-1))) ** 0.5
        cur = X.to(dtype=accum_dtype).norm().clamp_min(1e-12)
        X = X * (target / cur).to(X.dtype)

    return X


class Leon(torch.optim.Optimizer):
    """
    Leon optimizer: Nesterov momentum + Newton-Schulz orthogonalization with
    an augmented Gram matrix (second momentum buffer).

    Unlike Muon which recomputes A = X@X^T each NS iteration, Leon maintains
    a second momentum buffer L (scaled from an EMA of gradient Gram matrices) and augments
    the iteration matrix: A = X@X^T + L. A is also iterated alongside X.
    """
    def __init__(self, params, lr=0.025, weight_decay=0.025, mu=0.95, beta2=0.7,
                 ns_iters=6, eps=1e-7, l_scale=1.0, orthogonalize_dtype="bfloat16",
                 l_normalize_mode="off", match_l0_norm=False, use_grad_diff=False,
                 use_nesterov=True):
        assert isinstance(params, list) and len(params) >= 1 and isinstance(params[0], torch.nn.Parameter)
        params = sorted(params, key=lambda x: x.size(), reverse=True)
        defaults = dict(lr=lr, weight_decay=weight_decay, mu=mu, beta2=beta2,
                        ns_iters=ns_iters, eps=eps, l_scale=l_scale,
                        orthogonalize_dtype=orthogonalize_dtype,
                        l_normalize_mode=l_normalize_mode,
                        match_l0_norm=match_l0_norm,
                        use_grad_diff=use_grad_diff,
                        use_nesterov=use_nesterov)
        super().__init__(params, defaults)
        self.param_names = {}

    def diagnostic_stats(self, selected_patterns):
        if isinstance(selected_patterns, str):
            selected_patterns = (selected_patterns,)
        selected_patterns = tuple(selected_patterns)

        rows = []
        rank = dist.get_rank()
        world_size = dist.get_world_size()
        with torch.no_grad():
            for group in self.param_groups:
                params = group["params"]
                for base_i in range(0, len(params), world_size):
                    if base_i + rank >= len(params):
                        continue
                    p = params[base_i + rank]
                    name = self.param_names.get(p, f"param_{base_i + rank}")
                    if selected_patterns and not any(pattern in name for pattern in selected_patterns):
                        continue
                    if p.grad is None:
                        continue

                    state = self.state[p]
                    use_nesterov = group.get("use_nesterov", True)
                    if len(state) == 0:
                        momentum_buffer = torch.zeros_like(p, dtype=torch.float32) if use_nesterov else None
                        min_D = min(p.shape[-2], p.shape[-1])
                        second_momentum_buffer = torch.zeros(
                            min_D, min_D, dtype=torch.float32, device=p.device
                        )
                    else:
                        momentum_buffer = state.get("momentum_buffer")  # None when use_nesterov=False
                        second_momentum_buffer = state["second_momentum_buffer"]

                    prev_grad_buffer = state.get("prev_grad_buffer")
                    prev_grad_clone = prev_grad_buffer.clone() if prev_grad_buffer is not None else None

                    grad = p.grad.float()
                    momentum_clone = momentum_buffer.clone() if momentum_buffer is not None else None
                    l_clone = second_momentum_buffer.clone()
                    grad_for_update = grad.clone()

                    # Compute grad_diff_norm before leon_orthogonalize mutates prev_grad_clone
                    if prev_grad_clone is not None:
                        grad_diff_norm = (grad_for_update - prev_grad_clone).float().norm()
                    else:
                        grad_diff_norm = math.nan

                    update = leon_orthogonalize(
                        grad_for_update, momentum_clone, l_clone,
                        momentum=group["mu"], beta2=group["beta2"],
                        ns_iters=group["ns_iters"], eps=group["eps"],
                        l_scale=group["l_scale"],
                        compute_dtype=group["orthogonalize_dtype"],
                        l_normalize_mode=group["l_normalize_mode"],
                        match_l0_norm=group["match_l0_norm"],
                        use_grad_diff=group.get("use_grad_diff", False),
                        prev_grad_buffer=prev_grad_clone,
                        use_nesterov=use_nesterov,
                    )
                    update *= max(1, p.size(-2) / p.size(-1))**0.5

                    momentum_l0 = momentum_buffer.clone() if momentum_buffer is not None else None
                    l_l0 = second_momentum_buffer.clone()
                    update_l0 = leon_orthogonalize(
                        grad.clone(), momentum_l0, l_l0,
                        momentum=group["mu"], beta2=group["beta2"],
                        ns_iters=group["ns_iters"], eps=group["eps"],
                        l_scale=0.0,
                        compute_dtype=group["orthogonalize_dtype"],
                        use_nesterov=use_nesterov,
                    )
                    update_l0 *= max(1, p.size(-2) / p.size(-1))**0.5

                    update_float = update.float()
                    update_l0_float = update_l0.float()
                    update_norm = update_float.norm()
                    update_l0_norm = update_l0_float.norm()
                    cosine_denom = (update_norm * update_l0_norm).clamp_min(1e-12)
                    update_l0_cos = (update_float.flatten() @ update_l0_float.flatten()) / cosine_denom
                    grad_norm = grad.norm()
                    # momentum_clone holds the unnormalized sum S_t (post-step) when use_nesterov=True.
                    if momentum_clone is not None:
                        momentum_norm = momentum_clone.norm()
                        update_momentum_cos = (update_float.flatten() @ momentum_clone.float().flatten()) / (
                            update_norm * momentum_norm
                        ).clamp_min(1e-12)
                    else:
                        momentum_norm = math.nan
                        update_momentum_cos = math.nan
                    l_for_stats = l_clone
                    update_grad_cos = (update_float.flatten() @ grad.flatten()) / (
                        update_norm * grad_norm
                    ).clamp_min(1e-12)

                    l_sym = 0.5 * (l_for_stats + l_for_stats.transpose(-2, -1))
                    l_trace = l_sym.diagonal(dim1=-2, dim2=-1).sum().clamp_min(0)
                    l_fro = l_sym.norm()
                    diagnostic_accum_dtype = leon_accum_dtype(group["orthogonalize_dtype"])
                    g_sq = grad_for_update.to(dtype=diagnostic_accum_dtype).pow(2).sum()
                    # Reflect the actual effective tr(L) used inside leon_orthogonalize:
                    # match_g rescales tr(L) to l_scale * ||g||^2, off uses l_scale * tr(L_unscaled).
                    if group["l_normalize_mode"] == "match_g":
                        effective_l_trace = group["l_scale"] * g_sq
                    else:
                        effective_l_trace = group["l_scale"] * l_trace
                    l_trace_fraction = effective_l_trace / (g_sq + effective_l_trace).clamp_min(1e-12)
                    if l_trace > 0:
                        l_top_eval = torch.linalg.eigvalsh(l_sym).amax().clamp_min(0)
                        l_top_eval_fraction = l_top_eval / l_trace.clamp_min(1e-12)
                    else:
                        l_top_eval = l_trace
                        l_top_eval_fraction = l_trace

                    weight_norm = p.float().norm()
                    # LR-free shape metric: ||update||_F / ||W||_F. Multiply by lr (also
                    # logged) to recover the per-step relative move.
                    relative_update = update_norm / weight_norm.clamp_min(1e-12)
                    relative_update_l0 = update_l0_norm / weight_norm.clamp_min(1e-12)

                    rows.append(dict(
                        name=name,
                        lr=float(group["lr"]),
                        weight_norm=float(weight_norm.item()),
                        grad_norm=float(grad_norm.item()),
                        grad_diff_norm=float(grad_diff_norm) if isinstance(grad_diff_norm, float) else float(grad_diff_norm.item()),
                        momentum_norm=float(momentum_norm) if isinstance(momentum_norm, float) else float(momentum_norm.item()),
                        update_norm=float(update_norm.item()),
                        update_l0_norm=float(update_l0_norm.item()),
                        relative_update=float(relative_update.item()),
                        relative_update_l0=float(relative_update_l0.item()),
                        update_l0_cos=float(update_l0_cos.item()),
                        update_grad_cos=float(update_grad_cos.item()),
                        update_momentum_cos=float(update_momentum_cos) if isinstance(update_momentum_cos, float) else float(update_momentum_cos.item()),
                        l_trace=float(l_trace.item()),
                        l_fro=float(l_fro.item()),
                        l_trace_fraction=float(l_trace_fraction.item()),
                        l_top_eval=float(l_top_eval.item()),
                        l_top_eval_fraction=float(l_top_eval_fraction.item()),
                    ))
        return rows

    @torch.no_grad()
    def step(self):
        world_size = dist.get_world_size()
        rank = dist.get_rank()
        for group in self.param_groups:
            params = group["params"]
            params_pad = params + [torch.empty_like(params[-1])] * (world_size - len(params) % world_size)
            for base_i in range(0, len(params), world_size):
                if base_i + rank < len(params):
                    p = params[base_i + rank]
                    state = self.state[p]
                    if len(state) == 0:
                        if group["use_nesterov"]:
                            state["momentum_buffer"] = torch.zeros_like(p, dtype=torch.float32)
                        D1, D2 = p.shape[-2], p.shape[-1]
                        min_D = min(D1, D2)
                        state["second_momentum_buffer"] = torch.zeros(
                            min_D, min_D, dtype=torch.float32, device=p.device
                        )
                        if group["use_grad_diff"]:
                            state["prev_grad_buffer"] = torch.zeros_like(p, dtype=torch.float32)
                    grad = p.grad.float()
                    update = leon_orthogonalize(
                        grad, state.get("momentum_buffer"), state["second_momentum_buffer"],
                        momentum=group["mu"], beta2=group["beta2"],
                        ns_iters=group["ns_iters"], eps=group["eps"],
                        l_scale=group["l_scale"],
                        compute_dtype=group["orthogonalize_dtype"],
                        l_normalize_mode=group["l_normalize_mode"],
                        match_l0_norm=group["match_l0_norm"],
                        use_grad_diff=group["use_grad_diff"],
                        prev_grad_buffer=state.get("prev_grad_buffer"),
                        use_nesterov=group["use_nesterov"],
                    )
                    update *= max(1, p.size(-2) / p.size(-1))**0.5
                    p.mul_(1 - group["lr"] * group["weight_decay"])
                    p.add_(update, alpha=-group["lr"])
                dist.all_gather(params_pad[base_i:base_i + world_size], params_pad[base_i + rank])


########################################
#                Setup                 #
########################################

def main():
    args = parse_args()
    num_trials = args.trials if args.trials is not None else (args.legacy_trials or 1)
    hparams = resolve_hparams(args.set)
    validate_hparams(hparams)

    if args.dry_run:
        run_dir = create_run_dir(args.out_dir)
        write_run_files(run_dir, args, hparams, "dry-run")
        print(f"dry_run:true out_dir:{run_dir}")
        print(json.dumps(dict(hparams=hparams, config_diff=config_diff(hparams)), indent=2, sort_keys=True))
        return

    global device
    # torchrun sets these env variables
    device = torch.device("cuda", int(os.environ["LOCAL_RANK"]))
    torch.cuda.set_device(device)
    dist.init_process_group(backend="nccl", device_id=device)
    dist.barrier()
    # this code can be run equivalently with 1, 2, 4, or 8 gpus.
    assert 8 % dist.get_world_size() == 0

    try:
        if dist.get_rank() == 0:
            run_dir = create_run_dir(args.out_dir)
        else:
            run_dir = None
        run_dir_obj = [str(run_dir) if run_dir is not None else None]
        dist.broadcast_object_list(run_dir_obj, src=0)
        run_dir = Path(run_dir_obj[0])
        logfile = run_dir / "train.log"

        # logging setup
        if dist.get_rank() == 0:
            print(logfile)
            write_run_files(run_dir, args, hparams, "train", dict(
                device_name=torch.cuda.get_device_name(device),
                world_size=dist.get_world_size(),
            ))

        wandb_run = None
        if hparams["wandb_project"] is not None and dist.get_rank() == 0:
            try:
                import wandb
                wandb_run = wandb.init(
                    project=hparams["wandb_project"],
                    mode=hparams.get("wandb_mode", "online"),
                    name=hparams.get("wandb_run_name") or run_dir.name,
                    dir=str(run_dir),
                    config=hparams,
                    tags=[Path(__file__).stem, f"world_size={dist.get_world_size()}"],
                )
            except Exception as e:
                print(f"[wandb] init failed, continuing without wandb: {e}")
                wandb_run = None

        def print0(s, console=False, log=True):
            if dist.get_rank() == 0:
                if console:
                    print(s)
                if log:
                    with open(logfile, "a") as f:
                        print(s, file=f)

        # we begin by logging this file itself
        print0(code)
        print0("="*100)
        print0(f"Running PyTorch {torch.version.__version__} compiled for CUDA {torch.version.cuda}"
               + f" on {torch.cuda.get_device_name(device)} with world_size {dist.get_world_size()}")
        print0(json.dumps(dict(hparams=hparams, config_diff=config_diff(hparams)), indent=2, sort_keys=True))
        print0("="*100)

        val_tokens = 20 * 524288
        batch_size = 8 * 64 * 1024
        mbs = 64
        val_inputs, val_targets = next(distributed_data_generator("data/fineweb10B/fineweb_val_*.bin", val_tokens))

        model = GPT(vocab_size=50304, num_layers=12, model_dim=768).cuda()
        model.compile(dynamic=False)

        for _ in range(num_trials):


            ########################################
            #            Hyperparameters            #
            ########################################

            train_steps = hparams["train_steps"]

            # initialize model parameters
            for name, p in model.named_parameters():
                w = p.data
                if name.endswith("weight"):
                    if "proj" in name:
                        w.zero_()
                    elif "embed" in name:
                        w.normal_()  # default torch init
                    else:
                        w.normal_(std=0.33**0.5 / w.size(-1)**0.5)  # default torch init
                elif name.endswith("bias"):
                    w.zero_()
                elif name.endswith("gains"):
                    w.normal_(mean=1, std=0)
                else:
                    raise Exception(f"Uninitialized parameter: {name}")

            # create the optimizer(s)
            optimizer1 = AdamW([dict(params=[model.embed.weight], lr=hparams["embed_lr"]),
                                dict(params=[model.proj.weight], lr=hparams["proj_lr"]),
                                dict(params=[p for p in model.parameters() if p.ndim < 2], lr=hparams["scalar_lr"])],
                               betas=hparams["adam_betas"], eps=hparams["adam_eps"],
                               weight_decay=hparams["adam_wd"], fused=True)
            optimizer2 = Leon([p for p in model.blocks.parameters() if p.ndim >= 2],
                              lr=hparams["leon_lr"], weight_decay=hparams["leon_wd"],
                              mu=hparams["leon_mu"], beta2=hparams["leon_beta2"],
                              ns_iters=hparams["leon_ns_iters"], eps=hparams["leon_eps"],
                              l_scale=hparams["leon_l_scale"],
                              orthogonalize_dtype=hparams["leon_orthogonalize_dtype"],
                              l_normalize_mode=hparams["leon_l_normalize_mode"],
                              match_l0_norm=hparams["leon_match_l0_norm"],
                              use_grad_diff=hparams["leon_use_grad_diff"],
                              use_nesterov=hparams["leon_use_nesterov"])
            optimizer2.param_names = {p: name for name, p in model.named_parameters()}
            optimizers = [optimizer1, optimizer2]
            assert set(p for opt in optimizers for group in opt.param_groups
                       for p in group["params"]) == set(model.parameters())
            for opt in optimizers:
                for group in opt.param_groups:
                    group["initial_lr"] = group["lr"]
            for group in optimizer1.param_groups:
                group["cooldown_frac"] = hparams["adam_cooldown_frac"]
            for group in optimizer2.param_groups:
                group["cooldown_frac"] = hparams["leon_cooldown_frac"]
                group["l_scale"] = scheduled_l_scale(hparams, 0.0)

            # learning rate schedule: stable then decay
            def set_hparams(step):
                progress = step / train_steps
                assert 0 <= progress < 1
                for opt in optimizers:
                    for group in opt.param_groups:
                        cooldown_frac = group["cooldown_frac"]
                        if progress < 1 - cooldown_frac:
                            eta = 1.0
                        else:
                            eta = (1 - progress) / cooldown_frac
                        group["lr"] = group["initial_lr"] * eta
                l_scale = scheduled_l_scale(hparams, progress)
                for group in optimizer2.param_groups:
                    group["l_scale"] = l_scale

            def log_leon_diagnostics(step):
                if not hparams["leon_log_diagnostics"]:
                    return
                interval = hparams["leon_diag_interval"]
                if interval <= 0 or step % interval != 0:
                    return
                local_rows = optimizer2.diagnostic_stats(hparams["leon_diag_patterns"])
                gathered_rows = [None] * dist.get_world_size()
                dist.all_gather_object(gathered_rows, local_rows)
                if dist.get_rank() != 0:
                    return
                rows = [row for rank_rows in gathered_rows for row in rank_rows]
                rows.sort(key=lambda row: row["name"])
                for row in rows:
                    print0(
                        "diag"
                        + f" step:{step}"
                        + f" name:{row['name']}"
                        + f" lr:{row['lr']:.8g}"
                        + f" weight_norm:{row['weight_norm']:.6g}"
                        + f" grad_norm:{row['grad_norm']:.6g}"
                        + f" grad_diff_norm:{row['grad_diff_norm']:.6g}"
                        + f" momentum_norm:{row['momentum_norm']:.6g}"
                        + f" update_norm:{row['update_norm']:.6g}"
                        + f" update_l0_norm:{row['update_l0_norm']:.6g}"
                        + f" relative_update:{row['relative_update']:.6g}"
                        + f" relative_update_l0:{row['relative_update_l0']:.6g}"
                        + f" update_l0_cos:{row['update_l0_cos']:.6g}"
                        + f" update_grad_cos:{row['update_grad_cos']:.6g}"
                        + f" update_momentum_cos:{row['update_momentum_cos']:.6g}"
                        + f" l_trace:{row['l_trace']:.6g}"
                        + f" l_fro:{row['l_fro']:.6g}"
                        + f" l_trace_fraction:{row['l_trace_fraction']:.6g}"
                        + f" l_top_eval:{row['l_top_eval']:.6g}"
                        + f" l_top_eval_fraction:{row['l_top_eval_fraction']:.6g}",
                        console=False,
                    )
                if wandb_run is not None:
                    wandb_run.log({
                        f"diag/{row['name']}/{k}": v
                        for row in rows for k, v in row.items() if k != "name"
                    }, step=step)


            ########################################
            #        Training and Validation       #
            ########################################

            train_loader = distributed_data_generator("data/fineweb10B/fineweb_train_*.bin", batch_size)
            for p in model.parameters():
                dist.broadcast(p.detach(), 0)
            # start the clock
            training_time = 0
            last_val_step = 0
            dist.barrier()
            t0 = time.perf_counter()
            for step in range(train_steps + 1):

                # --------------- VALIDATION SECTION -----------------
                if step == train_steps or step % 125 == 0:
                    # stop the clock
                    dist.barrier()
                    time_since_last_val = time.perf_counter() - t0
                    step_avg = time_since_last_val / (step - last_val_step) if step > 0 else float("nan")
                    last_val_step = step
                    training_time += time_since_last_val
                    model.eval()
                    val_loss = 0
                    with torch.no_grad():
                        assert len(val_inputs) % mbs == 0
                        for i in range(len(val_inputs) // mbs):
                            val_loss += model(val_inputs[i*mbs:(i+1)*mbs], val_targets[i*mbs:(i+1)*mbs])
                    dist.all_reduce(val_loss, op=dist.ReduceOp.SUM)
                    val_loss /= val_tokens
                    print0(f"step:{step}/{train_steps} val_loss:{val_loss:.5f} train_time:{training_time:.3f}s"
                           + f" step_avg:{1000*step_avg:.2f}ms", console=True)
                    if wandb_run is not None:
                        wandb_run.log({
                            "val_loss": float(val_loss),
                            "train_time_s": training_time,
                            "step_avg_ms": 1000 * step_avg if step > 0 else 0.0,
                        }, step=step)
                    model.train()
                    # start the clock again
                    dist.barrier()
                    t0 = time.perf_counter()

                if step == train_steps:
                    break

                # --------------- TRAINING SECTION -----------------
                inputs, targets = next(train_loader)
                # accumulate across microbatches in case we are running with fewer than 8 gpus
                assert len(inputs) % mbs == 0
                for i in range(len(inputs) // mbs):
                    model(inputs[i*mbs:(i+1)*mbs], targets[i*mbs:(i+1)*mbs]).backward()
                for name, p in model.named_parameters():
                    assert p.grad is not None, name
                    dist.all_reduce(p.grad, op=dist.ReduceOp.SUM)
                # set optimization hyperparameters and take a step
                set_hparams(step)
                log_leon_diagnostics(step + 1)
                for opt in optimizers:
                    opt.step()
                model.zero_grad(set_to_none=True)
                approx_training_time = training_time + (time.perf_counter() - t0)
                print0(f"step:{step+1}/{train_steps} train_time:{approx_training_time:.3f}s"
                       + f" step_avg:{1000*approx_training_time/(step + 1):.2f}ms", console=True, log=False)
    finally:
        if 'wandb_run' in locals() and wandb_run is not None:
            wandb_run.finish()
        dist.destroy_process_group()


if __name__ == "__main__":
    main()

====================================================================================================
Running PyTorch 2.11.0+cu128 compiled for CUDA 12.8 on NVIDIA H100 NVL with world_size 4
{
  "config_diff": {
    "leon_eps": 1e-12,
    "leon_log_diagnostics": true,
    "leon_ns_iters": 12,
    "leon_orthogonalize_dtype": "float32",
    "leon_use_grad_diff": true,
    "leon_wd": 0.0125,
    "train_steps": 1500,
    "wandb_project": "modded-nanogpt-track3",
    "wandb_run_name": "gd_wd0125_1500"
  },
  "hparams": {
    "adam_betas": [
      0.8,
      0.95
    ],
    "adam_cooldown_frac": 0.7,
    "adam_eps": 1e-10,
    "adam_wd": 0.0,
    "embed_lr": 0.3,
    "leon_beta2": 0.7,
    "leon_cooldown_frac": 0.7,
    "leon_diag_interval": 125,
    "leon_diag_patterns": [
      "blocks.0.attn.q.weight",
      "blocks.6.mlp.proj.weight",
      "blocks.11.attn.proj.weight"
    ],
    "leon_eps": 1e-12,
    "leon_l_normalize_mode": "off",
    "leon_l_scale": 1.0,
    "leon_l_scale_ramp_end_frac": 0.6,
    "leon_l_scale_ramp_start_frac": 0.2,
    "leon_l_scale_schedule": "constant",
    "leon_log_diagnostics": true,
    "leon_lr": 0.025,
    "leon_match_l0_norm": false,
    "leon_mu": 0.95,
    "leon_ns_iters": 12,
    "leon_orthogonalize_dtype": "float32",
    "leon_use_grad_diff": true,
    "leon_use_nesterov": true,
    "leon_wd": 0.0125,
    "proj_lr": 0.003125,
    "scalar_lr": 0.01,
    "train_steps": 1500,
    "wandb_mode": "online",
    "wandb_project": "modded-nanogpt-track3",
    "wandb_run_name": "gd_wd0125_1500"
  }
}
====================================================================================================
step:0/1500 val_loss:10.82584 train_time:0.000s step_avg:nanms
diag step:125 name:blocks.0.attn.q.weight lr:0.025 weight_norm:25.6367 grad_norm:5476.84 grad_diff_norm:10794.8 momentum_norm:9568.83 update_norm:18.3632 update_l0_norm:27.4644 relative_update:0.716286 relative_update_l0:1.07129 update_l0_cos:0.874782 update_grad_cos:0.194062 update_momentum_cos:0.5212 l_trace:4.40299e+08 l_fro:2.64605e+08 l_trace_fraction:0.752102 l_top_eval:2.55857e+08 l_top_eval_fraction:0.581097
diag step:125 name:blocks.11.attn.proj.weight lr:0.025 weight_norm:26.5296 grad_norm:12621.8 grad_diff_norm:26864.3 momentum_norm:12949.7 update_norm:18.5572 update_l0_norm:26.3208 relative_update:0.69949 relative_update_l0:0.99213 update_l0_cos:0.868905 update_grad_cos:0.0721327 update_momentum_cos:0.328314 l_trace:1.8568e+09 l_fro:1.76432e+09 l_trace_fraction:0.791403 l_top_eval:1.76414e+09 l_top_eval_fraction:0.950094
diag step:125 name:blocks.6.mlp.proj.weight lr:0.025 weight_norm:30.847 grad_norm:13160.5 grad_diff_norm:26398.1 momentum_norm:12660.4 update_norm:19.0631 update_l0_norm:27.7128 relative_update:0.617988 relative_update_l0:0.898395 update_l0_cos:0.931771 update_grad_cos:0.178617 update_momentum_cos:0.643762 l_trace:2.04675e+09 l_fro:1.12786e+09 l_trace_fraction:0.814179 l_top_eval:1.05909e+09 l_top_eval_fraction:0.517452
step:125/1500 val_loss:4.56462 train_time:60.483s step_avg:483.86ms
diag step:250 name:blocks.0.attn.q.weight lr:0.025 weight_norm:36.1066 grad_norm:3502.2 grad_diff_norm:5596.29 momentum_norm:6042.41 update_norm:18.2501 update_l0_norm:27.4862 relative_update:0.505451 relative_update_l0:0.761251 update_l0_cos:0.875841 update_grad_cos:0.247546 update_momentum_cos:0.593376 l_trace:1.0095e+08 l_fro:4.52992e+07 l_trace_fraction:0.623631 l_top_eval:4.19621e+07 l_top_eval_fraction:0.415672
diag step:250 name:blocks.11.attn.proj.weight lr:0.025 weight_norm:41.5425 grad_norm:9569.62 grad_diff_norm:15913.1 momentum_norm:7512.04 update_norm:18.4771 update_l0_norm:26.9882 relative_update:0.444775 relative_update_l0:0.649652 update_l0_cos:0.877104 update_grad_cos:0.0884126 update_momentum_cos:0.45428 l_trace:6.19634e+08 l_fro:5.86953e+08 l_trace_fraction:0.732843 l_top_eval:5.86913e+08 l_top_eval_fraction:0.947193
diag step:250 name:blocks.6.mlp.proj.weight lr:0.025 weight_norm:41.6577 grad_norm:7696.8 grad_diff_norm:13421.5 momentum_norm:10643.1 update_norm:19.45 update_l0_norm:27.7128 relative_update:0.4669 relative_update_l0:0.66525 update_l0_cos:0.956377 update_grad_cos:0.282109 update_momentum_cos:0.782457 l_trace:5.939e+08 l_fro:2.46173e+08 l_trace_fraction:0.722139 l_top_eval:2.21593e+08 l_top_eval_fraction:0.373115
step:250/1500 val_loss:4.09152 train_time:118.252s step_avg:462.15ms
diag step:375 name:blocks.0.attn.q.weight lr:0.025 weight_norm:42.883 grad_norm:3006.29 grad_diff_norm:4534.59 momentum_norm:5100.4 update_norm:18.1789 update_l0_norm:27.4853 relative_update:0.423918 relative_update_l0:0.640937 update_l0_cos:0.873052 update_grad_cos:0.235027 update_momentum_cos:0.619604 l_trace:5.95962e+07 l_fro:2.61933e+07 l_trace_fraction:0.566683 l_top_eval:2.45102e+07 l_top_eval_fraction:0.41127
diag step:375 name:blocks.11.attn.proj.weight lr:0.025 weight_norm:52.1999 grad_norm:6237.19 grad_diff_norm:10138.5 momentum_norm:6708.11 update_norm:18.6484 update_l0_norm:27.2075 relative_update:0.35725 relative_update_l0:0.521218 update_l0_cos:0.882891 update_grad_cos:0.108584 update_momentum_cos:0.482948 l_trace:3.78847e+08 l_fro:3.56937e+08 l_trace_fraction:0.74639 l_top_eval:3.5692e+08 l_top_eval_fraction:0.942122
diag step:375 name:blocks.6.mlp.proj.weight lr:0.025 weight_norm:49.4662 grad_norm:8047.98 grad_diff_norm:13206.3 momentum_norm:10848 update_norm:19.6658 update_l0_norm:27.7128 relative_update:0.397561 relative_update_l0:0.560238 update_l0_cos:0.962979 update_grad_cos:0.269181 update_momentum_cos:0.793884 l_trace:4.82765e+08 l_fro:2.00307e+08 l_trace_fraction:0.659772 l_top_eval:1.83726e+08 l_top_eval_fraction:0.380571
step:375/1500 val_loss:3.92882 train_time:175.822s step_avg:460.56ms
diag step:500 name:blocks.0.attn.q.weight lr:0.023833333 weight_norm:48.1272 grad_norm:2181.44 grad_diff_norm:3382.11 momentum_norm:4346.22 update_norm:18.0456 update_l0_norm:27.51 relative_update:0.374956 relative_update_l0:0.571611 update_l0_cos:0.869376 update_grad_cos:0.28745 update_momentum_cos:0.644734 l_trace:4.09216e+07 l_fro:1.41471e+07 l_trace_fraction:0.588103 l_top_eval:1.13563e+07 l_top_eval_fraction:0.277514
diag step:500 name:blocks.11.attn.proj.weight lr:0.023833333 weight_norm:60.6053 grad_norm:5370.5 grad_diff_norm:10521.3 momentum_norm:5240.71 update_norm:18.6244 update_l0_norm:27.3519 relative_update:0.307307 relative_update_l0:0.451311 update_l0_cos:0.881921 update_grad_cos:0.119678 update_momentum_cos:0.573704 l_trace:3.7064e+08 l_fro:3.50366e+08 l_trace_fraction:0.8322 l_top_eval:3.50354e+08 l_top_eval_fraction:0.945266
diag step:500 name:blocks.6.mlp.proj.weight lr:0.023833333 weight_norm:55.713 grad_norm:6793.7 grad_diff_norm:12117.9 momentum_norm:10274 update_norm:19.7108 update_l0_norm:27.7128 relative_update:0.353791 relative_update_l0:0.497421 update_l0_cos:0.964799 update_grad_cos:0.312227 update_momentum_cos:0.829229 l_trace:4.25114e+08 l_fro:1.78511e+08 l_trace_fraction:0.687567 l_top_eval:1.6819e+08 l_top_eval_fraction:0.395636
step:500/1500 val_loss:3.81350 train_time:233.387s step_avg:460.52ms
diag step:625 name:blocks.0.attn.q.weight lr:0.020857143 weight_norm:51.6936 grad_norm:2040.98 grad_diff_norm:3523.65 momentum_norm:3956.86 update_norm:18.0342 update_l0_norm:27.5174 relative_update:0.348867 relative_update_l0:0.532318 update_l0_cos:0.867794 update_grad_cos:0.283463 update_momentum_cos:0.658262 l_trace:4.21865e+07 l_fro:2.23215e+07 l_trace_fraction:0.637058 l_top_eval:2.17821e+07 l_top_eval_fraction:0.516328
diag step:625 name:blocks.11.attn.proj.weight lr:0.020857143 weight_norm:66.4759 grad_norm:3726.26 grad_diff_norm:6231.3 momentum_norm:4988.95 update_norm:18.7641 update_l0_norm:27.4199 relative_update:0.282269 relative_update_l0:0.412479 update_l0_cos:0.886362 update_grad_cos:0.178657 update_momentum_cos:0.596289 l_trace:2.0786e+08 l_fro:1.90836e+08 l_trace_fraction:0.800418 l_top_eval:1.90823e+08 l_top_eval_fraction:0.918037
diag step:625 name:blocks.6.mlp.proj.weight lr:0.020857143 weight_norm:59.9969 grad_norm:5414.29 grad_diff_norm:8446.64 momentum_norm:10162.3 update_norm:19.9246 update_l0_norm:27.7128 relative_update:0.332094 relative_update_l0:0.461904 update_l0_cos:0.968956 update_grad_cos:0.373434 update_momentum_cos:0.842955 l_trace:3.24394e+08 l_fro:1.20353e+08 l_trace_fraction:0.668134 l_top_eval:1.08069e+08 l_top_eval_fraction:0.33314
step:625/1500 val_loss:3.73260 train_time:290.932s step_avg:460.35ms
diag step:750 name:blocks.0.attn.q.weight lr:0.017880952 weight_norm:53.9101 grad_norm:1663.53 grad_diff_norm:2697.81 momentum_norm:3858.18 update_norm:18.0999 update_l0_norm:27.5129 relative_update:0.335742 relative_update_l0:0.510349 update_l0_cos:0.869731 update_grad_cos:0.305231 update_momentum_cos:0.662216 l_trace:2.36776e+07 l_fro:7.92048e+06 l_trace_fraction:0.542237 l_top_eval:6.86464e+06 l_top_eval_fraction:0.289921
diag step:750 name:blocks.11.attn.proj.weight lr:0.017880952 weight_norm:70.3284 grad_norm:5922.83 grad_diff_norm:10048.6 momentum_norm:5862.42 update_norm:18.8445 update_l0_norm:27.3283 relative_update:0.26795 relative_update_l0:0.388581 update_l0_cos:0.893265 update_grad_cos:0.12734 update_momentum_cos:0.536044 l_trace:2.09484e+08 l_fro:1.92086e+08 l_trace_fraction:0.660069 l_top_eval:1.92072e+08 l_top_eval_fraction:0.916881
diag step:750 name:blocks.6.mlp.proj.weight lr:0.017880952 weight_norm:62.7001 grad_norm:6499.87 grad_diff_norm:10978.2 momentum_norm:10828.3 update_norm:20.1933 update_l0_norm:27.7128 relative_update:0.322062 relative_update_l0:0.44199 update_l0_cos:0.971485 update_grad_cos:0.347559 update_momentum_cos:0.833624 l_trace:3.14642e+08 l_fro:1.301e+08 l_trace_fraction:0.607893 l_top_eval:1.26293e+08 l_top_eval_fraction:0.401388
step:750/1500 val_loss:3.66852 train_time:348.477s step_avg:460.37ms
diag step:875 name:blocks.0.attn.q.weight lr:0.014904762 weight_norm:55.2344 grad_norm:1981.57 grad_diff_norm:3048.48 momentum_norm:3788.57 update_norm:18.1612 update_l0_norm:27.5114 relative_update:0.328802 relative_update_l0:0.498085 update_l0_cos:0.871504 update_grad_cos:0.273326 update_momentum_cos:0.666247 l_trace:2.2806e+07 l_fro:8.70407e+06 l_trace_fraction:0.507345 l_top_eval:7.92592e+06 l_top_eval_fraction:0.347537
diag step:875 name:blocks.11.attn.proj.weight lr:0.014904762 weight_norm:72.8208 grad_norm:4512.21 grad_diff_norm:8010.2 momentum_norm:5168.61 update_norm:18.8517 update_l0_norm:27.414 relative_update:0.258878 relative_update_l0:0.376458 update_l0_cos:0.892333 update_grad_cos:0.152228 update_momentum_cos:0.609858 l_trace:1.4228e+08 l_fro:1.25808e+08 l_trace_fraction:0.688452 l_top_eval:1.25792e+08 l_top_eval_fraction:0.88412
diag step:875 name:blocks.6.mlp.proj.weight lr:0.014904762 weight_norm:64.3501 grad_norm:5784.29 grad_diff_norm:9705.85 momentum_norm:10754.5 update_norm:20.2363 update_l0_norm:27.7128 relative_update:0.314472 relative_update_l0:0.430657 update_l0_cos:0.973205 update_grad_cos:0.355053 update_momentum_cos:0.854081 l_trace:2.50982e+08 l_fro:9.33368e+07 l_trace_fraction:0.582078 l_top_eval:9.00437e+07 l_top_eval_fraction:0.358765
step:875/1500 val_loss:3.61427 train_time:406.061s step_avg:460.67ms
diag step:1000 name:blocks.0.attn.q.weight lr:0.011928571 weight_norm:55.9288 grad_norm:1560.33 grad_diff_norm:2267.05 momentum_norm:3692.72 update_norm:18.1683 update_l0_norm:27.5187 relative_update:0.324847 relative_update_l0:0.492031 update_l0_cos:0.871523 update_grad_cos:0.334262 update_momentum_cos:0.686784 l_trace:1.61488e+07 l_fro:4.4145e+06 l_trace_fraction:0.468055 l_top_eval:3.84558e+06 l_top_eval_fraction:0.238134
diag step:1000 name:blocks.11.attn.proj.weight lr:0.011928571 weight_norm:74.3508 grad_norm:3239.44 grad_diff_norm:5174.76 momentum_norm:4958.49 update_norm:18.9557 update_l0_norm:27.4794 relative_update:0.25495 relative_update_l0:0.369591 update_l0_cos:0.893596 update_grad_cos:0.213598 update_momentum_cos:0.642111 l_trace:7.5632e+07 l_fro:6.07668e+07 l_trace_fraction:0.620636 l_top_eval:6.07463e+07 l_top_eval_fraction:0.803182
diag step:1000 name:blocks.6.mlp.proj.weight lr:0.011928571 weight_norm:65.212 grad_norm:5212.73 grad_diff_norm:8180.77 momentum_norm:10945.8 update_norm:20.4506 update_l0_norm:27.7128 relative_update:0.313601 relative_update_l0:0.424965 update_l0_cos:0.976172 update_grad_cos:0.404884 update_momentum_cos:0.862621 l_trace:1.95011e+08 l_fro:5.43833e+07 l_trace_fraction:0.529528 l_top_eval:5.06457e+07 l_top_eval_fraction:0.259707
step:1000/1500 val_loss:3.56643 train_time:463.643s step_avg:460.66ms
diag step:1125 name:blocks.0.attn.q.weight lr:0.008952381 weight_norm:56.1688 grad_norm:1494.11 grad_diff_norm:2047.58 momentum_norm:3942.59 update_norm:18.1829 update_l0_norm:27.5226 relative_update:0.323718 relative_update_l0:0.489998 update_l0_cos:0.871304 update_grad_cos:0.342233 update_momentum_cos:0.668767 l_trace:1.7118e+07 l_fro:4.79329e+06 l_trace_fraction:0.464674 l_top_eval:3.87988e+06 l_top_eval_fraction:0.226654
diag step:1125 name:blocks.11.attn.proj.weight lr:0.008952381 weight_norm:75.2125 grad_norm:3052.1 grad_diff_norm:4202.31 momentum_norm:5346.17 update_norm:18.972 update_l0_norm:27.4785 relative_update:0.252245 relative_update_l0:0.365345 update_l0_cos:0.89517 update_grad_cos:0.2275 update_momentum_cos:0.630076 l_trace:6.64023e+07 l_fro:5.00097e+07 l_trace_fraction:0.581501 l_top_eval:4.99752e+07 l_top_eval_fraction:0.752613
diag step:1125 name:blocks.6.mlp.proj.weight lr:0.008952381 weight_norm:65.524 grad_norm:4935.31 grad_diff_norm:7100.22 momentum_norm:11664.5 update_norm:20.5494 update_l0_norm:27.7128 relative_update:0.313616 relative_update_l0:0.422941 update_l0_cos:0.977361 update_grad_cos:0.43045 update_momentum_cos:0.861659 l_trace:1.85078e+08 l_fro:4.00311e+07 l_trace_fraction:0.501162 l_top_eval:3.33458e+07 l_top_eval_fraction:0.180171
step:1125/1500 val_loss:3.52762 train_time:521.169s step_avg:460.21ms
diag step:1250 name:blocks.0.attn.q.weight lr:0.0059761905 weight_norm:56.1295 grad_norm:1364.61 grad_diff_norm:1887.64 momentum_norm:3977.85 update_norm:18.2134 update_l0_norm:27.513 relative_update:0.324488 relative_update_l0:0.49017 update_l0_cos:0.87306 update_grad_cos:0.36423 update_momentum_cos:0.672286 l_trace:1.33005e+07 l_fro:2.69066e+06 l_trace_fraction:0.403422 l_top_eval:2.08694e+06 l_top_eval_fraction:0.156908
diag step:1250 name:blocks.11.attn.proj.weight lr:0.0059761905 weight_norm:75.6107 grad_norm:2378.19 grad_diff_norm:3507.3 momentum_norm:5189.25 update_norm:19.0248 update_l0_norm:27.5257 relative_update:0.251615 relative_update_l0:0.364044 update_l0_cos:0.895626 update_grad_cos:0.271817 update_momentum_cos:0.659418 l_trace:4.23622e+07 l_fro:2.69085e+07 l_trace_fraction:0.528671 l_top_eval:2.68632e+07 l_top_eval_fraction:0.634132
diag step:1250 name:blocks.6.mlp.proj.weight lr:0.0059761905 weight_norm:65.5105 grad_norm:4606.33 grad_diff_norm:6379.13 momentum_norm:12038.1 update_norm:20.6809 update_l0_norm:27.7128 relative_update:0.315688 relative_update_l0:0.423028 update_l0_cos:0.979343 update_grad_cos:0.449691 update_momentum_cos:0.868261 l_trace:1.40007e+08 l_fro:1.69724e+07 l_trace_fraction:0.430295 l_top_eval:1.16338e+07 l_top_eval_fraction:0.0830944
step:1250/1500 val_loss:3.49161 train_time:578.751s step_avg:460.66ms
diag step:1375 name:blocks.0.attn.q.weight lr:0.003 weight_norm:55.9873 grad_norm:1348.3 grad_diff_norm:2071.08 momentum_norm:4327.83 update_norm:18.1983 update_l0_norm:27.5224 relative_update:0.325043 relative_update_l0:0.491582 update_l0_cos:0.871708 update_grad_cos:0.349348 update_momentum_cos:0.657932 l_trace:1.73459e+07 l_fro:4.34452e+06 l_trace_fraction:0.442092 l_top_eval:3.72537e+06 l_top_eval_fraction:0.21477
diag step:1375 name:blocks.11.attn.proj.weight lr:0.003 weight_norm:75.7383 grad_norm:2182.9 grad_diff_norm:3198.3 momentum_norm:6397.92 update_norm:19.0231 update_l0_norm:27.4989 relative_update:0.251169 relative_update_l0:0.363078 update_l0_cos:0.895678 update_grad_cos:0.290422 update_momentum_cos:0.585834 l_trace:4.82787e+07 l_fro:2.58494e+07 l_trace_fraction:0.500851 l_top_eval:2.54069e+07 l_top_eval_fraction:0.526256
diag step:1375 name:blocks.6.mlp.proj.weight lr:0.003 weight_norm:65.3497 grad_norm:4465.13 grad_diff_norm:6489 momentum_norm:13965.2 update_norm:20.7297 update_l0_norm:27.7128 relative_update:0.317212 relative_update_l0:0.424069 update_l0_cos:0.978909 update_grad_cos:0.453641 update_momentum_cos:0.82374 l_trace:1.85688e+08 l_fro:2.87568e+07 l_trace_fraction:0.449477 l_top_eval:2.21282e+07 l_top_eval_fraction:0.119169
step:1375/1500 val_loss:3.46272 train_time:636.335s step_avg:460.67ms
diag step:1500 name:blocks.0.attn.q.weight lr:2.3809524e-05 weight_norm:55.8954 grad_norm:1342.9 grad_diff_norm:1864.76 momentum_norm:4593.55 update_norm:18.4174 update_l0_norm:27.5031 relative_update:0.329498 relative_update_l0:0.492046 update_l0_cos:0.876119 update_grad_cos:0.359191 update_momentum_cos:0.643022 l_trace:1.17666e+07 l_fro:1.85376e+06 l_trace_fraction:0.322398 l_top_eval:1.32525e+06 l_top_eval_fraction:0.112628
diag step:1500 name:blocks.11.attn.proj.weight lr:2.3809524e-05 weight_norm:75.7483 grad_norm:2101.13 grad_diff_norm:3152.62 momentum_norm:7172.79 update_norm:19.2742 update_l0_norm:27.4809 relative_update:0.25445 relative_update_l0:0.362793 update_l0_cos:0.900411 update_grad_cos:0.308436 update_momentum_cos:0.563597 l_trace:3.04661e+07 l_fro:1.33568e+07 l_trace_fraction:0.33396 l_top_eval:1.3151e+07 l_top_eval_fraction:0.431661
diag step:1500 name:blocks.6.mlp.proj.weight lr:2.3809524e-05 weight_norm:65.2505 grad_norm:4459.1 grad_diff_norm:6415.37 momentum_norm:15261 update_norm:21.2303 update_l0_norm:27.7128 relative_update:0.325366 relative_update_l0:0.424714 update_l0_cos:0.981935 update_grad_cos:0.464467 update_momentum_cos:0.826491 l_trace:1.3142e+08 l_fro:1.09763e+07 l_trace_fraction:0.323824 l_top_eval:7.77616e+06 l_top_eval_fraction:0.0591702
step:1500/1500 val_loss:3.44483 train_time:693.878s step_avg:460.34ms
