Running: torchrun --standalone --nproc_per_node=4 records/track_3_optimization/train_gpt_simple_leonh.py --trials 1 --out-dir records/track_3_optimization/runs/leonh/20260514-precond-side/auto_1500_4gpu --set train_steps=1500 --set leon_lr=0.0175 --set leon_beta2=0.6 --set leon_mu=0.95 --set leon_ns_iters=12 --set leon_orthogonalize_dtype=float32 --set leon_eps=1e-12 --set leon_cooldown_frac=1.0 --set leon_precondition_side=auto
W0514 11:10:28.430000 393194 /ssd1/rj23424/venvs/modded-nanogpt/lib/python3.12/site-packages/torch/distributed/run.py:851] 
W0514 11:10:28.430000 393194 /ssd1/rj23424/venvs/modded-nanogpt/lib/python3.12/site-packages/torch/distributed/run.py:851] *****************************************
W0514 11:10:28.430000 393194 /ssd1/rj23424/venvs/modded-nanogpt/lib/python3.12/site-packages/torch/distributed/run.py:851] Setting OMP_NUM_THREADS environment variable for each process to be 1 in default, to avoid your system being overloaded, please further tune the variable for optimal performance in your application as needed. 
W0514 11:10:28.430000 393194 /ssd1/rj23424/venvs/modded-nanogpt/lib/python3.12/site-packages/torch/distributed/run.py:851] *****************************************
records/track_3_optimization/runs/leonh/20260514-precond-side/auto_1500_4gpu/train.log
step:0/1500 val_loss:10.98062 train_time:0.000s step_avg:nanms
step:1/1500 train_time:2.489s step_avg:2488.91ms
step:2/1500 train_time:2.971s step_avg:1485.50ms
step:3/1500 train_time:3.452s step_avg:1150.53ms
step:4/1500 train_time:3.932s step_avg:982.96ms
step:5/1500 train_time:4.416s step_avg:883.14ms
step:6/1500 train_time:4.899s step_avg:816.52ms
step:7/1500 train_time:5.383s step_avg:768.93ms
step:8/1500 train_time:5.867s step_avg:733.31ms
step:9/1500 train_time:6.347s step_avg:705.25ms
step:10/1500 train_time:6.829s step_avg:682.86ms
step:11/1500 train_time:7.311s step_avg:664.67ms
step:12/1500 train_time:7.793s step_avg:649.44ms
step:13/1500 train_time:8.278s step_avg:636.74ms
step:14/1500 train_time:8.760s step_avg:625.72ms
step:15/1500 train_time:9.245s step_avg:616.35ms
step:16/1500 train_time:9.727s step_avg:607.96ms
step:17/1500 train_time:10.211s step_avg:600.62ms
step:18/1500 train_time:10.691s step_avg:593.97ms
step:19/1500 train_time:11.174s step_avg:588.09ms
step:20/1500 train_time:11.657s step_avg:582.85ms
step:21/1500 train_time:12.140s step_avg:578.12ms
step:22/1500 train_time:12.623s step_avg:573.79ms
step:23/1500 train_time:13.108s step_avg:569.92ms
step:24/1500 train_time:13.591s step_avg:566.31ms
step:25/1500 train_time:14.075s step_avg:562.99ms
step:26/1500 train_time:14.560s step_avg:559.98ms
step:27/1500 train_time:15.046s step_avg:557.26ms
step:28/1500 train_time:15.531s step_avg:554.69ms
step:29/1500 train_time:16.015s step_avg:552.25ms
step:30/1500 train_time:16.499s step_avg:549.97ms
step:31/1500 train_time:16.985s step_avg:547.90ms
step:32/1500 train_time:17.470s step_avg:545.95ms
step:33/1500 train_time:17.955s step_avg:544.10ms
step:34/1500 train_time:18.439s step_avg:542.33ms
step:35/1500 train_time:18.926s step_avg:540.73ms
step:36/1500 train_time:19.410s step_avg:539.16ms
step:37/1500 train_time:19.893s step_avg:537.66ms
step:38/1500 train_time:20.378s step_avg:536.27ms
step:39/1500 train_time:20.864s step_avg:534.98ms
step:40/1500 train_time:21.349s step_avg:533.73ms
step:41/1500 train_time:21.834s step_avg:532.54ms
step:42/1500 train_time:22.321s step_avg:531.44ms
step:43/1500 train_time:22.806s step_avg:530.38ms
step:44/1500 train_time:23.291s step_avg:529.34ms
step:45/1500 train_time:23.775s step_avg:528.34ms
step:46/1500 train_time:24.262s step_avg:527.43ms
step:47/1500 train_time:24.749s step_avg:526.57ms
step:48/1500 train_time:25.233s step_avg:525.69ms
step:49/1500 train_time:25.718s step_avg:524.86ms
step:50/1500 train_time:26.203s step_avg:524.06ms
step:51/1500 train_time:26.689s step_avg:523.31ms
step:52/1500 train_time:27.173s step_avg:522.57ms
step:53/1500 train_time:27.658s step_avg:521.85ms
step:54/1500 train_time:28.143s step_avg:521.17ms
step:55/1500 train_time:28.630s step_avg:520.54ms
step:56/1500 train_time:29.114s step_avg:519.89ms
step:57/1500 train_time:29.598s step_avg:519.26ms
step:58/1500 train_time:30.086s step_avg:518.72ms
step:59/1500 train_time:30.568s step_avg:518.11ms
step:60/1500 train_time:31.053s step_avg:517.55ms
step:61/1500 train_time:31.538s step_avg:517.01ms
step:62/1500 train_time:32.021s step_avg:516.47ms
step:63/1500 train_time:32.506s step_avg:515.96ms
step:64/1500 train_time:32.990s step_avg:515.47ms
step:65/1500 train_time:33.475s step_avg:514.99ms
step:66/1500 train_time:33.961s step_avg:514.56ms
step:67/1500 train_time:34.446s step_avg:514.12ms
step:68/1500 train_time:34.932s step_avg:513.70ms
step:69/1500 train_time:35.416s step_avg:513.28ms
step:70/1500 train_time:35.902s step_avg:512.88ms
step:71/1500 train_time:36.388s step_avg:512.51ms
step:72/1500 train_time:36.874s step_avg:512.14ms
step:73/1500 train_time:37.361s step_avg:511.79ms
step:74/1500 train_time:37.846s step_avg:511.44ms
step:75/1500 train_time:38.331s step_avg:511.08ms
step:76/1500 train_time:38.818s step_avg:510.76ms
step:77/1500 train_time:39.303s step_avg:510.43ms
step:78/1500 train_time:39.789s step_avg:510.11ms
step:79/1500 train_time:40.276s step_avg:509.82ms
step:80/1500 train_time:40.763s step_avg:509.53ms
step:81/1500 train_time:41.247s step_avg:509.23ms
step:82/1500 train_time:41.733s step_avg:508.93ms
step:83/1500 train_time:42.219s step_avg:508.66ms
step:84/1500 train_time:42.705s step_avg:508.39ms
step:85/1500 train_time:43.189s step_avg:508.11ms
step:86/1500 train_time:43.676s step_avg:507.86ms
step:87/1500 train_time:44.161s step_avg:507.59ms
step:88/1500 train_time:44.647s step_avg:507.35ms
step:89/1500 train_time:45.132s step_avg:507.10ms
step:90/1500 train_time:45.619s step_avg:506.88ms
step:91/1500 train_time:46.107s step_avg:506.67ms
step:92/1500 train_time:46.592s step_avg:506.44ms
step:93/1500 train_time:47.079s step_avg:506.22ms
step:94/1500 train_time:47.565s step_avg:506.02ms
step:95/1500 train_time:48.050s step_avg:505.79ms
step:96/1500 train_time:48.536s step_avg:505.58ms
step:97/1500 train_time:49.022s step_avg:505.38ms
step:98/1500 train_time:49.508s step_avg:505.19ms
step:99/1500 train_time:49.993s step_avg:504.98ms
step:100/1500 train_time:50.480s step_avg:504.80ms
step:101/1500 train_time:50.968s step_avg:504.63ms
step:102/1500 train_time:51.454s step_avg:504.45ms
step:103/1500 train_time:51.937s step_avg:504.24ms
step:104/1500 train_time:52.422s step_avg:504.06ms
step:105/1500 train_time:52.907s step_avg:503.87ms
step:106/1500 train_time:53.393s step_avg:503.70ms
step:107/1500 train_time:53.879s step_avg:503.54ms
step:108/1500 train_time:54.363s step_avg:503.36ms
step:109/1500 train_time:54.849s step_avg:503.21ms
step:110/1500 train_time:55.334s step_avg:503.04ms
step:111/1500 train_time:55.818s step_avg:502.86ms
step:112/1500 train_time:56.302s step_avg:502.70ms
step:113/1500 train_time:56.790s step_avg:502.57ms
step:114/1500 train_time:57.276s step_avg:502.42ms
step:115/1500 train_time:57.762s step_avg:502.28ms
step:116/1500 train_time:58.248s step_avg:502.14ms
step:117/1500 train_time:58.734s step_avg:502.00ms
step:118/1500 train_time:59.218s step_avg:501.85ms
step:119/1500 train_time:59.703s step_avg:501.71ms
step:120/1500 train_time:60.189s step_avg:501.57ms
step:121/1500 train_time:60.675s step_avg:501.45ms
step:122/1500 train_time:61.162s step_avg:501.33ms
step:123/1500 train_time:61.650s step_avg:501.22ms
step:124/1500 train_time:62.136s step_avg:501.10ms
step:125/1500 train_time:62.620s step_avg:500.96ms
step:125/1500 val_loss:4.82577 train_time:62.631s step_avg:501.05ms
step:126/1500 train_time:63.127s step_avg:501.01ms
step:127/1500 train_time:63.614s step_avg:500.90ms
step:128/1500 train_time:64.102s step_avg:500.80ms
step:129/1500 train_time:64.588s step_avg:500.68ms
step:130/1500 train_time:65.076s step_avg:500.58ms
step:131/1500 train_time:65.561s step_avg:500.47ms
step:132/1500 train_time:66.049s step_avg:500.37ms
step:133/1500 train_time:66.535s step_avg:500.26ms
step:134/1500 train_time:67.024s step_avg:500.18ms
step:135/1500 train_time:67.513s step_avg:500.10ms
step:136/1500 train_time:67.998s step_avg:499.99ms
step:137/1500 train_time:68.485s step_avg:499.89ms
step:138/1500 train_time:68.973s step_avg:499.80ms
step:139/1500 train_time:69.458s step_avg:499.70ms
step:140/1500 train_time:69.944s step_avg:499.60ms
step:141/1500 train_time:70.430s step_avg:499.50ms
step:142/1500 train_time:70.915s step_avg:499.40ms
step:143/1500 train_time:71.399s step_avg:499.30ms
step:144/1500 train_time:71.886s step_avg:499.21ms
step:145/1500 train_time:72.372s step_avg:499.12ms
step:146/1500 train_time:72.857s step_avg:499.02ms
step:147/1500 train_time:73.343s step_avg:498.93ms
step:148/1500 train_time:73.828s step_avg:498.84ms
step:149/1500 train_time:74.314s step_avg:498.75ms
step:150/1500 train_time:74.798s step_avg:498.65ms
step:151/1500 train_time:75.285s step_avg:498.58ms
step:152/1500 train_time:75.773s step_avg:498.50ms
step:153/1500 train_time:76.257s step_avg:498.41ms
step:154/1500 train_time:76.745s step_avg:498.34ms
step:155/1500 train_time:77.230s step_avg:498.26ms
step:156/1500 train_time:77.715s step_avg:498.17ms
step:157/1500 train_time:78.200s step_avg:498.09ms
step:158/1500 train_time:78.686s step_avg:498.01ms
step:159/1500 train_time:79.173s step_avg:497.94ms
step:160/1500 train_time:79.659s step_avg:497.87ms
step:161/1500 train_time:80.144s step_avg:497.79ms
step:162/1500 train_time:80.631s step_avg:497.72ms
step:163/1500 train_time:81.116s step_avg:497.64ms
step:164/1500 train_time:81.600s step_avg:497.56ms
step:165/1500 train_time:82.087s step_avg:497.49ms
step:166/1500 train_time:82.573s step_avg:497.43ms
step:167/1500 train_time:83.059s step_avg:497.36ms
step:168/1500 train_time:83.545s step_avg:497.29ms
step:169/1500 train_time:84.031s step_avg:497.23ms
step:170/1500 train_time:84.517s step_avg:497.16ms
step:171/1500 train_time:85.003s step_avg:497.09ms
step:172/1500 train_time:85.489s step_avg:497.03ms
step:173/1500 train_time:85.974s step_avg:496.96ms
step:174/1500 train_time:86.459s step_avg:496.89ms
step:175/1500 train_time:86.946s step_avg:496.83ms
step:176/1500 train_time:87.431s step_avg:496.77ms
step:177/1500 train_time:87.918s step_avg:496.71ms
step:178/1500 train_time:88.402s step_avg:496.64ms
step:179/1500 train_time:88.889s step_avg:496.59ms
step:180/1500 train_time:89.373s step_avg:496.52ms
step:181/1500 train_time:89.860s step_avg:496.46ms
step:182/1500 train_time:90.346s step_avg:496.41ms
step:183/1500 train_time:90.829s step_avg:496.33ms
step:184/1500 train_time:91.315s step_avg:496.28ms
step:185/1500 train_time:91.800s step_avg:496.22ms
step:186/1500 train_time:92.286s step_avg:496.16ms
step:187/1500 train_time:92.773s step_avg:496.11ms
step:188/1500 train_time:93.258s step_avg:496.05ms
step:189/1500 train_time:93.743s step_avg:496.00ms
step:190/1500 train_time:94.230s step_avg:495.95ms
step:191/1500 train_time:94.881s step_avg:496.76ms
step:192/1500 train_time:95.368s step_avg:496.71ms
step:193/1500 train_time:95.852s step_avg:496.64ms
step:194/1500 train_time:96.337s step_avg:496.58ms
step:195/1500 train_time:96.824s step_avg:496.53ms
step:196/1500 train_time:97.310s step_avg:496.48ms
step:197/1500 train_time:97.794s step_avg:496.41ms
step:198/1500 train_time:98.280s step_avg:496.36ms
step:199/1500 train_time:98.766s step_avg:496.31ms
step:200/1500 train_time:99.251s step_avg:496.25ms
step:201/1500 train_time:99.736s step_avg:496.20ms
step:202/1500 train_time:100.223s step_avg:496.15ms
step:203/1500 train_time:100.708s step_avg:496.10ms
step:204/1500 train_time:101.191s step_avg:496.04ms
step:205/1500 train_time:101.678s step_avg:495.99ms
step:206/1500 train_time:102.164s step_avg:495.94ms
step:207/1500 train_time:102.651s step_avg:495.90ms
step:208/1500 train_time:103.137s step_avg:495.85ms
step:209/1500 train_time:103.623s step_avg:495.80ms
step:210/1500 train_time:104.107s step_avg:495.75ms
step:211/1500 train_time:104.592s step_avg:495.69ms
step:212/1500 train_time:105.078s step_avg:495.65ms
step:213/1500 train_time:105.566s step_avg:495.61ms
step:214/1500 train_time:106.051s step_avg:495.56ms
step:215/1500 train_time:106.536s step_avg:495.52ms
step:216/1500 train_time:107.019s step_avg:495.46ms
step:217/1500 train_time:107.505s step_avg:495.42ms
step:218/1500 train_time:107.991s step_avg:495.37ms
step:219/1500 train_time:108.477s step_avg:495.33ms
step:220/1500 train_time:108.964s step_avg:495.29ms
step:221/1500 train_time:109.449s step_avg:495.25ms
step:222/1500 train_time:109.933s step_avg:495.19ms
step:223/1500 train_time:110.417s step_avg:495.15ms
step:224/1500 train_time:110.904s step_avg:495.11ms
step:225/1500 train_time:111.390s step_avg:495.07ms
step:226/1500 train_time:111.876s step_avg:495.03ms
step:227/1500 train_time:112.364s step_avg:495.00ms
step:228/1500 train_time:112.850s step_avg:494.96ms
step:229/1500 train_time:113.335s step_avg:494.91ms
step:230/1500 train_time:113.820s step_avg:494.87ms
step:231/1500 train_time:114.305s step_avg:494.83ms
step:232/1500 train_time:114.791s step_avg:494.79ms
step:233/1500 train_time:115.276s step_avg:494.75ms
step:234/1500 train_time:115.762s step_avg:494.71ms
step:235/1500 train_time:116.249s step_avg:494.68ms
step:236/1500 train_time:116.734s step_avg:494.63ms
step:237/1500 train_time:117.221s step_avg:494.61ms
step:238/1500 train_time:117.706s step_avg:494.56ms
step:239/1500 train_time:118.191s step_avg:494.52ms
step:240/1500 train_time:118.677s step_avg:494.49ms
step:241/1500 train_time:119.163s step_avg:494.45ms
step:242/1500 train_time:119.649s step_avg:494.42ms
step:243/1500 train_time:120.134s step_avg:494.38ms
step:244/1500 train_time:120.618s step_avg:494.34ms
step:245/1500 train_time:121.104s step_avg:494.30ms
step:246/1500 train_time:121.590s step_avg:494.27ms
step:247/1500 train_time:122.075s step_avg:494.23ms
step:248/1500 train_time:122.561s step_avg:494.20ms
step:249/1500 train_time:123.048s step_avg:494.17ms
step:250/1500 train_time:123.534s step_avg:494.14ms
step:250/1500 val_loss:4.18331 train_time:123.544s step_avg:487.30ms
step:251/1500 train_time:124.037s step_avg:494.17ms
step:252/1500 train_time:124.522s step_avg:494.13ms
step:253/1500 train_time:125.007s step_avg:494.10ms
step:254/1500 train_time:125.490s step_avg:494.06ms
step:255/1500 train_time:125.976s step_avg:494.02ms
step:256/1500 train_time:126.461s step_avg:493.99ms
step:257/1500 train_time:126.946s step_avg:493.95ms
step:258/1500 train_time:127.430s step_avg:493.91ms
step:259/1500 train_time:127.917s step_avg:493.89ms
step:260/1500 train_time:128.402s step_avg:493.85ms
step:261/1500 train_time:128.887s step_avg:493.82ms
step:262/1500 train_time:129.373s step_avg:493.79ms
step:263/1500 train_time:129.861s step_avg:493.77ms
step:264/1500 train_time:130.347s step_avg:493.74ms
step:265/1500 train_time:130.832s step_avg:493.71ms
step:266/1500 train_time:131.318s step_avg:493.68ms
step:267/1500 train_time:131.803s step_avg:493.64ms
step:268/1500 train_time:132.289s step_avg:493.61ms
step:269/1500 train_time:132.775s step_avg:493.59ms
step:270/1500 train_time:133.264s step_avg:493.57ms
step:271/1500 train_time:133.749s step_avg:493.54ms
step:272/1500 train_time:134.234s step_avg:493.51ms
step:273/1500 train_time:134.720s step_avg:493.48ms
step:274/1500 train_time:135.206s step_avg:493.45ms
step:275/1500 train_time:135.689s step_avg:493.42ms
step:276/1500 train_time:136.175s step_avg:493.39ms
step:277/1500 train_time:136.662s step_avg:493.36ms
step:278/1500 train_time:137.148s step_avg:493.34ms
step:279/1500 train_time:137.633s step_avg:493.31ms
step:280/1500 train_time:138.121s step_avg:493.29ms
step:281/1500 train_time:138.607s step_avg:493.26ms
step:282/1500 train_time:139.091s step_avg:493.23ms
step:283/1500 train_time:139.577s step_avg:493.21ms
step:284/1500 train_time:140.064s step_avg:493.18ms
step:285/1500 train_time:140.550s step_avg:493.16ms
step:286/1500 train_time:141.035s step_avg:493.13ms
step:287/1500 train_time:141.522s step_avg:493.11ms
step:288/1500 train_time:142.007s step_avg:493.08ms
step:289/1500 train_time:142.492s step_avg:493.05ms
step:290/1500 train_time:142.979s step_avg:493.03ms
step:291/1500 train_time:143.466s step_avg:493.01ms
step:292/1500 train_time:143.950s step_avg:492.98ms
step:293/1500 train_time:144.437s step_avg:492.96ms
step:294/1500 train_time:144.924s step_avg:492.94ms
step:295/1500 train_time:145.410s step_avg:492.92ms
step:296/1500 train_time:145.896s step_avg:492.89ms
step:297/1500 train_time:146.383s step_avg:492.87ms
step:298/1500 train_time:146.870s step_avg:492.85ms
step:299/1500 train_time:147.354s step_avg:492.82ms
step:300/1500 train_time:147.839s step_avg:492.80ms
step:301/1500 train_time:148.326s step_avg:492.78ms
step:302/1500 train_time:148.811s step_avg:492.75ms
step:303/1500 train_time:149.296s step_avg:492.73ms
step:304/1500 train_time:149.785s step_avg:492.71ms
step:305/1500 train_time:150.271s step_avg:492.69ms
step:306/1500 train_time:150.759s step_avg:492.68ms
step:307/1500 train_time:151.246s step_avg:492.66ms
step:308/1500 train_time:151.731s step_avg:492.63ms
step:309/1500 train_time:152.219s step_avg:492.62ms
step:310/1500 train_time:152.704s step_avg:492.59ms
step:311/1500 train_time:153.189s step_avg:492.57ms
step:312/1500 train_time:153.676s step_avg:492.55ms
step:313/1500 train_time:154.162s step_avg:492.53ms
step:314/1500 train_time:154.649s step_avg:492.51ms
step:315/1500 train_time:155.134s step_avg:492.49ms
step:316/1500 train_time:155.620s step_avg:492.47ms
step:317/1500 train_time:156.105s step_avg:492.45ms
step:318/1500 train_time:156.590s step_avg:492.42ms
step:319/1500 train_time:157.077s step_avg:492.40ms
step:320/1500 train_time:157.563s step_avg:492.38ms
step:321/1500 train_time:158.048s step_avg:492.36ms
step:322/1500 train_time:158.532s step_avg:492.34ms
step:323/1500 train_time:159.017s step_avg:492.31ms
step:324/1500 train_time:159.503s step_avg:492.29ms
step:325/1500 train_time:159.988s step_avg:492.27ms
step:326/1500 train_time:160.475s step_avg:492.25ms
step:327/1500 train_time:160.962s step_avg:492.24ms
step:328/1500 train_time:161.449s step_avg:492.22ms
step:329/1500 train_time:161.934s step_avg:492.20ms
step:330/1500 train_time:162.422s step_avg:492.19ms
step:331/1500 train_time:162.908s step_avg:492.17ms
step:332/1500 train_time:163.392s step_avg:492.15ms
step:333/1500 train_time:163.879s step_avg:492.13ms
step:334/1500 train_time:164.366s step_avg:492.11ms
step:335/1500 train_time:164.850s step_avg:492.09ms
step:336/1500 train_time:165.337s step_avg:492.07ms
step:337/1500 train_time:165.823s step_avg:492.06ms
step:338/1500 train_time:166.310s step_avg:492.04ms
step:339/1500 train_time:166.794s step_avg:492.02ms
step:340/1500 train_time:167.282s step_avg:492.01ms
step:341/1500 train_time:167.769s step_avg:491.99ms
step:342/1500 train_time:168.254s step_avg:491.97ms
step:343/1500 train_time:168.742s step_avg:491.96ms
step:344/1500 train_time:169.229s step_avg:491.95ms
step:345/1500 train_time:169.717s step_avg:491.93ms
step:346/1500 train_time:170.202s step_avg:491.91ms
step:347/1500 train_time:170.688s step_avg:491.90ms
step:348/1500 train_time:171.174s step_avg:491.88ms
step:349/1500 train_time:171.662s step_avg:491.87ms
step:350/1500 train_time:172.149s step_avg:491.85ms
step:351/1500 train_time:172.635s step_avg:491.84ms
step:352/1500 train_time:173.123s step_avg:491.83ms
step:353/1500 train_time:173.609s step_avg:491.81ms
step:354/1500 train_time:174.092s step_avg:491.78ms
step:355/1500 train_time:174.579s step_avg:491.77ms
step:356/1500 train_time:175.066s step_avg:491.76ms
step:357/1500 train_time:175.551s step_avg:491.74ms
step:358/1500 train_time:176.038s step_avg:491.73ms
step:359/1500 train_time:176.525s step_avg:491.71ms
step:360/1500 train_time:177.011s step_avg:491.70ms
step:361/1500 train_time:177.496s step_avg:491.68ms
step:362/1500 train_time:177.984s step_avg:491.67ms
step:363/1500 train_time:178.471s step_avg:491.66ms
step:364/1500 train_time:178.957s step_avg:491.64ms
step:365/1500 train_time:179.444s step_avg:491.63ms
step:366/1500 train_time:179.931s step_avg:491.61ms
step:367/1500 train_time:180.416s step_avg:491.60ms
step:368/1500 train_time:180.902s step_avg:491.58ms
step:369/1500 train_time:181.387s step_avg:491.56ms
step:370/1500 train_time:181.873s step_avg:491.55ms
step:371/1500 train_time:182.361s step_avg:491.54ms
step:372/1500 train_time:182.847s step_avg:491.52ms
step:373/1500 train_time:183.331s step_avg:491.50ms
step:374/1500 train_time:183.820s step_avg:491.50ms
step:375/1500 train_time:184.305s step_avg:491.48ms
step:375/1500 val_loss:3.97320 train_time:184.316s step_avg:486.17ms
step:376/1500 train_time:184.805s step_avg:491.50ms
step:377/1500 train_time:185.290s step_avg:491.49ms
step:378/1500 train_time:185.777s step_avg:491.47ms
step:379/1500 train_time:186.264s step_avg:491.46ms
step:380/1500 train_time:186.750s step_avg:491.45ms
step:381/1500 train_time:187.256s step_avg:491.49ms
step:382/1500 train_time:187.742s step_avg:491.47ms
step:383/1500 train_time:188.227s step_avg:491.46ms
step:384/1500 train_time:188.716s step_avg:491.45ms
step:385/1500 train_time:189.201s step_avg:491.43ms
step:386/1500 train_time:189.686s step_avg:491.41ms
step:387/1500 train_time:190.175s step_avg:491.41ms
step:388/1500 train_time:190.662s step_avg:491.40ms
step:389/1500 train_time:191.147s step_avg:491.38ms
step:390/1500 train_time:191.635s step_avg:491.37ms
step:391/1500 train_time:192.121s step_avg:491.36ms
step:392/1500 train_time:192.608s step_avg:491.35ms
step:393/1500 train_time:193.093s step_avg:491.33ms
step:394/1500 train_time:193.579s step_avg:491.32ms
step:395/1500 train_time:194.067s step_avg:491.31ms
step:396/1500 train_time:194.553s step_avg:491.30ms
step:397/1500 train_time:195.040s step_avg:491.28ms
step:398/1500 train_time:195.525s step_avg:491.27ms
step:399/1500 train_time:196.010s step_avg:491.25ms
step:400/1500 train_time:196.495s step_avg:491.24ms
step:401/1500 train_time:196.980s step_avg:491.22ms
step:402/1500 train_time:197.467s step_avg:491.21ms
step:403/1500 train_time:197.956s step_avg:491.21ms
step:404/1500 train_time:198.442s step_avg:491.19ms
step:405/1500 train_time:198.927s step_avg:491.18ms
step:406/1500 train_time:199.414s step_avg:491.17ms
step:407/1500 train_time:199.900s step_avg:491.15ms
step:408/1500 train_time:200.382s step_avg:491.13ms
step:409/1500 train_time:200.868s step_avg:491.12ms
step:410/1500 train_time:201.356s step_avg:491.11ms
step:411/1500 train_time:201.840s step_avg:491.10ms
step:412/1500 train_time:202.327s step_avg:491.08ms
step:413/1500 train_time:202.813s step_avg:491.07ms
step:414/1500 train_time:203.300s step_avg:491.06ms
step:415/1500 train_time:203.784s step_avg:491.04ms
step:416/1500 train_time:204.270s step_avg:491.03ms
step:417/1500 train_time:204.758s step_avg:491.03ms
step:418/1500 train_time:205.243s step_avg:491.01ms
step:419/1500 train_time:205.727s step_avg:491.00ms
step:420/1500 train_time:206.213s step_avg:490.98ms
step:421/1500 train_time:206.700s step_avg:490.97ms
step:422/1500 train_time:207.185s step_avg:490.96ms
step:423/1500 train_time:207.671s step_avg:490.95ms
step:424/1500 train_time:208.159s step_avg:490.94ms
step:425/1500 train_time:208.644s step_avg:490.93ms
step:426/1500 train_time:209.131s step_avg:490.92ms
step:427/1500 train_time:209.617s step_avg:490.91ms
step:428/1500 train_time:210.104s step_avg:490.90ms
step:429/1500 train_time:210.588s step_avg:490.88ms
step:430/1500 train_time:211.076s step_avg:490.87ms
step:431/1500 train_time:211.563s step_avg:490.87ms
step:432/1500 train_time:212.048s step_avg:490.85ms
step:433/1500 train_time:212.535s step_avg:490.84ms
step:434/1500 train_time:213.021s step_avg:490.83ms
step:435/1500 train_time:213.507s step_avg:490.82ms
step:436/1500 train_time:213.991s step_avg:490.81ms
step:437/1500 train_time:214.478s step_avg:490.80ms
step:438/1500 train_time:214.965s step_avg:490.79ms
step:439/1500 train_time:215.451s step_avg:490.78ms
step:440/1500 train_time:215.938s step_avg:490.77ms
step:441/1500 train_time:216.423s step_avg:490.75ms
step:442/1500 train_time:216.910s step_avg:490.75ms
step:443/1500 train_time:217.393s step_avg:490.73ms
step:444/1500 train_time:217.879s step_avg:490.72ms
step:445/1500 train_time:218.366s step_avg:490.71ms
step:446/1500 train_time:218.852s step_avg:490.70ms
step:447/1500 train_time:219.338s step_avg:490.69ms
step:448/1500 train_time:219.824s step_avg:490.68ms
step:449/1500 train_time:220.312s step_avg:490.67ms
step:450/1500 train_time:220.798s step_avg:490.66ms
step:451/1500 train_time:221.282s step_avg:490.65ms
step:452/1500 train_time:221.768s step_avg:490.64ms
step:453/1500 train_time:222.255s step_avg:490.63ms
step:454/1500 train_time:222.741s step_avg:490.62ms
step:455/1500 train_time:223.226s step_avg:490.61ms
step:456/1500 train_time:223.710s step_avg:490.59ms
step:457/1500 train_time:224.195s step_avg:490.58ms
step:458/1500 train_time:224.680s step_avg:490.57ms
step:459/1500 train_time:225.166s step_avg:490.56ms
step:460/1500 train_time:225.654s step_avg:490.55ms
step:461/1500 train_time:226.141s step_avg:490.54ms
step:462/1500 train_time:226.625s step_avg:490.53ms
step:463/1500 train_time:227.112s step_avg:490.52ms
step:464/1500 train_time:227.598s step_avg:490.51ms
step:465/1500 train_time:228.082s step_avg:490.50ms
step:466/1500 train_time:228.569s step_avg:490.49ms
step:467/1500 train_time:229.055s step_avg:490.48ms
step:468/1500 train_time:229.541s step_avg:490.47ms
step:469/1500 train_time:230.024s step_avg:490.46ms
step:470/1500 train_time:230.512s step_avg:490.45ms
step:471/1500 train_time:230.998s step_avg:490.44ms
step:472/1500 train_time:231.483s step_avg:490.43ms
step:473/1500 train_time:231.969s step_avg:490.42ms
step:474/1500 train_time:232.457s step_avg:490.41ms
step:475/1500 train_time:232.943s step_avg:490.41ms
step:476/1500 train_time:233.429s step_avg:490.40ms
step:477/1500 train_time:233.916s step_avg:490.39ms
step:478/1500 train_time:234.401s step_avg:490.38ms
step:479/1500 train_time:234.886s step_avg:490.37ms
step:480/1500 train_time:235.374s step_avg:490.36ms
step:481/1500 train_time:235.862s step_avg:490.36ms
step:482/1500 train_time:236.347s step_avg:490.35ms
step:483/1500 train_time:236.835s step_avg:490.34ms
step:484/1500 train_time:237.322s step_avg:490.33ms
step:485/1500 train_time:237.807s step_avg:490.32ms
step:486/1500 train_time:238.292s step_avg:490.31ms
step:487/1500 train_time:238.779s step_avg:490.31ms
step:488/1500 train_time:239.266s step_avg:490.30ms
step:489/1500 train_time:239.753s step_avg:490.29ms
step:490/1500 train_time:240.240s step_avg:490.29ms
step:491/1500 train_time:240.725s step_avg:490.28ms
step:492/1500 train_time:241.211s step_avg:490.27ms
step:493/1500 train_time:241.697s step_avg:490.26ms
step:494/1500 train_time:242.182s step_avg:490.25ms
step:495/1500 train_time:242.669s step_avg:490.24ms
step:496/1500 train_time:243.155s step_avg:490.23ms
step:497/1500 train_time:243.641s step_avg:490.22ms
step:498/1500 train_time:244.127s step_avg:490.21ms
step:499/1500 train_time:244.612s step_avg:490.20ms
step:500/1500 train_time:245.098s step_avg:490.20ms
step:500/1500 val_loss:3.86073 train_time:245.109s step_avg:486.35ms
step:501/1500 train_time:245.598s step_avg:490.22ms
step:502/1500 train_time:246.085s step_avg:490.21ms
step:503/1500 train_time:246.572s step_avg:490.20ms
step:504/1500 train_time:247.059s step_avg:490.20ms
step:505/1500 train_time:247.546s step_avg:490.19ms
step:506/1500 train_time:248.033s step_avg:490.18ms
step:507/1500 train_time:248.518s step_avg:490.17ms
step:508/1500 train_time:249.005s step_avg:490.17ms
step:509/1500 train_time:249.491s step_avg:490.16ms
step:510/1500 train_time:249.977s step_avg:490.15ms
step:511/1500 train_time:250.463s step_avg:490.14ms
step:512/1500 train_time:250.950s step_avg:490.14ms
step:513/1500 train_time:251.436s step_avg:490.13ms
step:514/1500 train_time:251.922s step_avg:490.12ms
step:515/1500 train_time:252.410s step_avg:490.12ms
step:516/1500 train_time:252.896s step_avg:490.11ms
step:517/1500 train_time:253.379s step_avg:490.10ms
step:518/1500 train_time:253.866s step_avg:490.09ms
step:519/1500 train_time:254.352s step_avg:490.08ms
step:520/1500 train_time:254.837s step_avg:490.07ms
step:521/1500 train_time:255.323s step_avg:490.06ms
step:522/1500 train_time:255.809s step_avg:490.06ms
step:523/1500 train_time:256.296s step_avg:490.05ms
step:524/1500 train_time:256.779s step_avg:490.04ms
step:525/1500 train_time:257.266s step_avg:490.03ms
step:526/1500 train_time:257.753s step_avg:490.03ms
step:527/1500 train_time:258.237s step_avg:490.01ms
step:528/1500 train_time:258.723s step_avg:490.00ms
step:529/1500 train_time:259.211s step_avg:490.00ms
step:530/1500 train_time:259.697s step_avg:489.99ms
step:531/1500 train_time:260.181s step_avg:489.98ms
step:532/1500 train_time:260.668s step_avg:489.98ms
step:533/1500 train_time:261.156s step_avg:489.97ms
step:534/1500 train_time:261.640s step_avg:489.96ms
step:535/1500 train_time:262.128s step_avg:489.96ms
step:536/1500 train_time:262.615s step_avg:489.95ms
step:537/1500 train_time:263.101s step_avg:489.95ms
step:538/1500 train_time:263.587s step_avg:489.94ms
step:539/1500 train_time:264.073s step_avg:489.93ms
step:540/1500 train_time:264.558s step_avg:489.92ms
step:541/1500 train_time:265.043s step_avg:489.91ms
step:542/1500 train_time:265.530s step_avg:489.91ms
step:543/1500 train_time:266.016s step_avg:489.90ms
step:544/1500 train_time:266.504s step_avg:489.90ms
step:545/1500 train_time:266.989s step_avg:489.89ms
step:546/1500 train_time:267.475s step_avg:489.88ms
step:547/1500 train_time:267.960s step_avg:489.87ms
step:548/1500 train_time:268.447s step_avg:489.87ms
step:549/1500 train_time:268.934s step_avg:489.86ms
step:550/1500 train_time:269.418s step_avg:489.85ms
step:551/1500 train_time:269.903s step_avg:489.84ms
step:552/1500 train_time:270.388s step_avg:489.83ms
step:553/1500 train_time:270.874s step_avg:489.83ms
step:554/1500 train_time:271.360s step_avg:489.82ms
step:555/1500 train_time:271.848s step_avg:489.82ms
step:556/1500 train_time:272.334s step_avg:489.81ms
step:557/1500 train_time:272.819s step_avg:489.80ms
step:558/1500 train_time:273.305s step_avg:489.79ms
step:559/1500 train_time:273.790s step_avg:489.79ms
step:560/1500 train_time:274.276s step_avg:489.78ms
step:561/1500 train_time:274.762s step_avg:489.77ms
step:562/1500 train_time:275.249s step_avg:489.77ms
step:563/1500 train_time:275.736s step_avg:489.76ms
step:564/1500 train_time:276.222s step_avg:489.75ms
step:565/1500 train_time:276.708s step_avg:489.75ms
step:566/1500 train_time:277.194s step_avg:489.74ms
step:567/1500 train_time:277.678s step_avg:489.73ms
step:568/1500 train_time:278.164s step_avg:489.73ms
step:569/1500 train_time:278.651s step_avg:489.72ms
step:570/1500 train_time:279.136s step_avg:489.71ms
step:571/1500 train_time:279.646s step_avg:489.75ms
step:572/1500 train_time:280.133s step_avg:489.74ms
step:573/1500 train_time:280.618s step_avg:489.73ms
step:574/1500 train_time:281.105s step_avg:489.73ms
step:575/1500 train_time:281.590s step_avg:489.72ms
step:576/1500 train_time:282.075s step_avg:489.71ms
step:577/1500 train_time:282.561s step_avg:489.71ms
step:578/1500 train_time:283.047s step_avg:489.70ms
step:579/1500 train_time:283.533s step_avg:489.70ms
step:580/1500 train_time:284.018s step_avg:489.69ms
step:581/1500 train_time:284.505s step_avg:489.68ms
step:582/1500 train_time:284.990s step_avg:489.67ms
step:583/1500 train_time:285.475s step_avg:489.67ms
step:584/1500 train_time:285.961s step_avg:489.66ms
step:585/1500 train_time:286.448s step_avg:489.65ms
step:586/1500 train_time:286.934s step_avg:489.65ms
step:587/1500 train_time:287.418s step_avg:489.64ms
step:588/1500 train_time:287.903s step_avg:489.63ms
step:589/1500 train_time:288.388s step_avg:489.62ms
step:590/1500 train_time:288.874s step_avg:489.62ms
step:591/1500 train_time:289.361s step_avg:489.61ms
step:592/1500 train_time:289.847s step_avg:489.61ms
step:593/1500 train_time:290.334s step_avg:489.60ms
step:594/1500 train_time:290.818s step_avg:489.59ms
step:595/1500 train_time:291.305s step_avg:489.59ms
step:596/1500 train_time:291.790s step_avg:489.58ms
step:597/1500 train_time:292.275s step_avg:489.57ms
step:598/1500 train_time:292.760s step_avg:489.56ms
step:599/1500 train_time:293.246s step_avg:489.56ms
step:600/1500 train_time:293.734s step_avg:489.56ms
step:601/1500 train_time:294.217s step_avg:489.55ms
step:602/1500 train_time:294.703s step_avg:489.54ms
step:603/1500 train_time:295.188s step_avg:489.53ms
step:604/1500 train_time:295.674s step_avg:489.53ms
step:605/1500 train_time:296.159s step_avg:489.52ms
step:606/1500 train_time:296.646s step_avg:489.52ms
step:607/1500 train_time:297.133s step_avg:489.51ms
step:608/1500 train_time:297.618s step_avg:489.50ms
step:609/1500 train_time:298.105s step_avg:489.50ms
step:610/1500 train_time:298.591s step_avg:489.49ms
step:611/1500 train_time:299.077s step_avg:489.49ms
step:612/1500 train_time:299.563s step_avg:489.48ms
step:613/1500 train_time:300.049s step_avg:489.48ms
step:614/1500 train_time:300.535s step_avg:489.47ms
step:615/1500 train_time:301.019s step_avg:489.46ms
step:616/1500 train_time:301.505s step_avg:489.46ms
step:617/1500 train_time:301.991s step_avg:489.45ms
step:618/1500 train_time:302.476s step_avg:489.44ms
step:619/1500 train_time:302.964s step_avg:489.44ms
step:620/1500 train_time:303.451s step_avg:489.44ms
step:621/1500 train_time:303.935s step_avg:489.43ms
step:622/1500 train_time:304.419s step_avg:489.42ms
step:623/1500 train_time:304.904s step_avg:489.41ms
step:624/1500 train_time:305.387s step_avg:489.40ms
step:625/1500 train_time:305.874s step_avg:489.40ms
step:625/1500 val_loss:3.77377 train_time:305.884s step_avg:486.20ms
step:626/1500 train_time:306.376s step_avg:489.42ms
step:627/1500 train_time:306.863s step_avg:489.41ms
step:628/1500 train_time:307.350s step_avg:489.41ms
step:629/1500 train_time:307.836s step_avg:489.41ms
step:630/1500 train_time:308.323s step_avg:489.40ms
step:631/1500 train_time:308.809s step_avg:489.40ms
step:632/1500 train_time:309.293s step_avg:489.39ms
step:633/1500 train_time:309.778s step_avg:489.38ms
step:634/1500 train_time:310.265s step_avg:489.38ms
step:635/1500 train_time:310.753s step_avg:489.37ms
step:636/1500 train_time:311.238s step_avg:489.37ms
step:637/1500 train_time:311.724s step_avg:489.36ms
step:638/1500 train_time:312.211s step_avg:489.36ms
step:639/1500 train_time:312.697s step_avg:489.35ms
step:640/1500 train_time:313.181s step_avg:489.35ms
step:641/1500 train_time:313.668s step_avg:489.34ms
step:642/1500 train_time:314.155s step_avg:489.34ms
step:643/1500 train_time:314.641s step_avg:489.33ms
step:644/1500 train_time:315.129s step_avg:489.33ms
step:645/1500 train_time:315.614s step_avg:489.32ms
step:646/1500 train_time:316.102s step_avg:489.32ms
step:647/1500 train_time:316.588s step_avg:489.32ms
step:648/1500 train_time:317.072s step_avg:489.31ms
step:649/1500 train_time:317.559s step_avg:489.31ms
step:650/1500 train_time:318.045s step_avg:489.30ms
step:651/1500 train_time:318.531s step_avg:489.30ms
step:652/1500 train_time:319.016s step_avg:489.29ms
step:653/1500 train_time:319.502s step_avg:489.28ms
step:654/1500 train_time:319.987s step_avg:489.28ms
step:655/1500 train_time:320.474s step_avg:489.27ms
step:656/1500 train_time:320.960s step_avg:489.27ms
step:657/1500 train_time:321.447s step_avg:489.27ms
step:658/1500 train_time:321.933s step_avg:489.26ms
step:659/1500 train_time:322.420s step_avg:489.26ms
step:660/1500 train_time:322.907s step_avg:489.25ms
step:661/1500 train_time:323.392s step_avg:489.25ms
step:662/1500 train_time:323.875s step_avg:489.24ms
step:663/1500 train_time:324.363s step_avg:489.24ms
step:664/1500 train_time:324.850s step_avg:489.23ms
step:665/1500 train_time:325.334s step_avg:489.22ms
step:666/1500 train_time:325.821s step_avg:489.22ms
step:667/1500 train_time:326.308s step_avg:489.22ms
step:668/1500 train_time:326.794s step_avg:489.21ms
step:669/1500 train_time:327.278s step_avg:489.20ms
step:670/1500 train_time:327.766s step_avg:489.20ms
step:671/1500 train_time:328.254s step_avg:489.20ms
step:672/1500 train_time:328.739s step_avg:489.20ms
step:673/1500 train_time:329.226s step_avg:489.19ms
step:674/1500 train_time:329.713s step_avg:489.19ms
step:675/1500 train_time:330.201s step_avg:489.19ms
step:676/1500 train_time:330.686s step_avg:489.18ms
step:677/1500 train_time:331.171s step_avg:489.17ms
step:678/1500 train_time:331.656s step_avg:489.17ms
step:679/1500 train_time:332.142s step_avg:489.16ms
step:680/1500 train_time:332.628s step_avg:489.16ms
step:681/1500 train_time:333.114s step_avg:489.15ms
step:682/1500 train_time:333.598s step_avg:489.15ms
step:683/1500 train_time:334.083s step_avg:489.14ms
step:684/1500 train_time:334.569s step_avg:489.14ms
step:685/1500 train_time:335.055s step_avg:489.13ms
step:686/1500 train_time:335.542s step_avg:489.13ms
step:687/1500 train_time:336.028s step_avg:489.12ms
step:688/1500 train_time:336.514s step_avg:489.12ms
step:689/1500 train_time:337.002s step_avg:489.12ms
step:690/1500 train_time:337.488s step_avg:489.11ms
step:691/1500 train_time:337.973s step_avg:489.11ms
step:692/1500 train_time:338.459s step_avg:489.10ms
step:693/1500 train_time:338.945s step_avg:489.10ms
step:694/1500 train_time:339.431s step_avg:489.09ms
step:695/1500 train_time:339.917s step_avg:489.09ms
step:696/1500 train_time:340.404s step_avg:489.09ms
step:697/1500 train_time:340.889s step_avg:489.08ms
step:698/1500 train_time:341.373s step_avg:489.07ms
step:699/1500 train_time:341.859s step_avg:489.07ms
step:700/1500 train_time:342.345s step_avg:489.06ms
step:701/1500 train_time:342.832s step_avg:489.06ms
step:702/1500 train_time:343.317s step_avg:489.06ms
step:703/1500 train_time:343.801s step_avg:489.05ms
step:704/1500 train_time:344.285s step_avg:489.04ms
step:705/1500 train_time:344.771s step_avg:489.04ms
step:706/1500 train_time:345.256s step_avg:489.03ms
step:707/1500 train_time:345.743s step_avg:489.03ms
step:708/1500 train_time:346.230s step_avg:489.03ms
step:709/1500 train_time:346.714s step_avg:489.02ms
step:710/1500 train_time:347.199s step_avg:489.01ms
step:711/1500 train_time:347.685s step_avg:489.01ms
step:712/1500 train_time:348.170s step_avg:489.00ms
step:713/1500 train_time:348.657s step_avg:489.00ms
step:714/1500 train_time:349.144s step_avg:489.00ms
step:715/1500 train_time:349.630s step_avg:488.99ms
step:716/1500 train_time:350.114s step_avg:488.99ms
step:717/1500 train_time:350.599s step_avg:488.98ms
step:718/1500 train_time:351.083s step_avg:488.97ms
step:719/1500 train_time:351.570s step_avg:488.97ms
step:720/1500 train_time:352.056s step_avg:488.97ms
step:721/1500 train_time:352.539s step_avg:488.96ms
step:722/1500 train_time:353.027s step_avg:488.96ms
step:723/1500 train_time:353.514s step_avg:488.95ms
step:724/1500 train_time:353.999s step_avg:488.95ms
step:725/1500 train_time:354.484s step_avg:488.94ms
step:726/1500 train_time:354.970s step_avg:488.94ms
step:727/1500 train_time:355.456s step_avg:488.93ms
step:728/1500 train_time:355.941s step_avg:488.93ms
step:729/1500 train_time:356.428s step_avg:488.93ms
step:730/1500 train_time:356.915s step_avg:488.92ms
step:731/1500 train_time:357.401s step_avg:488.92ms
step:732/1500 train_time:357.886s step_avg:488.92ms
step:733/1500 train_time:358.372s step_avg:488.91ms
step:734/1500 train_time:358.858s step_avg:488.91ms
step:735/1500 train_time:359.347s step_avg:488.91ms
step:736/1500 train_time:359.833s step_avg:488.90ms
step:737/1500 train_time:360.319s step_avg:488.90ms
step:738/1500 train_time:360.806s step_avg:488.90ms
step:739/1500 train_time:361.292s step_avg:488.89ms
step:740/1500 train_time:361.776s step_avg:488.89ms
step:741/1500 train_time:362.262s step_avg:488.88ms
step:742/1500 train_time:362.749s step_avg:488.88ms
step:743/1500 train_time:363.235s step_avg:488.88ms
step:744/1500 train_time:363.722s step_avg:488.87ms
step:745/1500 train_time:364.209s step_avg:488.87ms
step:746/1500 train_time:364.695s step_avg:488.87ms
step:747/1500 train_time:365.179s step_avg:488.86ms
step:748/1500 train_time:365.666s step_avg:488.86ms
step:749/1500 train_time:366.153s step_avg:488.86ms
step:750/1500 train_time:366.638s step_avg:488.85ms
step:750/1500 val_loss:3.70774 train_time:366.649s step_avg:486.11ms
step:751/1500 train_time:367.145s step_avg:488.88ms
step:752/1500 train_time:367.632s step_avg:488.87ms
step:753/1500 train_time:368.116s step_avg:488.87ms
step:754/1500 train_time:368.603s step_avg:488.86ms
step:755/1500 train_time:369.089s step_avg:488.86ms
step:756/1500 train_time:369.573s step_avg:488.85ms
step:757/1500 train_time:370.059s step_avg:488.85ms
step:758/1500 train_time:370.546s step_avg:488.85ms
step:759/1500 train_time:371.032s step_avg:488.84ms
step:760/1500 train_time:371.518s step_avg:488.84ms
step:761/1500 train_time:372.022s step_avg:488.86ms
step:762/1500 train_time:372.508s step_avg:488.86ms
step:763/1500 train_time:372.993s step_avg:488.85ms
step:764/1500 train_time:373.478s step_avg:488.85ms
step:765/1500 train_time:373.965s step_avg:488.84ms
step:766/1500 train_time:374.452s step_avg:488.84ms
step:767/1500 train_time:374.937s step_avg:488.84ms
step:768/1500 train_time:375.424s step_avg:488.83ms
step:769/1500 train_time:375.910s step_avg:488.83ms
step:770/1500 train_time:376.395s step_avg:488.82ms
step:771/1500 train_time:376.880s step_avg:488.82ms
step:772/1500 train_time:377.368s step_avg:488.82ms
step:773/1500 train_time:377.853s step_avg:488.81ms
step:774/1500 train_time:378.337s step_avg:488.81ms
step:775/1500 train_time:378.824s step_avg:488.80ms
step:776/1500 train_time:379.310s step_avg:488.80ms
step:777/1500 train_time:379.796s step_avg:488.80ms
step:778/1500 train_time:380.282s step_avg:488.79ms
step:779/1500 train_time:380.769s step_avg:488.79ms
step:780/1500 train_time:381.254s step_avg:488.79ms
step:781/1500 train_time:381.741s step_avg:488.78ms
step:782/1500 train_time:382.226s step_avg:488.78ms
step:783/1500 train_time:382.712s step_avg:488.78ms
step:784/1500 train_time:383.200s step_avg:488.78ms
step:785/1500 train_time:383.685s step_avg:488.77ms
step:786/1500 train_time:384.170s step_avg:488.77ms
step:787/1500 train_time:384.654s step_avg:488.76ms
step:788/1500 train_time:385.142s step_avg:488.76ms
step:789/1500 train_time:385.629s step_avg:488.76ms
step:790/1500 train_time:386.113s step_avg:488.75ms
step:791/1500 train_time:386.598s step_avg:488.75ms
step:792/1500 train_time:387.083s step_avg:488.74ms
step:793/1500 train_time:387.569s step_avg:488.74ms
step:794/1500 train_time:388.055s step_avg:488.73ms
step:795/1500 train_time:388.542s step_avg:488.73ms
step:796/1500 train_time:389.029s step_avg:488.73ms
step:797/1500 train_time:389.513s step_avg:488.72ms
step:798/1500 train_time:390.001s step_avg:488.72ms
step:799/1500 train_time:390.486s step_avg:488.72ms
step:800/1500 train_time:390.972s step_avg:488.72ms
step:801/1500 train_time:391.458s step_avg:488.71ms
step:802/1500 train_time:391.945s step_avg:488.71ms
step:803/1500 train_time:392.431s step_avg:488.71ms
step:804/1500 train_time:392.916s step_avg:488.70ms
step:805/1500 train_time:393.402s step_avg:488.70ms
step:806/1500 train_time:393.888s step_avg:488.69ms
step:807/1500 train_time:394.372s step_avg:488.69ms
step:808/1500 train_time:394.858s step_avg:488.69ms
step:809/1500 train_time:395.346s step_avg:488.68ms
step:810/1500 train_time:395.831s step_avg:488.68ms
step:811/1500 train_time:396.316s step_avg:488.68ms
step:812/1500 train_time:396.802s step_avg:488.67ms
step:813/1500 train_time:397.288s step_avg:488.67ms
step:814/1500 train_time:397.772s step_avg:488.66ms
step:815/1500 train_time:398.258s step_avg:488.66ms
step:816/1500 train_time:398.744s step_avg:488.66ms
step:817/1500 train_time:399.230s step_avg:488.65ms
step:818/1500 train_time:399.714s step_avg:488.65ms
step:819/1500 train_time:400.199s step_avg:488.64ms
step:820/1500 train_time:400.685s step_avg:488.64ms
step:821/1500 train_time:401.171s step_avg:488.64ms
step:822/1500 train_time:401.657s step_avg:488.63ms
step:823/1500 train_time:402.143s step_avg:488.63ms
step:824/1500 train_time:402.629s step_avg:488.63ms
step:825/1500 train_time:403.113s step_avg:488.62ms
step:826/1500 train_time:403.597s step_avg:488.62ms
step:827/1500 train_time:404.082s step_avg:488.61ms
step:828/1500 train_time:404.569s step_avg:488.61ms
step:829/1500 train_time:405.054s step_avg:488.61ms
step:830/1500 train_time:405.540s step_avg:488.60ms
step:831/1500 train_time:406.027s step_avg:488.60ms
step:832/1500 train_time:406.513s step_avg:488.60ms
step:833/1500 train_time:407.000s step_avg:488.60ms
step:834/1500 train_time:407.485s step_avg:488.59ms
step:835/1500 train_time:407.971s step_avg:488.59ms
step:836/1500 train_time:408.456s step_avg:488.58ms
step:837/1500 train_time:408.943s step_avg:488.58ms
step:838/1500 train_time:409.429s step_avg:488.58ms
step:839/1500 train_time:409.914s step_avg:488.57ms
step:840/1500 train_time:410.399s step_avg:488.57ms
step:841/1500 train_time:410.885s step_avg:488.57ms
step:842/1500 train_time:411.370s step_avg:488.56ms
step:843/1500 train_time:411.856s step_avg:488.56ms
step:844/1500 train_time:412.342s step_avg:488.56ms
step:845/1500 train_time:412.829s step_avg:488.56ms
step:846/1500 train_time:413.314s step_avg:488.55ms
step:847/1500 train_time:413.799s step_avg:488.55ms
step:848/1500 train_time:414.284s step_avg:488.54ms
step:849/1500 train_time:414.770s step_avg:488.54ms
step:850/1500 train_time:415.256s step_avg:488.54ms
step:851/1500 train_time:415.744s step_avg:488.54ms
step:852/1500 train_time:416.230s step_avg:488.53ms
step:853/1500 train_time:416.715s step_avg:488.53ms
step:854/1500 train_time:417.202s step_avg:488.53ms
step:855/1500 train_time:417.687s step_avg:488.52ms
step:856/1500 train_time:418.172s step_avg:488.52ms
step:857/1500 train_time:418.659s step_avg:488.52ms
step:858/1500 train_time:419.145s step_avg:488.51ms
step:859/1500 train_time:419.632s step_avg:488.51ms
step:860/1500 train_time:420.117s step_avg:488.51ms
step:861/1500 train_time:420.602s step_avg:488.50ms
step:862/1500 train_time:421.089s step_avg:488.50ms
step:863/1500 train_time:421.573s step_avg:488.50ms
step:864/1500 train_time:422.058s step_avg:488.49ms
step:865/1500 train_time:422.546s step_avg:488.49ms
step:866/1500 train_time:423.032s step_avg:488.49ms
step:867/1500 train_time:423.517s step_avg:488.49ms
step:868/1500 train_time:424.002s step_avg:488.48ms
step:869/1500 train_time:424.488s step_avg:488.48ms
step:870/1500 train_time:424.972s step_avg:488.47ms
step:871/1500 train_time:425.459s step_avg:488.47ms
step:872/1500 train_time:425.947s step_avg:488.47ms
step:873/1500 train_time:426.432s step_avg:488.47ms
step:874/1500 train_time:426.919s step_avg:488.47ms
step:875/1500 train_time:427.404s step_avg:488.46ms
step:875/1500 val_loss:3.64585 train_time:427.415s step_avg:486.13ms
step:876/1500 train_time:427.908s step_avg:488.48ms
step:877/1500 train_time:428.394s step_avg:488.48ms
step:878/1500 train_time:428.881s step_avg:488.47ms
step:879/1500 train_time:429.366s step_avg:488.47ms
step:880/1500 train_time:429.853s step_avg:488.47ms
step:881/1500 train_time:430.340s step_avg:488.47ms
step:882/1500 train_time:430.826s step_avg:488.47ms
step:883/1500 train_time:431.313s step_avg:488.46ms
step:884/1500 train_time:431.801s step_avg:488.46ms
step:885/1500 train_time:432.289s step_avg:488.46ms
step:886/1500 train_time:432.773s step_avg:488.46ms
step:887/1500 train_time:433.260s step_avg:488.46ms
step:888/1500 train_time:433.748s step_avg:488.45ms
step:889/1500 train_time:434.233s step_avg:488.45ms
step:890/1500 train_time:434.720s step_avg:488.45ms
step:891/1500 train_time:435.206s step_avg:488.45ms
step:892/1500 train_time:435.693s step_avg:488.44ms
step:893/1500 train_time:436.178s step_avg:488.44ms
step:894/1500 train_time:436.664s step_avg:488.44ms
step:895/1500 train_time:437.149s step_avg:488.44ms
step:896/1500 train_time:437.636s step_avg:488.43ms
step:897/1500 train_time:438.123s step_avg:488.43ms
step:898/1500 train_time:438.608s step_avg:488.43ms
step:899/1500 train_time:439.093s step_avg:488.42ms
step:900/1500 train_time:439.579s step_avg:488.42ms
step:901/1500 train_time:440.064s step_avg:488.42ms
step:902/1500 train_time:440.549s step_avg:488.41ms
step:903/1500 train_time:441.035s step_avg:488.41ms
step:904/1500 train_time:441.522s step_avg:488.41ms
step:905/1500 train_time:442.008s step_avg:488.41ms
step:906/1500 train_time:442.495s step_avg:488.40ms
step:907/1500 train_time:442.979s step_avg:488.40ms
step:908/1500 train_time:443.465s step_avg:488.40ms
step:909/1500 train_time:443.950s step_avg:488.39ms
step:910/1500 train_time:444.436s step_avg:488.39ms
step:911/1500 train_time:444.924s step_avg:488.39ms
step:912/1500 train_time:445.409s step_avg:488.39ms
step:913/1500 train_time:445.894s step_avg:488.38ms
step:914/1500 train_time:446.380s step_avg:488.38ms
step:915/1500 train_time:446.864s step_avg:488.38ms
step:916/1500 train_time:447.351s step_avg:488.37ms
step:917/1500 train_time:447.838s step_avg:488.37ms
step:918/1500 train_time:448.324s step_avg:488.37ms
step:919/1500 train_time:448.809s step_avg:488.37ms
step:920/1500 train_time:449.295s step_avg:488.36ms
step:921/1500 train_time:449.780s step_avg:488.36ms
step:922/1500 train_time:450.265s step_avg:488.36ms
step:923/1500 train_time:450.751s step_avg:488.35ms
step:924/1500 train_time:451.237s step_avg:488.35ms
step:925/1500 train_time:451.724s step_avg:488.35ms
step:926/1500 train_time:452.209s step_avg:488.35ms
step:927/1500 train_time:452.693s step_avg:488.34ms
step:928/1500 train_time:453.179s step_avg:488.34ms
step:929/1500 train_time:453.665s step_avg:488.34ms
step:930/1500 train_time:454.151s step_avg:488.33ms
step:931/1500 train_time:454.638s step_avg:488.33ms
step:932/1500 train_time:455.124s step_avg:488.33ms
step:933/1500 train_time:455.609s step_avg:488.33ms
step:934/1500 train_time:456.094s step_avg:488.32ms
step:935/1500 train_time:456.581s step_avg:488.32ms
step:936/1500 train_time:457.066s step_avg:488.32ms
step:937/1500 train_time:457.553s step_avg:488.32ms
step:938/1500 train_time:458.040s step_avg:488.32ms
step:939/1500 train_time:458.525s step_avg:488.31ms
step:940/1500 train_time:459.010s step_avg:488.31ms
step:941/1500 train_time:459.496s step_avg:488.31ms
step:942/1500 train_time:459.983s step_avg:488.30ms
step:943/1500 train_time:460.467s step_avg:488.30ms
step:944/1500 train_time:460.954s step_avg:488.30ms
step:945/1500 train_time:461.440s step_avg:488.30ms
step:946/1500 train_time:461.926s step_avg:488.29ms
step:947/1500 train_time:462.413s step_avg:488.29ms
step:948/1500 train_time:462.898s step_avg:488.29ms
step:949/1500 train_time:463.384s step_avg:488.29ms
step:950/1500 train_time:463.867s step_avg:488.28ms
step:951/1500 train_time:464.377s step_avg:488.30ms
step:952/1500 train_time:464.863s step_avg:488.30ms
step:953/1500 train_time:465.349s step_avg:488.30ms
step:954/1500 train_time:465.834s step_avg:488.30ms
step:955/1500 train_time:466.321s step_avg:488.29ms
step:956/1500 train_time:466.808s step_avg:488.29ms
step:957/1500 train_time:467.295s step_avg:488.29ms
step:958/1500 train_time:467.781s step_avg:488.29ms
step:959/1500 train_time:468.266s step_avg:488.29ms
step:960/1500 train_time:468.752s step_avg:488.28ms
step:961/1500 train_time:469.239s step_avg:488.28ms
step:962/1500 train_time:469.724s step_avg:488.28ms
step:963/1500 train_time:470.209s step_avg:488.27ms
step:964/1500 train_time:470.693s step_avg:488.27ms
step:965/1500 train_time:471.177s step_avg:488.27ms
step:966/1500 train_time:471.663s step_avg:488.26ms
step:967/1500 train_time:472.148s step_avg:488.26ms
step:968/1500 train_time:472.634s step_avg:488.26ms
step:969/1500 train_time:473.120s step_avg:488.26ms
step:970/1500 train_time:473.606s step_avg:488.25ms
step:971/1500 train_time:474.091s step_avg:488.25ms
step:972/1500 train_time:474.575s step_avg:488.25ms
step:973/1500 train_time:475.062s step_avg:488.24ms
step:974/1500 train_time:475.549s step_avg:488.24ms
step:975/1500 train_time:476.033s step_avg:488.24ms
step:976/1500 train_time:476.519s step_avg:488.24ms
step:977/1500 train_time:477.005s step_avg:488.23ms
step:978/1500 train_time:477.489s step_avg:488.23ms
step:979/1500 train_time:477.972s step_avg:488.23ms
step:980/1500 train_time:478.459s step_avg:488.22ms
step:981/1500 train_time:478.947s step_avg:488.22ms
step:982/1500 train_time:479.430s step_avg:488.22ms
step:983/1500 train_time:479.915s step_avg:488.21ms
step:984/1500 train_time:480.400s step_avg:488.21ms
step:985/1500 train_time:480.887s step_avg:488.21ms
step:986/1500 train_time:481.370s step_avg:488.20ms
step:987/1500 train_time:481.856s step_avg:488.20ms
step:988/1500 train_time:482.343s step_avg:488.20ms
step:989/1500 train_time:482.828s step_avg:488.20ms
step:990/1500 train_time:483.314s step_avg:488.20ms
step:991/1500 train_time:483.800s step_avg:488.19ms
step:992/1500 train_time:484.286s step_avg:488.19ms
step:993/1500 train_time:484.768s step_avg:488.19ms
step:994/1500 train_time:485.254s step_avg:488.18ms
step:995/1500 train_time:485.740s step_avg:488.18ms
step:996/1500 train_time:486.226s step_avg:488.18ms
step:997/1500 train_time:486.712s step_avg:488.18ms
step:998/1500 train_time:487.198s step_avg:488.17ms
step:999/1500 train_time:487.683s step_avg:488.17ms
step:1000/1500 train_time:488.168s step_avg:488.17ms
step:1000/1500 val_loss:3.59257 train_time:488.178s step_avg:486.11ms
step:1001/1500 train_time:488.669s step_avg:488.18ms
step:1002/1500 train_time:489.156s step_avg:488.18ms
step:1003/1500 train_time:489.643s step_avg:488.18ms
step:1004/1500 train_time:490.128s step_avg:488.18ms
step:1005/1500 train_time:490.614s step_avg:488.17ms
step:1006/1500 train_time:491.101s step_avg:488.17ms
step:1007/1500 train_time:491.587s step_avg:488.17ms
step:1008/1500 train_time:492.072s step_avg:488.17ms
step:1009/1500 train_time:492.560s step_avg:488.17ms
step:1010/1500 train_time:493.047s step_avg:488.17ms
step:1011/1500 train_time:493.533s step_avg:488.16ms
step:1012/1500 train_time:494.021s step_avg:488.16ms
step:1013/1500 train_time:494.507s step_avg:488.16ms
step:1014/1500 train_time:494.992s step_avg:488.16ms
step:1015/1500 train_time:495.478s step_avg:488.16ms
step:1016/1500 train_time:495.964s step_avg:488.15ms
step:1017/1500 train_time:496.449s step_avg:488.15ms
step:1018/1500 train_time:496.937s step_avg:488.15ms
step:1019/1500 train_time:497.423s step_avg:488.15ms
step:1020/1500 train_time:497.906s step_avg:488.14ms
step:1021/1500 train_time:498.392s step_avg:488.14ms
step:1022/1500 train_time:498.878s step_avg:488.14ms
step:1023/1500 train_time:499.364s step_avg:488.14ms
step:1024/1500 train_time:499.850s step_avg:488.13ms
step:1025/1500 train_time:500.337s step_avg:488.13ms
step:1026/1500 train_time:500.823s step_avg:488.13ms
step:1027/1500 train_time:501.307s step_avg:488.13ms
step:1028/1500 train_time:501.791s step_avg:488.12ms
step:1029/1500 train_time:502.276s step_avg:488.12ms
step:1030/1500 train_time:502.763s step_avg:488.12ms
step:1031/1500 train_time:503.248s step_avg:488.12ms
step:1032/1500 train_time:503.734s step_avg:488.11ms
step:1033/1500 train_time:504.220s step_avg:488.11ms
step:1034/1500 train_time:504.707s step_avg:488.11ms
step:1035/1500 train_time:505.195s step_avg:488.11ms
step:1036/1500 train_time:505.682s step_avg:488.11ms
step:1037/1500 train_time:506.166s step_avg:488.11ms
step:1038/1500 train_time:506.653s step_avg:488.10ms
step:1039/1500 train_time:507.140s step_avg:488.10ms
step:1040/1500 train_time:507.626s step_avg:488.10ms
step:1041/1500 train_time:508.111s step_avg:488.10ms
step:1042/1500 train_time:508.596s step_avg:488.10ms
step:1043/1500 train_time:509.083s step_avg:488.10ms
step:1044/1500 train_time:509.567s step_avg:488.09ms
step:1045/1500 train_time:510.053s step_avg:488.09ms
step:1046/1500 train_time:510.538s step_avg:488.09ms
step:1047/1500 train_time:511.025s step_avg:488.08ms
step:1048/1500 train_time:511.511s step_avg:488.08ms
step:1049/1500 train_time:511.995s step_avg:488.08ms
step:1050/1500 train_time:512.481s step_avg:488.08ms
step:1051/1500 train_time:512.966s step_avg:488.07ms
step:1052/1500 train_time:513.452s step_avg:488.07ms
step:1053/1500 train_time:513.939s step_avg:488.07ms
step:1054/1500 train_time:514.425s step_avg:488.07ms
step:1055/1500 train_time:514.910s step_avg:488.07ms
step:1056/1500 train_time:515.397s step_avg:488.07ms
step:1057/1500 train_time:515.883s step_avg:488.06ms
step:1058/1500 train_time:516.366s step_avg:488.06ms
step:1059/1500 train_time:516.853s step_avg:488.06ms
step:1060/1500 train_time:517.338s step_avg:488.06ms
step:1061/1500 train_time:517.824s step_avg:488.05ms
step:1062/1500 train_time:518.310s step_avg:488.05ms
step:1063/1500 train_time:518.796s step_avg:488.05ms
step:1064/1500 train_time:519.281s step_avg:488.05ms
step:1065/1500 train_time:519.765s step_avg:488.04ms
step:1066/1500 train_time:520.251s step_avg:488.04ms
step:1067/1500 train_time:520.737s step_avg:488.04ms
step:1068/1500 train_time:521.224s step_avg:488.04ms
step:1069/1500 train_time:521.710s step_avg:488.04ms
step:1070/1500 train_time:522.196s step_avg:488.03ms
step:1071/1500 train_time:522.682s step_avg:488.03ms
step:1072/1500 train_time:523.167s step_avg:488.03ms
step:1073/1500 train_time:523.652s step_avg:488.03ms
step:1074/1500 train_time:524.139s step_avg:488.02ms
step:1075/1500 train_time:524.625s step_avg:488.02ms
step:1076/1500 train_time:525.110s step_avg:488.02ms
step:1077/1500 train_time:525.595s step_avg:488.02ms
step:1078/1500 train_time:526.081s step_avg:488.02ms
step:1079/1500 train_time:526.565s step_avg:488.01ms
step:1080/1500 train_time:527.051s step_avg:488.01ms
step:1081/1500 train_time:527.537s step_avg:488.01ms
step:1082/1500 train_time:528.023s step_avg:488.01ms
step:1083/1500 train_time:528.507s step_avg:488.00ms
step:1084/1500 train_time:528.991s step_avg:488.00ms
step:1085/1500 train_time:529.476s step_avg:488.00ms
step:1086/1500 train_time:529.963s step_avg:487.99ms
step:1087/1500 train_time:530.449s step_avg:487.99ms
step:1088/1500 train_time:530.934s step_avg:487.99ms
step:1089/1500 train_time:531.421s step_avg:487.99ms
step:1090/1500 train_time:531.906s step_avg:487.99ms
step:1091/1500 train_time:532.390s step_avg:487.98ms
step:1092/1500 train_time:532.875s step_avg:487.98ms
step:1093/1500 train_time:533.362s step_avg:487.98ms
step:1094/1500 train_time:533.848s step_avg:487.98ms
step:1095/1500 train_time:534.334s step_avg:487.98ms
step:1096/1500 train_time:534.820s step_avg:487.97ms
step:1097/1500 train_time:535.306s step_avg:487.97ms
step:1098/1500 train_time:535.791s step_avg:487.97ms
step:1099/1500 train_time:536.277s step_avg:487.97ms
step:1100/1500 train_time:536.763s step_avg:487.97ms
step:1101/1500 train_time:537.249s step_avg:487.96ms
step:1102/1500 train_time:537.735s step_avg:487.96ms
step:1103/1500 train_time:538.221s step_avg:487.96ms
step:1104/1500 train_time:538.706s step_avg:487.96ms
step:1105/1500 train_time:539.192s step_avg:487.96ms
step:1106/1500 train_time:539.675s step_avg:487.95ms
step:1107/1500 train_time:540.163s step_avg:487.95ms
step:1108/1500 train_time:540.648s step_avg:487.95ms
step:1109/1500 train_time:541.135s step_avg:487.95ms
step:1110/1500 train_time:541.623s step_avg:487.95ms
step:1111/1500 train_time:542.106s step_avg:487.94ms
step:1112/1500 train_time:542.591s step_avg:487.94ms
step:1113/1500 train_time:543.077s step_avg:487.94ms
step:1114/1500 train_time:543.562s step_avg:487.94ms
step:1115/1500 train_time:544.049s step_avg:487.94ms
step:1116/1500 train_time:544.534s step_avg:487.93ms
step:1117/1500 train_time:545.021s step_avg:487.93ms
step:1118/1500 train_time:545.506s step_avg:487.93ms
step:1119/1500 train_time:545.993s step_avg:487.93ms
step:1120/1500 train_time:546.479s step_avg:487.93ms
step:1121/1500 train_time:546.964s step_avg:487.92ms
step:1122/1500 train_time:547.449s step_avg:487.92ms
step:1123/1500 train_time:547.934s step_avg:487.92ms
step:1124/1500 train_time:548.422s step_avg:487.92ms
step:1125/1500 train_time:548.906s step_avg:487.92ms
step:1125/1500 val_loss:3.54695 train_time:548.917s step_avg:485.91ms
step:1126/1500 train_time:549.408s step_avg:487.93ms
step:1127/1500 train_time:549.894s step_avg:487.93ms
step:1128/1500 train_time:550.379s step_avg:487.92ms
step:1129/1500 train_time:550.864s step_avg:487.92ms
step:1130/1500 train_time:551.351s step_avg:487.92ms
step:1131/1500 train_time:551.837s step_avg:487.92ms
step:1132/1500 train_time:552.323s step_avg:487.92ms
step:1133/1500 train_time:552.808s step_avg:487.92ms
step:1134/1500 train_time:553.292s step_avg:487.91ms
step:1135/1500 train_time:553.777s step_avg:487.91ms
step:1136/1500 train_time:554.262s step_avg:487.91ms
step:1137/1500 train_time:554.748s step_avg:487.90ms
step:1138/1500 train_time:555.235s step_avg:487.90ms
step:1139/1500 train_time:555.722s step_avg:487.90ms
step:1140/1500 train_time:556.207s step_avg:487.90ms
step:1141/1500 train_time:556.715s step_avg:487.92ms
step:1142/1500 train_time:557.201s step_avg:487.92ms
step:1143/1500 train_time:557.685s step_avg:487.91ms
step:1144/1500 train_time:558.169s step_avg:487.91ms
step:1145/1500 train_time:558.656s step_avg:487.91ms
step:1146/1500 train_time:559.143s step_avg:487.91ms
step:1147/1500 train_time:559.627s step_avg:487.90ms
step:1148/1500 train_time:560.111s step_avg:487.90ms
step:1149/1500 train_time:560.598s step_avg:487.90ms
step:1150/1500 train_time:561.083s step_avg:487.90ms
step:1151/1500 train_time:561.566s step_avg:487.89ms
step:1152/1500 train_time:562.053s step_avg:487.89ms
step:1153/1500 train_time:562.539s step_avg:487.89ms
step:1154/1500 train_time:563.025s step_avg:487.89ms
step:1155/1500 train_time:563.510s step_avg:487.89ms
step:1156/1500 train_time:563.997s step_avg:487.89ms
step:1157/1500 train_time:564.482s step_avg:487.88ms
step:1158/1500 train_time:564.965s step_avg:487.88ms
step:1159/1500 train_time:565.451s step_avg:487.88ms
step:1160/1500 train_time:565.938s step_avg:487.88ms
step:1161/1500 train_time:566.425s step_avg:487.88ms
step:1162/1500 train_time:566.909s step_avg:487.87ms
step:1163/1500 train_time:567.394s step_avg:487.87ms
step:1164/1500 train_time:567.880s step_avg:487.87ms
step:1165/1500 train_time:568.364s step_avg:487.87ms
step:1166/1500 train_time:568.852s step_avg:487.87ms
step:1167/1500 train_time:569.337s step_avg:487.86ms
step:1168/1500 train_time:569.823s step_avg:487.86ms
step:1169/1500 train_time:570.308s step_avg:487.86ms
step:1170/1500 train_time:570.793s step_avg:487.86ms
step:1171/1500 train_time:571.277s step_avg:487.85ms
step:1172/1500 train_time:571.763s step_avg:487.85ms
step:1173/1500 train_time:572.249s step_avg:487.85ms
step:1174/1500 train_time:572.736s step_avg:487.85ms
step:1175/1500 train_time:573.223s step_avg:487.85ms
step:1176/1500 train_time:573.707s step_avg:487.85ms
step:1177/1500 train_time:574.192s step_avg:487.84ms
step:1178/1500 train_time:574.677s step_avg:487.84ms
step:1179/1500 train_time:575.162s step_avg:487.84ms
step:1180/1500 train_time:575.647s step_avg:487.84ms
step:1181/1500 train_time:576.133s step_avg:487.84ms
step:1182/1500 train_time:576.621s step_avg:487.83ms
step:1183/1500 train_time:577.105s step_avg:487.83ms
step:1184/1500 train_time:577.591s step_avg:487.83ms
step:1185/1500 train_time:578.076s step_avg:487.83ms
step:1186/1500 train_time:578.562s step_avg:487.83ms
step:1187/1500 train_time:579.048s step_avg:487.82ms
step:1188/1500 train_time:579.534s step_avg:487.82ms
step:1189/1500 train_time:580.021s step_avg:487.82ms
step:1190/1500 train_time:580.505s step_avg:487.82ms
step:1191/1500 train_time:580.990s step_avg:487.82ms
step:1192/1500 train_time:581.475s step_avg:487.81ms
step:1193/1500 train_time:581.961s step_avg:487.81ms
step:1194/1500 train_time:582.445s step_avg:487.81ms
step:1195/1500 train_time:582.930s step_avg:487.81ms
step:1196/1500 train_time:583.418s step_avg:487.81ms
step:1197/1500 train_time:583.904s step_avg:487.81ms
step:1198/1500 train_time:584.389s step_avg:487.80ms
step:1199/1500 train_time:584.873s step_avg:487.80ms
step:1200/1500 train_time:585.360s step_avg:487.80ms
step:1201/1500 train_time:585.846s step_avg:487.80ms
step:1202/1500 train_time:586.332s step_avg:487.80ms
step:1203/1500 train_time:586.819s step_avg:487.80ms
step:1204/1500 train_time:587.304s step_avg:487.79ms
step:1205/1500 train_time:587.791s step_avg:487.79ms
step:1206/1500 train_time:588.274s step_avg:487.79ms
step:1207/1500 train_time:588.761s step_avg:487.79ms
step:1208/1500 train_time:589.245s step_avg:487.79ms
step:1209/1500 train_time:589.730s step_avg:487.78ms
step:1210/1500 train_time:590.216s step_avg:487.78ms
step:1211/1500 train_time:590.703s step_avg:487.78ms
step:1212/1500 train_time:591.187s step_avg:487.78ms
step:1213/1500 train_time:591.672s step_avg:487.78ms
step:1214/1500 train_time:592.159s step_avg:487.78ms
step:1215/1500 train_time:592.645s step_avg:487.77ms
step:1216/1500 train_time:593.130s step_avg:487.77ms
step:1217/1500 train_time:593.615s step_avg:487.77ms
step:1218/1500 train_time:594.101s step_avg:487.77ms
step:1219/1500 train_time:594.587s step_avg:487.77ms
step:1220/1500 train_time:595.070s step_avg:487.76ms
step:1221/1500 train_time:595.557s step_avg:487.76ms
step:1222/1500 train_time:596.043s step_avg:487.76ms
step:1223/1500 train_time:596.526s step_avg:487.76ms
step:1224/1500 train_time:597.012s step_avg:487.75ms
step:1225/1500 train_time:597.497s step_avg:487.75ms
step:1226/1500 train_time:597.983s step_avg:487.75ms
step:1227/1500 train_time:598.466s step_avg:487.75ms
step:1228/1500 train_time:598.953s step_avg:487.75ms
step:1229/1500 train_time:599.439s step_avg:487.74ms
step:1230/1500 train_time:599.923s step_avg:487.74ms
step:1231/1500 train_time:600.408s step_avg:487.74ms
step:1232/1500 train_time:600.893s step_avg:487.74ms
step:1233/1500 train_time:601.378s step_avg:487.74ms
step:1234/1500 train_time:601.863s step_avg:487.73ms
step:1235/1500 train_time:602.349s step_avg:487.73ms
step:1236/1500 train_time:602.836s step_avg:487.73ms
step:1237/1500 train_time:603.323s step_avg:487.73ms
step:1238/1500 train_time:603.806s step_avg:487.73ms
step:1239/1500 train_time:604.290s step_avg:487.72ms
step:1240/1500 train_time:604.776s step_avg:487.72ms
step:1241/1500 train_time:605.262s step_avg:487.72ms
step:1242/1500 train_time:605.747s step_avg:487.72ms
step:1243/1500 train_time:606.231s step_avg:487.72ms
step:1244/1500 train_time:606.718s step_avg:487.72ms
step:1245/1500 train_time:607.204s step_avg:487.71ms
step:1246/1500 train_time:607.690s step_avg:487.71ms
step:1247/1500 train_time:608.174s step_avg:487.71ms
step:1248/1500 train_time:608.660s step_avg:487.71ms
step:1249/1500 train_time:609.147s step_avg:487.71ms
step:1250/1500 train_time:609.633s step_avg:487.71ms
step:1250/1500 val_loss:3.50099 train_time:609.644s step_avg:485.82ms
step:1251/1500 train_time:610.139s step_avg:487.72ms
step:1252/1500 train_time:610.624s step_avg:487.72ms
step:1253/1500 train_time:611.110s step_avg:487.72ms
step:1254/1500 train_time:611.596s step_avg:487.72ms
step:1255/1500 train_time:612.082s step_avg:487.71ms
step:1256/1500 train_time:612.566s step_avg:487.71ms
step:1257/1500 train_time:613.054s step_avg:487.71ms
step:1258/1500 train_time:613.541s step_avg:487.71ms
step:1259/1500 train_time:614.025s step_avg:487.71ms
step:1260/1500 train_time:614.511s step_avg:487.71ms
step:1261/1500 train_time:614.997s step_avg:487.71ms
step:1262/1500 train_time:615.483s step_avg:487.70ms
step:1263/1500 train_time:615.966s step_avg:487.70ms
step:1264/1500 train_time:616.453s step_avg:487.70ms
step:1265/1500 train_time:616.941s step_avg:487.70ms
step:1266/1500 train_time:617.424s step_avg:487.70ms
step:1267/1500 train_time:617.909s step_avg:487.69ms
step:1268/1500 train_time:618.396s step_avg:487.69ms
step:1269/1500 train_time:618.882s step_avg:487.69ms
step:1270/1500 train_time:619.366s step_avg:487.69ms
step:1271/1500 train_time:619.852s step_avg:487.69ms
step:1272/1500 train_time:620.339s step_avg:487.69ms
step:1273/1500 train_time:620.823s step_avg:487.69ms
step:1274/1500 train_time:621.308s step_avg:487.68ms
step:1275/1500 train_time:621.794s step_avg:487.68ms
step:1276/1500 train_time:622.278s step_avg:487.68ms
step:1277/1500 train_time:622.761s step_avg:487.68ms
step:1278/1500 train_time:623.246s step_avg:487.67ms
step:1279/1500 train_time:623.733s step_avg:487.67ms
step:1280/1500 train_time:624.219s step_avg:487.67ms
step:1281/1500 train_time:624.702s step_avg:487.67ms
step:1282/1500 train_time:625.187s step_avg:487.67ms
step:1283/1500 train_time:625.672s step_avg:487.66ms
step:1284/1500 train_time:626.157s step_avg:487.66ms
step:1285/1500 train_time:626.643s step_avg:487.66ms
step:1286/1500 train_time:627.130s step_avg:487.66ms
step:1287/1500 train_time:627.616s step_avg:487.66ms
step:1288/1500 train_time:628.101s step_avg:487.66ms
step:1289/1500 train_time:628.585s step_avg:487.65ms
step:1290/1500 train_time:629.070s step_avg:487.65ms
step:1291/1500 train_time:629.557s step_avg:487.65ms
step:1292/1500 train_time:630.044s step_avg:487.65ms
step:1293/1500 train_time:630.530s step_avg:487.65ms
step:1294/1500 train_time:631.017s step_avg:487.65ms
step:1295/1500 train_time:631.502s step_avg:487.65ms
step:1296/1500 train_time:631.987s step_avg:487.64ms
step:1297/1500 train_time:632.472s step_avg:487.64ms
step:1298/1500 train_time:632.958s step_avg:487.64ms
step:1299/1500 train_time:633.443s step_avg:487.64ms
step:1300/1500 train_time:633.928s step_avg:487.64ms
step:1301/1500 train_time:634.416s step_avg:487.64ms
step:1302/1500 train_time:634.901s step_avg:487.64ms
step:1303/1500 train_time:635.388s step_avg:487.63ms
step:1304/1500 train_time:635.873s step_avg:487.63ms
step:1305/1500 train_time:636.359s step_avg:487.63ms
step:1306/1500 train_time:636.846s step_avg:487.63ms
step:1307/1500 train_time:637.333s step_avg:487.63ms
step:1308/1500 train_time:637.820s step_avg:487.63ms
step:1309/1500 train_time:638.305s step_avg:487.63ms
step:1310/1500 train_time:638.790s step_avg:487.63ms
step:1311/1500 train_time:639.275s step_avg:487.62ms
step:1312/1500 train_time:639.761s step_avg:487.62ms
step:1313/1500 train_time:640.246s step_avg:487.62ms
step:1314/1500 train_time:640.733s step_avg:487.62ms
step:1315/1500 train_time:641.218s step_avg:487.62ms
step:1316/1500 train_time:641.703s step_avg:487.62ms
step:1317/1500 train_time:642.188s step_avg:487.61ms
step:1318/1500 train_time:642.672s step_avg:487.61ms
step:1319/1500 train_time:643.159s step_avg:487.61ms
step:1320/1500 train_time:643.644s step_avg:487.61ms
step:1321/1500 train_time:644.129s step_avg:487.61ms
step:1322/1500 train_time:644.615s step_avg:487.61ms
step:1323/1500 train_time:645.101s step_avg:487.60ms
step:1324/1500 train_time:645.587s step_avg:487.60ms
step:1325/1500 train_time:646.073s step_avg:487.60ms
step:1326/1500 train_time:646.558s step_avg:487.60ms
step:1327/1500 train_time:647.045s step_avg:487.60ms
step:1328/1500 train_time:647.531s step_avg:487.60ms
step:1329/1500 train_time:648.018s step_avg:487.60ms
step:1330/1500 train_time:648.503s step_avg:487.60ms
step:1331/1500 train_time:649.021s step_avg:487.62ms
step:1332/1500 train_time:649.505s step_avg:487.62ms
step:1333/1500 train_time:649.990s step_avg:487.61ms
step:1334/1500 train_time:650.475s step_avg:487.61ms
step:1335/1500 train_time:650.960s step_avg:487.61ms
step:1336/1500 train_time:651.445s step_avg:487.61ms
step:1337/1500 train_time:651.932s step_avg:487.61ms
step:1338/1500 train_time:652.419s step_avg:487.61ms
step:1339/1500 train_time:652.903s step_avg:487.61ms
step:1340/1500 train_time:653.388s step_avg:487.60ms
step:1341/1500 train_time:653.873s step_avg:487.60ms
step:1342/1500 train_time:654.359s step_avg:487.60ms
step:1343/1500 train_time:654.845s step_avg:487.60ms
step:1344/1500 train_time:655.333s step_avg:487.60ms
step:1345/1500 train_time:655.819s step_avg:487.60ms
step:1346/1500 train_time:656.303s step_avg:487.60ms
step:1347/1500 train_time:656.791s step_avg:487.60ms
step:1348/1500 train_time:657.276s step_avg:487.59ms
step:1349/1500 train_time:657.762s step_avg:487.59ms
step:1350/1500 train_time:658.247s step_avg:487.59ms
step:1351/1500 train_time:658.733s step_avg:487.59ms
step:1352/1500 train_time:659.220s step_avg:487.59ms
step:1353/1500 train_time:659.705s step_avg:487.59ms
step:1354/1500 train_time:660.189s step_avg:487.58ms
step:1355/1500 train_time:660.675s step_avg:487.58ms
step:1356/1500 train_time:661.160s step_avg:487.58ms
step:1357/1500 train_time:661.645s step_avg:487.58ms
step:1358/1500 train_time:662.132s step_avg:487.58ms
step:1359/1500 train_time:662.618s step_avg:487.58ms
step:1360/1500 train_time:663.103s step_avg:487.58ms
step:1361/1500 train_time:663.587s step_avg:487.57ms
step:1362/1500 train_time:664.073s step_avg:487.57ms
step:1363/1500 train_time:664.559s step_avg:487.57ms
step:1364/1500 train_time:665.045s step_avg:487.57ms
step:1365/1500 train_time:665.530s step_avg:487.57ms
step:1366/1500 train_time:666.017s step_avg:487.57ms
step:1367/1500 train_time:666.504s step_avg:487.57ms
step:1368/1500 train_time:666.988s step_avg:487.56ms
step:1369/1500 train_time:667.474s step_avg:487.56ms
step:1370/1500 train_time:667.960s step_avg:487.56ms
step:1371/1500 train_time:668.445s step_avg:487.56ms
step:1372/1500 train_time:668.931s step_avg:487.56ms
step:1373/1500 train_time:669.417s step_avg:487.56ms
step:1374/1500 train_time:669.903s step_avg:487.56ms
step:1375/1500 train_time:670.390s step_avg:487.56ms
step:1375/1500 val_loss:3.46404 train_time:670.401s step_avg:486.06ms
step:1376/1500 train_time:670.898s step_avg:487.57ms
step:1377/1500 train_time:671.383s step_avg:487.57ms
step:1378/1500 train_time:671.867s step_avg:487.57ms
step:1379/1500 train_time:672.354s step_avg:487.57ms
step:1380/1500 train_time:672.840s step_avg:487.57ms
step:1381/1500 train_time:673.324s step_avg:487.56ms
step:1382/1500 train_time:673.810s step_avg:487.56ms
step:1383/1500 train_time:674.296s step_avg:487.56ms
step:1384/1500 train_time:674.781s step_avg:487.56ms
step:1385/1500 train_time:675.265s step_avg:487.56ms
step:1386/1500 train_time:675.752s step_avg:487.56ms
step:1387/1500 train_time:676.237s step_avg:487.55ms
step:1388/1500 train_time:676.723s step_avg:487.55ms
step:1389/1500 train_time:677.208s step_avg:487.55ms
step:1390/1500 train_time:677.694s step_avg:487.55ms
step:1391/1500 train_time:678.179s step_avg:487.55ms
step:1392/1500 train_time:678.663s step_avg:487.54ms
step:1393/1500 train_time:679.150s step_avg:487.54ms
step:1394/1500 train_time:679.636s step_avg:487.54ms
step:1395/1500 train_time:680.122s step_avg:487.54ms
step:1396/1500 train_time:680.606s step_avg:487.54ms
step:1397/1500 train_time:681.092s step_avg:487.54ms
step:1398/1500 train_time:681.577s step_avg:487.54ms
step:1399/1500 train_time:682.061s step_avg:487.53ms
step:1400/1500 train_time:682.546s step_avg:487.53ms
step:1401/1500 train_time:683.032s step_avg:487.53ms
step:1402/1500 train_time:683.518s step_avg:487.53ms
step:1403/1500 train_time:684.003s step_avg:487.53ms
step:1404/1500 train_time:684.490s step_avg:487.53ms
step:1405/1500 train_time:684.974s step_avg:487.53ms
step:1406/1500 train_time:685.460s step_avg:487.53ms
step:1407/1500 train_time:685.946s step_avg:487.52ms
step:1408/1500 train_time:686.431s step_avg:487.52ms
step:1409/1500 train_time:686.917s step_avg:487.52ms
step:1410/1500 train_time:687.403s step_avg:487.52ms
step:1411/1500 train_time:687.887s step_avg:487.52ms
step:1412/1500 train_time:688.371s step_avg:487.52ms
step:1413/1500 train_time:688.858s step_avg:487.51ms
step:1414/1500 train_time:689.345s step_avg:487.51ms
step:1415/1500 train_time:689.830s step_avg:487.51ms
step:1416/1500 train_time:690.318s step_avg:487.51ms
step:1417/1500 train_time:690.803s step_avg:487.51ms
step:1418/1500 train_time:691.289s step_avg:487.51ms
step:1419/1500 train_time:691.775s step_avg:487.51ms
step:1420/1500 train_time:692.260s step_avg:487.51ms
step:1421/1500 train_time:692.747s step_avg:487.51ms
step:1422/1500 train_time:693.233s step_avg:487.51ms
step:1423/1500 train_time:693.718s step_avg:487.50ms
step:1424/1500 train_time:694.203s step_avg:487.50ms
step:1425/1500 train_time:694.689s step_avg:487.50ms
step:1426/1500 train_time:695.173s step_avg:487.50ms
step:1427/1500 train_time:695.659s step_avg:487.50ms
step:1428/1500 train_time:696.145s step_avg:487.50ms
step:1429/1500 train_time:696.629s step_avg:487.49ms
step:1430/1500 train_time:697.114s step_avg:487.49ms
step:1431/1500 train_time:697.600s step_avg:487.49ms
step:1432/1500 train_time:698.085s step_avg:487.49ms
step:1433/1500 train_time:698.569s step_avg:487.49ms
step:1434/1500 train_time:699.055s step_avg:487.49ms
step:1435/1500 train_time:699.541s step_avg:487.49ms
step:1436/1500 train_time:700.025s step_avg:487.48ms
step:1437/1500 train_time:700.512s step_avg:487.48ms
step:1438/1500 train_time:700.998s step_avg:487.48ms
step:1439/1500 train_time:701.483s step_avg:487.48ms
step:1440/1500 train_time:701.967s step_avg:487.48ms
step:1441/1500 train_time:702.453s step_avg:487.48ms
step:1442/1500 train_time:702.940s step_avg:487.48ms
step:1443/1500 train_time:703.424s step_avg:487.47ms
step:1444/1500 train_time:703.909s step_avg:487.47ms
step:1445/1500 train_time:704.396s step_avg:487.47ms
step:1446/1500 train_time:704.881s step_avg:487.47ms
step:1447/1500 train_time:705.364s step_avg:487.47ms
step:1448/1500 train_time:705.850s step_avg:487.47ms
step:1449/1500 train_time:706.336s step_avg:487.46ms
step:1450/1500 train_time:706.822s step_avg:487.46ms
step:1451/1500 train_time:707.307s step_avg:487.46ms
step:1452/1500 train_time:707.791s step_avg:487.46ms
step:1453/1500 train_time:708.277s step_avg:487.46ms
step:1454/1500 train_time:708.761s step_avg:487.46ms
step:1455/1500 train_time:709.246s step_avg:487.45ms
step:1456/1500 train_time:709.732s step_avg:487.45ms
step:1457/1500 train_time:710.219s step_avg:487.45ms
step:1458/1500 train_time:710.704s step_avg:487.45ms
step:1459/1500 train_time:711.188s step_avg:487.45ms
step:1460/1500 train_time:711.673s step_avg:487.45ms
step:1461/1500 train_time:712.158s step_avg:487.45ms
step:1462/1500 train_time:712.645s step_avg:487.45ms
step:1463/1500 train_time:713.130s step_avg:487.44ms
step:1464/1500 train_time:713.617s step_avg:487.44ms
step:1465/1500 train_time:714.103s step_avg:487.44ms
step:1466/1500 train_time:714.588s step_avg:487.44ms
step:1467/1500 train_time:715.072s step_avg:487.44ms
step:1468/1500 train_time:715.559s step_avg:487.44ms
step:1469/1500 train_time:716.045s step_avg:487.44ms
step:1470/1500 train_time:716.531s step_avg:487.44ms
step:1471/1500 train_time:717.016s step_avg:487.43ms
step:1472/1500 train_time:717.502s step_avg:487.43ms
step:1473/1500 train_time:717.987s step_avg:487.43ms
step:1474/1500 train_time:718.471s step_avg:487.43ms
step:1475/1500 train_time:718.957s step_avg:487.43ms
step:1476/1500 train_time:719.444s step_avg:487.43ms
step:1477/1500 train_time:719.931s step_avg:487.43ms
step:1478/1500 train_time:720.418s step_avg:487.43ms
step:1479/1500 train_time:720.904s step_avg:487.43ms
step:1480/1500 train_time:721.390s step_avg:487.43ms
step:1481/1500 train_time:721.875s step_avg:487.42ms
step:1482/1500 train_time:722.361s step_avg:487.42ms
step:1483/1500 train_time:722.846s step_avg:487.42ms
step:1484/1500 train_time:723.332s step_avg:487.42ms
step:1485/1500 train_time:723.817s step_avg:487.42ms
step:1486/1500 train_time:724.304s step_avg:487.42ms
step:1487/1500 train_time:724.790s step_avg:487.42ms
step:1488/1500 train_time:725.276s step_avg:487.42ms
step:1489/1500 train_time:725.761s step_avg:487.42ms
step:1490/1500 train_time:726.246s step_avg:487.41ms
step:1491/1500 train_time:726.732s step_avg:487.41ms
step:1492/1500 train_time:727.220s step_avg:487.41ms
step:1493/1500 train_time:727.704s step_avg:487.41ms
step:1494/1500 train_time:728.191s step_avg:487.41ms
step:1495/1500 train_time:728.676s step_avg:487.41ms
step:1496/1500 train_time:729.161s step_avg:487.41ms
step:1497/1500 train_time:729.646s step_avg:487.41ms
step:1498/1500 train_time:730.132s step_avg:487.40ms
step:1499/1500 train_time:730.619s step_avg:487.40ms
step:1500/1500 train_time:731.104s step_avg:487.40ms
step:1500/1500 val_loss:3.44042 train_time:731.115s step_avg:485.71ms
