Running: torchrun --standalone --nproc_per_node=4 records/track_3_optimization/train_gpt_simple_leonh.py --trials 1 --out-dir records/track_3_optimization/runs/leonh/20260514-precond-side/input_1500_4gpu --set train_steps=1500 --set leon_lr=0.0175 --set leon_beta2=0.6 --set leon_mu=0.95 --set leon_ns_iters=12 --set leon_orthogonalize_dtype=float32 --set leon_eps=1e-12 --set leon_cooldown_frac=1.0 --set leon_precondition_side=input
W0514 11:23:27.255000 449408 /ssd1/rj23424/venvs/modded-nanogpt/lib/python3.12/site-packages/torch/distributed/run.py:851] 
W0514 11:23:27.255000 449408 /ssd1/rj23424/venvs/modded-nanogpt/lib/python3.12/site-packages/torch/distributed/run.py:851] *****************************************
W0514 11:23:27.255000 449408 /ssd1/rj23424/venvs/modded-nanogpt/lib/python3.12/site-packages/torch/distributed/run.py:851] Setting OMP_NUM_THREADS environment variable for each process to be 1 in default, to avoid your system being overloaded, please further tune the variable for optimal performance in your application as needed. 
W0514 11:23:27.255000 449408 /ssd1/rj23424/venvs/modded-nanogpt/lib/python3.12/site-packages/torch/distributed/run.py:851] *****************************************
records/track_3_optimization/runs/leonh/20260514-precond-side/input_1500_4gpu/train.log
step:0/1500 val_loss:11.02531 train_time:0.000s step_avg:nanms
step:1/1500 train_time:2.420s step_avg:2420.41ms
step:2/1500 train_time:3.072s step_avg:1536.22ms
step:3/1500 train_time:3.742s step_avg:1247.18ms
step:4/1500 train_time:4.395s step_avg:1098.82ms
step:5/1500 train_time:5.062s step_avg:1012.42ms
step:6/1500 train_time:5.718s step_avg:952.92ms
step:7/1500 train_time:6.382s step_avg:911.70ms
step:8/1500 train_time:7.044s step_avg:880.44ms
step:9/1500 train_time:7.712s step_avg:856.84ms
step:10/1500 train_time:8.369s step_avg:836.94ms
step:11/1500 train_time:9.033s step_avg:821.14ms
step:12/1500 train_time:9.691s step_avg:807.57ms
step:13/1500 train_time:10.363s step_avg:797.18ms
step:14/1500 train_time:11.022s step_avg:787.31ms
step:15/1500 train_time:11.682s step_avg:778.81ms
step:16/1500 train_time:12.345s step_avg:771.56ms
step:17/1500 train_time:13.007s step_avg:765.13ms
step:18/1500 train_time:13.669s step_avg:759.38ms
step:19/1500 train_time:14.332s step_avg:754.32ms
step:20/1500 train_time:14.989s step_avg:749.45ms
step:21/1500 train_time:15.654s step_avg:745.44ms
step:22/1500 train_time:16.314s step_avg:741.56ms
step:23/1500 train_time:16.975s step_avg:738.03ms
step:24/1500 train_time:17.639s step_avg:734.94ms
step:25/1500 train_time:18.305s step_avg:732.20ms
step:26/1500 train_time:18.968s step_avg:729.55ms
step:27/1500 train_time:19.632s step_avg:727.11ms
step:28/1500 train_time:20.295s step_avg:724.81ms
step:29/1500 train_time:20.959s step_avg:722.73ms
step:30/1500 train_time:21.622s step_avg:720.74ms
step:31/1500 train_time:22.283s step_avg:718.81ms
step:32/1500 train_time:22.948s step_avg:717.13ms
step:33/1500 train_time:23.609s step_avg:715.43ms
step:34/1500 train_time:24.270s step_avg:713.83ms
step:35/1500 train_time:24.932s step_avg:712.36ms
step:36/1500 train_time:25.594s step_avg:710.95ms
step:37/1500 train_time:26.255s step_avg:709.60ms
step:38/1500 train_time:26.919s step_avg:708.40ms
step:39/1500 train_time:27.580s step_avg:707.17ms
step:40/1500 train_time:28.246s step_avg:706.16ms
step:41/1500 train_time:28.906s step_avg:705.03ms
step:42/1500 train_time:29.572s step_avg:704.10ms
step:43/1500 train_time:30.237s step_avg:703.20ms
step:44/1500 train_time:30.902s step_avg:702.31ms
step:45/1500 train_time:31.566s step_avg:701.46ms
step:46/1500 train_time:32.230s step_avg:700.65ms
step:47/1500 train_time:32.890s step_avg:699.78ms
step:48/1500 train_time:33.552s step_avg:698.99ms
step:49/1500 train_time:34.213s step_avg:698.22ms
step:50/1500 train_time:34.879s step_avg:697.57ms
step:51/1500 train_time:35.549s step_avg:697.05ms
step:52/1500 train_time:36.215s step_avg:696.44ms
step:53/1500 train_time:36.874s step_avg:695.73ms
step:54/1500 train_time:37.540s step_avg:695.18ms
step:55/1500 train_time:38.202s step_avg:694.59ms
step:56/1500 train_time:38.866s step_avg:694.04ms
step:57/1500 train_time:39.530s step_avg:693.50ms
step:58/1500 train_time:40.190s step_avg:692.93ms
step:59/1500 train_time:40.853s step_avg:692.42ms
step:60/1500 train_time:41.515s step_avg:691.92ms
step:61/1500 train_time:42.178s step_avg:691.44ms
step:62/1500 train_time:42.848s step_avg:691.09ms
step:63/1500 train_time:43.510s step_avg:690.63ms
step:64/1500 train_time:44.172s step_avg:690.18ms
step:65/1500 train_time:44.835s step_avg:689.76ms
step:66/1500 train_time:45.495s step_avg:689.32ms
step:67/1500 train_time:46.164s step_avg:689.01ms
step:68/1500 train_time:46.827s step_avg:688.63ms
step:69/1500 train_time:47.489s step_avg:688.24ms
step:70/1500 train_time:48.151s step_avg:687.88ms
step:71/1500 train_time:48.813s step_avg:687.51ms
step:72/1500 train_time:49.478s step_avg:687.19ms
step:73/1500 train_time:50.145s step_avg:686.92ms
step:74/1500 train_time:50.807s step_avg:686.59ms
step:75/1500 train_time:51.470s step_avg:686.26ms
step:76/1500 train_time:52.134s step_avg:685.97ms
step:77/1500 train_time:52.795s step_avg:685.65ms
step:78/1500 train_time:53.462s step_avg:685.41ms
step:79/1500 train_time:54.124s step_avg:685.12ms
step:80/1500 train_time:54.787s step_avg:684.84ms
step:81/1500 train_time:55.450s step_avg:684.57ms
step:82/1500 train_time:56.113s step_avg:684.31ms
step:83/1500 train_time:56.774s step_avg:684.03ms
step:84/1500 train_time:57.441s step_avg:683.82ms
step:85/1500 train_time:58.104s step_avg:683.58ms
step:86/1500 train_time:58.766s step_avg:683.32ms
step:87/1500 train_time:59.431s step_avg:683.11ms
step:88/1500 train_time:60.093s step_avg:682.88ms
step:89/1500 train_time:60.757s step_avg:682.67ms
step:90/1500 train_time:61.425s step_avg:682.50ms
step:91/1500 train_time:62.087s step_avg:682.27ms
step:92/1500 train_time:62.751s step_avg:682.08ms
step:93/1500 train_time:63.413s step_avg:681.86ms
step:94/1500 train_time:64.073s step_avg:681.63ms
step:95/1500 train_time:64.738s step_avg:681.45ms
step:96/1500 train_time:65.403s step_avg:681.28ms
step:97/1500 train_time:66.065s step_avg:681.08ms
step:98/1500 train_time:66.729s step_avg:680.91ms
step:99/1500 train_time:67.390s step_avg:680.71ms
step:100/1500 train_time:68.055s step_avg:680.55ms
step:101/1500 train_time:68.718s step_avg:680.38ms
step:102/1500 train_time:69.381s step_avg:680.21ms
step:103/1500 train_time:70.048s step_avg:680.07ms
step:104/1500 train_time:70.711s step_avg:679.92ms
step:105/1500 train_time:71.375s step_avg:679.76ms
step:106/1500 train_time:72.042s step_avg:679.64ms
step:107/1500 train_time:72.705s step_avg:679.48ms
step:108/1500 train_time:73.369s step_avg:679.35ms
step:109/1500 train_time:74.034s step_avg:679.21ms
step:110/1500 train_time:74.696s step_avg:679.05ms
step:111/1500 train_time:75.361s step_avg:678.93ms
step:112/1500 train_time:76.027s step_avg:678.81ms
step:113/1500 train_time:76.688s step_avg:678.65ms
step:114/1500 train_time:77.351s step_avg:678.52ms
step:115/1500 train_time:78.016s step_avg:678.40ms
step:116/1500 train_time:78.677s step_avg:678.25ms
step:117/1500 train_time:79.347s step_avg:678.18ms
step:118/1500 train_time:80.011s step_avg:678.06ms
step:119/1500 train_time:80.673s step_avg:677.92ms
step:120/1500 train_time:81.336s step_avg:677.80ms
step:121/1500 train_time:81.998s step_avg:677.67ms
step:122/1500 train_time:82.668s step_avg:677.60ms
step:123/1500 train_time:83.330s step_avg:677.48ms
step:124/1500 train_time:83.994s step_avg:677.37ms
step:125/1500 train_time:84.658s step_avg:677.26ms
step:125/1500 val_loss:4.81237 train_time:84.668s step_avg:677.34ms
step:126/1500 train_time:85.338s step_avg:677.28ms
step:127/1500 train_time:86.001s step_avg:677.17ms
step:128/1500 train_time:86.668s step_avg:677.09ms
step:129/1500 train_time:87.333s step_avg:677.00ms
step:130/1500 train_time:87.998s step_avg:676.91ms
step:131/1500 train_time:88.660s step_avg:676.79ms
step:132/1500 train_time:89.326s step_avg:676.71ms
step:133/1500 train_time:89.994s step_avg:676.64ms
step:134/1500 train_time:90.656s step_avg:676.53ms
step:135/1500 train_time:91.319s step_avg:676.43ms
step:136/1500 train_time:91.980s step_avg:676.32ms
step:137/1500 train_time:92.642s step_avg:676.22ms
step:138/1500 train_time:93.309s step_avg:676.15ms
step:139/1500 train_time:93.973s step_avg:676.07ms
step:140/1500 train_time:94.636s step_avg:675.97ms
step:141/1500 train_time:95.301s step_avg:675.89ms
step:142/1500 train_time:95.962s step_avg:675.79ms
step:143/1500 train_time:96.628s step_avg:675.72ms
step:144/1500 train_time:97.293s step_avg:675.65ms
step:145/1500 train_time:97.955s step_avg:675.55ms
step:146/1500 train_time:98.620s step_avg:675.48ms
step:147/1500 train_time:99.281s step_avg:675.38ms
step:148/1500 train_time:99.944s step_avg:675.30ms
step:149/1500 train_time:100.613s step_avg:675.26ms
step:150/1500 train_time:101.275s step_avg:675.17ms
step:151/1500 train_time:101.938s step_avg:675.09ms
step:152/1500 train_time:102.600s step_avg:675.00ms
step:153/1500 train_time:103.263s step_avg:674.92ms
step:154/1500 train_time:103.932s step_avg:674.88ms
step:155/1500 train_time:104.595s step_avg:674.80ms
step:156/1500 train_time:105.256s step_avg:674.72ms
step:157/1500 train_time:105.920s step_avg:674.65ms
step:158/1500 train_time:106.582s step_avg:674.57ms
step:159/1500 train_time:107.244s step_avg:674.49ms
step:160/1500 train_time:107.915s step_avg:674.47ms
step:161/1500 train_time:108.575s step_avg:674.38ms
step:162/1500 train_time:109.238s step_avg:674.31ms
step:163/1500 train_time:109.903s step_avg:674.25ms
step:164/1500 train_time:110.567s step_avg:674.19ms
step:165/1500 train_time:111.234s step_avg:674.15ms
step:166/1500 train_time:111.898s step_avg:674.08ms
step:167/1500 train_time:112.561s step_avg:674.02ms
step:168/1500 train_time:113.224s step_avg:673.95ms
step:169/1500 train_time:113.889s step_avg:673.90ms
step:170/1500 train_time:114.551s step_avg:673.83ms
step:171/1500 train_time:115.217s step_avg:673.78ms
step:172/1500 train_time:115.879s step_avg:673.71ms
step:173/1500 train_time:116.539s step_avg:673.64ms
step:174/1500 train_time:117.205s step_avg:673.59ms
step:175/1500 train_time:117.870s step_avg:673.54ms
step:176/1500 train_time:118.531s step_avg:673.47ms
step:177/1500 train_time:119.196s step_avg:673.42ms
step:178/1500 train_time:119.857s step_avg:673.35ms
step:179/1500 train_time:120.521s step_avg:673.30ms
step:180/1500 train_time:121.182s step_avg:673.24ms
step:181/1500 train_time:121.845s step_avg:673.18ms
step:182/1500 train_time:122.514s step_avg:673.15ms
step:183/1500 train_time:123.175s step_avg:673.09ms
step:184/1500 train_time:123.839s step_avg:673.04ms
step:185/1500 train_time:124.500s step_avg:672.97ms
step:186/1500 train_time:125.163s step_avg:672.92ms
step:187/1500 train_time:125.828s step_avg:672.88ms
step:188/1500 train_time:126.493s step_avg:672.84ms
step:189/1500 train_time:127.156s step_avg:672.78ms
step:190/1500 train_time:127.819s step_avg:672.73ms
step:191/1500 train_time:128.684s step_avg:673.74ms
step:192/1500 train_time:129.347s step_avg:673.68ms
step:193/1500 train_time:130.014s step_avg:673.65ms
step:194/1500 train_time:130.677s step_avg:673.59ms
step:195/1500 train_time:131.338s step_avg:673.53ms
step:196/1500 train_time:132.006s step_avg:673.50ms
step:197/1500 train_time:132.671s step_avg:673.46ms
step:198/1500 train_time:133.335s step_avg:673.41ms
step:199/1500 train_time:134.002s step_avg:673.37ms
step:200/1500 train_time:134.662s step_avg:673.31ms
step:201/1500 train_time:135.333s step_avg:673.30ms
step:202/1500 train_time:135.998s step_avg:673.26ms
step:203/1500 train_time:136.672s step_avg:673.26ms
step:204/1500 train_time:137.334s step_avg:673.20ms
step:205/1500 train_time:137.998s step_avg:673.16ms
step:206/1500 train_time:138.662s step_avg:673.12ms
step:207/1500 train_time:139.333s step_avg:673.11ms
step:208/1500 train_time:139.995s step_avg:673.05ms
step:209/1500 train_time:140.660s step_avg:673.02ms
step:210/1500 train_time:141.323s step_avg:672.97ms
step:211/1500 train_time:141.991s step_avg:672.94ms
step:212/1500 train_time:142.652s step_avg:672.89ms
step:213/1500 train_time:143.317s step_avg:672.85ms
step:214/1500 train_time:143.981s step_avg:672.81ms
step:215/1500 train_time:144.647s step_avg:672.78ms
step:216/1500 train_time:145.317s step_avg:672.76ms
step:217/1500 train_time:145.980s step_avg:672.72ms
step:218/1500 train_time:146.643s step_avg:672.68ms
step:219/1500 train_time:147.312s step_avg:672.66ms
step:220/1500 train_time:147.974s step_avg:672.61ms
step:221/1500 train_time:148.637s step_avg:672.57ms
step:222/1500 train_time:149.302s step_avg:672.53ms
step:223/1500 train_time:149.969s step_avg:672.51ms
step:224/1500 train_time:150.631s step_avg:672.46ms
step:225/1500 train_time:151.297s step_avg:672.43ms
step:226/1500 train_time:151.958s step_avg:672.38ms
step:227/1500 train_time:152.630s step_avg:672.38ms
step:228/1500 train_time:153.288s step_avg:672.32ms
step:229/1500 train_time:153.956s step_avg:672.30ms
step:230/1500 train_time:154.619s step_avg:672.26ms
step:231/1500 train_time:155.286s step_avg:672.24ms
step:232/1500 train_time:155.945s step_avg:672.18ms
step:233/1500 train_time:156.615s step_avg:672.17ms
step:234/1500 train_time:157.276s step_avg:672.12ms
step:235/1500 train_time:157.937s step_avg:672.07ms
step:236/1500 train_time:158.601s step_avg:672.04ms
step:237/1500 train_time:159.262s step_avg:671.99ms
step:238/1500 train_time:159.926s step_avg:671.96ms
step:239/1500 train_time:160.593s step_avg:671.94ms
step:240/1500 train_time:161.253s step_avg:671.89ms
step:241/1500 train_time:161.919s step_avg:671.86ms
step:242/1500 train_time:162.580s step_avg:671.82ms
step:243/1500 train_time:163.241s step_avg:671.77ms
step:244/1500 train_time:163.904s step_avg:671.74ms
step:245/1500 train_time:164.570s step_avg:671.71ms
step:246/1500 train_time:165.231s step_avg:671.67ms
step:247/1500 train_time:165.894s step_avg:671.64ms
step:248/1500 train_time:166.554s step_avg:671.59ms
step:249/1500 train_time:167.218s step_avg:671.56ms
step:250/1500 train_time:167.879s step_avg:671.52ms
step:250/1500 val_loss:4.17814 train_time:167.890s step_avg:665.77ms
step:251/1500 train_time:168.556s step_avg:671.54ms
step:252/1500 train_time:169.215s step_avg:671.49ms
step:253/1500 train_time:169.881s step_avg:671.47ms
step:254/1500 train_time:170.546s step_avg:671.44ms
step:255/1500 train_time:171.209s step_avg:671.41ms
step:256/1500 train_time:171.872s step_avg:671.37ms
step:257/1500 train_time:172.533s step_avg:671.34ms
step:258/1500 train_time:173.195s step_avg:671.30ms
step:259/1500 train_time:173.857s step_avg:671.26ms
step:260/1500 train_time:174.519s step_avg:671.23ms
step:261/1500 train_time:175.183s step_avg:671.20ms
step:262/1500 train_time:175.846s step_avg:671.17ms
step:263/1500 train_time:176.509s step_avg:671.14ms
step:264/1500 train_time:177.173s step_avg:671.11ms
step:265/1500 train_time:177.834s step_avg:671.07ms
step:266/1500 train_time:178.500s step_avg:671.05ms
step:267/1500 train_time:179.163s step_avg:671.02ms
step:268/1500 train_time:179.826s step_avg:670.99ms
step:269/1500 train_time:180.493s step_avg:670.98ms
step:270/1500 train_time:181.154s step_avg:670.94ms
step:271/1500 train_time:181.816s step_avg:670.91ms
step:272/1500 train_time:182.479s step_avg:670.88ms
step:273/1500 train_time:183.140s step_avg:670.84ms
step:274/1500 train_time:183.805s step_avg:670.82ms
step:275/1500 train_time:184.466s step_avg:670.79ms
step:276/1500 train_time:185.129s step_avg:670.76ms
step:277/1500 train_time:185.793s step_avg:670.73ms
step:278/1500 train_time:186.455s step_avg:670.70ms
step:279/1500 train_time:187.115s step_avg:670.66ms
step:280/1500 train_time:187.778s step_avg:670.64ms
step:281/1500 train_time:188.439s step_avg:670.60ms
step:282/1500 train_time:189.103s step_avg:670.58ms
step:283/1500 train_time:189.766s step_avg:670.55ms
step:284/1500 train_time:190.427s step_avg:670.52ms
step:285/1500 train_time:191.092s step_avg:670.50ms
step:286/1500 train_time:191.752s step_avg:670.46ms
step:287/1500 train_time:192.415s step_avg:670.43ms
step:288/1500 train_time:193.078s step_avg:670.41ms
step:289/1500 train_time:193.738s step_avg:670.37ms
step:290/1500 train_time:194.401s step_avg:670.35ms
step:291/1500 train_time:195.064s step_avg:670.32ms
step:292/1500 train_time:195.725s step_avg:670.29ms
step:293/1500 train_time:196.392s step_avg:670.28ms
step:294/1500 train_time:197.055s step_avg:670.26ms
step:295/1500 train_time:197.716s step_avg:670.22ms
step:296/1500 train_time:198.380s step_avg:670.20ms
step:297/1500 train_time:199.042s step_avg:670.18ms
step:298/1500 train_time:199.710s step_avg:670.17ms
step:299/1500 train_time:200.371s step_avg:670.14ms
step:300/1500 train_time:201.032s step_avg:670.11ms
step:301/1500 train_time:201.696s step_avg:670.09ms
step:302/1500 train_time:202.359s step_avg:670.06ms
step:303/1500 train_time:203.019s step_avg:670.03ms
step:304/1500 train_time:203.685s step_avg:670.02ms
step:305/1500 train_time:204.347s step_avg:669.99ms
step:306/1500 train_time:205.011s step_avg:669.97ms
step:307/1500 train_time:205.674s step_avg:669.95ms
step:308/1500 train_time:206.334s step_avg:669.92ms
step:309/1500 train_time:206.996s step_avg:669.89ms
step:310/1500 train_time:207.657s step_avg:669.86ms
step:311/1500 train_time:208.317s step_avg:669.83ms
step:312/1500 train_time:208.978s step_avg:669.80ms
step:313/1500 train_time:209.640s step_avg:669.78ms
step:314/1500 train_time:210.303s step_avg:669.75ms
step:315/1500 train_time:210.968s step_avg:669.74ms
step:316/1500 train_time:211.626s step_avg:669.70ms
step:317/1500 train_time:212.293s step_avg:669.70ms
step:318/1500 train_time:212.955s step_avg:669.67ms
step:319/1500 train_time:213.616s step_avg:669.64ms
step:320/1500 train_time:214.279s step_avg:669.62ms
step:321/1500 train_time:214.939s step_avg:669.59ms
step:322/1500 train_time:215.604s step_avg:669.58ms
step:323/1500 train_time:216.269s step_avg:669.56ms
step:324/1500 train_time:216.929s step_avg:669.53ms
step:325/1500 train_time:217.593s step_avg:669.52ms
step:326/1500 train_time:218.254s step_avg:669.49ms
step:327/1500 train_time:218.915s step_avg:669.47ms
step:328/1500 train_time:219.579s step_avg:669.45ms
step:329/1500 train_time:220.239s step_avg:669.42ms
step:330/1500 train_time:220.899s step_avg:669.39ms
step:331/1500 train_time:221.562s step_avg:669.37ms
step:332/1500 train_time:222.223s step_avg:669.35ms
step:333/1500 train_time:222.893s step_avg:669.35ms
step:334/1500 train_time:223.554s step_avg:669.32ms
step:335/1500 train_time:224.216s step_avg:669.30ms
step:336/1500 train_time:224.877s step_avg:669.28ms
step:337/1500 train_time:225.537s step_avg:669.25ms
step:338/1500 train_time:226.200s step_avg:669.23ms
step:339/1500 train_time:226.862s step_avg:669.21ms
step:340/1500 train_time:227.524s step_avg:669.19ms
step:341/1500 train_time:228.192s step_avg:669.19ms
step:342/1500 train_time:228.854s step_avg:669.16ms
step:343/1500 train_time:229.515s step_avg:669.14ms
step:344/1500 train_time:230.179s step_avg:669.13ms
step:345/1500 train_time:230.839s step_avg:669.10ms
step:346/1500 train_time:231.500s step_avg:669.07ms
step:347/1500 train_time:232.161s step_avg:669.05ms
step:348/1500 train_time:232.823s step_avg:669.03ms
step:349/1500 train_time:233.491s step_avg:669.03ms
step:350/1500 train_time:234.153s step_avg:669.01ms
step:351/1500 train_time:234.815s step_avg:668.99ms
step:352/1500 train_time:235.477s step_avg:668.97ms
step:353/1500 train_time:236.138s step_avg:668.94ms
step:354/1500 train_time:236.799s step_avg:668.92ms
step:355/1500 train_time:237.460s step_avg:668.90ms
step:356/1500 train_time:238.121s step_avg:668.88ms
step:357/1500 train_time:238.785s step_avg:668.87ms
step:358/1500 train_time:239.448s step_avg:668.85ms
step:359/1500 train_time:240.109s step_avg:668.83ms
step:360/1500 train_time:240.774s step_avg:668.82ms
step:361/1500 train_time:241.433s step_avg:668.79ms
step:362/1500 train_time:242.096s step_avg:668.77ms
step:363/1500 train_time:242.756s step_avg:668.75ms
step:364/1500 train_time:243.417s step_avg:668.73ms
step:365/1500 train_time:244.080s step_avg:668.71ms
step:366/1500 train_time:244.740s step_avg:668.69ms
step:367/1500 train_time:245.403s step_avg:668.67ms
step:368/1500 train_time:246.070s step_avg:668.67ms
step:369/1500 train_time:246.731s step_avg:668.65ms
step:370/1500 train_time:247.395s step_avg:668.64ms
step:371/1500 train_time:248.057s step_avg:668.62ms
step:372/1500 train_time:248.717s step_avg:668.59ms
step:373/1500 train_time:249.379s step_avg:668.58ms
step:374/1500 train_time:250.040s step_avg:668.56ms
step:375/1500 train_time:250.704s step_avg:668.54ms
step:375/1500 val_loss:3.97367 train_time:250.715s step_avg:662.60ms
step:376/1500 train_time:251.380s step_avg:668.56ms
step:377/1500 train_time:252.040s step_avg:668.54ms
step:378/1500 train_time:252.703s step_avg:668.53ms
step:379/1500 train_time:253.368s step_avg:668.52ms
step:380/1500 train_time:254.030s step_avg:668.50ms
step:381/1500 train_time:254.708s step_avg:668.53ms
step:382/1500 train_time:255.369s step_avg:668.51ms
step:383/1500 train_time:256.035s step_avg:668.50ms
step:384/1500 train_time:256.695s step_avg:668.48ms
step:385/1500 train_time:257.359s step_avg:668.46ms
step:386/1500 train_time:258.017s step_avg:668.44ms
step:387/1500 train_time:258.679s step_avg:668.42ms
step:388/1500 train_time:259.343s step_avg:668.41ms
step:389/1500 train_time:260.001s step_avg:668.38ms
step:390/1500 train_time:260.664s step_avg:668.37ms
step:391/1500 train_time:261.325s step_avg:668.35ms
step:392/1500 train_time:261.988s step_avg:668.34ms
step:393/1500 train_time:262.653s step_avg:668.33ms
step:394/1500 train_time:263.312s step_avg:668.31ms
step:395/1500 train_time:263.978s step_avg:668.30ms
step:396/1500 train_time:264.638s step_avg:668.28ms
step:397/1500 train_time:265.299s step_avg:668.26ms
step:398/1500 train_time:265.962s step_avg:668.25ms
step:399/1500 train_time:266.622s step_avg:668.23ms
step:400/1500 train_time:267.285s step_avg:668.21ms
step:401/1500 train_time:267.948s step_avg:668.20ms
step:402/1500 train_time:268.610s step_avg:668.18ms
step:403/1500 train_time:269.275s step_avg:668.18ms
step:404/1500 train_time:269.936s step_avg:668.16ms
step:405/1500 train_time:270.598s step_avg:668.14ms
step:406/1500 train_time:271.260s step_avg:668.13ms
step:407/1500 train_time:271.923s step_avg:668.12ms
step:408/1500 train_time:272.583s step_avg:668.09ms
step:409/1500 train_time:273.242s step_avg:668.07ms
step:410/1500 train_time:273.902s step_avg:668.05ms
step:411/1500 train_time:274.564s step_avg:668.04ms
step:412/1500 train_time:275.223s step_avg:668.02ms
step:413/1500 train_time:275.886s step_avg:668.01ms
step:414/1500 train_time:276.549s step_avg:667.99ms
step:415/1500 train_time:277.209s step_avg:667.97ms
step:416/1500 train_time:277.875s step_avg:667.97ms
step:417/1500 train_time:278.537s step_avg:667.95ms
step:418/1500 train_time:279.199s step_avg:667.94ms
step:419/1500 train_time:279.862s step_avg:667.93ms
step:420/1500 train_time:280.529s step_avg:667.93ms
step:421/1500 train_time:281.192s step_avg:667.91ms
step:422/1500 train_time:281.856s step_avg:667.91ms
step:423/1500 train_time:282.518s step_avg:667.89ms
step:424/1500 train_time:283.182s step_avg:667.88ms
step:425/1500 train_time:283.841s step_avg:667.86ms
step:426/1500 train_time:284.503s step_avg:667.85ms
step:427/1500 train_time:285.166s step_avg:667.84ms
step:428/1500 train_time:285.830s step_avg:667.83ms
step:429/1500 train_time:286.491s step_avg:667.81ms
step:430/1500 train_time:287.155s step_avg:667.80ms
step:431/1500 train_time:287.817s step_avg:667.79ms
step:432/1500 train_time:288.482s step_avg:667.78ms
step:433/1500 train_time:289.142s step_avg:667.77ms
step:434/1500 train_time:289.803s step_avg:667.75ms
step:435/1500 train_time:290.469s step_avg:667.75ms
step:436/1500 train_time:291.130s step_avg:667.73ms
step:437/1500 train_time:291.795s step_avg:667.72ms
step:438/1500 train_time:292.459s step_avg:667.72ms
step:439/1500 train_time:293.125s step_avg:667.71ms
step:440/1500 train_time:293.790s step_avg:667.70ms
step:441/1500 train_time:294.454s step_avg:667.70ms
step:442/1500 train_time:295.116s step_avg:667.68ms
step:443/1500 train_time:295.780s step_avg:667.67ms
step:444/1500 train_time:296.441s step_avg:667.66ms
step:445/1500 train_time:297.100s step_avg:667.64ms
step:446/1500 train_time:297.763s step_avg:667.63ms
step:447/1500 train_time:298.424s step_avg:667.62ms
step:448/1500 train_time:299.087s step_avg:667.61ms
step:449/1500 train_time:299.753s step_avg:667.60ms
step:450/1500 train_time:300.417s step_avg:667.59ms
step:451/1500 train_time:301.082s step_avg:667.59ms
step:452/1500 train_time:301.742s step_avg:667.57ms
step:453/1500 train_time:302.402s step_avg:667.55ms
step:454/1500 train_time:303.068s step_avg:667.55ms
step:455/1500 train_time:303.729s step_avg:667.54ms
step:456/1500 train_time:304.394s step_avg:667.53ms
step:457/1500 train_time:305.056s step_avg:667.52ms
step:458/1500 train_time:305.719s step_avg:667.51ms
step:459/1500 train_time:306.382s step_avg:667.50ms
step:460/1500 train_time:307.045s step_avg:667.49ms
step:461/1500 train_time:307.711s step_avg:667.49ms
step:462/1500 train_time:308.377s step_avg:667.48ms
step:463/1500 train_time:309.040s step_avg:667.47ms
step:464/1500 train_time:309.701s step_avg:667.46ms
step:465/1500 train_time:310.372s step_avg:667.47ms
step:466/1500 train_time:311.032s step_avg:667.45ms
step:467/1500 train_time:311.698s step_avg:667.45ms
step:468/1500 train_time:312.361s step_avg:667.44ms
step:469/1500 train_time:313.030s step_avg:667.44ms
step:470/1500 train_time:313.698s step_avg:667.44ms
step:471/1500 train_time:314.359s step_avg:667.43ms
step:472/1500 train_time:315.021s step_avg:667.42ms
step:473/1500 train_time:315.693s step_avg:667.43ms
step:474/1500 train_time:316.352s step_avg:667.41ms
step:475/1500 train_time:317.018s step_avg:667.41ms
step:476/1500 train_time:317.681s step_avg:667.40ms
step:477/1500 train_time:318.351s step_avg:667.40ms
step:478/1500 train_time:319.011s step_avg:667.39ms
step:479/1500 train_time:319.679s step_avg:667.39ms
step:480/1500 train_time:320.341s step_avg:667.38ms
step:481/1500 train_time:321.007s step_avg:667.37ms
step:482/1500 train_time:321.672s step_avg:667.37ms
step:483/1500 train_time:322.338s step_avg:667.37ms
step:484/1500 train_time:323.000s step_avg:667.36ms
step:485/1500 train_time:323.672s step_avg:667.37ms
step:486/1500 train_time:324.329s step_avg:667.34ms
step:487/1500 train_time:324.997s step_avg:667.34ms
step:488/1500 train_time:325.659s step_avg:667.33ms
step:489/1500 train_time:326.325s step_avg:667.33ms
step:490/1500 train_time:326.988s step_avg:667.32ms
step:491/1500 train_time:327.654s step_avg:667.32ms
step:492/1500 train_time:328.315s step_avg:667.31ms
step:493/1500 train_time:328.982s step_avg:667.31ms
step:494/1500 train_time:329.641s step_avg:667.29ms
step:495/1500 train_time:330.303s step_avg:667.28ms
step:496/1500 train_time:330.966s step_avg:667.27ms
step:497/1500 train_time:331.633s step_avg:667.27ms
step:498/1500 train_time:332.291s step_avg:667.25ms
step:499/1500 train_time:332.958s step_avg:667.25ms
step:500/1500 train_time:333.619s step_avg:667.24ms
step:500/1500 val_loss:3.86159 train_time:333.629s step_avg:663.32ms
step:501/1500 train_time:334.288s step_avg:667.24ms
step:502/1500 train_time:334.948s step_avg:667.23ms
step:503/1500 train_time:335.618s step_avg:667.23ms
step:504/1500 train_time:336.279s step_avg:667.22ms
step:505/1500 train_time:336.944s step_avg:667.22ms
step:506/1500 train_time:337.604s step_avg:667.20ms
step:507/1500 train_time:338.276s step_avg:667.21ms
step:508/1500 train_time:338.936s step_avg:667.20ms
step:509/1500 train_time:339.598s step_avg:667.19ms
step:510/1500 train_time:340.263s step_avg:667.18ms
step:511/1500 train_time:340.934s step_avg:667.19ms
step:512/1500 train_time:341.591s step_avg:667.17ms
step:513/1500 train_time:342.261s step_avg:667.17ms
step:514/1500 train_time:342.921s step_avg:667.16ms
step:515/1500 train_time:343.589s step_avg:667.16ms
step:516/1500 train_time:344.253s step_avg:667.16ms
step:517/1500 train_time:344.920s step_avg:667.16ms
step:518/1500 train_time:345.580s step_avg:667.14ms
step:519/1500 train_time:346.247s step_avg:667.14ms
step:520/1500 train_time:346.908s step_avg:667.13ms
step:521/1500 train_time:347.576s step_avg:667.13ms
step:522/1500 train_time:348.234s step_avg:667.11ms
step:523/1500 train_time:348.894s step_avg:667.10ms
step:524/1500 train_time:349.560s step_avg:667.10ms
step:525/1500 train_time:350.221s step_avg:667.09ms
step:526/1500 train_time:350.883s step_avg:667.08ms
step:527/1500 train_time:351.547s step_avg:667.07ms
step:528/1500 train_time:352.208s step_avg:667.06ms
step:529/1500 train_time:352.871s step_avg:667.05ms
step:530/1500 train_time:353.534s step_avg:667.04ms
step:531/1500 train_time:354.191s step_avg:667.03ms
step:532/1500 train_time:354.857s step_avg:667.02ms
step:533/1500 train_time:355.518s step_avg:667.01ms
step:534/1500 train_time:356.180s step_avg:667.00ms
step:535/1500 train_time:356.843s step_avg:667.00ms
step:536/1500 train_time:357.501s step_avg:666.98ms
step:537/1500 train_time:358.166s step_avg:666.97ms
step:538/1500 train_time:358.826s step_avg:666.96ms
step:539/1500 train_time:359.487s step_avg:666.95ms
step:540/1500 train_time:360.153s step_avg:666.95ms
step:541/1500 train_time:360.811s step_avg:666.93ms
step:542/1500 train_time:361.474s step_avg:666.93ms
step:543/1500 train_time:362.136s step_avg:666.92ms
step:544/1500 train_time:362.796s step_avg:666.90ms
step:545/1500 train_time:363.458s step_avg:666.90ms
step:546/1500 train_time:364.119s step_avg:666.88ms
step:547/1500 train_time:364.780s step_avg:666.87ms
step:548/1500 train_time:365.443s step_avg:666.87ms
step:549/1500 train_time:366.113s step_avg:666.87ms
step:550/1500 train_time:366.772s step_avg:666.86ms
step:551/1500 train_time:367.438s step_avg:666.86ms
step:552/1500 train_time:368.100s step_avg:666.85ms
step:553/1500 train_time:368.763s step_avg:666.84ms
step:554/1500 train_time:369.422s step_avg:666.83ms
step:555/1500 train_time:370.083s step_avg:666.82ms
step:556/1500 train_time:370.746s step_avg:666.81ms
step:557/1500 train_time:371.405s step_avg:666.80ms
step:558/1500 train_time:372.065s step_avg:666.78ms
step:559/1500 train_time:372.727s step_avg:666.77ms
step:560/1500 train_time:373.389s step_avg:666.77ms
step:561/1500 train_time:374.059s step_avg:666.77ms
step:562/1500 train_time:374.721s step_avg:666.76ms
step:563/1500 train_time:375.386s step_avg:666.76ms
step:564/1500 train_time:376.052s step_avg:666.76ms
step:565/1500 train_time:376.712s step_avg:666.75ms
step:566/1500 train_time:377.377s step_avg:666.74ms
step:567/1500 train_time:378.038s step_avg:666.73ms
step:568/1500 train_time:378.699s step_avg:666.72ms
step:569/1500 train_time:379.362s step_avg:666.72ms
step:570/1500 train_time:380.023s step_avg:666.71ms
step:571/1500 train_time:380.705s step_avg:666.73ms
step:572/1500 train_time:381.374s step_avg:666.74ms
step:573/1500 train_time:382.029s step_avg:666.72ms
step:574/1500 train_time:382.692s step_avg:666.71ms
step:575/1500 train_time:383.355s step_avg:666.70ms
step:576/1500 train_time:384.020s step_avg:666.70ms
step:577/1500 train_time:384.679s step_avg:666.69ms
step:578/1500 train_time:385.344s step_avg:666.69ms
step:579/1500 train_time:386.008s step_avg:666.68ms
step:580/1500 train_time:386.676s step_avg:666.68ms
step:581/1500 train_time:387.337s step_avg:666.67ms
step:582/1500 train_time:387.998s step_avg:666.66ms
step:583/1500 train_time:388.665s step_avg:666.66ms
step:584/1500 train_time:389.324s step_avg:666.65ms
step:585/1500 train_time:389.985s step_avg:666.64ms
step:586/1500 train_time:390.649s step_avg:666.64ms
step:587/1500 train_time:391.316s step_avg:666.64ms
step:588/1500 train_time:391.976s step_avg:666.63ms
step:589/1500 train_time:392.641s step_avg:666.62ms
step:590/1500 train_time:393.301s step_avg:666.61ms
step:591/1500 train_time:393.962s step_avg:666.60ms
step:592/1500 train_time:394.621s step_avg:666.59ms
step:593/1500 train_time:395.281s step_avg:666.58ms
step:594/1500 train_time:395.944s step_avg:666.57ms
step:595/1500 train_time:396.602s step_avg:666.56ms
step:596/1500 train_time:397.265s step_avg:666.55ms
step:597/1500 train_time:397.926s step_avg:666.54ms
step:598/1500 train_time:398.588s step_avg:666.54ms
step:599/1500 train_time:399.259s step_avg:666.54ms
step:600/1500 train_time:399.920s step_avg:666.53ms
step:601/1500 train_time:400.585s step_avg:666.53ms
step:602/1500 train_time:401.244s step_avg:666.52ms
step:603/1500 train_time:401.906s step_avg:666.51ms
step:604/1500 train_time:402.568s step_avg:666.50ms
step:605/1500 train_time:403.231s step_avg:666.50ms
step:606/1500 train_time:403.891s step_avg:666.49ms
step:607/1500 train_time:404.559s step_avg:666.49ms
step:608/1500 train_time:405.219s step_avg:666.48ms
step:609/1500 train_time:405.882s step_avg:666.47ms
step:610/1500 train_time:406.544s step_avg:666.47ms
step:611/1500 train_time:407.211s step_avg:666.47ms
step:612/1500 train_time:407.870s step_avg:666.45ms
step:613/1500 train_time:408.539s step_avg:666.46ms
step:614/1500 train_time:409.194s step_avg:666.44ms
step:615/1500 train_time:409.860s step_avg:666.44ms
step:616/1500 train_time:410.522s step_avg:666.43ms
step:617/1500 train_time:411.186s step_avg:666.43ms
step:618/1500 train_time:411.848s step_avg:666.42ms
step:619/1500 train_time:412.507s step_avg:666.41ms
step:620/1500 train_time:413.169s step_avg:666.40ms
step:621/1500 train_time:413.831s step_avg:666.39ms
step:622/1500 train_time:414.492s step_avg:666.39ms
step:623/1500 train_time:415.160s step_avg:666.39ms
step:624/1500 train_time:415.824s step_avg:666.38ms
step:625/1500 train_time:416.483s step_avg:666.37ms
step:625/1500 val_loss:3.77193 train_time:416.494s step_avg:662.92ms
step:626/1500 train_time:417.156s step_avg:666.38ms
step:627/1500 train_time:417.812s step_avg:666.37ms
step:628/1500 train_time:418.474s step_avg:666.36ms
step:629/1500 train_time:419.144s step_avg:666.37ms
step:630/1500 train_time:419.808s step_avg:666.36ms
step:631/1500 train_time:420.469s step_avg:666.35ms
step:632/1500 train_time:421.133s step_avg:666.35ms
step:633/1500 train_time:421.794s step_avg:666.34ms
step:634/1500 train_time:422.463s step_avg:666.35ms
step:635/1500 train_time:423.124s step_avg:666.34ms
step:636/1500 train_time:423.783s step_avg:666.33ms
step:637/1500 train_time:424.447s step_avg:666.32ms
step:638/1500 train_time:425.110s step_avg:666.32ms
step:639/1500 train_time:425.771s step_avg:666.31ms
step:640/1500 train_time:426.436s step_avg:666.31ms
step:641/1500 train_time:427.100s step_avg:666.30ms
step:642/1500 train_time:427.764s step_avg:666.30ms
step:643/1500 train_time:428.429s step_avg:666.30ms
step:644/1500 train_time:429.085s step_avg:666.28ms
step:645/1500 train_time:429.751s step_avg:666.28ms
step:646/1500 train_time:430.412s step_avg:666.27ms
step:647/1500 train_time:431.070s step_avg:666.26ms
step:648/1500 train_time:431.732s step_avg:666.25ms
step:649/1500 train_time:432.392s step_avg:666.24ms
step:650/1500 train_time:433.053s step_avg:666.24ms
step:651/1500 train_time:433.713s step_avg:666.23ms
step:652/1500 train_time:434.372s step_avg:666.21ms
step:653/1500 train_time:435.036s step_avg:666.21ms
step:654/1500 train_time:435.697s step_avg:666.20ms
step:655/1500 train_time:436.360s step_avg:666.20ms
step:656/1500 train_time:437.021s step_avg:666.19ms
step:657/1500 train_time:437.684s step_avg:666.19ms
step:658/1500 train_time:438.348s step_avg:666.18ms
step:659/1500 train_time:439.009s step_avg:666.17ms
step:660/1500 train_time:439.673s step_avg:666.17ms
step:661/1500 train_time:440.334s step_avg:666.16ms
step:662/1500 train_time:441.005s step_avg:666.17ms
step:663/1500 train_time:441.662s step_avg:666.16ms
step:664/1500 train_time:442.329s step_avg:666.16ms
step:665/1500 train_time:442.987s step_avg:666.15ms
step:666/1500 train_time:443.649s step_avg:666.14ms
step:667/1500 train_time:444.311s step_avg:666.13ms
step:668/1500 train_time:444.973s step_avg:666.13ms
step:669/1500 train_time:445.637s step_avg:666.12ms
step:670/1500 train_time:446.302s step_avg:666.12ms
step:671/1500 train_time:446.968s step_avg:666.12ms
step:672/1500 train_time:447.628s step_avg:666.11ms
step:673/1500 train_time:448.288s step_avg:666.10ms
step:674/1500 train_time:448.948s step_avg:666.09ms
step:675/1500 train_time:449.610s step_avg:666.09ms
step:676/1500 train_time:450.270s step_avg:666.08ms
step:677/1500 train_time:450.931s step_avg:666.07ms
step:678/1500 train_time:451.591s step_avg:666.06ms
step:679/1500 train_time:452.260s step_avg:666.07ms
step:680/1500 train_time:452.918s step_avg:666.06ms
step:681/1500 train_time:453.581s step_avg:666.05ms
step:682/1500 train_time:454.245s step_avg:666.05ms
step:683/1500 train_time:454.909s step_avg:666.04ms
step:684/1500 train_time:455.569s step_avg:666.04ms
step:685/1500 train_time:456.233s step_avg:666.03ms
step:686/1500 train_time:456.901s step_avg:666.04ms
step:687/1500 train_time:457.564s step_avg:666.03ms
step:688/1500 train_time:458.228s step_avg:666.03ms
step:689/1500 train_time:458.887s step_avg:666.02ms
step:690/1500 train_time:459.549s step_avg:666.01ms
step:691/1500 train_time:460.210s step_avg:666.01ms
step:692/1500 train_time:460.869s step_avg:666.00ms
step:693/1500 train_time:461.533s step_avg:665.99ms
step:694/1500 train_time:462.199s step_avg:665.99ms
step:695/1500 train_time:462.860s step_avg:665.98ms
step:696/1500 train_time:463.525s step_avg:665.98ms
step:697/1500 train_time:464.184s step_avg:665.97ms
step:698/1500 train_time:464.848s step_avg:665.97ms
step:699/1500 train_time:465.512s step_avg:665.97ms
step:700/1500 train_time:466.173s step_avg:665.96ms
step:701/1500 train_time:466.838s step_avg:665.96ms
step:702/1500 train_time:467.502s step_avg:665.96ms
step:703/1500 train_time:468.164s step_avg:665.95ms
step:704/1500 train_time:468.826s step_avg:665.95ms
step:705/1500 train_time:469.487s step_avg:665.94ms
step:706/1500 train_time:470.152s step_avg:665.94ms
step:707/1500 train_time:470.812s step_avg:665.93ms
step:708/1500 train_time:471.472s step_avg:665.92ms
step:709/1500 train_time:472.136s step_avg:665.92ms
step:710/1500 train_time:472.797s step_avg:665.91ms
step:711/1500 train_time:473.463s step_avg:665.91ms
step:712/1500 train_time:474.128s step_avg:665.91ms
step:713/1500 train_time:474.789s step_avg:665.90ms
step:714/1500 train_time:475.451s step_avg:665.90ms
step:715/1500 train_time:476.112s step_avg:665.89ms
step:716/1500 train_time:476.774s step_avg:665.89ms
step:717/1500 train_time:477.439s step_avg:665.88ms
step:718/1500 train_time:478.105s step_avg:665.88ms
step:719/1500 train_time:478.765s step_avg:665.88ms
step:720/1500 train_time:479.433s step_avg:665.88ms
step:721/1500 train_time:480.091s step_avg:665.87ms
step:722/1500 train_time:480.755s step_avg:665.87ms
step:723/1500 train_time:481.416s step_avg:665.86ms
step:724/1500 train_time:482.078s step_avg:665.85ms
step:725/1500 train_time:482.748s step_avg:665.86ms
step:726/1500 train_time:483.408s step_avg:665.85ms
step:727/1500 train_time:484.071s step_avg:665.85ms
step:728/1500 train_time:484.732s step_avg:665.84ms
step:729/1500 train_time:485.392s step_avg:665.83ms
step:730/1500 train_time:486.053s step_avg:665.83ms
step:731/1500 train_time:486.713s step_avg:665.82ms
step:732/1500 train_time:487.372s step_avg:665.81ms
step:733/1500 train_time:488.036s step_avg:665.81ms
step:734/1500 train_time:488.697s step_avg:665.80ms
step:735/1500 train_time:489.359s step_avg:665.79ms
step:736/1500 train_time:490.022s step_avg:665.79ms
step:737/1500 train_time:490.679s step_avg:665.78ms
step:738/1500 train_time:491.346s step_avg:665.78ms
step:739/1500 train_time:492.005s step_avg:665.77ms
step:740/1500 train_time:492.666s step_avg:665.77ms
step:741/1500 train_time:493.327s step_avg:665.76ms
step:742/1500 train_time:493.986s step_avg:665.75ms
step:743/1500 train_time:494.649s step_avg:665.75ms
step:744/1500 train_time:495.309s step_avg:665.74ms
step:745/1500 train_time:495.969s step_avg:665.73ms
step:746/1500 train_time:496.630s step_avg:665.72ms
step:747/1500 train_time:497.290s step_avg:665.72ms
step:748/1500 train_time:497.951s step_avg:665.71ms
step:749/1500 train_time:498.611s step_avg:665.70ms
step:750/1500 train_time:499.271s step_avg:665.69ms
step:750/1500 val_loss:3.70366 train_time:499.281s step_avg:662.30ms
step:751/1500 train_time:499.941s step_avg:665.70ms
step:752/1500 train_time:500.597s step_avg:665.69ms
step:753/1500 train_time:501.261s step_avg:665.68ms
step:754/1500 train_time:501.924s step_avg:665.68ms
step:755/1500 train_time:502.591s step_avg:665.68ms
step:756/1500 train_time:503.254s step_avg:665.68ms
step:757/1500 train_time:503.916s step_avg:665.68ms
step:758/1500 train_time:504.577s step_avg:665.67ms
step:759/1500 train_time:505.247s step_avg:665.67ms
step:760/1500 train_time:505.906s step_avg:665.67ms
step:761/1500 train_time:506.587s step_avg:665.69ms
step:762/1500 train_time:507.249s step_avg:665.68ms
step:763/1500 train_time:507.908s step_avg:665.67ms
step:764/1500 train_time:508.567s step_avg:665.66ms
step:765/1500 train_time:509.234s step_avg:665.66ms
step:766/1500 train_time:509.893s step_avg:665.66ms
step:767/1500 train_time:510.555s step_avg:665.65ms
step:768/1500 train_time:511.217s step_avg:665.65ms
step:769/1500 train_time:511.877s step_avg:665.64ms
step:770/1500 train_time:512.540s step_avg:665.64ms
step:771/1500 train_time:513.201s step_avg:665.63ms
step:772/1500 train_time:513.860s step_avg:665.62ms
step:773/1500 train_time:514.520s step_avg:665.61ms
step:774/1500 train_time:515.180s step_avg:665.61ms
step:775/1500 train_time:515.840s step_avg:665.60ms
step:776/1500 train_time:516.501s step_avg:665.59ms
step:777/1500 train_time:517.160s step_avg:665.59ms
step:778/1500 train_time:517.824s step_avg:665.58ms
step:779/1500 train_time:518.486s step_avg:665.58ms
step:780/1500 train_time:519.156s step_avg:665.58ms
step:781/1500 train_time:519.813s step_avg:665.57ms
step:782/1500 train_time:520.472s step_avg:665.57ms
step:783/1500 train_time:521.135s step_avg:665.56ms
step:784/1500 train_time:521.795s step_avg:665.56ms
step:785/1500 train_time:522.456s step_avg:665.55ms
step:786/1500 train_time:523.118s step_avg:665.54ms
step:787/1500 train_time:523.776s step_avg:665.54ms
step:788/1500 train_time:524.438s step_avg:665.53ms
step:789/1500 train_time:525.097s step_avg:665.52ms
step:790/1500 train_time:525.757s step_avg:665.52ms
step:791/1500 train_time:526.417s step_avg:665.51ms
step:792/1500 train_time:527.077s step_avg:665.50ms
step:793/1500 train_time:527.739s step_avg:665.50ms
step:794/1500 train_time:528.396s step_avg:665.49ms
step:795/1500 train_time:529.057s step_avg:665.48ms
step:796/1500 train_time:529.717s step_avg:665.47ms
step:797/1500 train_time:530.376s step_avg:665.47ms
step:798/1500 train_time:531.037s step_avg:665.46ms
step:799/1500 train_time:531.698s step_avg:665.45ms
step:800/1500 train_time:532.357s step_avg:665.45ms
step:801/1500 train_time:533.019s step_avg:665.44ms
step:802/1500 train_time:533.676s step_avg:665.43ms
step:803/1500 train_time:534.338s step_avg:665.43ms
step:804/1500 train_time:534.998s step_avg:665.42ms
step:805/1500 train_time:535.657s step_avg:665.41ms
step:806/1500 train_time:536.320s step_avg:665.41ms
step:807/1500 train_time:536.979s step_avg:665.40ms
step:808/1500 train_time:537.641s step_avg:665.40ms
step:809/1500 train_time:538.299s step_avg:665.39ms
step:810/1500 train_time:538.960s step_avg:665.38ms
step:811/1500 train_time:539.621s step_avg:665.38ms
step:812/1500 train_time:540.280s step_avg:665.37ms
step:813/1500 train_time:540.941s step_avg:665.36ms
step:814/1500 train_time:541.601s step_avg:665.36ms
step:815/1500 train_time:542.258s step_avg:665.35ms
step:816/1500 train_time:542.921s step_avg:665.34ms
step:817/1500 train_time:543.581s step_avg:665.34ms
step:818/1500 train_time:544.242s step_avg:665.33ms
step:819/1500 train_time:544.904s step_avg:665.33ms
step:820/1500 train_time:545.563s step_avg:665.32ms
step:821/1500 train_time:546.230s step_avg:665.32ms
step:822/1500 train_time:546.889s step_avg:665.32ms
step:823/1500 train_time:547.552s step_avg:665.31ms
step:824/1500 train_time:548.214s step_avg:665.31ms
step:825/1500 train_time:548.873s step_avg:665.30ms
step:826/1500 train_time:549.534s step_avg:665.30ms
step:827/1500 train_time:550.194s step_avg:665.29ms
step:828/1500 train_time:550.855s step_avg:665.28ms
step:829/1500 train_time:551.516s step_avg:665.28ms
step:830/1500 train_time:552.175s step_avg:665.27ms
step:831/1500 train_time:552.837s step_avg:665.27ms
step:832/1500 train_time:553.497s step_avg:665.26ms
step:833/1500 train_time:554.157s step_avg:665.25ms
step:834/1500 train_time:554.820s step_avg:665.25ms
step:835/1500 train_time:555.480s step_avg:665.25ms
step:836/1500 train_time:556.143s step_avg:665.24ms
step:837/1500 train_time:556.806s step_avg:665.24ms
step:838/1500 train_time:557.464s step_avg:665.23ms
step:839/1500 train_time:558.132s step_avg:665.23ms
step:840/1500 train_time:558.791s step_avg:665.23ms
step:841/1500 train_time:559.454s step_avg:665.22ms
step:842/1500 train_time:560.116s step_avg:665.22ms
step:843/1500 train_time:560.776s step_avg:665.21ms
step:844/1500 train_time:561.437s step_avg:665.21ms
step:845/1500 train_time:562.099s step_avg:665.21ms
step:846/1500 train_time:562.757s step_avg:665.20ms
step:847/1500 train_time:563.418s step_avg:665.19ms
step:848/1500 train_time:564.078s step_avg:665.19ms
step:849/1500 train_time:564.738s step_avg:665.18ms
step:850/1500 train_time:565.399s step_avg:665.18ms
step:851/1500 train_time:566.057s step_avg:665.17ms
step:852/1500 train_time:566.719s step_avg:665.16ms
step:853/1500 train_time:567.378s step_avg:665.16ms
step:854/1500 train_time:568.042s step_avg:665.15ms
step:855/1500 train_time:568.701s step_avg:665.15ms
step:856/1500 train_time:569.361s step_avg:665.14ms
step:857/1500 train_time:570.023s step_avg:665.14ms
step:858/1500 train_time:570.685s step_avg:665.13ms
step:859/1500 train_time:571.351s step_avg:665.14ms
step:860/1500 train_time:572.011s step_avg:665.13ms
step:861/1500 train_time:572.669s step_avg:665.12ms
step:862/1500 train_time:573.331s step_avg:665.12ms
step:863/1500 train_time:573.993s step_avg:665.11ms
step:864/1500 train_time:574.654s step_avg:665.11ms
step:865/1500 train_time:575.315s step_avg:665.10ms
step:866/1500 train_time:575.974s step_avg:665.10ms
step:867/1500 train_time:576.637s step_avg:665.09ms
step:868/1500 train_time:577.296s step_avg:665.09ms
step:869/1500 train_time:577.958s step_avg:665.08ms
step:870/1500 train_time:578.619s step_avg:665.08ms
step:871/1500 train_time:579.278s step_avg:665.07ms
step:872/1500 train_time:579.941s step_avg:665.07ms
step:873/1500 train_time:580.601s step_avg:665.06ms
step:874/1500 train_time:581.259s step_avg:665.06ms
step:875/1500 train_time:581.921s step_avg:665.05ms
step:875/1500 val_loss:3.64474 train_time:581.931s step_avg:661.20ms
step:876/1500 train_time:582.591s step_avg:665.06ms
step:877/1500 train_time:583.247s step_avg:665.05ms
step:878/1500 train_time:583.914s step_avg:665.05ms
step:879/1500 train_time:584.571s step_avg:665.04ms
step:880/1500 train_time:585.237s step_avg:665.04ms
step:881/1500 train_time:585.895s step_avg:665.03ms
step:882/1500 train_time:586.557s step_avg:665.03ms
step:883/1500 train_time:587.219s step_avg:665.03ms
step:884/1500 train_time:587.880s step_avg:665.02ms
step:885/1500 train_time:588.543s step_avg:665.02ms
step:886/1500 train_time:589.206s step_avg:665.02ms
step:887/1500 train_time:589.866s step_avg:665.01ms
step:888/1500 train_time:590.526s step_avg:665.01ms
step:889/1500 train_time:591.184s step_avg:665.00ms
step:890/1500 train_time:591.844s step_avg:664.99ms
step:891/1500 train_time:592.506s step_avg:664.99ms
step:892/1500 train_time:593.165s step_avg:664.98ms
step:893/1500 train_time:593.827s step_avg:664.98ms
step:894/1500 train_time:594.487s step_avg:664.97ms
step:895/1500 train_time:595.145s step_avg:664.97ms
step:896/1500 train_time:595.808s step_avg:664.96ms
step:897/1500 train_time:596.467s step_avg:664.96ms
step:898/1500 train_time:597.132s step_avg:664.96ms
step:899/1500 train_time:597.789s step_avg:664.95ms
step:900/1500 train_time:598.449s step_avg:664.94ms
step:901/1500 train_time:599.110s step_avg:664.94ms
step:902/1500 train_time:599.769s step_avg:664.93ms
step:903/1500 train_time:600.431s step_avg:664.93ms
step:904/1500 train_time:601.092s step_avg:664.93ms
step:905/1500 train_time:601.753s step_avg:664.92ms
step:906/1500 train_time:602.417s step_avg:664.92ms
step:907/1500 train_time:603.078s step_avg:664.92ms
step:908/1500 train_time:603.740s step_avg:664.91ms
step:909/1500 train_time:604.402s step_avg:664.91ms
step:910/1500 train_time:605.060s step_avg:664.90ms
step:911/1500 train_time:605.723s step_avg:664.90ms
step:912/1500 train_time:606.381s step_avg:664.89ms
step:913/1500 train_time:607.044s step_avg:664.89ms
step:914/1500 train_time:607.705s step_avg:664.88ms
step:915/1500 train_time:608.365s step_avg:664.88ms
step:916/1500 train_time:609.026s step_avg:664.88ms
step:917/1500 train_time:609.686s step_avg:664.87ms
step:918/1500 train_time:610.346s step_avg:664.86ms
step:919/1500 train_time:611.010s step_avg:664.86ms
step:920/1500 train_time:611.669s step_avg:664.86ms
step:921/1500 train_time:612.331s step_avg:664.85ms
step:922/1500 train_time:612.992s step_avg:664.85ms
step:923/1500 train_time:613.651s step_avg:664.84ms
step:924/1500 train_time:614.315s step_avg:664.84ms
step:925/1500 train_time:614.979s step_avg:664.84ms
step:926/1500 train_time:615.635s step_avg:664.83ms
step:927/1500 train_time:616.303s step_avg:664.84ms
step:928/1500 train_time:616.961s step_avg:664.83ms
step:929/1500 train_time:617.625s step_avg:664.83ms
step:930/1500 train_time:618.286s step_avg:664.82ms
step:931/1500 train_time:618.945s step_avg:664.82ms
step:932/1500 train_time:619.608s step_avg:664.82ms
step:933/1500 train_time:620.265s step_avg:664.81ms
step:934/1500 train_time:620.926s step_avg:664.80ms
step:935/1500 train_time:621.585s step_avg:664.80ms
step:936/1500 train_time:622.246s step_avg:664.79ms
step:937/1500 train_time:622.908s step_avg:664.79ms
step:938/1500 train_time:623.567s step_avg:664.78ms
step:939/1500 train_time:624.230s step_avg:664.78ms
step:940/1500 train_time:624.889s step_avg:664.78ms
step:941/1500 train_time:625.549s step_avg:664.77ms
step:942/1500 train_time:626.210s step_avg:664.77ms
step:943/1500 train_time:626.870s step_avg:664.76ms
step:944/1500 train_time:627.532s step_avg:664.76ms
step:945/1500 train_time:628.194s step_avg:664.76ms
step:946/1500 train_time:628.854s step_avg:664.75ms
step:947/1500 train_time:629.522s step_avg:664.75ms
step:948/1500 train_time:630.182s step_avg:664.75ms
step:949/1500 train_time:630.843s step_avg:664.75ms
step:950/1500 train_time:631.505s step_avg:664.74ms
step:951/1500 train_time:632.182s step_avg:664.76ms
step:952/1500 train_time:632.846s step_avg:664.75ms
step:953/1500 train_time:633.509s step_avg:664.75ms
step:954/1500 train_time:634.169s step_avg:664.75ms
step:955/1500 train_time:634.830s step_avg:664.74ms
step:956/1500 train_time:635.489s step_avg:664.74ms
step:957/1500 train_time:636.150s step_avg:664.73ms
step:958/1500 train_time:636.812s step_avg:664.73ms
step:959/1500 train_time:637.472s step_avg:664.73ms
step:960/1500 train_time:638.135s step_avg:664.72ms
step:961/1500 train_time:638.797s step_avg:664.72ms
step:962/1500 train_time:639.456s step_avg:664.71ms
step:963/1500 train_time:640.122s step_avg:664.72ms
step:964/1500 train_time:640.782s step_avg:664.71ms
step:965/1500 train_time:641.444s step_avg:664.71ms
step:966/1500 train_time:642.105s step_avg:664.71ms
step:967/1500 train_time:642.766s step_avg:664.70ms
step:968/1500 train_time:643.428s step_avg:664.70ms
step:969/1500 train_time:644.086s step_avg:664.69ms
step:970/1500 train_time:644.748s step_avg:664.69ms
step:971/1500 train_time:645.410s step_avg:664.69ms
step:972/1500 train_time:646.070s step_avg:664.68ms
step:973/1500 train_time:646.731s step_avg:664.68ms
step:974/1500 train_time:647.390s step_avg:664.67ms
step:975/1500 train_time:648.050s step_avg:664.67ms
step:976/1500 train_time:648.713s step_avg:664.66ms
step:977/1500 train_time:649.375s step_avg:664.66ms
step:978/1500 train_time:650.040s step_avg:664.66ms
step:979/1500 train_time:650.701s step_avg:664.66ms
step:980/1500 train_time:651.361s step_avg:664.65ms
step:981/1500 train_time:652.025s step_avg:664.65ms
step:982/1500 train_time:652.685s step_avg:664.65ms
step:983/1500 train_time:653.346s step_avg:664.64ms
step:984/1500 train_time:654.007s step_avg:664.64ms
step:985/1500 train_time:654.666s step_avg:664.64ms
step:986/1500 train_time:655.328s step_avg:664.63ms
step:987/1500 train_time:655.986s step_avg:664.63ms
step:988/1500 train_time:656.646s step_avg:664.62ms
step:989/1500 train_time:657.309s step_avg:664.62ms
step:990/1500 train_time:657.966s step_avg:664.61ms
step:991/1500 train_time:658.628s step_avg:664.61ms
step:992/1500 train_time:659.287s step_avg:664.60ms
step:993/1500 train_time:659.947s step_avg:664.60ms
step:994/1500 train_time:660.609s step_avg:664.60ms
step:995/1500 train_time:661.271s step_avg:664.59ms
step:996/1500 train_time:661.934s step_avg:664.59ms
step:997/1500 train_time:662.596s step_avg:664.59ms
step:998/1500 train_time:663.255s step_avg:664.58ms
step:999/1500 train_time:663.923s step_avg:664.59ms
step:1000/1500 train_time:664.581s step_avg:664.58ms
step:1000/1500 val_loss:3.58876 train_time:664.591s step_avg:661.28ms
step:1001/1500 train_time:665.254s step_avg:664.59ms
step:1002/1500 train_time:665.913s step_avg:664.58ms
step:1003/1500 train_time:666.575s step_avg:664.58ms
step:1004/1500 train_time:667.237s step_avg:664.58ms
step:1005/1500 train_time:667.901s step_avg:664.58ms
step:1006/1500 train_time:668.562s step_avg:664.57ms
step:1007/1500 train_time:669.226s step_avg:664.57ms
step:1008/1500 train_time:669.889s step_avg:664.57ms
step:1009/1500 train_time:670.546s step_avg:664.56ms
step:1010/1500 train_time:671.213s step_avg:664.57ms
step:1011/1500 train_time:671.873s step_avg:664.56ms
step:1012/1500 train_time:672.533s step_avg:664.56ms
step:1013/1500 train_time:673.195s step_avg:664.56ms
step:1014/1500 train_time:673.855s step_avg:664.55ms
step:1015/1500 train_time:674.515s step_avg:664.55ms
step:1016/1500 train_time:675.177s step_avg:664.54ms
step:1017/1500 train_time:675.836s step_avg:664.54ms
step:1018/1500 train_time:676.499s step_avg:664.54ms
step:1019/1500 train_time:677.158s step_avg:664.53ms
step:1020/1500 train_time:677.819s step_avg:664.53ms
step:1021/1500 train_time:678.481s step_avg:664.53ms
step:1022/1500 train_time:679.139s step_avg:664.52ms
step:1023/1500 train_time:679.802s step_avg:664.52ms
step:1024/1500 train_time:680.466s step_avg:664.52ms
step:1025/1500 train_time:681.129s step_avg:664.52ms
step:1026/1500 train_time:681.792s step_avg:664.51ms
step:1027/1500 train_time:682.454s step_avg:664.51ms
step:1028/1500 train_time:683.116s step_avg:664.51ms
step:1029/1500 train_time:683.776s step_avg:664.50ms
step:1030/1500 train_time:684.437s step_avg:664.50ms
step:1031/1500 train_time:685.097s step_avg:664.50ms
step:1032/1500 train_time:685.755s step_avg:664.49ms
step:1033/1500 train_time:686.417s step_avg:664.49ms
step:1034/1500 train_time:687.077s step_avg:664.48ms
step:1035/1500 train_time:687.736s step_avg:664.48ms
step:1036/1500 train_time:688.397s step_avg:664.48ms
step:1037/1500 train_time:689.055s step_avg:664.47ms
step:1038/1500 train_time:689.717s step_avg:664.47ms
step:1039/1500 train_time:690.378s step_avg:664.46ms
step:1040/1500 train_time:691.038s step_avg:664.46ms
step:1041/1500 train_time:691.701s step_avg:664.46ms
step:1042/1500 train_time:692.363s step_avg:664.46ms
step:1043/1500 train_time:693.030s step_avg:664.46ms
step:1044/1500 train_time:693.691s step_avg:664.46ms
step:1045/1500 train_time:694.354s step_avg:664.45ms
step:1046/1500 train_time:695.017s step_avg:664.45ms
step:1047/1500 train_time:695.678s step_avg:664.45ms
step:1048/1500 train_time:696.337s step_avg:664.44ms
step:1049/1500 train_time:697.000s step_avg:664.44ms
step:1050/1500 train_time:697.660s step_avg:664.44ms
step:1051/1500 train_time:698.324s step_avg:664.44ms
step:1052/1500 train_time:698.986s step_avg:664.44ms
step:1053/1500 train_time:699.646s step_avg:664.43ms
step:1054/1500 train_time:700.313s step_avg:664.43ms
step:1055/1500 train_time:700.974s step_avg:664.43ms
step:1056/1500 train_time:701.636s step_avg:664.43ms
step:1057/1500 train_time:702.300s step_avg:664.43ms
step:1058/1500 train_time:702.960s step_avg:664.42ms
step:1059/1500 train_time:703.623s step_avg:664.42ms
step:1060/1500 train_time:704.286s step_avg:664.42ms
step:1061/1500 train_time:704.944s step_avg:664.42ms
step:1062/1500 train_time:705.610s step_avg:664.42ms
step:1063/1500 train_time:706.270s step_avg:664.41ms
step:1064/1500 train_time:706.933s step_avg:664.41ms
step:1065/1500 train_time:707.593s step_avg:664.41ms
step:1066/1500 train_time:708.253s step_avg:664.40ms
step:1067/1500 train_time:708.917s step_avg:664.40ms
step:1068/1500 train_time:709.577s step_avg:664.40ms
step:1069/1500 train_time:710.238s step_avg:664.39ms
step:1070/1500 train_time:710.898s step_avg:664.39ms
step:1071/1500 train_time:711.560s step_avg:664.39ms
step:1072/1500 train_time:712.220s step_avg:664.38ms
step:1073/1500 train_time:712.883s step_avg:664.38ms
step:1074/1500 train_time:713.542s step_avg:664.38ms
step:1075/1500 train_time:714.210s step_avg:664.38ms
step:1076/1500 train_time:714.868s step_avg:664.38ms
step:1077/1500 train_time:715.530s step_avg:664.37ms
step:1078/1500 train_time:716.192s step_avg:664.37ms
step:1079/1500 train_time:716.852s step_avg:664.37ms
step:1080/1500 train_time:717.514s step_avg:664.36ms
step:1081/1500 train_time:718.176s step_avg:664.36ms
step:1082/1500 train_time:718.836s step_avg:664.36ms
step:1083/1500 train_time:719.498s step_avg:664.36ms
step:1084/1500 train_time:720.154s step_avg:664.35ms
step:1085/1500 train_time:720.817s step_avg:664.35ms
step:1086/1500 train_time:721.477s step_avg:664.34ms
step:1087/1500 train_time:722.135s step_avg:664.34ms
step:1088/1500 train_time:722.797s step_avg:664.34ms
step:1089/1500 train_time:723.457s step_avg:664.33ms
step:1090/1500 train_time:724.120s step_avg:664.33ms
step:1091/1500 train_time:724.779s step_avg:664.33ms
step:1092/1500 train_time:725.441s step_avg:664.32ms
step:1093/1500 train_time:726.105s step_avg:664.32ms
step:1094/1500 train_time:726.767s step_avg:664.32ms
step:1095/1500 train_time:727.429s step_avg:664.32ms
step:1096/1500 train_time:728.092s step_avg:664.32ms
step:1097/1500 train_time:728.753s step_avg:664.31ms
step:1098/1500 train_time:729.414s step_avg:664.31ms
step:1099/1500 train_time:730.077s step_avg:664.31ms
step:1100/1500 train_time:730.736s step_avg:664.31ms
step:1101/1500 train_time:731.398s step_avg:664.30ms
step:1102/1500 train_time:732.057s step_avg:664.30ms
step:1103/1500 train_time:732.720s step_avg:664.30ms
step:1104/1500 train_time:733.379s step_avg:664.29ms
step:1105/1500 train_time:734.040s step_avg:664.29ms
step:1106/1500 train_time:734.702s step_avg:664.29ms
step:1107/1500 train_time:735.362s step_avg:664.28ms
step:1108/1500 train_time:736.027s step_avg:664.28ms
step:1109/1500 train_time:736.687s step_avg:664.28ms
step:1110/1500 train_time:737.346s step_avg:664.28ms
step:1111/1500 train_time:738.014s step_avg:664.28ms
step:1112/1500 train_time:738.675s step_avg:664.28ms
step:1113/1500 train_time:739.336s step_avg:664.27ms
step:1114/1500 train_time:740.000s step_avg:664.27ms
step:1115/1500 train_time:740.660s step_avg:664.27ms
step:1116/1500 train_time:741.323s step_avg:664.27ms
step:1117/1500 train_time:741.985s step_avg:664.27ms
step:1118/1500 train_time:742.645s step_avg:664.26ms
step:1119/1500 train_time:743.312s step_avg:664.26ms
step:1120/1500 train_time:743.971s step_avg:664.26ms
step:1121/1500 train_time:744.632s step_avg:664.26ms
step:1122/1500 train_time:745.295s step_avg:664.26ms
step:1123/1500 train_time:745.955s step_avg:664.25ms
step:1124/1500 train_time:746.616s step_avg:664.25ms
step:1125/1500 train_time:747.276s step_avg:664.25ms
step:1125/1500 val_loss:3.54265 train_time:747.286s step_avg:661.56ms
step:1126/1500 train_time:747.946s step_avg:664.25ms
step:1127/1500 train_time:748.603s step_avg:664.24ms
step:1128/1500 train_time:749.267s step_avg:664.24ms
step:1129/1500 train_time:749.926s step_avg:664.24ms
step:1130/1500 train_time:750.592s step_avg:664.24ms
step:1131/1500 train_time:751.252s step_avg:664.24ms
step:1132/1500 train_time:751.915s step_avg:664.24ms
step:1133/1500 train_time:752.577s step_avg:664.23ms
step:1134/1500 train_time:753.237s step_avg:664.23ms
step:1135/1500 train_time:753.899s step_avg:664.23ms
step:1136/1500 train_time:754.561s step_avg:664.23ms
step:1137/1500 train_time:755.219s step_avg:664.22ms
step:1138/1500 train_time:755.882s step_avg:664.22ms
step:1139/1500 train_time:756.542s step_avg:664.22ms
step:1140/1500 train_time:757.203s step_avg:664.21ms
step:1141/1500 train_time:757.882s step_avg:664.23ms
step:1142/1500 train_time:758.543s step_avg:664.22ms
step:1143/1500 train_time:759.202s step_avg:664.22ms
step:1144/1500 train_time:759.861s step_avg:664.21ms
step:1145/1500 train_time:760.520s step_avg:664.21ms
step:1146/1500 train_time:761.183s step_avg:664.21ms
step:1147/1500 train_time:761.843s step_avg:664.20ms
step:1148/1500 train_time:762.505s step_avg:664.20ms
step:1149/1500 train_time:763.167s step_avg:664.20ms
step:1150/1500 train_time:763.828s step_avg:664.20ms
step:1151/1500 train_time:764.494s step_avg:664.20ms
step:1152/1500 train_time:765.154s step_avg:664.20ms
step:1153/1500 train_time:765.817s step_avg:664.20ms
step:1154/1500 train_time:766.479s step_avg:664.19ms
step:1155/1500 train_time:767.139s step_avg:664.19ms
step:1156/1500 train_time:767.799s step_avg:664.19ms
step:1157/1500 train_time:768.461s step_avg:664.18ms
step:1158/1500 train_time:769.120s step_avg:664.18ms
step:1159/1500 train_time:769.781s step_avg:664.18ms
step:1160/1500 train_time:770.438s step_avg:664.17ms
step:1161/1500 train_time:771.102s step_avg:664.17ms
step:1162/1500 train_time:771.762s step_avg:664.17ms
step:1163/1500 train_time:772.422s step_avg:664.16ms
step:1164/1500 train_time:773.084s step_avg:664.16ms
step:1165/1500 train_time:773.745s step_avg:664.16ms
step:1166/1500 train_time:774.406s step_avg:664.16ms
step:1167/1500 train_time:775.069s step_avg:664.15ms
step:1168/1500 train_time:775.730s step_avg:664.15ms
step:1169/1500 train_time:776.393s step_avg:664.15ms
step:1170/1500 train_time:777.053s step_avg:664.15ms
step:1171/1500 train_time:777.714s step_avg:664.15ms
step:1172/1500 train_time:778.378s step_avg:664.14ms
step:1173/1500 train_time:779.038s step_avg:664.14ms
step:1174/1500 train_time:779.701s step_avg:664.14ms
step:1175/1500 train_time:780.363s step_avg:664.14ms
step:1176/1500 train_time:781.021s step_avg:664.13ms
step:1177/1500 train_time:781.684s step_avg:664.13ms
step:1178/1500 train_time:782.345s step_avg:664.13ms
step:1179/1500 train_time:783.007s step_avg:664.13ms
step:1180/1500 train_time:783.669s step_avg:664.13ms
step:1181/1500 train_time:784.328s step_avg:664.12ms
step:1182/1500 train_time:784.993s step_avg:664.12ms
step:1183/1500 train_time:785.653s step_avg:664.12ms
step:1184/1500 train_time:786.313s step_avg:664.12ms
step:1185/1500 train_time:786.976s step_avg:664.11ms
step:1186/1500 train_time:787.636s step_avg:664.11ms
step:1187/1500 train_time:788.298s step_avg:664.11ms
step:1188/1500 train_time:788.960s step_avg:664.11ms
step:1189/1500 train_time:789.620s step_avg:664.10ms
step:1190/1500 train_time:790.283s step_avg:664.10ms
step:1191/1500 train_time:790.943s step_avg:664.10ms
step:1192/1500 train_time:791.604s step_avg:664.10ms
step:1193/1500 train_time:792.265s step_avg:664.09ms
step:1194/1500 train_time:792.923s step_avg:664.09ms
step:1195/1500 train_time:793.584s step_avg:664.09ms
step:1196/1500 train_time:794.244s step_avg:664.08ms
step:1197/1500 train_time:794.905s step_avg:664.08ms
step:1198/1500 train_time:795.563s step_avg:664.08ms
step:1199/1500 train_time:796.224s step_avg:664.07ms
step:1200/1500 train_time:796.883s step_avg:664.07ms
step:1201/1500 train_time:797.545s step_avg:664.07ms
step:1202/1500 train_time:798.204s step_avg:664.06ms
step:1203/1500 train_time:798.866s step_avg:664.06ms
step:1204/1500 train_time:799.526s step_avg:664.06ms
step:1205/1500 train_time:800.192s step_avg:664.06ms
step:1206/1500 train_time:800.850s step_avg:664.05ms
step:1207/1500 train_time:801.512s step_avg:664.05ms
step:1208/1500 train_time:802.174s step_avg:664.05ms
step:1209/1500 train_time:802.832s step_avg:664.05ms
step:1210/1500 train_time:803.497s step_avg:664.05ms
step:1211/1500 train_time:804.158s step_avg:664.04ms
step:1212/1500 train_time:804.820s step_avg:664.04ms
step:1213/1500 train_time:805.482s step_avg:664.04ms
step:1214/1500 train_time:806.140s step_avg:664.04ms
step:1215/1500 train_time:806.802s step_avg:664.03ms
step:1216/1500 train_time:807.462s step_avg:664.03ms
step:1217/1500 train_time:808.121s step_avg:664.03ms
step:1218/1500 train_time:808.784s step_avg:664.03ms
step:1219/1500 train_time:809.444s step_avg:664.02ms
step:1220/1500 train_time:810.106s step_avg:664.02ms
step:1221/1500 train_time:810.767s step_avg:664.02ms
step:1222/1500 train_time:811.428s step_avg:664.02ms
step:1223/1500 train_time:812.093s step_avg:664.02ms
step:1224/1500 train_time:812.754s step_avg:664.01ms
step:1225/1500 train_time:813.414s step_avg:664.01ms
step:1226/1500 train_time:814.077s step_avg:664.01ms
step:1227/1500 train_time:814.736s step_avg:664.01ms
step:1228/1500 train_time:815.399s step_avg:664.01ms
step:1229/1500 train_time:816.059s step_avg:664.00ms
step:1230/1500 train_time:816.719s step_avg:664.00ms
step:1231/1500 train_time:817.380s step_avg:664.00ms
step:1232/1500 train_time:818.041s step_avg:663.99ms
step:1233/1500 train_time:818.702s step_avg:663.99ms
step:1234/1500 train_time:819.363s step_avg:663.99ms
step:1235/1500 train_time:820.022s step_avg:663.99ms
step:1236/1500 train_time:820.684s step_avg:663.98ms
step:1237/1500 train_time:821.344s step_avg:663.98ms
step:1238/1500 train_time:822.007s step_avg:663.98ms
step:1239/1500 train_time:822.668s step_avg:663.98ms
step:1240/1500 train_time:823.330s step_avg:663.98ms
step:1241/1500 train_time:823.994s step_avg:663.98ms
step:1242/1500 train_time:824.652s step_avg:663.97ms
step:1243/1500 train_time:825.315s step_avg:663.97ms
step:1244/1500 train_time:825.976s step_avg:663.97ms
step:1245/1500 train_time:826.636s step_avg:663.96ms
step:1246/1500 train_time:827.299s step_avg:663.96ms
step:1247/1500 train_time:827.961s step_avg:663.96ms
step:1248/1500 train_time:828.620s step_avg:663.96ms
step:1249/1500 train_time:829.281s step_avg:663.96ms
step:1250/1500 train_time:829.942s step_avg:663.95ms
step:1250/1500 val_loss:3.49691 train_time:829.952s step_avg:661.33ms
step:1251/1500 train_time:830.611s step_avg:663.96ms
step:1252/1500 train_time:831.270s step_avg:663.95ms
step:1253/1500 train_time:831.931s step_avg:663.95ms
step:1254/1500 train_time:832.590s step_avg:663.95ms
step:1255/1500 train_time:833.251s step_avg:663.94ms
step:1256/1500 train_time:833.908s step_avg:663.94ms
step:1257/1500 train_time:834.569s step_avg:663.94ms
step:1258/1500 train_time:835.226s step_avg:663.93ms
step:1259/1500 train_time:835.887s step_avg:663.93ms
step:1260/1500 train_time:836.548s step_avg:663.93ms
step:1261/1500 train_time:837.208s step_avg:663.92ms
step:1262/1500 train_time:837.871s step_avg:663.92ms
step:1263/1500 train_time:838.531s step_avg:663.92ms
step:1264/1500 train_time:839.195s step_avg:663.92ms
step:1265/1500 train_time:839.858s step_avg:663.92ms
step:1266/1500 train_time:840.516s step_avg:663.91ms
step:1267/1500 train_time:841.184s step_avg:663.92ms
step:1268/1500 train_time:841.843s step_avg:663.91ms
step:1269/1500 train_time:842.506s step_avg:663.91ms
step:1270/1500 train_time:843.168s step_avg:663.91ms
step:1271/1500 train_time:843.828s step_avg:663.91ms
step:1272/1500 train_time:844.488s step_avg:663.91ms
step:1273/1500 train_time:845.148s step_avg:663.90ms
step:1274/1500 train_time:845.809s step_avg:663.90ms
step:1275/1500 train_time:846.471s step_avg:663.90ms
step:1276/1500 train_time:847.130s step_avg:663.89ms
step:1277/1500 train_time:847.790s step_avg:663.89ms
step:1278/1500 train_time:848.452s step_avg:663.89ms
step:1279/1500 train_time:849.112s step_avg:663.89ms
step:1280/1500 train_time:849.775s step_avg:663.89ms
step:1281/1500 train_time:850.438s step_avg:663.89ms
step:1282/1500 train_time:851.099s step_avg:663.88ms
step:1283/1500 train_time:851.763s step_avg:663.88ms
step:1284/1500 train_time:852.421s step_avg:663.88ms
step:1285/1500 train_time:853.083s step_avg:663.88ms
step:1286/1500 train_time:853.745s step_avg:663.88ms
step:1287/1500 train_time:854.406s step_avg:663.87ms
step:1288/1500 train_time:855.067s step_avg:663.87ms
step:1289/1500 train_time:855.728s step_avg:663.87ms
step:1290/1500 train_time:856.389s step_avg:663.87ms
step:1291/1500 train_time:857.048s step_avg:663.86ms
step:1292/1500 train_time:857.708s step_avg:663.86ms
step:1293/1500 train_time:858.371s step_avg:663.86ms
step:1294/1500 train_time:859.030s step_avg:663.86ms
step:1295/1500 train_time:859.692s step_avg:663.85ms
step:1296/1500 train_time:860.352s step_avg:663.85ms
step:1297/1500 train_time:861.012s step_avg:663.85ms
step:1298/1500 train_time:861.677s step_avg:663.85ms
step:1299/1500 train_time:862.339s step_avg:663.85ms
step:1300/1500 train_time:863.003s step_avg:663.85ms
step:1301/1500 train_time:863.666s step_avg:663.85ms
step:1302/1500 train_time:864.324s step_avg:663.84ms
step:1303/1500 train_time:864.986s step_avg:663.84ms
step:1304/1500 train_time:865.648s step_avg:663.84ms
step:1305/1500 train_time:866.308s step_avg:663.84ms
step:1306/1500 train_time:866.971s step_avg:663.84ms
step:1307/1500 train_time:867.630s step_avg:663.83ms
step:1308/1500 train_time:868.292s step_avg:663.83ms
step:1309/1500 train_time:868.952s step_avg:663.83ms
step:1310/1500 train_time:869.611s step_avg:663.82ms
step:1311/1500 train_time:870.272s step_avg:663.82ms
step:1312/1500 train_time:870.931s step_avg:663.82ms
step:1313/1500 train_time:871.594s step_avg:663.82ms
step:1314/1500 train_time:872.253s step_avg:663.82ms
step:1315/1500 train_time:872.914s step_avg:663.81ms
step:1316/1500 train_time:873.577s step_avg:663.81ms
step:1317/1500 train_time:874.238s step_avg:663.81ms
step:1318/1500 train_time:874.903s step_avg:663.81ms
step:1319/1500 train_time:875.566s step_avg:663.81ms
step:1320/1500 train_time:876.226s step_avg:663.81ms
step:1321/1500 train_time:876.887s step_avg:663.81ms
step:1322/1500 train_time:877.548s step_avg:663.80ms
step:1323/1500 train_time:878.209s step_avg:663.80ms
step:1324/1500 train_time:878.872s step_avg:663.80ms
step:1325/1500 train_time:879.531s step_avg:663.80ms
step:1326/1500 train_time:880.193s step_avg:663.80ms
step:1327/1500 train_time:880.852s step_avg:663.79ms
step:1328/1500 train_time:881.511s step_avg:663.79ms
step:1329/1500 train_time:882.173s step_avg:663.79ms
step:1330/1500 train_time:882.832s step_avg:663.78ms
step:1331/1500 train_time:883.510s step_avg:663.79ms
step:1332/1500 train_time:884.172s step_avg:663.79ms
step:1333/1500 train_time:884.831s step_avg:663.79ms
step:1334/1500 train_time:885.494s step_avg:663.79ms
step:1335/1500 train_time:886.155s step_avg:663.79ms
step:1336/1500 train_time:886.814s step_avg:663.78ms
step:1337/1500 train_time:887.480s step_avg:663.78ms
step:1338/1500 train_time:888.137s step_avg:663.78ms
step:1339/1500 train_time:888.803s step_avg:663.78ms
step:1340/1500 train_time:889.464s step_avg:663.78ms
step:1341/1500 train_time:890.125s step_avg:663.78ms
step:1342/1500 train_time:890.788s step_avg:663.78ms
step:1343/1500 train_time:891.448s step_avg:663.77ms
step:1344/1500 train_time:892.108s step_avg:663.77ms
step:1345/1500 train_time:892.771s step_avg:663.77ms
step:1346/1500 train_time:893.428s step_avg:663.77ms
step:1347/1500 train_time:894.090s step_avg:663.76ms
step:1348/1500 train_time:894.749s step_avg:663.76ms
step:1349/1500 train_time:895.408s step_avg:663.76ms
step:1350/1500 train_time:896.071s step_avg:663.76ms
step:1351/1500 train_time:896.729s step_avg:663.75ms
step:1352/1500 train_time:897.391s step_avg:663.75ms
step:1353/1500 train_time:898.052s step_avg:663.75ms
step:1354/1500 train_time:898.711s step_avg:663.75ms
step:1355/1500 train_time:899.374s step_avg:663.74ms
step:1356/1500 train_time:900.034s step_avg:663.74ms
step:1357/1500 train_time:900.695s step_avg:663.74ms
step:1358/1500 train_time:901.357s step_avg:663.74ms
step:1359/1500 train_time:902.017s step_avg:663.74ms
step:1360/1500 train_time:902.683s step_avg:663.74ms
step:1361/1500 train_time:903.343s step_avg:663.73ms
step:1362/1500 train_time:904.004s step_avg:663.73ms
step:1363/1500 train_time:904.666s step_avg:663.73ms
step:1364/1500 train_time:905.326s step_avg:663.73ms
step:1365/1500 train_time:905.988s step_avg:663.73ms
step:1366/1500 train_time:906.649s step_avg:663.73ms
step:1367/1500 train_time:907.308s step_avg:663.72ms
step:1368/1500 train_time:907.971s step_avg:663.72ms
step:1369/1500 train_time:908.629s step_avg:663.72ms
step:1370/1500 train_time:909.292s step_avg:663.72ms
step:1371/1500 train_time:909.951s step_avg:663.71ms
step:1372/1500 train_time:910.610s step_avg:663.71ms
step:1373/1500 train_time:911.271s step_avg:663.71ms
step:1374/1500 train_time:911.929s step_avg:663.70ms
step:1375/1500 train_time:912.590s step_avg:663.70ms
step:1375/1500 val_loss:3.45939 train_time:912.601s step_avg:661.19ms
step:1376/1500 train_time:913.260s step_avg:663.71ms
step:1377/1500 train_time:913.916s step_avg:663.70ms
step:1378/1500 train_time:914.582s step_avg:663.70ms
step:1379/1500 train_time:915.242s step_avg:663.70ms
step:1380/1500 train_time:915.902s step_avg:663.70ms
step:1381/1500 train_time:916.570s step_avg:663.70ms
step:1382/1500 train_time:917.227s step_avg:663.70ms
step:1383/1500 train_time:917.892s step_avg:663.70ms
step:1384/1500 train_time:918.553s step_avg:663.69ms
step:1385/1500 train_time:919.214s step_avg:663.69ms
step:1386/1500 train_time:919.876s step_avg:663.69ms
step:1387/1500 train_time:920.536s step_avg:663.69ms
step:1388/1500 train_time:921.196s step_avg:663.69ms
step:1389/1500 train_time:921.860s step_avg:663.69ms
step:1390/1500 train_time:922.521s step_avg:663.68ms
step:1391/1500 train_time:923.183s step_avg:663.68ms
step:1392/1500 train_time:923.844s step_avg:663.68ms
step:1393/1500 train_time:924.506s step_avg:663.68ms
step:1394/1500 train_time:925.170s step_avg:663.68ms
step:1395/1500 train_time:925.826s step_avg:663.67ms
step:1396/1500 train_time:926.489s step_avg:663.67ms
step:1397/1500 train_time:927.151s step_avg:663.67ms
step:1398/1500 train_time:927.812s step_avg:663.67ms
step:1399/1500 train_time:928.475s step_avg:663.67ms
step:1400/1500 train_time:929.136s step_avg:663.67ms
step:1401/1500 train_time:929.796s step_avg:663.67ms
step:1402/1500 train_time:930.458s step_avg:663.66ms
step:1403/1500 train_time:931.116s step_avg:663.66ms
step:1404/1500 train_time:931.778s step_avg:663.66ms
step:1405/1500 train_time:932.436s step_avg:663.66ms
step:1406/1500 train_time:933.096s step_avg:663.65ms
step:1407/1500 train_time:933.759s step_avg:663.65ms
step:1408/1500 train_time:934.419s step_avg:663.65ms
step:1409/1500 train_time:935.082s step_avg:663.65ms
step:1410/1500 train_time:935.743s step_avg:663.65ms
step:1411/1500 train_time:936.404s step_avg:663.65ms
step:1412/1500 train_time:937.071s step_avg:663.65ms
step:1413/1500 train_time:937.732s step_avg:663.65ms
step:1414/1500 train_time:938.394s step_avg:663.65ms
step:1415/1500 train_time:939.055s step_avg:663.64ms
step:1416/1500 train_time:939.715s step_avg:663.64ms
step:1417/1500 train_time:940.376s step_avg:663.64ms
step:1418/1500 train_time:941.037s step_avg:663.64ms
step:1419/1500 train_time:941.699s step_avg:663.64ms
step:1420/1500 train_time:942.360s step_avg:663.63ms
step:1421/1500 train_time:943.022s step_avg:663.63ms
step:1422/1500 train_time:943.685s step_avg:663.63ms
step:1423/1500 train_time:944.347s step_avg:663.63ms
step:1424/1500 train_time:945.006s step_avg:663.63ms
step:1425/1500 train_time:945.673s step_avg:663.63ms
step:1426/1500 train_time:946.333s step_avg:663.63ms
step:1427/1500 train_time:946.995s step_avg:663.63ms
step:1428/1500 train_time:947.657s step_avg:663.63ms
step:1429/1500 train_time:948.316s step_avg:663.62ms
step:1430/1500 train_time:948.977s step_avg:663.62ms
step:1431/1500 train_time:949.638s step_avg:663.62ms
step:1432/1500 train_time:950.296s step_avg:663.61ms
step:1433/1500 train_time:950.961s step_avg:663.62ms
step:1434/1500 train_time:951.621s step_avg:663.61ms
step:1435/1500 train_time:952.283s step_avg:663.61ms
step:1436/1500 train_time:952.946s step_avg:663.61ms
step:1437/1500 train_time:953.605s step_avg:663.61ms
step:1438/1500 train_time:954.272s step_avg:663.61ms
step:1439/1500 train_time:954.933s step_avg:663.61ms
step:1440/1500 train_time:955.596s step_avg:663.61ms
step:1441/1500 train_time:956.258s step_avg:663.61ms
step:1442/1500 train_time:956.918s step_avg:663.60ms
step:1443/1500 train_time:957.580s step_avg:663.60ms
step:1444/1500 train_time:958.240s step_avg:663.60ms
step:1445/1500 train_time:958.899s step_avg:663.60ms
step:1446/1500 train_time:959.561s step_avg:663.60ms
step:1447/1500 train_time:960.222s step_avg:663.60ms
step:1448/1500 train_time:960.886s step_avg:663.60ms
step:1449/1500 train_time:961.551s step_avg:663.60ms
step:1450/1500 train_time:962.207s step_avg:663.59ms
step:1451/1500 train_time:962.873s step_avg:663.59ms
step:1452/1500 train_time:963.534s step_avg:663.59ms
step:1453/1500 train_time:964.195s step_avg:663.59ms
step:1454/1500 train_time:964.856s step_avg:663.59ms
step:1455/1500 train_time:965.516s step_avg:663.58ms
step:1456/1500 train_time:966.177s step_avg:663.58ms
step:1457/1500 train_time:966.839s step_avg:663.58ms
step:1458/1500 train_time:967.498s step_avg:663.58ms
step:1459/1500 train_time:968.160s step_avg:663.58ms
step:1460/1500 train_time:968.820s step_avg:663.58ms
step:1461/1500 train_time:969.479s step_avg:663.57ms
step:1462/1500 train_time:970.139s step_avg:663.57ms
step:1463/1500 train_time:970.797s step_avg:663.57ms
step:1464/1500 train_time:971.461s step_avg:663.57ms
step:1465/1500 train_time:972.120s step_avg:663.56ms
step:1466/1500 train_time:972.782s step_avg:663.56ms
step:1467/1500 train_time:973.443s step_avg:663.56ms
step:1468/1500 train_time:974.103s step_avg:663.56ms
step:1469/1500 train_time:974.770s step_avg:663.56ms
step:1470/1500 train_time:975.427s step_avg:663.56ms
step:1471/1500 train_time:976.091s step_avg:663.56ms
step:1472/1500 train_time:976.752s step_avg:663.55ms
step:1473/1500 train_time:977.413s step_avg:663.55ms
step:1474/1500 train_time:978.077s step_avg:663.55ms
step:1475/1500 train_time:978.737s step_avg:663.55ms
step:1476/1500 train_time:979.398s step_avg:663.55ms
step:1477/1500 train_time:980.059s step_avg:663.55ms
step:1478/1500 train_time:980.720s step_avg:663.55ms
step:1479/1500 train_time:981.378s step_avg:663.54ms
step:1480/1500 train_time:982.040s step_avg:663.54ms
step:1481/1500 train_time:982.698s step_avg:663.54ms
step:1482/1500 train_time:983.361s step_avg:663.54ms
step:1483/1500 train_time:984.021s step_avg:663.53ms
step:1484/1500 train_time:984.681s step_avg:663.53ms
step:1485/1500 train_time:985.342s step_avg:663.53ms
step:1486/1500 train_time:986.001s step_avg:663.53ms
step:1487/1500 train_time:986.663s step_avg:663.53ms
step:1488/1500 train_time:987.325s step_avg:663.52ms
step:1489/1500 train_time:987.990s step_avg:663.53ms
step:1490/1500 train_time:988.651s step_avg:663.52ms
step:1491/1500 train_time:989.312s step_avg:663.52ms
step:1492/1500 train_time:989.975s step_avg:663.52ms
step:1493/1500 train_time:990.636s step_avg:663.52ms
step:1494/1500 train_time:991.298s step_avg:663.52ms
step:1495/1500 train_time:991.958s step_avg:663.52ms
step:1496/1500 train_time:992.617s step_avg:663.51ms
step:1497/1500 train_time:993.278s step_avg:663.51ms
step:1498/1500 train_time:993.938s step_avg:663.51ms
step:1499/1500 train_time:994.598s step_avg:663.51ms
step:1500/1500 train_time:995.261s step_avg:663.51ms
step:1500/1500 val_loss:3.43558 train_time:995.272s step_avg:661.37ms
