Running: torchrun --standalone --nproc_per_node=4 records/track_3_optimization/train_gpt_simple_leonh.py --trials 1 --out-dir records/track_3_optimization/runs/leonh/20260514-precond-side/output_1500_4gpu --set train_steps=1500 --set leon_lr=0.0175 --set leon_beta2=0.6 --set leon_mu=0.95 --set leon_ns_iters=12 --set leon_orthogonalize_dtype=float32 --set leon_eps=1e-12 --set leon_cooldown_frac=1.0 --set leon_precondition_side=output
W0514 11:40:51.631000 525786 /ssd1/rj23424/venvs/modded-nanogpt/lib/python3.12/site-packages/torch/distributed/run.py:851] 
W0514 11:40:51.631000 525786 /ssd1/rj23424/venvs/modded-nanogpt/lib/python3.12/site-packages/torch/distributed/run.py:851] *****************************************
W0514 11:40:51.631000 525786 /ssd1/rj23424/venvs/modded-nanogpt/lib/python3.12/site-packages/torch/distributed/run.py:851] Setting OMP_NUM_THREADS environment variable for each process to be 1 in default, to avoid your system being overloaded, please further tune the variable for optimal performance in your application as needed. 
W0514 11:40:51.631000 525786 /ssd1/rj23424/venvs/modded-nanogpt/lib/python3.12/site-packages/torch/distributed/run.py:851] *****************************************
records/track_3_optimization/runs/leonh/20260514-precond-side/output_1500_4gpu/train.log
step:0/1500 val_loss:11.01109 train_time:0.000s step_avg:nanms
step:1/1500 train_time:2.667s step_avg:2666.63ms
step:2/1500 train_time:3.328s step_avg:1663.88ms
step:3/1500 train_time:3.992s step_avg:1330.61ms
step:4/1500 train_time:4.650s step_avg:1162.46ms
step:5/1500 train_time:5.312s step_avg:1062.47ms
step:6/1500 train_time:5.976s step_avg:995.94ms
step:7/1500 train_time:6.635s step_avg:947.88ms
step:8/1500 train_time:7.300s step_avg:912.47ms
step:9/1500 train_time:7.962s step_avg:884.72ms
step:10/1500 train_time:8.626s step_avg:862.64ms
step:11/1500 train_time:9.291s step_avg:844.62ms
step:12/1500 train_time:9.953s step_avg:829.45ms
step:13/1500 train_time:10.617s step_avg:816.67ms
step:14/1500 train_time:11.280s step_avg:805.73ms
step:15/1500 train_time:11.944s step_avg:796.24ms
step:16/1500 train_time:12.609s step_avg:788.08ms
step:17/1500 train_time:13.273s step_avg:780.75ms
step:18/1500 train_time:13.936s step_avg:774.23ms
step:19/1500 train_time:14.603s step_avg:768.57ms
step:20/1500 train_time:15.271s step_avg:763.56ms
step:21/1500 train_time:15.934s step_avg:758.78ms
step:22/1500 train_time:16.598s step_avg:754.45ms
step:23/1500 train_time:17.266s step_avg:750.69ms
step:24/1500 train_time:17.928s step_avg:746.99ms
step:25/1500 train_time:18.596s step_avg:743.83ms
step:26/1500 train_time:19.260s step_avg:740.76ms
step:27/1500 train_time:19.932s step_avg:738.22ms
step:28/1500 train_time:20.595s step_avg:735.55ms
step:29/1500 train_time:21.263s step_avg:733.20ms
step:30/1500 train_time:21.926s step_avg:730.86ms
step:31/1500 train_time:22.591s step_avg:728.74ms
step:32/1500 train_time:23.253s step_avg:726.67ms
step:33/1500 train_time:23.919s step_avg:724.81ms
step:34/1500 train_time:24.583s step_avg:723.02ms
step:35/1500 train_time:25.249s step_avg:721.41ms
step:36/1500 train_time:25.913s step_avg:719.82ms
step:37/1500 train_time:26.576s step_avg:718.28ms
step:38/1500 train_time:27.238s step_avg:716.79ms
step:39/1500 train_time:27.909s step_avg:715.61ms
step:40/1500 train_time:28.571s step_avg:714.29ms
step:41/1500 train_time:29.236s step_avg:713.06ms
step:42/1500 train_time:29.903s step_avg:711.98ms
step:43/1500 train_time:30.568s step_avg:710.89ms
step:44/1500 train_time:31.233s step_avg:709.84ms
step:45/1500 train_time:31.898s step_avg:708.83ms
step:46/1500 train_time:32.562s step_avg:707.87ms
step:47/1500 train_time:33.228s step_avg:706.98ms
step:48/1500 train_time:33.894s step_avg:706.13ms
step:49/1500 train_time:34.555s step_avg:705.20ms
step:50/1500 train_time:35.221s step_avg:704.41ms
step:51/1500 train_time:35.888s step_avg:703.68ms
step:52/1500 train_time:36.550s step_avg:702.89ms
step:53/1500 train_time:37.217s step_avg:702.20ms
step:54/1500 train_time:37.880s step_avg:701.49ms
step:55/1500 train_time:38.544s step_avg:700.81ms
step:56/1500 train_time:39.212s step_avg:700.21ms
step:57/1500 train_time:39.877s step_avg:699.59ms
step:58/1500 train_time:40.540s step_avg:698.97ms
step:59/1500 train_time:41.216s step_avg:698.57ms
step:60/1500 train_time:41.880s step_avg:698.00ms
step:61/1500 train_time:42.549s step_avg:697.53ms
step:62/1500 train_time:43.219s step_avg:697.08ms
step:63/1500 train_time:43.886s step_avg:696.60ms
step:64/1500 train_time:44.553s step_avg:696.14ms
step:65/1500 train_time:45.227s step_avg:695.80ms
step:66/1500 train_time:45.889s step_avg:695.29ms
step:67/1500 train_time:46.554s step_avg:694.84ms
step:68/1500 train_time:47.222s step_avg:694.44ms
step:69/1500 train_time:47.893s step_avg:694.10ms
step:70/1500 train_time:48.556s step_avg:693.66ms
step:71/1500 train_time:49.223s step_avg:693.28ms
step:72/1500 train_time:49.889s step_avg:692.91ms
step:73/1500 train_time:50.552s step_avg:692.50ms
step:74/1500 train_time:51.218s step_avg:692.14ms
step:75/1500 train_time:51.881s step_avg:691.75ms
step:76/1500 train_time:52.547s step_avg:691.41ms
step:77/1500 train_time:53.211s step_avg:691.05ms
step:78/1500 train_time:53.876s step_avg:690.72ms
step:79/1500 train_time:54.541s step_avg:690.39ms
step:80/1500 train_time:55.212s step_avg:690.16ms
step:81/1500 train_time:55.876s step_avg:689.82ms
step:82/1500 train_time:56.541s step_avg:689.53ms
step:83/1500 train_time:57.214s step_avg:689.32ms
step:84/1500 train_time:57.877s step_avg:689.01ms
step:85/1500 train_time:58.541s step_avg:688.72ms
step:86/1500 train_time:59.214s step_avg:688.54ms
step:87/1500 train_time:59.879s step_avg:688.27ms
step:88/1500 train_time:60.544s step_avg:688.01ms
step:89/1500 train_time:61.212s step_avg:687.78ms
step:90/1500 train_time:61.877s step_avg:687.53ms
step:91/1500 train_time:62.542s step_avg:687.27ms
step:92/1500 train_time:63.213s step_avg:687.10ms
step:93/1500 train_time:63.877s step_avg:686.85ms
step:94/1500 train_time:64.544s step_avg:686.63ms
step:95/1500 train_time:65.211s step_avg:686.44ms
step:96/1500 train_time:65.875s step_avg:686.19ms
step:97/1500 train_time:66.540s step_avg:685.98ms
step:98/1500 train_time:67.208s step_avg:685.80ms
step:99/1500 train_time:67.873s step_avg:685.59ms
step:100/1500 train_time:68.538s step_avg:685.38ms
step:101/1500 train_time:69.207s step_avg:685.22ms
step:102/1500 train_time:69.873s step_avg:685.03ms
step:103/1500 train_time:70.539s step_avg:684.84ms
step:104/1500 train_time:71.208s step_avg:684.69ms
step:105/1500 train_time:71.874s step_avg:684.51ms
step:106/1500 train_time:72.539s step_avg:684.33ms
step:107/1500 train_time:73.209s step_avg:684.19ms
step:108/1500 train_time:73.873s step_avg:684.01ms
step:109/1500 train_time:74.538s step_avg:683.83ms
step:110/1500 train_time:75.207s step_avg:683.70ms
step:111/1500 train_time:75.869s step_avg:683.50ms
step:112/1500 train_time:76.535s step_avg:683.35ms
step:113/1500 train_time:77.199s step_avg:683.18ms
step:114/1500 train_time:77.868s step_avg:683.05ms
step:115/1500 train_time:78.532s step_avg:682.89ms
step:116/1500 train_time:79.197s step_avg:682.73ms
step:117/1500 train_time:79.860s step_avg:682.57ms
step:118/1500 train_time:80.533s step_avg:682.48ms
step:119/1500 train_time:81.195s step_avg:682.31ms
step:120/1500 train_time:81.860s step_avg:682.17ms
step:121/1500 train_time:82.531s step_avg:682.07ms
step:122/1500 train_time:83.195s step_avg:681.92ms
step:123/1500 train_time:83.858s step_avg:681.77ms
step:124/1500 train_time:84.525s step_avg:681.65ms
step:125/1500 train_time:85.191s step_avg:681.53ms
step:125/1500 val_loss:4.81992 train_time:85.202s step_avg:681.61ms
step:126/1500 train_time:85.870s step_avg:681.50ms
step:127/1500 train_time:86.529s step_avg:681.33ms
step:128/1500 train_time:87.201s step_avg:681.26ms
step:129/1500 train_time:87.865s step_avg:681.12ms
step:130/1500 train_time:88.529s step_avg:680.99ms
step:131/1500 train_time:89.193s step_avg:680.86ms
step:132/1500 train_time:89.859s step_avg:680.75ms
step:133/1500 train_time:90.523s step_avg:680.63ms
step:134/1500 train_time:91.188s step_avg:680.51ms
step:135/1500 train_time:91.850s step_avg:680.37ms
step:136/1500 train_time:92.513s step_avg:680.25ms
step:137/1500 train_time:93.183s step_avg:680.16ms
step:138/1500 train_time:93.847s step_avg:680.05ms
step:139/1500 train_time:94.511s step_avg:679.94ms
step:140/1500 train_time:95.181s step_avg:679.86ms
step:141/1500 train_time:95.844s step_avg:679.75ms
step:142/1500 train_time:96.511s step_avg:679.65ms
step:143/1500 train_time:97.177s step_avg:679.56ms
step:144/1500 train_time:97.842s step_avg:679.46ms
step:145/1500 train_time:98.508s step_avg:679.36ms
step:146/1500 train_time:99.173s step_avg:679.26ms
step:147/1500 train_time:99.839s step_avg:679.18ms
step:148/1500 train_time:100.505s step_avg:679.09ms
step:149/1500 train_time:101.169s step_avg:678.99ms
step:150/1500 train_time:101.832s step_avg:678.88ms
step:151/1500 train_time:102.498s step_avg:678.80ms
step:152/1500 train_time:103.162s step_avg:678.70ms
step:153/1500 train_time:103.826s step_avg:678.60ms
step:154/1500 train_time:104.492s step_avg:678.52ms
step:155/1500 train_time:105.154s step_avg:678.41ms
step:156/1500 train_time:105.818s step_avg:678.32ms
step:157/1500 train_time:106.485s step_avg:678.25ms
step:158/1500 train_time:107.148s step_avg:678.15ms
step:159/1500 train_time:107.810s step_avg:678.05ms
step:160/1500 train_time:108.475s step_avg:677.97ms
step:161/1500 train_time:109.142s step_avg:677.90ms
step:162/1500 train_time:109.806s step_avg:677.82ms
step:163/1500 train_time:110.469s step_avg:677.73ms
step:164/1500 train_time:111.134s step_avg:677.64ms
step:165/1500 train_time:111.803s step_avg:677.59ms
step:166/1500 train_time:112.465s step_avg:677.50ms
step:167/1500 train_time:113.130s step_avg:677.42ms
step:168/1500 train_time:113.793s step_avg:677.34ms
step:169/1500 train_time:114.459s step_avg:677.27ms
step:170/1500 train_time:115.120s step_avg:677.17ms
step:171/1500 train_time:115.787s step_avg:677.12ms
step:172/1500 train_time:116.449s step_avg:677.03ms
step:173/1500 train_time:117.111s step_avg:676.94ms
step:174/1500 train_time:117.773s step_avg:676.85ms
step:175/1500 train_time:118.441s step_avg:676.81ms
step:176/1500 train_time:119.103s step_avg:676.72ms
step:177/1500 train_time:119.769s step_avg:676.66ms
step:178/1500 train_time:120.429s step_avg:676.57ms
step:179/1500 train_time:121.095s step_avg:676.51ms
step:180/1500 train_time:121.760s step_avg:676.45ms
step:181/1500 train_time:122.422s step_avg:676.36ms
step:182/1500 train_time:123.087s step_avg:676.30ms
step:183/1500 train_time:123.749s step_avg:676.23ms
step:184/1500 train_time:124.412s step_avg:676.15ms
step:185/1500 train_time:125.076s step_avg:676.09ms
step:186/1500 train_time:125.743s step_avg:676.04ms
step:187/1500 train_time:126.406s step_avg:675.97ms
step:188/1500 train_time:127.070s step_avg:675.91ms
step:189/1500 train_time:127.733s step_avg:675.84ms
step:190/1500 train_time:128.398s step_avg:675.78ms
step:191/1500 train_time:129.215s step_avg:676.52ms
step:192/1500 train_time:129.880s step_avg:676.46ms
step:193/1500 train_time:130.544s step_avg:676.39ms
step:194/1500 train_time:131.212s step_avg:676.35ms
step:195/1500 train_time:131.873s step_avg:676.27ms
step:196/1500 train_time:132.545s step_avg:676.25ms
step:197/1500 train_time:133.209s step_avg:676.19ms
step:198/1500 train_time:133.877s step_avg:676.15ms
step:199/1500 train_time:134.538s step_avg:676.07ms
step:200/1500 train_time:135.206s step_avg:676.03ms
step:201/1500 train_time:135.872s step_avg:675.98ms
step:202/1500 train_time:136.540s step_avg:675.94ms
step:203/1500 train_time:137.207s step_avg:675.89ms
step:204/1500 train_time:137.875s step_avg:675.86ms
step:205/1500 train_time:138.537s step_avg:675.79ms
step:206/1500 train_time:139.207s step_avg:675.76ms
step:207/1500 train_time:139.869s step_avg:675.70ms
step:208/1500 train_time:140.534s step_avg:675.64ms
step:209/1500 train_time:141.201s step_avg:675.60ms
step:210/1500 train_time:141.864s step_avg:675.54ms
step:211/1500 train_time:142.528s step_avg:675.49ms
step:212/1500 train_time:143.191s step_avg:675.43ms
step:213/1500 train_time:143.855s step_avg:675.38ms
step:214/1500 train_time:144.520s step_avg:675.33ms
step:215/1500 train_time:145.185s step_avg:675.28ms
step:216/1500 train_time:145.846s step_avg:675.21ms
step:217/1500 train_time:146.510s step_avg:675.16ms
step:218/1500 train_time:147.173s step_avg:675.11ms
step:219/1500 train_time:147.838s step_avg:675.06ms
step:220/1500 train_time:148.504s step_avg:675.02ms
step:221/1500 train_time:149.168s step_avg:674.97ms
step:222/1500 train_time:149.829s step_avg:674.90ms
step:223/1500 train_time:150.496s step_avg:674.87ms
step:224/1500 train_time:151.158s step_avg:674.81ms
step:225/1500 train_time:151.825s step_avg:674.78ms
step:226/1500 train_time:152.491s step_avg:674.74ms
step:227/1500 train_time:153.155s step_avg:674.69ms
step:228/1500 train_time:153.816s step_avg:674.63ms
step:229/1500 train_time:154.489s step_avg:674.63ms
step:230/1500 train_time:155.154s step_avg:674.58ms
step:231/1500 train_time:155.815s step_avg:674.52ms
step:232/1500 train_time:156.485s step_avg:674.51ms
step:233/1500 train_time:157.149s step_avg:674.46ms
step:234/1500 train_time:157.820s step_avg:674.44ms
step:235/1500 train_time:158.484s step_avg:674.40ms
step:236/1500 train_time:159.152s step_avg:674.37ms
step:237/1500 train_time:159.813s step_avg:674.32ms
step:238/1500 train_time:160.485s step_avg:674.31ms
step:239/1500 train_time:161.143s step_avg:674.24ms
step:240/1500 train_time:161.810s step_avg:674.21ms
step:241/1500 train_time:162.476s step_avg:674.17ms
step:242/1500 train_time:163.146s step_avg:674.16ms
step:243/1500 train_time:163.813s step_avg:674.13ms
step:244/1500 train_time:164.477s step_avg:674.08ms
step:245/1500 train_time:165.145s step_avg:674.06ms
step:246/1500 train_time:165.810s step_avg:674.02ms
step:247/1500 train_time:166.477s step_avg:673.99ms
step:248/1500 train_time:167.142s step_avg:673.96ms
step:249/1500 train_time:167.805s step_avg:673.91ms
step:250/1500 train_time:168.469s step_avg:673.88ms
step:250/1500 val_loss:4.17669 train_time:168.480s step_avg:666.22ms
step:251/1500 train_time:169.145s step_avg:673.88ms
step:252/1500 train_time:169.803s step_avg:673.82ms
step:253/1500 train_time:170.468s step_avg:673.79ms
step:254/1500 train_time:171.130s step_avg:673.74ms
step:255/1500 train_time:171.795s step_avg:673.71ms
step:256/1500 train_time:172.459s step_avg:673.67ms
step:257/1500 train_time:173.120s step_avg:673.62ms
step:258/1500 train_time:173.785s step_avg:673.58ms
step:259/1500 train_time:174.445s step_avg:673.53ms
step:260/1500 train_time:175.108s step_avg:673.49ms
step:261/1500 train_time:175.775s step_avg:673.47ms
step:262/1500 train_time:176.437s step_avg:673.42ms
step:263/1500 train_time:177.101s step_avg:673.39ms
step:264/1500 train_time:177.764s step_avg:673.35ms
step:265/1500 train_time:178.424s step_avg:673.30ms
step:266/1500 train_time:179.092s step_avg:673.28ms
step:267/1500 train_time:179.753s step_avg:673.23ms
step:268/1500 train_time:180.416s step_avg:673.19ms
step:269/1500 train_time:181.076s step_avg:673.15ms
step:270/1500 train_time:181.740s step_avg:673.11ms
step:271/1500 train_time:182.403s step_avg:673.07ms
step:272/1500 train_time:183.066s step_avg:673.04ms
step:273/1500 train_time:183.729s step_avg:673.00ms
step:274/1500 train_time:184.396s step_avg:672.98ms
step:275/1500 train_time:185.055s step_avg:672.93ms
step:276/1500 train_time:185.719s step_avg:672.89ms
step:277/1500 train_time:186.381s step_avg:672.86ms
step:278/1500 train_time:187.044s step_avg:672.82ms
step:279/1500 train_time:187.705s step_avg:672.78ms
step:280/1500 train_time:188.372s step_avg:672.76ms
step:281/1500 train_time:189.033s step_avg:672.72ms
step:282/1500 train_time:189.697s step_avg:672.68ms
step:283/1500 train_time:190.361s step_avg:672.65ms
step:284/1500 train_time:191.022s step_avg:672.61ms
step:285/1500 train_time:191.688s step_avg:672.59ms
step:286/1500 train_time:192.352s step_avg:672.56ms
step:287/1500 train_time:193.012s step_avg:672.52ms
step:288/1500 train_time:193.678s step_avg:672.49ms
step:289/1500 train_time:194.338s step_avg:672.45ms
step:290/1500 train_time:195.004s step_avg:672.43ms
step:291/1500 train_time:195.666s step_avg:672.39ms
step:292/1500 train_time:196.330s step_avg:672.36ms
step:293/1500 train_time:196.995s step_avg:672.34ms
step:294/1500 train_time:197.657s step_avg:672.30ms
step:295/1500 train_time:198.318s step_avg:672.27ms
step:296/1500 train_time:198.981s step_avg:672.23ms
step:297/1500 train_time:199.644s step_avg:672.20ms
step:298/1500 train_time:200.304s step_avg:672.16ms
step:299/1500 train_time:200.970s step_avg:672.14ms
step:300/1500 train_time:201.634s step_avg:672.11ms
step:301/1500 train_time:202.297s step_avg:672.08ms
step:302/1500 train_time:202.961s step_avg:672.06ms
step:303/1500 train_time:203.623s step_avg:672.02ms
step:304/1500 train_time:204.286s step_avg:671.99ms
step:305/1500 train_time:204.951s step_avg:671.97ms
step:306/1500 train_time:205.610s step_avg:671.93ms
step:307/1500 train_time:206.277s step_avg:671.91ms
step:308/1500 train_time:206.937s step_avg:671.87ms
step:309/1500 train_time:207.600s step_avg:671.85ms
step:310/1500 train_time:208.262s step_avg:671.81ms
step:311/1500 train_time:208.924s step_avg:671.78ms
step:312/1500 train_time:209.587s step_avg:671.75ms
step:313/1500 train_time:210.253s step_avg:671.73ms
step:314/1500 train_time:210.912s step_avg:671.70ms
step:315/1500 train_time:211.579s step_avg:671.68ms
step:316/1500 train_time:212.239s step_avg:671.64ms
step:317/1500 train_time:212.902s step_avg:671.62ms
step:318/1500 train_time:213.566s step_avg:671.59ms
step:319/1500 train_time:214.230s step_avg:671.57ms
step:320/1500 train_time:214.897s step_avg:671.55ms
step:321/1500 train_time:215.558s step_avg:671.52ms
step:322/1500 train_time:216.223s step_avg:671.50ms
step:323/1500 train_time:216.886s step_avg:671.47ms
step:324/1500 train_time:217.550s step_avg:671.45ms
step:325/1500 train_time:218.215s step_avg:671.43ms
step:326/1500 train_time:218.874s step_avg:671.39ms
step:327/1500 train_time:219.539s step_avg:671.37ms
step:328/1500 train_time:220.202s step_avg:671.35ms
step:329/1500 train_time:220.865s step_avg:671.32ms
step:330/1500 train_time:221.526s step_avg:671.29ms
step:331/1500 train_time:222.194s step_avg:671.28ms
step:332/1500 train_time:222.854s step_avg:671.25ms
step:333/1500 train_time:223.515s step_avg:671.22ms
step:334/1500 train_time:224.179s step_avg:671.20ms
step:335/1500 train_time:224.841s step_avg:671.17ms
step:336/1500 train_time:225.504s step_avg:671.14ms
step:337/1500 train_time:226.168s step_avg:671.12ms
step:338/1500 train_time:226.833s step_avg:671.10ms
step:339/1500 train_time:227.495s step_avg:671.08ms
step:340/1500 train_time:228.158s step_avg:671.05ms
step:341/1500 train_time:228.820s step_avg:671.03ms
step:342/1500 train_time:229.483s step_avg:671.00ms
step:343/1500 train_time:230.143s step_avg:670.97ms
step:344/1500 train_time:230.803s step_avg:670.94ms
step:345/1500 train_time:231.467s step_avg:670.92ms
step:346/1500 train_time:232.129s step_avg:670.89ms
step:347/1500 train_time:232.797s step_avg:670.88ms
step:348/1500 train_time:233.458s step_avg:670.86ms
step:349/1500 train_time:234.120s step_avg:670.83ms
step:350/1500 train_time:234.783s step_avg:670.81ms
step:351/1500 train_time:235.445s step_avg:670.78ms
step:352/1500 train_time:236.106s step_avg:670.76ms
step:353/1500 train_time:236.771s step_avg:670.74ms
step:354/1500 train_time:237.435s step_avg:670.72ms
step:355/1500 train_time:238.098s step_avg:670.70ms
step:356/1500 train_time:238.760s step_avg:670.68ms
step:357/1500 train_time:239.421s step_avg:670.65ms
step:358/1500 train_time:240.083s step_avg:670.62ms
step:359/1500 train_time:240.746s step_avg:670.60ms
step:360/1500 train_time:241.407s step_avg:670.57ms
step:361/1500 train_time:242.072s step_avg:670.56ms
step:362/1500 train_time:242.732s step_avg:670.53ms
step:363/1500 train_time:243.399s step_avg:670.52ms
step:364/1500 train_time:244.062s step_avg:670.50ms
step:365/1500 train_time:244.723s step_avg:670.47ms
step:366/1500 train_time:245.386s step_avg:670.45ms
step:367/1500 train_time:246.049s step_avg:670.43ms
step:368/1500 train_time:246.709s step_avg:670.40ms
step:369/1500 train_time:247.383s step_avg:670.41ms
step:370/1500 train_time:248.046s step_avg:670.39ms
step:371/1500 train_time:248.713s step_avg:670.38ms
step:372/1500 train_time:249.376s step_avg:670.37ms
step:373/1500 train_time:250.040s step_avg:670.35ms
step:374/1500 train_time:250.704s step_avg:670.33ms
step:375/1500 train_time:251.367s step_avg:670.31ms
step:375/1500 val_loss:3.97025 train_time:251.378s step_avg:663.18ms
step:376/1500 train_time:252.040s step_avg:670.32ms
step:377/1500 train_time:252.696s step_avg:670.28ms
step:378/1500 train_time:253.365s step_avg:670.28ms
step:379/1500 train_time:254.023s step_avg:670.25ms
step:380/1500 train_time:254.689s step_avg:670.24ms
step:381/1500 train_time:255.367s step_avg:670.25ms
step:382/1500 train_time:256.028s step_avg:670.23ms
step:383/1500 train_time:256.689s step_avg:670.21ms
step:384/1500 train_time:257.354s step_avg:670.19ms
step:385/1500 train_time:258.014s step_avg:670.17ms
step:386/1500 train_time:258.678s step_avg:670.15ms
step:387/1500 train_time:259.340s step_avg:670.13ms
step:388/1500 train_time:260.002s step_avg:670.11ms
step:389/1500 train_time:260.670s step_avg:670.10ms
step:390/1500 train_time:261.331s step_avg:670.08ms
step:391/1500 train_time:261.994s step_avg:670.06ms
step:392/1500 train_time:262.657s step_avg:670.04ms
step:393/1500 train_time:263.322s step_avg:670.03ms
step:394/1500 train_time:263.987s step_avg:670.02ms
step:395/1500 train_time:264.648s step_avg:670.00ms
step:396/1500 train_time:265.311s step_avg:669.98ms
step:397/1500 train_time:265.975s step_avg:669.96ms
step:398/1500 train_time:266.636s step_avg:669.94ms
step:399/1500 train_time:267.300s step_avg:669.92ms
step:400/1500 train_time:267.962s step_avg:669.91ms
step:401/1500 train_time:268.627s step_avg:669.89ms
step:402/1500 train_time:269.288s step_avg:669.87ms
step:403/1500 train_time:269.951s step_avg:669.85ms
step:404/1500 train_time:270.612s step_avg:669.83ms
step:405/1500 train_time:271.275s step_avg:669.81ms
step:406/1500 train_time:271.939s step_avg:669.80ms
step:407/1500 train_time:272.599s step_avg:669.78ms
step:408/1500 train_time:273.273s step_avg:669.79ms
step:409/1500 train_time:273.934s step_avg:669.76ms
step:410/1500 train_time:274.598s step_avg:669.75ms
step:411/1500 train_time:275.261s step_avg:669.73ms
step:412/1500 train_time:275.930s step_avg:669.73ms
step:413/1500 train_time:276.592s step_avg:669.71ms
step:414/1500 train_time:277.255s step_avg:669.70ms
step:415/1500 train_time:277.916s step_avg:669.68ms
step:416/1500 train_time:278.581s step_avg:669.67ms
step:417/1500 train_time:279.242s step_avg:669.64ms
step:418/1500 train_time:279.907s step_avg:669.63ms
step:419/1500 train_time:280.574s step_avg:669.63ms
step:420/1500 train_time:281.237s step_avg:669.61ms
step:421/1500 train_time:281.897s step_avg:669.59ms
step:422/1500 train_time:282.565s step_avg:669.59ms
step:423/1500 train_time:283.231s step_avg:669.58ms
step:424/1500 train_time:283.899s step_avg:669.57ms
step:425/1500 train_time:284.561s step_avg:669.56ms
step:426/1500 train_time:285.225s step_avg:669.54ms
step:427/1500 train_time:285.893s step_avg:669.54ms
step:428/1500 train_time:286.556s step_avg:669.52ms
step:429/1500 train_time:287.218s step_avg:669.51ms
step:430/1500 train_time:287.882s step_avg:669.49ms
step:431/1500 train_time:288.546s step_avg:669.48ms
step:432/1500 train_time:289.206s step_avg:669.46ms
step:433/1500 train_time:289.870s step_avg:669.45ms
step:434/1500 train_time:290.531s step_avg:669.43ms
step:435/1500 train_time:291.193s step_avg:669.41ms
step:436/1500 train_time:291.855s step_avg:669.39ms
step:437/1500 train_time:292.514s step_avg:669.37ms
step:438/1500 train_time:293.178s step_avg:669.36ms
step:439/1500 train_time:293.839s step_avg:669.34ms
step:440/1500 train_time:294.504s step_avg:669.33ms
step:441/1500 train_time:295.169s step_avg:669.32ms
step:442/1500 train_time:295.830s step_avg:669.30ms
step:443/1500 train_time:296.493s step_avg:669.28ms
step:444/1500 train_time:297.156s step_avg:669.27ms
step:445/1500 train_time:297.819s step_avg:669.26ms
step:446/1500 train_time:298.483s step_avg:669.24ms
step:447/1500 train_time:299.148s step_avg:669.24ms
step:448/1500 train_time:299.807s step_avg:669.21ms
step:449/1500 train_time:300.475s step_avg:669.21ms
step:450/1500 train_time:301.140s step_avg:669.20ms
step:451/1500 train_time:301.800s step_avg:669.18ms
step:452/1500 train_time:302.469s step_avg:669.18ms
step:453/1500 train_time:303.129s step_avg:669.16ms
step:454/1500 train_time:303.796s step_avg:669.15ms
step:455/1500 train_time:304.456s step_avg:669.13ms
step:456/1500 train_time:305.126s step_avg:669.14ms
step:457/1500 train_time:305.788s step_avg:669.12ms
step:458/1500 train_time:306.456s step_avg:669.12ms
step:459/1500 train_time:307.115s step_avg:669.10ms
step:460/1500 train_time:307.780s step_avg:669.09ms
step:461/1500 train_time:308.443s step_avg:669.07ms
step:462/1500 train_time:309.108s step_avg:669.06ms
step:463/1500 train_time:309.775s step_avg:669.06ms
step:464/1500 train_time:310.436s step_avg:669.04ms
step:465/1500 train_time:311.099s step_avg:669.03ms
step:466/1500 train_time:311.763s step_avg:669.02ms
step:467/1500 train_time:312.425s step_avg:669.00ms
step:468/1500 train_time:313.089s step_avg:668.99ms
step:469/1500 train_time:313.754s step_avg:668.99ms
step:470/1500 train_time:314.416s step_avg:668.97ms
step:471/1500 train_time:315.080s step_avg:668.96ms
step:472/1500 train_time:315.743s step_avg:668.95ms
step:473/1500 train_time:316.403s step_avg:668.93ms
step:474/1500 train_time:317.069s step_avg:668.92ms
step:475/1500 train_time:317.730s step_avg:668.90ms
step:476/1500 train_time:318.393s step_avg:668.89ms
step:477/1500 train_time:319.057s step_avg:668.88ms
step:478/1500 train_time:319.720s step_avg:668.87ms
step:479/1500 train_time:320.385s step_avg:668.86ms
step:480/1500 train_time:321.051s step_avg:668.86ms
step:481/1500 train_time:321.715s step_avg:668.85ms
step:482/1500 train_time:322.380s step_avg:668.84ms
step:483/1500 train_time:323.046s step_avg:668.83ms
step:484/1500 train_time:323.705s step_avg:668.81ms
step:485/1500 train_time:324.376s step_avg:668.82ms
step:486/1500 train_time:325.039s step_avg:668.80ms
step:487/1500 train_time:325.698s step_avg:668.79ms
step:488/1500 train_time:326.369s step_avg:668.79ms
step:489/1500 train_time:327.033s step_avg:668.78ms
step:490/1500 train_time:327.696s step_avg:668.77ms
step:491/1500 train_time:328.363s step_avg:668.76ms
step:492/1500 train_time:329.027s step_avg:668.75ms
step:493/1500 train_time:329.694s step_avg:668.75ms
step:494/1500 train_time:330.357s step_avg:668.74ms
step:495/1500 train_time:331.025s step_avg:668.74ms
step:496/1500 train_time:331.689s step_avg:668.73ms
step:497/1500 train_time:332.357s step_avg:668.73ms
step:498/1500 train_time:333.016s step_avg:668.71ms
step:499/1500 train_time:333.679s step_avg:668.70ms
step:500/1500 train_time:334.345s step_avg:668.69ms
step:500/1500 val_loss:3.85414 train_time:334.355s step_avg:663.82ms
step:501/1500 train_time:335.023s step_avg:668.71ms
step:502/1500 train_time:335.683s step_avg:668.69ms
step:503/1500 train_time:336.350s step_avg:668.69ms
step:504/1500 train_time:337.016s step_avg:668.68ms
step:505/1500 train_time:337.677s step_avg:668.67ms
step:506/1500 train_time:338.342s step_avg:668.66ms
step:507/1500 train_time:339.004s step_avg:668.65ms
step:508/1500 train_time:339.665s step_avg:668.63ms
step:509/1500 train_time:340.327s step_avg:668.62ms
step:510/1500 train_time:340.988s step_avg:668.60ms
step:511/1500 train_time:341.655s step_avg:668.60ms
step:512/1500 train_time:342.315s step_avg:668.58ms
step:513/1500 train_time:342.981s step_avg:668.58ms
step:514/1500 train_time:343.644s step_avg:668.57ms
step:515/1500 train_time:344.305s step_avg:668.55ms
step:516/1500 train_time:344.970s step_avg:668.55ms
step:517/1500 train_time:345.631s step_avg:668.53ms
step:518/1500 train_time:346.295s step_avg:668.52ms
step:519/1500 train_time:346.963s step_avg:668.52ms
step:520/1500 train_time:347.624s step_avg:668.51ms
step:521/1500 train_time:348.285s step_avg:668.49ms
step:522/1500 train_time:348.950s step_avg:668.49ms
step:523/1500 train_time:349.619s step_avg:668.49ms
step:524/1500 train_time:350.279s step_avg:668.47ms
step:525/1500 train_time:350.945s step_avg:668.47ms
step:526/1500 train_time:351.609s step_avg:668.46ms
step:527/1500 train_time:352.275s step_avg:668.45ms
step:528/1500 train_time:352.939s step_avg:668.44ms
step:529/1500 train_time:353.602s step_avg:668.43ms
step:530/1500 train_time:354.267s step_avg:668.43ms
step:531/1500 train_time:354.929s step_avg:668.42ms
step:532/1500 train_time:355.590s step_avg:668.40ms
step:533/1500 train_time:356.258s step_avg:668.40ms
step:534/1500 train_time:356.921s step_avg:668.39ms
step:535/1500 train_time:357.591s step_avg:668.39ms
step:536/1500 train_time:358.263s step_avg:668.40ms
step:537/1500 train_time:358.924s step_avg:668.39ms
step:538/1500 train_time:359.588s step_avg:668.38ms
step:539/1500 train_time:360.251s step_avg:668.37ms
step:540/1500 train_time:360.916s step_avg:668.36ms
step:541/1500 train_time:361.579s step_avg:668.35ms
step:542/1500 train_time:362.243s step_avg:668.34ms
step:543/1500 train_time:362.903s step_avg:668.33ms
step:544/1500 train_time:363.567s step_avg:668.32ms
step:545/1500 train_time:364.230s step_avg:668.31ms
step:546/1500 train_time:364.890s step_avg:668.30ms
step:547/1500 train_time:365.557s step_avg:668.29ms
step:548/1500 train_time:366.217s step_avg:668.28ms
step:549/1500 train_time:366.880s step_avg:668.27ms
step:550/1500 train_time:367.544s step_avg:668.26ms
step:551/1500 train_time:368.205s step_avg:668.25ms
step:552/1500 train_time:368.867s step_avg:668.24ms
step:553/1500 train_time:369.530s step_avg:668.23ms
step:554/1500 train_time:370.191s step_avg:668.21ms
step:555/1500 train_time:370.858s step_avg:668.21ms
step:556/1500 train_time:371.519s step_avg:668.20ms
step:557/1500 train_time:372.182s step_avg:668.19ms
step:558/1500 train_time:372.845s step_avg:668.18ms
step:559/1500 train_time:373.507s step_avg:668.17ms
step:560/1500 train_time:374.169s step_avg:668.16ms
step:561/1500 train_time:374.832s step_avg:668.15ms
step:562/1500 train_time:375.498s step_avg:668.15ms
step:563/1500 train_time:376.158s step_avg:668.13ms
step:564/1500 train_time:376.821s step_avg:668.12ms
step:565/1500 train_time:377.484s step_avg:668.11ms
step:566/1500 train_time:378.146s step_avg:668.10ms
step:567/1500 train_time:378.809s step_avg:668.09ms
step:568/1500 train_time:379.478s step_avg:668.10ms
step:569/1500 train_time:380.141s step_avg:668.09ms
step:570/1500 train_time:380.803s step_avg:668.08ms
step:571/1500 train_time:381.483s step_avg:668.10ms
step:572/1500 train_time:382.147s step_avg:668.09ms
step:573/1500 train_time:382.810s step_avg:668.08ms
step:574/1500 train_time:383.476s step_avg:668.08ms
step:575/1500 train_time:384.138s step_avg:668.07ms
step:576/1500 train_time:384.799s step_avg:668.05ms
step:577/1500 train_time:385.464s step_avg:668.05ms
step:578/1500 train_time:386.125s step_avg:668.04ms
step:579/1500 train_time:386.785s step_avg:668.02ms
step:580/1500 train_time:387.450s step_avg:668.02ms
step:581/1500 train_time:388.113s step_avg:668.01ms
step:582/1500 train_time:388.779s step_avg:668.01ms
step:583/1500 train_time:389.443s step_avg:668.00ms
step:584/1500 train_time:390.104s step_avg:667.99ms
step:585/1500 train_time:390.768s step_avg:667.98ms
step:586/1500 train_time:391.430s step_avg:667.97ms
step:587/1500 train_time:392.093s step_avg:667.96ms
step:588/1500 train_time:392.760s step_avg:667.96ms
step:589/1500 train_time:393.423s step_avg:667.95ms
step:590/1500 train_time:394.085s step_avg:667.94ms
step:591/1500 train_time:394.750s step_avg:667.94ms
step:592/1500 train_time:395.414s step_avg:667.93ms
step:593/1500 train_time:396.078s step_avg:667.92ms
step:594/1500 train_time:396.741s step_avg:667.91ms
step:595/1500 train_time:397.403s step_avg:667.90ms
step:596/1500 train_time:398.066s step_avg:667.90ms
step:597/1500 train_time:398.730s step_avg:667.89ms
step:598/1500 train_time:399.389s step_avg:667.88ms
step:599/1500 train_time:400.056s step_avg:667.87ms
step:600/1500 train_time:400.715s step_avg:667.86ms
step:601/1500 train_time:401.380s step_avg:667.85ms
step:602/1500 train_time:402.044s step_avg:667.85ms
step:603/1500 train_time:402.706s step_avg:667.84ms
step:604/1500 train_time:403.367s step_avg:667.83ms
step:605/1500 train_time:404.029s step_avg:667.82ms
step:606/1500 train_time:404.691s step_avg:667.81ms
step:607/1500 train_time:405.358s step_avg:667.81ms
step:608/1500 train_time:406.019s step_avg:667.79ms
step:609/1500 train_time:406.681s step_avg:667.79ms
step:610/1500 train_time:407.344s step_avg:667.78ms
step:611/1500 train_time:408.004s step_avg:667.76ms
step:612/1500 train_time:408.667s step_avg:667.76ms
step:613/1500 train_time:409.329s step_avg:667.75ms
step:614/1500 train_time:409.991s step_avg:667.74ms
step:615/1500 train_time:410.660s step_avg:667.74ms
step:616/1500 train_time:411.322s step_avg:667.73ms
step:617/1500 train_time:411.985s step_avg:667.72ms
step:618/1500 train_time:412.652s step_avg:667.72ms
step:619/1500 train_time:413.316s step_avg:667.72ms
step:620/1500 train_time:413.978s step_avg:667.71ms
step:621/1500 train_time:414.642s step_avg:667.70ms
step:622/1500 train_time:415.304s step_avg:667.69ms
step:623/1500 train_time:415.966s step_avg:667.68ms
step:624/1500 train_time:416.629s step_avg:667.67ms
step:625/1500 train_time:417.290s step_avg:667.66ms
step:625/1500 val_loss:3.76934 train_time:417.300s step_avg:663.56ms
step:626/1500 train_time:417.972s step_avg:667.69ms
step:627/1500 train_time:418.631s step_avg:667.67ms
step:628/1500 train_time:419.297s step_avg:667.67ms
step:629/1500 train_time:419.961s step_avg:667.67ms
step:630/1500 train_time:420.629s step_avg:667.67ms
step:631/1500 train_time:421.289s step_avg:667.65ms
step:632/1500 train_time:421.957s step_avg:667.65ms
step:633/1500 train_time:422.624s step_avg:667.65ms
step:634/1500 train_time:423.284s step_avg:667.64ms
step:635/1500 train_time:423.952s step_avg:667.64ms
step:636/1500 train_time:424.616s step_avg:667.63ms
step:637/1500 train_time:425.283s step_avg:667.63ms
step:638/1500 train_time:425.948s step_avg:667.63ms
step:639/1500 train_time:426.614s step_avg:667.63ms
step:640/1500 train_time:427.278s step_avg:667.62ms
step:641/1500 train_time:427.949s step_avg:667.63ms
step:642/1500 train_time:428.606s step_avg:667.61ms
step:643/1500 train_time:429.274s step_avg:667.61ms
step:644/1500 train_time:429.939s step_avg:667.61ms
step:645/1500 train_time:430.610s step_avg:667.61ms
step:646/1500 train_time:431.276s step_avg:667.61ms
step:647/1500 train_time:431.940s step_avg:667.60ms
step:648/1500 train_time:432.604s step_avg:667.60ms
step:649/1500 train_time:433.274s step_avg:667.60ms
step:650/1500 train_time:433.936s step_avg:667.59ms
step:651/1500 train_time:434.599s step_avg:667.59ms
step:652/1500 train_time:435.266s step_avg:667.59ms
step:653/1500 train_time:435.928s step_avg:667.58ms
step:654/1500 train_time:436.588s step_avg:667.57ms
step:655/1500 train_time:437.252s step_avg:667.56ms
step:656/1500 train_time:437.915s step_avg:667.55ms
step:657/1500 train_time:438.574s step_avg:667.54ms
step:658/1500 train_time:439.239s step_avg:667.54ms
step:659/1500 train_time:439.901s step_avg:667.53ms
step:660/1500 train_time:440.569s step_avg:667.53ms
step:661/1500 train_time:441.236s step_avg:667.53ms
step:662/1500 train_time:441.896s step_avg:667.52ms
step:663/1500 train_time:442.562s step_avg:667.51ms
step:664/1500 train_time:443.227s step_avg:667.51ms
step:665/1500 train_time:443.891s step_avg:667.51ms
step:666/1500 train_time:444.559s step_avg:667.51ms
step:667/1500 train_time:445.220s step_avg:667.50ms
step:668/1500 train_time:445.885s step_avg:667.49ms
step:669/1500 train_time:446.553s step_avg:667.49ms
step:670/1500 train_time:447.216s step_avg:667.49ms
step:671/1500 train_time:447.877s step_avg:667.48ms
step:672/1500 train_time:448.541s step_avg:667.47ms
step:673/1500 train_time:449.209s step_avg:667.47ms
step:674/1500 train_time:449.873s step_avg:667.47ms
step:675/1500 train_time:450.538s step_avg:667.46ms
step:676/1500 train_time:451.200s step_avg:667.46ms
step:677/1500 train_time:451.869s step_avg:667.46ms
step:678/1500 train_time:452.528s step_avg:667.44ms
step:679/1500 train_time:453.193s step_avg:667.44ms
step:680/1500 train_time:453.857s step_avg:667.44ms
step:681/1500 train_time:454.521s step_avg:667.43ms
step:682/1500 train_time:455.182s step_avg:667.42ms
step:683/1500 train_time:455.852s step_avg:667.43ms
step:684/1500 train_time:456.514s step_avg:667.42ms
step:685/1500 train_time:457.182s step_avg:667.42ms
step:686/1500 train_time:457.841s step_avg:667.41ms
step:687/1500 train_time:458.512s step_avg:667.41ms
step:688/1500 train_time:459.176s step_avg:667.41ms
step:689/1500 train_time:459.842s step_avg:667.41ms
step:690/1500 train_time:460.504s step_avg:667.40ms
step:691/1500 train_time:461.171s step_avg:667.40ms
step:692/1500 train_time:461.836s step_avg:667.39ms
step:693/1500 train_time:462.500s step_avg:667.39ms
step:694/1500 train_time:463.160s step_avg:667.38ms
step:695/1500 train_time:463.830s step_avg:667.38ms
step:696/1500 train_time:464.492s step_avg:667.37ms
step:697/1500 train_time:465.159s step_avg:667.37ms
step:698/1500 train_time:465.825s step_avg:667.37ms
step:699/1500 train_time:466.483s step_avg:667.36ms
step:700/1500 train_time:467.155s step_avg:667.36ms
step:701/1500 train_time:467.816s step_avg:667.36ms
step:702/1500 train_time:468.477s step_avg:667.35ms
step:703/1500 train_time:469.148s step_avg:667.35ms
step:704/1500 train_time:469.814s step_avg:667.35ms
step:705/1500 train_time:470.480s step_avg:667.35ms
step:706/1500 train_time:471.142s step_avg:667.34ms
step:707/1500 train_time:471.809s step_avg:667.34ms
step:708/1500 train_time:472.475s step_avg:667.34ms
step:709/1500 train_time:473.139s step_avg:667.33ms
step:710/1500 train_time:473.802s step_avg:667.33ms
step:711/1500 train_time:474.468s step_avg:667.32ms
step:712/1500 train_time:475.131s step_avg:667.32ms
step:713/1500 train_time:475.793s step_avg:667.31ms
step:714/1500 train_time:476.456s step_avg:667.31ms
step:715/1500 train_time:477.120s step_avg:667.30ms
step:716/1500 train_time:477.785s step_avg:667.30ms
step:717/1500 train_time:478.450s step_avg:667.29ms
step:718/1500 train_time:479.112s step_avg:667.29ms
step:719/1500 train_time:479.776s step_avg:667.28ms
step:720/1500 train_time:480.441s step_avg:667.28ms
step:721/1500 train_time:481.105s step_avg:667.27ms
step:722/1500 train_time:481.767s step_avg:667.27ms
step:723/1500 train_time:482.431s step_avg:667.26ms
step:724/1500 train_time:483.095s step_avg:667.26ms
step:725/1500 train_time:483.762s step_avg:667.26ms
step:726/1500 train_time:484.425s step_avg:667.25ms
step:727/1500 train_time:485.091s step_avg:667.25ms
step:728/1500 train_time:485.756s step_avg:667.25ms
step:729/1500 train_time:486.418s step_avg:667.24ms
step:730/1500 train_time:487.078s step_avg:667.23ms
step:731/1500 train_time:487.745s step_avg:667.23ms
step:732/1500 train_time:488.411s step_avg:667.23ms
step:733/1500 train_time:489.074s step_avg:667.22ms
step:734/1500 train_time:489.740s step_avg:667.22ms
step:735/1500 train_time:490.399s step_avg:667.21ms
step:736/1500 train_time:491.069s step_avg:667.21ms
step:737/1500 train_time:491.728s step_avg:667.20ms
step:738/1500 train_time:492.394s step_avg:667.20ms
step:739/1500 train_time:493.058s step_avg:667.20ms
step:740/1500 train_time:493.724s step_avg:667.19ms
step:741/1500 train_time:494.381s step_avg:667.18ms
step:742/1500 train_time:495.058s step_avg:667.19ms
step:743/1500 train_time:495.720s step_avg:667.19ms
step:744/1500 train_time:496.385s step_avg:667.18ms
step:745/1500 train_time:497.045s step_avg:667.17ms
step:746/1500 train_time:497.709s step_avg:667.17ms
step:747/1500 train_time:498.373s step_avg:667.17ms
step:748/1500 train_time:499.036s step_avg:667.16ms
step:749/1500 train_time:499.698s step_avg:667.15ms
step:750/1500 train_time:500.361s step_avg:667.15ms
step:750/1500 val_loss:3.70624 train_time:500.371s step_avg:664.57ms
step:751/1500 train_time:501.034s step_avg:667.16ms
step:752/1500 train_time:501.692s step_avg:667.14ms
step:753/1500 train_time:502.359s step_avg:667.14ms
step:754/1500 train_time:503.019s step_avg:667.13ms
step:755/1500 train_time:503.680s step_avg:667.13ms
step:756/1500 train_time:504.344s step_avg:667.12ms
step:757/1500 train_time:505.006s step_avg:667.12ms
step:758/1500 train_time:505.669s step_avg:667.11ms
step:759/1500 train_time:506.332s step_avg:667.10ms
step:760/1500 train_time:506.994s step_avg:667.10ms
step:761/1500 train_time:507.674s step_avg:667.11ms
step:762/1500 train_time:508.337s step_avg:667.11ms
step:763/1500 train_time:508.998s step_avg:667.10ms
step:764/1500 train_time:509.661s step_avg:667.10ms
step:765/1500 train_time:510.325s step_avg:667.09ms
step:766/1500 train_time:510.987s step_avg:667.08ms
step:767/1500 train_time:511.649s step_avg:667.08ms
step:768/1500 train_time:512.313s step_avg:667.07ms
step:769/1500 train_time:512.976s step_avg:667.07ms
step:770/1500 train_time:513.641s step_avg:667.07ms
step:771/1500 train_time:514.302s step_avg:667.06ms
step:772/1500 train_time:514.966s step_avg:667.05ms
step:773/1500 train_time:515.629s step_avg:667.05ms
step:774/1500 train_time:516.289s step_avg:667.04ms
step:775/1500 train_time:516.953s step_avg:667.04ms
step:776/1500 train_time:517.618s step_avg:667.03ms
step:777/1500 train_time:518.277s step_avg:667.02ms
step:778/1500 train_time:518.943s step_avg:667.02ms
step:779/1500 train_time:519.603s step_avg:667.01ms
step:780/1500 train_time:520.265s step_avg:667.01ms
step:781/1500 train_time:520.928s step_avg:667.00ms
step:782/1500 train_time:521.589s step_avg:666.99ms
step:783/1500 train_time:522.252s step_avg:666.99ms
step:784/1500 train_time:522.914s step_avg:666.98ms
step:785/1500 train_time:523.576s step_avg:666.98ms
step:786/1500 train_time:524.243s step_avg:666.98ms
step:787/1500 train_time:524.903s step_avg:666.97ms
step:788/1500 train_time:525.567s step_avg:666.96ms
step:789/1500 train_time:526.229s step_avg:666.96ms
step:790/1500 train_time:526.892s step_avg:666.95ms
step:791/1500 train_time:527.559s step_avg:666.95ms
step:792/1500 train_time:528.222s step_avg:666.95ms
step:793/1500 train_time:528.884s step_avg:666.94ms
step:794/1500 train_time:529.547s step_avg:666.94ms
step:795/1500 train_time:530.211s step_avg:666.93ms
step:796/1500 train_time:530.876s step_avg:666.93ms
step:797/1500 train_time:531.542s step_avg:666.93ms
step:798/1500 train_time:532.204s step_avg:666.92ms
step:799/1500 train_time:532.870s step_avg:666.92ms
step:800/1500 train_time:533.535s step_avg:666.92ms
step:801/1500 train_time:534.196s step_avg:666.91ms
step:802/1500 train_time:534.862s step_avg:666.91ms
step:803/1500 train_time:535.525s step_avg:666.90ms
step:804/1500 train_time:536.184s step_avg:666.90ms
step:805/1500 train_time:536.847s step_avg:666.89ms
step:806/1500 train_time:537.510s step_avg:666.89ms
step:807/1500 train_time:538.173s step_avg:666.88ms
step:808/1500 train_time:538.835s step_avg:666.88ms
step:809/1500 train_time:539.499s step_avg:666.87ms
step:810/1500 train_time:540.162s step_avg:666.87ms
step:811/1500 train_time:540.830s step_avg:666.87ms
step:812/1500 train_time:541.490s step_avg:666.86ms
step:813/1500 train_time:542.157s step_avg:666.86ms
step:814/1500 train_time:542.824s step_avg:666.86ms
step:815/1500 train_time:543.487s step_avg:666.86ms
step:816/1500 train_time:544.152s step_avg:666.85ms
step:817/1500 train_time:544.818s step_avg:666.85ms
step:818/1500 train_time:545.478s step_avg:666.84ms
step:819/1500 train_time:546.147s step_avg:666.85ms
step:820/1500 train_time:546.809s step_avg:666.84ms
step:821/1500 train_time:547.472s step_avg:666.84ms
step:822/1500 train_time:548.137s step_avg:666.83ms
step:823/1500 train_time:548.805s step_avg:666.83ms
step:824/1500 train_time:549.466s step_avg:666.83ms
step:825/1500 train_time:550.130s step_avg:666.82ms
step:826/1500 train_time:550.794s step_avg:666.82ms
step:827/1500 train_time:551.462s step_avg:666.82ms
step:828/1500 train_time:552.122s step_avg:666.81ms
step:829/1500 train_time:552.785s step_avg:666.81ms
step:830/1500 train_time:553.450s step_avg:666.81ms
step:831/1500 train_time:554.114s step_avg:666.80ms
step:832/1500 train_time:554.773s step_avg:666.80ms
step:833/1500 train_time:555.449s step_avg:666.81ms
step:834/1500 train_time:556.112s step_avg:666.80ms
step:835/1500 train_time:556.776s step_avg:666.80ms
step:836/1500 train_time:557.443s step_avg:666.80ms
step:837/1500 train_time:558.103s step_avg:666.79ms
step:838/1500 train_time:558.770s step_avg:666.79ms
step:839/1500 train_time:559.432s step_avg:666.78ms
step:840/1500 train_time:560.096s step_avg:666.78ms
step:841/1500 train_time:560.761s step_avg:666.78ms
step:842/1500 train_time:561.424s step_avg:666.77ms
step:843/1500 train_time:562.084s step_avg:666.77ms
step:844/1500 train_time:562.747s step_avg:666.76ms
step:845/1500 train_time:563.413s step_avg:666.76ms
step:846/1500 train_time:564.077s step_avg:666.76ms
step:847/1500 train_time:564.744s step_avg:666.76ms
step:848/1500 train_time:565.409s step_avg:666.76ms
step:849/1500 train_time:566.070s step_avg:666.75ms
step:850/1500 train_time:566.742s step_avg:666.76ms
step:851/1500 train_time:567.401s step_avg:666.75ms
step:852/1500 train_time:568.066s step_avg:666.74ms
step:853/1500 train_time:568.732s step_avg:666.74ms
step:854/1500 train_time:569.399s step_avg:666.74ms
step:855/1500 train_time:570.062s step_avg:666.74ms
step:856/1500 train_time:570.726s step_avg:666.74ms
step:857/1500 train_time:571.388s step_avg:666.73ms
step:858/1500 train_time:572.057s step_avg:666.73ms
step:859/1500 train_time:572.718s step_avg:666.73ms
step:860/1500 train_time:573.380s step_avg:666.72ms
step:861/1500 train_time:574.042s step_avg:666.72ms
step:862/1500 train_time:574.709s step_avg:666.72ms
step:863/1500 train_time:575.370s step_avg:666.71ms
step:864/1500 train_time:576.037s step_avg:666.71ms
step:865/1500 train_time:576.699s step_avg:666.70ms
step:866/1500 train_time:577.366s step_avg:666.70ms
step:867/1500 train_time:578.029s step_avg:666.70ms
step:868/1500 train_time:578.692s step_avg:666.70ms
step:869/1500 train_time:579.360s step_avg:666.70ms
step:870/1500 train_time:580.022s step_avg:666.69ms
step:871/1500 train_time:580.682s step_avg:666.68ms
step:872/1500 train_time:581.345s step_avg:666.68ms
step:873/1500 train_time:582.007s step_avg:666.67ms
step:874/1500 train_time:582.674s step_avg:666.67ms
step:875/1500 train_time:583.333s step_avg:666.67ms
step:875/1500 val_loss:3.64488 train_time:583.343s step_avg:663.78ms
step:876/1500 train_time:584.008s step_avg:666.68ms
step:877/1500 train_time:584.664s step_avg:666.66ms
step:878/1500 train_time:585.333s step_avg:666.67ms
step:879/1500 train_time:585.994s step_avg:666.66ms
step:880/1500 train_time:586.662s step_avg:666.66ms
step:881/1500 train_time:587.324s step_avg:666.66ms
step:882/1500 train_time:587.992s step_avg:666.66ms
step:883/1500 train_time:588.660s step_avg:666.66ms
step:884/1500 train_time:589.324s step_avg:666.66ms
step:885/1500 train_time:589.986s step_avg:666.65ms
step:886/1500 train_time:590.649s step_avg:666.65ms
step:887/1500 train_time:591.314s step_avg:666.64ms
step:888/1500 train_time:591.977s step_avg:666.64ms
step:889/1500 train_time:592.645s step_avg:666.64ms
step:890/1500 train_time:593.304s step_avg:666.63ms
step:891/1500 train_time:593.967s step_avg:666.63ms
step:892/1500 train_time:594.634s step_avg:666.63ms
step:893/1500 train_time:595.295s step_avg:666.62ms
step:894/1500 train_time:595.959s step_avg:666.62ms
step:895/1500 train_time:596.620s step_avg:666.61ms
step:896/1500 train_time:597.278s step_avg:666.61ms
step:897/1500 train_time:597.942s step_avg:666.60ms
step:898/1500 train_time:598.605s step_avg:666.60ms
step:899/1500 train_time:599.264s step_avg:666.59ms
step:900/1500 train_time:599.927s step_avg:666.59ms
step:901/1500 train_time:600.588s step_avg:666.58ms
step:902/1500 train_time:601.249s step_avg:666.57ms
step:903/1500 train_time:601.911s step_avg:666.57ms
step:904/1500 train_time:602.571s step_avg:666.56ms
step:905/1500 train_time:603.238s step_avg:666.56ms
step:906/1500 train_time:603.898s step_avg:666.55ms
step:907/1500 train_time:604.559s step_avg:666.55ms
step:908/1500 train_time:605.220s step_avg:666.54ms
step:909/1500 train_time:605.880s step_avg:666.53ms
step:910/1500 train_time:606.544s step_avg:666.53ms
step:911/1500 train_time:607.205s step_avg:666.53ms
step:912/1500 train_time:607.866s step_avg:666.52ms
step:913/1500 train_time:608.531s step_avg:666.52ms
step:914/1500 train_time:609.193s step_avg:666.51ms
step:915/1500 train_time:609.858s step_avg:666.51ms
step:916/1500 train_time:610.520s step_avg:666.51ms
step:917/1500 train_time:611.182s step_avg:666.50ms
step:918/1500 train_time:611.844s step_avg:666.50ms
step:919/1500 train_time:612.506s step_avg:666.49ms
step:920/1500 train_time:613.167s step_avg:666.49ms
step:921/1500 train_time:613.831s step_avg:666.48ms
step:922/1500 train_time:614.496s step_avg:666.48ms
step:923/1500 train_time:615.156s step_avg:666.47ms
step:924/1500 train_time:615.824s step_avg:666.48ms
step:925/1500 train_time:616.486s step_avg:666.47ms
step:926/1500 train_time:617.152s step_avg:666.47ms
step:927/1500 train_time:617.815s step_avg:666.47ms
step:928/1500 train_time:618.477s step_avg:666.46ms
step:929/1500 train_time:619.146s step_avg:666.46ms
step:930/1500 train_time:619.808s step_avg:666.46ms
step:931/1500 train_time:620.469s step_avg:666.45ms
step:932/1500 train_time:621.135s step_avg:666.45ms
step:933/1500 train_time:621.801s step_avg:666.45ms
step:934/1500 train_time:622.465s step_avg:666.45ms
step:935/1500 train_time:623.130s step_avg:666.45ms
step:936/1500 train_time:623.793s step_avg:666.45ms
step:937/1500 train_time:624.461s step_avg:666.45ms
step:938/1500 train_time:625.123s step_avg:666.44ms
step:939/1500 train_time:625.789s step_avg:666.44ms
step:940/1500 train_time:626.458s step_avg:666.44ms
step:941/1500 train_time:627.122s step_avg:666.44ms
step:942/1500 train_time:627.783s step_avg:666.44ms
step:943/1500 train_time:628.446s step_avg:666.43ms
step:944/1500 train_time:629.111s step_avg:666.43ms
step:945/1500 train_time:629.777s step_avg:666.43ms
step:946/1500 train_time:630.447s step_avg:666.43ms
step:947/1500 train_time:631.106s step_avg:666.43ms
step:948/1500 train_time:631.769s step_avg:666.42ms
step:949/1500 train_time:632.437s step_avg:666.42ms
step:950/1500 train_time:633.095s step_avg:666.42ms
step:951/1500 train_time:633.771s step_avg:666.43ms
step:952/1500 train_time:634.435s step_avg:666.42ms
step:953/1500 train_time:635.101s step_avg:666.42ms
step:954/1500 train_time:635.762s step_avg:666.42ms
step:955/1500 train_time:636.426s step_avg:666.41ms
step:956/1500 train_time:637.087s step_avg:666.41ms
step:957/1500 train_time:637.755s step_avg:666.41ms
step:958/1500 train_time:638.418s step_avg:666.41ms
step:959/1500 train_time:639.083s step_avg:666.41ms
step:960/1500 train_time:639.748s step_avg:666.40ms
step:961/1500 train_time:640.411s step_avg:666.40ms
step:962/1500 train_time:641.068s step_avg:666.39ms
step:963/1500 train_time:641.740s step_avg:666.40ms
step:964/1500 train_time:642.405s step_avg:666.39ms
step:965/1500 train_time:643.071s step_avg:666.39ms
step:966/1500 train_time:643.730s step_avg:666.39ms
step:967/1500 train_time:644.398s step_avg:666.39ms
step:968/1500 train_time:645.060s step_avg:666.38ms
step:969/1500 train_time:645.725s step_avg:666.38ms
step:970/1500 train_time:646.386s step_avg:666.38ms
step:971/1500 train_time:647.053s step_avg:666.38ms
step:972/1500 train_time:647.722s step_avg:666.38ms
step:973/1500 train_time:648.383s step_avg:666.37ms
step:974/1500 train_time:649.046s step_avg:666.37ms
step:975/1500 train_time:649.708s step_avg:666.37ms
step:976/1500 train_time:650.374s step_avg:666.37ms
step:977/1500 train_time:651.034s step_avg:666.36ms
step:978/1500 train_time:651.704s step_avg:666.36ms
step:979/1500 train_time:652.366s step_avg:666.36ms
step:980/1500 train_time:653.036s step_avg:666.36ms
step:981/1500 train_time:653.692s step_avg:666.35ms
step:982/1500 train_time:654.363s step_avg:666.36ms
step:983/1500 train_time:655.025s step_avg:666.35ms
step:984/1500 train_time:655.696s step_avg:666.36ms
step:985/1500 train_time:656.358s step_avg:666.35ms
step:986/1500 train_time:657.023s step_avg:666.35ms
step:987/1500 train_time:657.685s step_avg:666.35ms
step:988/1500 train_time:658.356s step_avg:666.35ms
step:989/1500 train_time:659.015s step_avg:666.35ms
step:990/1500 train_time:659.679s step_avg:666.34ms
step:991/1500 train_time:660.346s step_avg:666.34ms
step:992/1500 train_time:661.009s step_avg:666.34ms
step:993/1500 train_time:661.670s step_avg:666.33ms
step:994/1500 train_time:662.338s step_avg:666.34ms
step:995/1500 train_time:662.999s step_avg:666.33ms
step:996/1500 train_time:663.665s step_avg:666.33ms
step:997/1500 train_time:664.327s step_avg:666.33ms
step:998/1500 train_time:664.994s step_avg:666.33ms
step:999/1500 train_time:665.657s step_avg:666.32ms
step:1000/1500 train_time:666.324s step_avg:666.32ms
step:1000/1500 val_loss:3.58981 train_time:666.335s step_avg:663.93ms
step:1001/1500 train_time:667.001s step_avg:666.33ms
step:1002/1500 train_time:667.660s step_avg:666.33ms
step:1003/1500 train_time:668.329s step_avg:666.33ms
step:1004/1500 train_time:668.989s step_avg:666.32ms
step:1005/1500 train_time:669.661s step_avg:666.33ms
step:1006/1500 train_time:670.324s step_avg:666.33ms
step:1007/1500 train_time:670.986s step_avg:666.32ms
step:1008/1500 train_time:671.652s step_avg:666.32ms
step:1009/1500 train_time:672.314s step_avg:666.32ms
step:1010/1500 train_time:672.973s step_avg:666.31ms
step:1011/1500 train_time:673.636s step_avg:666.31ms
step:1012/1500 train_time:674.296s step_avg:666.30ms
step:1013/1500 train_time:674.958s step_avg:666.30ms
step:1014/1500 train_time:675.621s step_avg:666.29ms
step:1015/1500 train_time:676.280s step_avg:666.29ms
step:1016/1500 train_time:676.942s step_avg:666.28ms
step:1017/1500 train_time:677.603s step_avg:666.28ms
step:1018/1500 train_time:678.268s step_avg:666.28ms
step:1019/1500 train_time:678.925s step_avg:666.27ms
step:1020/1500 train_time:679.594s step_avg:666.27ms
step:1021/1500 train_time:680.256s step_avg:666.26ms
step:1022/1500 train_time:680.921s step_avg:666.26ms
step:1023/1500 train_time:681.581s step_avg:666.26ms
step:1024/1500 train_time:682.248s step_avg:666.26ms
step:1025/1500 train_time:682.917s step_avg:666.26ms
step:1026/1500 train_time:683.578s step_avg:666.26ms
step:1027/1500 train_time:684.242s step_avg:666.25ms
step:1028/1500 train_time:684.906s step_avg:666.25ms
step:1029/1500 train_time:685.570s step_avg:666.25ms
step:1030/1500 train_time:686.235s step_avg:666.25ms
step:1031/1500 train_time:686.900s step_avg:666.25ms
step:1032/1500 train_time:687.564s step_avg:666.24ms
step:1033/1500 train_time:688.234s step_avg:666.25ms
step:1034/1500 train_time:688.891s step_avg:666.24ms
step:1035/1500 train_time:689.560s step_avg:666.24ms
step:1036/1500 train_time:690.224s step_avg:666.24ms
step:1037/1500 train_time:690.892s step_avg:666.24ms
step:1038/1500 train_time:691.552s step_avg:666.24ms
step:1039/1500 train_time:692.219s step_avg:666.24ms
step:1040/1500 train_time:692.880s step_avg:666.23ms
step:1041/1500 train_time:693.558s step_avg:666.24ms
step:1042/1500 train_time:694.219s step_avg:666.24ms
step:1043/1500 train_time:694.882s step_avg:666.23ms
step:1044/1500 train_time:695.547s step_avg:666.23ms
step:1045/1500 train_time:696.214s step_avg:666.23ms
step:1046/1500 train_time:696.870s step_avg:666.22ms
step:1047/1500 train_time:697.539s step_avg:666.23ms
step:1048/1500 train_time:698.202s step_avg:666.22ms
step:1049/1500 train_time:698.870s step_avg:666.22ms
step:1050/1500 train_time:699.531s step_avg:666.22ms
step:1051/1500 train_time:700.200s step_avg:666.22ms
step:1052/1500 train_time:700.863s step_avg:666.22ms
step:1053/1500 train_time:701.534s step_avg:666.22ms
step:1054/1500 train_time:702.190s step_avg:666.21ms
step:1055/1500 train_time:702.859s step_avg:666.22ms
step:1056/1500 train_time:703.522s step_avg:666.21ms
step:1057/1500 train_time:704.188s step_avg:666.21ms
step:1058/1500 train_time:704.852s step_avg:666.21ms
step:1059/1500 train_time:705.513s step_avg:666.21ms
step:1060/1500 train_time:706.175s step_avg:666.20ms
step:1061/1500 train_time:706.842s step_avg:666.20ms
step:1062/1500 train_time:707.502s step_avg:666.20ms
step:1063/1500 train_time:708.164s step_avg:666.19ms
step:1064/1500 train_time:708.827s step_avg:666.19ms
step:1065/1500 train_time:709.495s step_avg:666.19ms
step:1066/1500 train_time:710.154s step_avg:666.19ms
step:1067/1500 train_time:710.821s step_avg:666.19ms
step:1068/1500 train_time:711.482s step_avg:666.18ms
step:1069/1500 train_time:712.148s step_avg:666.18ms
step:1070/1500 train_time:712.815s step_avg:666.18ms
step:1071/1500 train_time:713.475s step_avg:666.18ms
step:1072/1500 train_time:714.143s step_avg:666.18ms
step:1073/1500 train_time:714.805s step_avg:666.17ms
step:1074/1500 train_time:715.465s step_avg:666.17ms
step:1075/1500 train_time:716.135s step_avg:666.17ms
step:1076/1500 train_time:716.797s step_avg:666.17ms
step:1077/1500 train_time:717.465s step_avg:666.17ms
step:1078/1500 train_time:718.124s step_avg:666.16ms
step:1079/1500 train_time:718.787s step_avg:666.16ms
step:1080/1500 train_time:719.455s step_avg:666.16ms
step:1081/1500 train_time:720.117s step_avg:666.16ms
step:1082/1500 train_time:720.778s step_avg:666.15ms
step:1083/1500 train_time:721.443s step_avg:666.15ms
step:1084/1500 train_time:722.111s step_avg:666.15ms
step:1085/1500 train_time:722.769s step_avg:666.15ms
step:1086/1500 train_time:723.437s step_avg:666.15ms
step:1087/1500 train_time:724.100s step_avg:666.15ms
step:1088/1500 train_time:724.766s step_avg:666.15ms
step:1089/1500 train_time:725.426s step_avg:666.14ms
step:1090/1500 train_time:726.095s step_avg:666.14ms
step:1091/1500 train_time:726.755s step_avg:666.14ms
step:1092/1500 train_time:727.424s step_avg:666.14ms
step:1093/1500 train_time:728.083s step_avg:666.13ms
step:1094/1500 train_time:728.748s step_avg:666.13ms
step:1095/1500 train_time:729.414s step_avg:666.13ms
step:1096/1500 train_time:730.077s step_avg:666.13ms
step:1097/1500 train_time:730.743s step_avg:666.13ms
step:1098/1500 train_time:731.403s step_avg:666.12ms
step:1099/1500 train_time:732.065s step_avg:666.12ms
step:1100/1500 train_time:732.731s step_avg:666.12ms
step:1101/1500 train_time:733.388s step_avg:666.11ms
step:1102/1500 train_time:734.056s step_avg:666.11ms
step:1103/1500 train_time:734.716s step_avg:666.11ms
step:1104/1500 train_time:735.378s step_avg:666.10ms
step:1105/1500 train_time:736.040s step_avg:666.10ms
step:1106/1500 train_time:736.702s step_avg:666.10ms
step:1107/1500 train_time:737.362s step_avg:666.09ms
step:1108/1500 train_time:738.026s step_avg:666.09ms
step:1109/1500 train_time:738.690s step_avg:666.09ms
step:1110/1500 train_time:739.353s step_avg:666.08ms
step:1111/1500 train_time:740.020s step_avg:666.08ms
step:1112/1500 train_time:740.681s step_avg:666.08ms
step:1113/1500 train_time:741.344s step_avg:666.08ms
step:1114/1500 train_time:742.005s step_avg:666.07ms
step:1115/1500 train_time:742.670s step_avg:666.07ms
step:1116/1500 train_time:743.332s step_avg:666.07ms
step:1117/1500 train_time:743.995s step_avg:666.07ms
step:1118/1500 train_time:744.662s step_avg:666.07ms
step:1119/1500 train_time:745.325s step_avg:666.06ms
step:1120/1500 train_time:745.986s step_avg:666.06ms
step:1121/1500 train_time:746.650s step_avg:666.06ms
step:1122/1500 train_time:747.313s step_avg:666.05ms
step:1123/1500 train_time:747.973s step_avg:666.05ms
step:1124/1500 train_time:748.636s step_avg:666.05ms
step:1125/1500 train_time:749.298s step_avg:666.04ms
step:1125/1500 val_loss:3.54345 train_time:749.308s step_avg:663.79ms
step:1126/1500 train_time:749.975s step_avg:666.05ms
step:1127/1500 train_time:750.633s step_avg:666.05ms
step:1128/1500 train_time:751.300s step_avg:666.05ms
step:1129/1500 train_time:751.964s step_avg:666.04ms
step:1130/1500 train_time:752.634s step_avg:666.05ms
step:1131/1500 train_time:753.295s step_avg:666.04ms
step:1132/1500 train_time:753.957s step_avg:666.04ms
step:1133/1500 train_time:754.622s step_avg:666.04ms
step:1134/1500 train_time:755.280s step_avg:666.03ms
step:1135/1500 train_time:755.948s step_avg:666.03ms
step:1136/1500 train_time:756.609s step_avg:666.03ms
step:1137/1500 train_time:757.274s step_avg:666.03ms
step:1138/1500 train_time:757.936s step_avg:666.02ms
step:1139/1500 train_time:758.600s step_avg:666.02ms
step:1140/1500 train_time:759.263s step_avg:666.02ms
step:1141/1500 train_time:759.945s step_avg:666.03ms
step:1142/1500 train_time:760.612s step_avg:666.04ms
step:1143/1500 train_time:761.273s step_avg:666.03ms
step:1144/1500 train_time:761.935s step_avg:666.03ms
step:1145/1500 train_time:762.597s step_avg:666.02ms
step:1146/1500 train_time:763.257s step_avg:666.02ms
step:1147/1500 train_time:763.921s step_avg:666.02ms
step:1148/1500 train_time:764.582s step_avg:666.01ms
step:1149/1500 train_time:765.246s step_avg:666.01ms
step:1150/1500 train_time:765.906s step_avg:666.01ms
step:1151/1500 train_time:766.567s step_avg:666.00ms
step:1152/1500 train_time:767.236s step_avg:666.00ms
step:1153/1500 train_time:767.896s step_avg:666.00ms
step:1154/1500 train_time:768.555s step_avg:665.99ms
step:1155/1500 train_time:769.219s step_avg:665.99ms
step:1156/1500 train_time:769.884s step_avg:665.99ms
step:1157/1500 train_time:770.545s step_avg:665.99ms
step:1158/1500 train_time:771.211s step_avg:665.99ms
step:1159/1500 train_time:771.868s step_avg:665.98ms
step:1160/1500 train_time:772.532s step_avg:665.98ms
step:1161/1500 train_time:773.192s step_avg:665.97ms
step:1162/1500 train_time:773.854s step_avg:665.97ms
step:1163/1500 train_time:774.517s step_avg:665.96ms
step:1164/1500 train_time:775.178s step_avg:665.96ms
step:1165/1500 train_time:775.841s step_avg:665.96ms
step:1166/1500 train_time:776.506s step_avg:665.96ms
step:1167/1500 train_time:777.170s step_avg:665.96ms
step:1168/1500 train_time:777.835s step_avg:665.95ms
step:1169/1500 train_time:778.494s step_avg:665.95ms
step:1170/1500 train_time:779.155s step_avg:665.94ms
step:1171/1500 train_time:779.820s step_avg:665.94ms
step:1172/1500 train_time:780.481s step_avg:665.94ms
step:1173/1500 train_time:781.148s step_avg:665.94ms
step:1174/1500 train_time:781.808s step_avg:665.94ms
step:1175/1500 train_time:782.469s step_avg:665.93ms
step:1176/1500 train_time:783.131s step_avg:665.93ms
step:1177/1500 train_time:783.795s step_avg:665.93ms
step:1178/1500 train_time:784.460s step_avg:665.93ms
step:1179/1500 train_time:785.126s step_avg:665.93ms
step:1180/1500 train_time:785.792s step_avg:665.93ms
step:1181/1500 train_time:786.456s step_avg:665.92ms
step:1182/1500 train_time:787.124s step_avg:665.93ms
step:1183/1500 train_time:787.781s step_avg:665.92ms
step:1184/1500 train_time:788.450s step_avg:665.92ms
step:1185/1500 train_time:789.111s step_avg:665.92ms
step:1186/1500 train_time:789.776s step_avg:665.92ms
step:1187/1500 train_time:790.441s step_avg:665.91ms
step:1188/1500 train_time:791.105s step_avg:665.91ms
step:1189/1500 train_time:791.765s step_avg:665.91ms
step:1190/1500 train_time:792.436s step_avg:665.91ms
step:1191/1500 train_time:793.096s step_avg:665.91ms
step:1192/1500 train_time:793.757s step_avg:665.90ms
step:1193/1500 train_time:794.419s step_avg:665.90ms
step:1194/1500 train_time:795.086s step_avg:665.90ms
step:1195/1500 train_time:795.747s step_avg:665.90ms
step:1196/1500 train_time:796.410s step_avg:665.89ms
step:1197/1500 train_time:797.069s step_avg:665.89ms
step:1198/1500 train_time:797.732s step_avg:665.89ms
step:1199/1500 train_time:798.393s step_avg:665.88ms
step:1200/1500 train_time:799.055s step_avg:665.88ms
step:1201/1500 train_time:799.717s step_avg:665.88ms
step:1202/1500 train_time:800.378s step_avg:665.87ms
step:1203/1500 train_time:801.040s step_avg:665.87ms
step:1204/1500 train_time:801.699s step_avg:665.86ms
step:1205/1500 train_time:802.360s step_avg:665.86ms
step:1206/1500 train_time:803.026s step_avg:665.86ms
step:1207/1500 train_time:803.684s step_avg:665.85ms
step:1208/1500 train_time:804.349s step_avg:665.85ms
step:1209/1500 train_time:805.012s step_avg:665.85ms
step:1210/1500 train_time:805.671s step_avg:665.84ms
step:1211/1500 train_time:806.335s step_avg:665.84ms
step:1212/1500 train_time:806.997s step_avg:665.84ms
step:1213/1500 train_time:807.657s step_avg:665.83ms
step:1214/1500 train_time:808.323s step_avg:665.83ms
step:1215/1500 train_time:808.987s step_avg:665.83ms
step:1216/1500 train_time:809.647s step_avg:665.83ms
step:1217/1500 train_time:810.310s step_avg:665.83ms
step:1218/1500 train_time:810.970s step_avg:665.82ms
step:1219/1500 train_time:811.633s step_avg:665.82ms
step:1220/1500 train_time:812.295s step_avg:665.82ms
step:1221/1500 train_time:812.955s step_avg:665.81ms
step:1222/1500 train_time:813.617s step_avg:665.81ms
step:1223/1500 train_time:814.279s step_avg:665.80ms
step:1224/1500 train_time:814.943s step_avg:665.80ms
step:1225/1500 train_time:815.608s step_avg:665.80ms
step:1226/1500 train_time:816.268s step_avg:665.80ms
step:1227/1500 train_time:816.933s step_avg:665.80ms
step:1228/1500 train_time:817.594s step_avg:665.79ms
step:1229/1500 train_time:818.255s step_avg:665.79ms
step:1230/1500 train_time:818.917s step_avg:665.79ms
step:1231/1500 train_time:819.578s step_avg:665.78ms
step:1232/1500 train_time:820.241s step_avg:665.78ms
step:1233/1500 train_time:820.905s step_avg:665.78ms
step:1234/1500 train_time:821.565s step_avg:665.77ms
step:1235/1500 train_time:822.230s step_avg:665.77ms
step:1236/1500 train_time:822.890s step_avg:665.77ms
step:1237/1500 train_time:823.552s step_avg:665.77ms
step:1238/1500 train_time:824.216s step_avg:665.76ms
step:1239/1500 train_time:824.876s step_avg:665.76ms
step:1240/1500 train_time:825.539s step_avg:665.76ms
step:1241/1500 train_time:826.200s step_avg:665.75ms
step:1242/1500 train_time:826.861s step_avg:665.75ms
step:1243/1500 train_time:827.528s step_avg:665.75ms
step:1244/1500 train_time:828.187s step_avg:665.75ms
step:1245/1500 train_time:828.850s step_avg:665.74ms
step:1246/1500 train_time:829.512s step_avg:665.74ms
step:1247/1500 train_time:830.172s step_avg:665.74ms
step:1248/1500 train_time:830.835s step_avg:665.73ms
step:1249/1500 train_time:831.498s step_avg:665.73ms
step:1250/1500 train_time:832.158s step_avg:665.73ms
step:1250/1500 val_loss:3.49782 train_time:832.169s step_avg:662.88ms
step:1251/1500 train_time:832.832s step_avg:665.73ms
step:1252/1500 train_time:833.491s step_avg:665.73ms
step:1253/1500 train_time:834.153s step_avg:665.72ms
step:1254/1500 train_time:834.816s step_avg:665.72ms
step:1255/1500 train_time:835.480s step_avg:665.72ms
step:1256/1500 train_time:836.141s step_avg:665.72ms
step:1257/1500 train_time:836.801s step_avg:665.71ms
step:1258/1500 train_time:837.460s step_avg:665.71ms
step:1259/1500 train_time:838.124s step_avg:665.71ms
step:1260/1500 train_time:838.784s step_avg:665.70ms
step:1261/1500 train_time:839.446s step_avg:665.70ms
step:1262/1500 train_time:840.108s step_avg:665.70ms
step:1263/1500 train_time:840.771s step_avg:665.69ms
step:1264/1500 train_time:841.432s step_avg:665.69ms
step:1265/1500 train_time:842.094s step_avg:665.69ms
step:1266/1500 train_time:842.754s step_avg:665.68ms
step:1267/1500 train_time:843.421s step_avg:665.68ms
step:1268/1500 train_time:844.079s step_avg:665.68ms
step:1269/1500 train_time:844.746s step_avg:665.68ms
step:1270/1500 train_time:845.408s step_avg:665.68ms
step:1271/1500 train_time:846.068s step_avg:665.67ms
step:1272/1500 train_time:846.732s step_avg:665.67ms
step:1273/1500 train_time:847.394s step_avg:665.67ms
step:1274/1500 train_time:848.055s step_avg:665.66ms
step:1275/1500 train_time:848.724s step_avg:665.67ms
step:1276/1500 train_time:849.383s step_avg:665.66ms
step:1277/1500 train_time:850.044s step_avg:665.66ms
step:1278/1500 train_time:850.707s step_avg:665.65ms
step:1279/1500 train_time:851.367s step_avg:665.65ms
step:1280/1500 train_time:852.031s step_avg:665.65ms
step:1281/1500 train_time:852.692s step_avg:665.65ms
step:1282/1500 train_time:853.354s step_avg:665.64ms
step:1283/1500 train_time:854.020s step_avg:665.64ms
step:1284/1500 train_time:854.680s step_avg:665.64ms
step:1285/1500 train_time:855.346s step_avg:665.64ms
step:1286/1500 train_time:856.008s step_avg:665.64ms
step:1287/1500 train_time:856.669s step_avg:665.63ms
step:1288/1500 train_time:857.331s step_avg:665.63ms
step:1289/1500 train_time:857.994s step_avg:665.63ms
step:1290/1500 train_time:858.653s step_avg:665.62ms
step:1291/1500 train_time:859.322s step_avg:665.62ms
step:1292/1500 train_time:859.981s step_avg:665.62ms
step:1293/1500 train_time:860.644s step_avg:665.62ms
step:1294/1500 train_time:861.307s step_avg:665.62ms
step:1295/1500 train_time:861.967s step_avg:665.61ms
step:1296/1500 train_time:862.630s step_avg:665.61ms
step:1297/1500 train_time:863.292s step_avg:665.61ms
step:1298/1500 train_time:863.954s step_avg:665.60ms
step:1299/1500 train_time:864.621s step_avg:665.61ms
step:1300/1500 train_time:865.280s step_avg:665.60ms
step:1301/1500 train_time:865.944s step_avg:665.60ms
step:1302/1500 train_time:866.606s step_avg:665.60ms
step:1303/1500 train_time:867.269s step_avg:665.59ms
step:1304/1500 train_time:867.932s step_avg:665.59ms
step:1305/1500 train_time:868.594s step_avg:665.59ms
step:1306/1500 train_time:869.257s step_avg:665.59ms
step:1307/1500 train_time:869.923s step_avg:665.59ms
step:1308/1500 train_time:870.582s step_avg:665.58ms
step:1309/1500 train_time:871.243s step_avg:665.58ms
step:1310/1500 train_time:871.906s step_avg:665.58ms
step:1311/1500 train_time:872.567s step_avg:665.57ms
step:1312/1500 train_time:873.229s step_avg:665.57ms
step:1313/1500 train_time:873.890s step_avg:665.57ms
step:1314/1500 train_time:874.552s step_avg:665.56ms
step:1315/1500 train_time:875.215s step_avg:665.56ms
step:1316/1500 train_time:875.878s step_avg:665.56ms
step:1317/1500 train_time:876.544s step_avg:665.56ms
step:1318/1500 train_time:877.205s step_avg:665.56ms
step:1319/1500 train_time:877.864s step_avg:665.55ms
step:1320/1500 train_time:878.527s step_avg:665.55ms
step:1321/1500 train_time:879.190s step_avg:665.55ms
step:1322/1500 train_time:879.850s step_avg:665.54ms
step:1323/1500 train_time:880.513s step_avg:665.54ms
step:1324/1500 train_time:881.173s step_avg:665.54ms
step:1325/1500 train_time:881.836s step_avg:665.54ms
step:1326/1500 train_time:882.500s step_avg:665.54ms
step:1327/1500 train_time:883.158s step_avg:665.53ms
step:1328/1500 train_time:883.826s step_avg:665.53ms
step:1329/1500 train_time:884.487s step_avg:665.53ms
step:1330/1500 train_time:885.150s step_avg:665.53ms
step:1331/1500 train_time:885.825s step_avg:665.53ms
step:1332/1500 train_time:886.486s step_avg:665.53ms
step:1333/1500 train_time:887.148s step_avg:665.53ms
step:1334/1500 train_time:887.813s step_avg:665.53ms
step:1335/1500 train_time:888.472s step_avg:665.52ms
step:1336/1500 train_time:889.135s step_avg:665.52ms
step:1337/1500 train_time:889.798s step_avg:665.52ms
step:1338/1500 train_time:890.460s step_avg:665.52ms
step:1339/1500 train_time:891.121s step_avg:665.51ms
step:1340/1500 train_time:891.781s step_avg:665.51ms
step:1341/1500 train_time:892.446s step_avg:665.51ms
step:1342/1500 train_time:893.110s step_avg:665.51ms
step:1343/1500 train_time:893.771s step_avg:665.50ms
step:1344/1500 train_time:894.434s step_avg:665.50ms
step:1345/1500 train_time:895.096s step_avg:665.50ms
step:1346/1500 train_time:895.757s step_avg:665.50ms
step:1347/1500 train_time:896.425s step_avg:665.50ms
step:1348/1500 train_time:897.084s step_avg:665.49ms
step:1349/1500 train_time:897.747s step_avg:665.49ms
step:1350/1500 train_time:898.409s step_avg:665.49ms
step:1351/1500 train_time:899.070s step_avg:665.49ms
step:1352/1500 train_time:899.732s step_avg:665.48ms
step:1353/1500 train_time:900.393s step_avg:665.48ms
step:1354/1500 train_time:901.053s step_avg:665.47ms
step:1355/1500 train_time:901.720s step_avg:665.48ms
step:1356/1500 train_time:902.381s step_avg:665.47ms
step:1357/1500 train_time:903.044s step_avg:665.47ms
step:1358/1500 train_time:903.706s step_avg:665.47ms
step:1359/1500 train_time:904.367s step_avg:665.46ms
step:1360/1500 train_time:905.029s step_avg:665.46ms
step:1361/1500 train_time:905.691s step_avg:665.46ms
step:1362/1500 train_time:906.351s step_avg:665.46ms
step:1363/1500 train_time:907.018s step_avg:665.46ms
step:1364/1500 train_time:907.678s step_avg:665.45ms
step:1365/1500 train_time:908.342s step_avg:665.45ms
step:1366/1500 train_time:909.004s step_avg:665.45ms
step:1367/1500 train_time:909.664s step_avg:665.45ms
step:1368/1500 train_time:910.327s step_avg:665.44ms
step:1369/1500 train_time:910.989s step_avg:665.44ms
step:1370/1500 train_time:911.650s step_avg:665.44ms
step:1371/1500 train_time:912.315s step_avg:665.44ms
step:1372/1500 train_time:912.979s step_avg:665.44ms
step:1373/1500 train_time:913.642s step_avg:665.43ms
step:1374/1500 train_time:914.305s step_avg:665.43ms
step:1375/1500 train_time:914.965s step_avg:665.43ms
step:1375/1500 val_loss:3.46056 train_time:914.976s step_avg:662.46ms
step:1376/1500 train_time:915.642s step_avg:665.44ms
step:1377/1500 train_time:916.301s step_avg:665.43ms
step:1378/1500 train_time:916.968s step_avg:665.43ms
step:1379/1500 train_time:917.629s step_avg:665.43ms
step:1380/1500 train_time:918.296s step_avg:665.43ms
step:1381/1500 train_time:918.956s step_avg:665.43ms
step:1382/1500 train_time:919.620s step_avg:665.43ms
step:1383/1500 train_time:920.282s step_avg:665.42ms
step:1384/1500 train_time:920.943s step_avg:665.42ms
step:1385/1500 train_time:921.606s step_avg:665.42ms
step:1386/1500 train_time:922.268s step_avg:665.42ms
step:1387/1500 train_time:922.932s step_avg:665.42ms
step:1388/1500 train_time:923.595s step_avg:665.41ms
step:1389/1500 train_time:924.255s step_avg:665.41ms
step:1390/1500 train_time:924.918s step_avg:665.41ms
step:1391/1500 train_time:925.580s step_avg:665.41ms
step:1392/1500 train_time:926.242s step_avg:665.40ms
step:1393/1500 train_time:926.904s step_avg:665.40ms
step:1394/1500 train_time:927.566s step_avg:665.40ms
step:1395/1500 train_time:928.229s step_avg:665.40ms
step:1396/1500 train_time:928.893s step_avg:665.40ms
step:1397/1500 train_time:929.553s step_avg:665.39ms
step:1398/1500 train_time:930.217s step_avg:665.39ms
step:1399/1500 train_time:930.877s step_avg:665.39ms
step:1400/1500 train_time:931.539s step_avg:665.39ms
step:1401/1500 train_time:932.206s step_avg:665.39ms
step:1402/1500 train_time:932.867s step_avg:665.38ms
step:1403/1500 train_time:933.532s step_avg:665.38ms
step:1404/1500 train_time:934.193s step_avg:665.38ms
step:1405/1500 train_time:934.854s step_avg:665.38ms
step:1406/1500 train_time:935.518s step_avg:665.38ms
step:1407/1500 train_time:936.179s step_avg:665.37ms
step:1408/1500 train_time:936.841s step_avg:665.37ms
step:1409/1500 train_time:937.505s step_avg:665.37ms
step:1410/1500 train_time:938.166s step_avg:665.37ms
step:1411/1500 train_time:938.831s step_avg:665.37ms
step:1412/1500 train_time:939.493s step_avg:665.36ms
step:1413/1500 train_time:940.152s step_avg:665.36ms
step:1414/1500 train_time:940.817s step_avg:665.36ms
step:1415/1500 train_time:941.477s step_avg:665.35ms
step:1416/1500 train_time:942.139s step_avg:665.35ms
step:1417/1500 train_time:942.802s step_avg:665.35ms
step:1418/1500 train_time:943.463s step_avg:665.35ms
step:1419/1500 train_time:944.126s step_avg:665.35ms
step:1420/1500 train_time:944.787s step_avg:665.34ms
step:1421/1500 train_time:945.448s step_avg:665.34ms
step:1422/1500 train_time:946.115s step_avg:665.34ms
step:1423/1500 train_time:946.775s step_avg:665.34ms
step:1424/1500 train_time:947.437s step_avg:665.33ms
step:1425/1500 train_time:948.099s step_avg:665.33ms
step:1426/1500 train_time:948.760s step_avg:665.33ms
step:1427/1500 train_time:949.424s step_avg:665.33ms
step:1428/1500 train_time:950.085s step_avg:665.33ms
step:1429/1500 train_time:950.747s step_avg:665.32ms
step:1430/1500 train_time:951.413s step_avg:665.32ms
step:1431/1500 train_time:952.071s step_avg:665.32ms
step:1432/1500 train_time:952.737s step_avg:665.32ms
step:1433/1500 train_time:953.400s step_avg:665.32ms
step:1434/1500 train_time:954.061s step_avg:665.31ms
step:1435/1500 train_time:954.723s step_avg:665.31ms
step:1436/1500 train_time:955.385s step_avg:665.31ms
step:1437/1500 train_time:956.046s step_avg:665.31ms
step:1438/1500 train_time:956.710s step_avg:665.31ms
step:1439/1500 train_time:957.372s step_avg:665.30ms
step:1440/1500 train_time:958.035s step_avg:665.30ms
step:1441/1500 train_time:958.697s step_avg:665.30ms
step:1442/1500 train_time:959.357s step_avg:665.30ms
step:1443/1500 train_time:960.021s step_avg:665.29ms
step:1444/1500 train_time:960.683s step_avg:665.29ms
step:1445/1500 train_time:961.345s step_avg:665.29ms
step:1446/1500 train_time:962.009s step_avg:665.29ms
step:1447/1500 train_time:962.673s step_avg:665.29ms
step:1448/1500 train_time:963.333s step_avg:665.29ms
step:1449/1500 train_time:964.000s step_avg:665.29ms
step:1450/1500 train_time:964.658s step_avg:665.28ms
step:1451/1500 train_time:965.320s step_avg:665.28ms
step:1452/1500 train_time:965.983s step_avg:665.28ms
step:1453/1500 train_time:966.644s step_avg:665.27ms
step:1454/1500 train_time:967.307s step_avg:665.27ms
step:1455/1500 train_time:967.969s step_avg:665.27ms
step:1456/1500 train_time:968.634s step_avg:665.27ms
step:1457/1500 train_time:969.294s step_avg:665.27ms
step:1458/1500 train_time:969.955s step_avg:665.26ms
step:1459/1500 train_time:970.618s step_avg:665.26ms
step:1460/1500 train_time:971.281s step_avg:665.26ms
step:1461/1500 train_time:971.942s step_avg:665.26ms
step:1462/1500 train_time:972.604s step_avg:665.26ms
step:1463/1500 train_time:973.264s step_avg:665.25ms
step:1464/1500 train_time:973.926s step_avg:665.25ms
step:1465/1500 train_time:974.589s step_avg:665.25ms
step:1466/1500 train_time:975.248s step_avg:665.24ms
step:1467/1500 train_time:975.916s step_avg:665.25ms
step:1468/1500 train_time:976.576s step_avg:665.24ms
step:1469/1500 train_time:977.239s step_avg:665.24ms
step:1470/1500 train_time:977.902s step_avg:665.24ms
step:1471/1500 train_time:978.562s step_avg:665.24ms
step:1472/1500 train_time:979.224s step_avg:665.23ms
step:1473/1500 train_time:979.885s step_avg:665.23ms
step:1474/1500 train_time:980.545s step_avg:665.23ms
step:1475/1500 train_time:981.209s step_avg:665.23ms
step:1476/1500 train_time:981.874s step_avg:665.23ms
step:1477/1500 train_time:982.535s step_avg:665.22ms
step:1478/1500 train_time:983.197s step_avg:665.22ms
step:1479/1500 train_time:983.857s step_avg:665.22ms
step:1480/1500 train_time:984.521s step_avg:665.22ms
step:1481/1500 train_time:985.183s step_avg:665.21ms
step:1482/1500 train_time:985.844s step_avg:665.21ms
step:1483/1500 train_time:986.506s step_avg:665.21ms
step:1484/1500 train_time:987.171s step_avg:665.21ms
step:1485/1500 train_time:987.832s step_avg:665.21ms
step:1486/1500 train_time:988.497s step_avg:665.21ms
step:1487/1500 train_time:989.156s step_avg:665.20ms
step:1488/1500 train_time:989.819s step_avg:665.20ms
step:1489/1500 train_time:990.480s step_avg:665.20ms
step:1490/1500 train_time:991.142s step_avg:665.20ms
step:1491/1500 train_time:991.804s step_avg:665.19ms
step:1492/1500 train_time:992.466s step_avg:665.19ms
step:1493/1500 train_time:993.133s step_avg:665.19ms
step:1494/1500 train_time:993.794s step_avg:665.19ms
step:1495/1500 train_time:994.453s step_avg:665.19ms
step:1496/1500 train_time:995.116s step_avg:665.18ms
step:1497/1500 train_time:995.777s step_avg:665.18ms
step:1498/1500 train_time:996.439s step_avg:665.18ms
step:1499/1500 train_time:997.101s step_avg:665.18ms
step:1500/1500 train_time:997.763s step_avg:665.18ms
step:1500/1500 val_loss:3.43705 train_time:997.773s step_avg:662.38ms
