"""
train_gpt_simple_leon.py

This file descends from the [NanoGPT speedrun](https://github.com/KellerJordan/modded-nanogpt).
It was prepared as a simplified version of the speedrun for use in neural net optimization research.
This variant replaces Muon with Leon (initial test using the same Newton-Schulz coefficients).
"""

import os
import sys
with open(sys.argv[0]) as f:
    code = f.read() # read the code of this file ASAP, for logging
import argparse
import ast
import json
import subprocess
import uuid
import time
from datetime import datetime
from pathlib import Path


BASE_HPARAMS = dict(
    # Training
    train_steps         = 3375,
    # AdamW — embedding
    embed_lr            = 0.3,
    # AdamW — lm_head projection
    proj_lr             = 1/320,
    # AdamW — scalars (biases, gains)
    scalar_lr           = 0.01,
    # AdamW shared
    adam_betas          = (0.8, 0.95),
    adam_eps            = 1e-10,
    adam_wd             = 0.0,
    adam_cooldown_frac  = 0.7,
    # Leon — 2D block params
    leon_lr             = 0.025,
    leon_wd             = 0.025,
    leon_mu             = 0.95,
    leon_beta2          = 0.7,
    leon_cooldown_frac  = 0.7,
    leon_ns_iters       = 6,
    leon_eps            = 1e-9,
    leon_l_scale        = 1.0,
    leon_orthogonalize_dtype = "bfloat16",
    leon_l_scale_schedule = "constant",
    leon_l_scale_ramp_start_frac = 0.2,
    leon_l_scale_ramp_end_frac = 0.6,
    # "off": L = l_scale * T_t (raw unnormalized Gram sum).
    # "match_g": rescale L so tr(L) = l_scale * ||G||_F^2 (l_scale=1.0 -> tr(L) fraction 0.5).
    leon_l_normalize_mode = "off",
    # When True, rescale the final NS output to Frobenius norm sqrt(min(D1, D2)),
    # i.e. match the natural ||update||_F of the L=0 (Muon-NS) update.
    leon_match_l0_norm  = False,
    leon_log_diagnostics = False,
    leon_diag_interval  = 125,
    leon_diag_patterns  = (
        "blocks.0.attn.q.weight",
        "blocks.6.mlp.proj.weight",
        "blocks.11.attn.proj.weight",
    ),
    # Optional wandb logging (off by default). Enable with --set wandb_project=<name>.
    # File artifacts (train.log, config.json, tuning_log.csv) remain authoritative.
    wandb_project = None,
    wandb_mode    = "online",  # "online" | "offline" | "disabled"
    # Optional. If unset, the wandb run name falls back to run_dir.name (the timestamp+uuid).
    # Set this to your tuning_log.csv run_id so the dashboard matches the ledger.
    wandb_run_name = None,
)


def parse_value(s: str):
    try:
        return ast.literal_eval(s)
    except (ValueError, SyntaxError):
        return s


def parse_args():
    parser = argparse.ArgumentParser()
    parser.add_argument("legacy_trials", nargs="?", type=int,
                        help="Legacy positional trial count. Prefer --trials.")
    parser.add_argument("--trials", type=int, default=None)
    parser.add_argument("--set", action="append", default=[],
                        metavar="KEY=VALUE", help="Override or add an hparams entry.")
    parser.add_argument("--dry-run", action="store_true",
                        help="Resolve config and write metadata without CUDA/NCCL/training.")
    parser.add_argument("--out-dir", type=Path, default=None,
                        help="Run output directory. Defaults to runs/leon/<timestamp>-<uuid>.")
    return parser.parse_args()


def resolve_hparams(overrides):
    hparams = dict(BASE_HPARAMS)
    for item in overrides:
        if "=" not in item:
            raise ValueError(f"--set expects KEY=VALUE, got {item!r}")
        key, raw_value = item.split("=", 1)
        value = parse_value(raw_value)
        if key == "cooldown_frac":
            hparams["adam_cooldown_frac"] = value
            hparams["leon_cooldown_frac"] = value
        hparams[key] = value
    return hparams


def config_diff(hparams):
    return {k: v for k, v in hparams.items() if BASE_HPARAMS.get(k) != v}


def validate_hparams(hparams):
    l_scale = float(hparams["leon_l_scale"])
    if l_scale < 0:
        raise ValueError(f"leon_l_scale must be non-negative, got {l_scale!r}")

    orthogonalize_dtype = hparams["leon_orthogonalize_dtype"]
    if orthogonalize_dtype not in ("bfloat16", "float32", "float64"):
        raise ValueError(
            "leon_orthogonalize_dtype must be 'bfloat16', 'float32', or 'float64', "
            f"got {orthogonalize_dtype!r}"
        )

    schedule = hparams["leon_l_scale_schedule"]
    if schedule not in ("constant", "linear_ramp"):
        raise ValueError(
            "leon_l_scale_schedule must be 'constant' or 'linear_ramp', "
            f"got {schedule!r}"
        )

    if schedule == "linear_ramp":
        start = float(hparams["leon_l_scale_ramp_start_frac"])
        end = float(hparams["leon_l_scale_ramp_end_frac"])
        if not (0 <= start < end <= 1):
            raise ValueError(
                "linear_ramp requires 0 <= leon_l_scale_ramp_start_frac "
                "< leon_l_scale_ramp_end_frac <= 1, "
                f"got start={start!r}, end={end!r}"
            )

    normalize_mode = hparams["leon_l_normalize_mode"]
    if normalize_mode not in ("off", "match_g"):
        raise ValueError(
            "leon_l_normalize_mode must be 'off' or 'match_g', "
            f"got {normalize_mode!r}"
        )


def scheduled_l_scale(hparams, progress):
    target = float(hparams["leon_l_scale"])
    schedule = hparams["leon_l_scale_schedule"]

    if schedule == "constant":
        return target

    start = float(hparams["leon_l_scale_ramp_start_frac"])
    end = float(hparams["leon_l_scale_ramp_end_frac"])
    if progress < start:
        return 0.0
    if progress >= end:
        return target
    ramp_progress = (progress - start) / (end - start)
    return target * ramp_progress


def default_run_dir():
    stamp = datetime.now().strftime("%Y%m%d-%H%M%S")
    return Path("records/track_3_optimization/runs/leon") / f"{stamp}-{uuid.uuid4().hex[:8]}"


def create_run_dir(out_dir=None):
    run_dir = Path(out_dir) if out_dir is not None else default_run_dir()
    run_dir.mkdir(parents=True, exist_ok=False)
    return run_dir


def git_commit():
    try:
        return subprocess.check_output(["git", "rev-parse", "HEAD"], text=True).strip()
    except Exception:
        return None


def shard_counts():
    cwd = Path.cwd()
    return dict(
        train_shards=len(list(cwd.glob("data/fineweb10B/fineweb_train_*.bin"))),
        val_shards=len(list(cwd.glob("data/fineweb10B/fineweb_val_*.bin"))),
    )


def torch_versions():
    torch_module = globals().get("torch")
    if torch_module is None:
        return None, None
    return torch_module.version.__version__, torch_module.version.cuda


def write_run_files(run_dir, args, hparams, mode, extra=None):
    torch_version, cuda_version = torch_versions()
    diff = config_diff(hparams)
    metadata = dict(
        mode=mode,
        argv=sys.argv,
        cwd=str(Path.cwd()),
        script=sys.argv[0],
        trials=args.trials if args.trials is not None else (args.legacy_trials or 1),
        dry_run=args.dry_run,
        out_dir=str(run_dir),
        git_commit=git_commit(),
        torch_version=torch_version,
        cuda_version=cuda_version,
        shard_counts=shard_counts(),
    )
    if extra:
        metadata.update(extra)
    (run_dir / "config.json").write_text(json.dumps(hparams, indent=2, sort_keys=True) + "\n")
    (run_dir / "config_diff.json").write_text(json.dumps(diff, indent=2, sort_keys=True) + "\n")
    (run_dir / "metadata.json").write_text(json.dumps(metadata, indent=2, sort_keys=True) + "\n")


if "--dry-run" in sys.argv:
    args = parse_args()
    hparams = resolve_hparams(args.set)
    validate_hparams(hparams)
    run_dir = create_run_dir(args.out_dir)
    write_run_files(run_dir, args, hparams, "dry-run")
    print(f"dry_run:true out_dir:{run_dir}")
    print(json.dumps(dict(hparams=hparams, config_diff=config_diff(hparams)), indent=2, sort_keys=True))
    sys.exit(0)

import torch
from torch import Tensor, nn
from torch.optim import AdamW
import torch.nn.functional as F
import torch.distributed as dist


########################################
#              Dataloader              #
########################################

def _load_data_shard(file: Path):
    header = torch.from_file(str(file), False, 256, dtype=torch.int32) # header is 256 int32
    assert header[0] == 20240520, "magic number mismatch in the data .bin file"
    assert header[1] == 1, "unsupported version"
    num_tokens = int(header[2]) # number of tokens (claimed)
    with file.open("rb", buffering=0) as f:
        tokens = torch.empty(num_tokens, dtype=torch.uint16, pin_memory=True)
        f.seek(256 * 4)
        nbytes = f.readinto(tokens.numpy()) # avoid bytes->array copy
        assert nbytes == 2 * num_tokens, "number of tokens read does not match header"
    return tokens

def distributed_data_generator(filename_pattern: str, batch_size: int, seq_len=1024):
    files = sorted(Path.cwd().glob(filename_pattern))
    assert batch_size % dist.get_world_size() == 0
    local_batch_size = batch_size // dist.get_world_size()
    file_iter = iter(files)
    tokens, pos = _load_data_shard(next(file_iter)), 0
    while True:
        if pos + batch_size + 1 >= len(tokens):
            tokens, pos = _load_data_shard(next(file_iter)), 0
        buf = tokens[pos + dist.get_rank() * local_batch_size:][:local_batch_size + 1]
        inputs = buf[:-1].to(device="cuda", dtype=torch.int32, non_blocking=True)
        targets = buf[1:].to(device="cuda", dtype=torch.int64, non_blocking=True)
        pos += batch_size
        yield inputs.view(-1, seq_len), targets.view(-1, seq_len)


########################################
#             Architecture             #
########################################

class RMSNorm(nn.Module):
    def __init__(self, dim):
        super().__init__()
        self.gains = nn.Parameter(torch.ones(dim))

    def forward(self, x):
        return F.rms_norm(x, (x.size(-1),), weight=self.gains.type_as(x))

class Linear(nn.Linear):
    def __init__(self, in_features, out_features):
        super().__init__(in_features, out_features, bias=True)

    def forward(self, x):
        return F.linear(x, self.weight.type_as(x), self.bias.type_as(x))

class Rotary(nn.Module):
    def __init__(self, dim: int):
        super().__init__()
        # half-truncate RoPE (w/ base freq tuning)
        angular_freq = (1 / 1024) ** torch.linspace(0, 1, steps=dim//4, dtype=torch.float32)
        self.register_buffer("angular_freq", torch.cat([angular_freq, angular_freq.new_zeros(dim//4)]))

    def forward(self, x_BTHD: Tensor):
        pos = torch.arange(x_BTHD.size(1), dtype=torch.float32, device=x_BTHD.device)
        theta = torch.outer(pos, self.angular_freq)[None, :, None, :]
        cos, sin = theta.cos(), theta.sin()
        x1, x2 = x_BTHD.to(dtype=torch.float32).chunk(2, dim=-1)
        y1 = x1 * cos + x2 * sin
        y2 = x1 * (-sin) + x2 * cos
        return torch.cat((y1, y2), 3).type_as(x_BTHD)

class CausalSelfAttention(nn.Module):
    def __init__(self, dim: int, head_dim=128):
        super().__init__()
        self.num_heads = dim // head_dim
        self.head_dim = head_dim
        hdim = self.num_heads * self.head_dim
        self.q = Linear(dim, hdim)
        self.k = Linear(dim, hdim)
        self.v = Linear(dim, hdim)
        self.proj = Linear(hdim, dim)
        self.rotary = Rotary(head_dim)

    def forward(self, x: Tensor):
        B, T = x.size(0), x.size(1)
        q = self.q(x).view(B, T, self.num_heads, self.head_dim)
        k = self.k(x).view(B, T, self.num_heads, self.head_dim)
        v = self.v(x).view(B, T, self.num_heads, self.head_dim)
        q, k = F.rms_norm(q, (q.size(-1),)), F.rms_norm(k, (k.size(-1),))
        q, k = self.rotary(q), self.rotary(k)
        y = F.scaled_dot_product_attention(q.transpose(1, 2), k.transpose(1, 2),
                                           v.transpose(1, 2), scale=0.12, is_causal=True).transpose(1, 2)
        y = y.contiguous().view(B, T, self.num_heads * self.head_dim)
        y = self.proj(y)
        return y

class MLP(nn.Module):
    def __init__(self, dim: int):
        super().__init__()
        hdim = 4 * dim
        self.fc = Linear(dim, hdim)
        self.proj = Linear(hdim, dim)

    def forward(self, x: Tensor):
        x = self.fc(x)
        x = x.relu().square()
        x = self.proj(x)
        return x

class Block(nn.Module):
    def __init__(self, dim: int):
        super().__init__()
        self.attn = CausalSelfAttention(dim)
        self.mlp = MLP(dim)
        self.norm1 = RMSNorm(dim)
        self.norm2 = RMSNorm(dim)

    def forward(self, x: Tensor):
        x = x + self.attn(self.norm1(x))
        x = x + self.mlp(self.norm2(x))
        return x

class GPT(nn.Module):
    def __init__(self, vocab_size: int, num_layers: int, model_dim: int):
        super().__init__()
        self.embed = nn.Embedding(vocab_size, model_dim).bfloat16()
        self.blocks = nn.ModuleList([Block(model_dim) for _ in range(num_layers)])
        self.proj = Linear(model_dim, vocab_size)
        self.norm1 = RMSNorm(model_dim)
        self.norm2 = RMSNorm(model_dim)

    def forward(self, inputs: Tensor, targets: Tensor):
        x = self.norm1(self.embed(inputs))
        for block in self.blocks:
            x = block(x)
        logits = self.proj(self.norm2(x)).float()
        logits = 15 * logits * (logits.square() + 15**2).rsqrt()
        return F.cross_entropy(logits.view(targets.numel(), -1), targets.view(-1), reduction="sum")


########################################
#              Optimizer               #
########################################

def leon_compute_dtype(dtype_name: str):
    if dtype_name == "bfloat16":
        return torch.bfloat16
    if dtype_name == "float32":
        return torch.float32
    if dtype_name == "float64":
        return torch.float64
    raise ValueError(f"Unsupported Leon orthogonalization dtype: {dtype_name!r}")


def leon_accum_dtype(dtype_name: str):
    return torch.float64 if dtype_name == "float64" else torch.float32


def leon_orthogonalize(grad: Tensor, momentum_buffer: Tensor, second_momentum_buffer: Tensor,
                       momentum: float = 0.95, beta2: float = 0.7,
                       ns_iters: int = 6, ns_coeffs: tuple = (2, -1.5, 0.5),
                       eps: float = 1e-7, l_scale: float = 1.0,
                       compute_dtype: str = "bfloat16",
                       l_normalize_mode: str = "off",
                       match_l0_norm: bool = False) -> Tensor:
    """
    Leon update: Nesterov momentum + Newton-Schulz orthogonalization with
    augmented Gram matrix (second momentum buffer).

    Computes (GG^T + L)^{-0.5} G where L is an EMA-like gradient Gram statistic,
    using Newton-Schulz iterations to approximate the matrix inverse square root.

    Args:
        grad: Raw gradient (mutated in-place into the Nesterov-corrected update)
        momentum_buffer: First-moment unnormalized exponential sum
            S_t = momentum * S_{t-1} + grad_t (updated in place).
        second_momentum_buffer: Second-moment unnormalized exponential sum
            T_t = beta2 * T_{t-1} + grad_t grad_t^T (updated in place).
        momentum: First momentum coefficient (Nesterov)
        beta2: Second momentum coefficient
        ns_iters: Number of Newton-Schulz iterations
        ns_coeffs: (a, b, c) coefficients for the NS iteration
        eps: Diagonal stability epsilon added to the augmented Gram matrix
        l_scale: Multiplier for the second-momentum Gram contribution
        compute_dtype: Matrix-update dtype for X inside the NS iteration
        l_normalize_mode: "off" uses L = l_scale * T_t; "match_g" rescales L so
            tr(L) = l_scale * ||G||_F^2 (l_scale=1.0 -> tr(L) fraction 0.5).
        match_l0_norm: When True, rescale the final NS output to Frobenius norm
            sqrt(min(D1, D2)), matching the L=0 update's natural Frobenius norm.
    """
    is_tall = grad.size(-2) >= grad.size(-1)
    x_dtype = leon_compute_dtype(compute_dtype)
    accum_dtype = leon_accum_dtype(compute_dtype)

    # 0. Compute Gram matrix of raw gradient BEFORE mutating it with momentum
    if is_tall:
        gram_tmp = grad.mT @ grad
    else:
        gram_tmp = grad @ grad.mT

    # Both buffers are stored as unnormalized exponential sums:
    #   S_t = momentum * S_{t-1} + grad_t          (first moment)
    #   T_t = beta2    * T_{t-1} + grad_t grad_t^T (second moment)
    # so we avoid the lerp_ / divide-by-(1-decay) round-trip used in EMA storage.

    # 1. First-moment sum + Nesterov: g = grad + momentum * S_t
    momentum_buffer.mul_(momentum).add_(grad)
    g = grad.add_(momentum_buffer, alpha=momentum)

    # 2. Second-moment sum: T_t in place
    second_momentum_buffer.mul_(beta2).add_(gram_tmp)

    X = g.to(dtype=x_dtype)
    L_unscaled = second_momentum_buffer.to(dtype=accum_dtype)
    if l_normalize_mode == "match_g":
        x_sq = X.to(dtype=accum_dtype).pow(2).sum()
        raw_l_tr = L_unscaled.diagonal(dim1=-2, dim2=-1).sum().clamp_min(1e-12)
        # Rescale so tr(L) = l_scale * ||X||_F^2 regardless of the raw sum magnitude.
        L = L_unscaled * (l_scale * x_sq / raw_l_tr)
    else:
        L = L_unscaled * l_scale
    A = 0.5 * (L + L.transpose(-2, -1))  # ensure symmetry

    # 3. Scale so that tr(GG^T + L) ≈ 1
    tr = X.to(dtype=accum_dtype).pow(2).sum(dim=(-2, -1), keepdim=True) \
       + A.diagonal(dim1=-2, dim2=-1).sum(dim=-1, keepdim=True).unsqueeze(-1)
    tr = tr.clamp_min(1e-12) * ((1 + 2e-2)**2)  # safety cushion

    inv_sqrt_tr = tr.rsqrt()
    inv_tr = inv_sqrt_tr.square()

    X = X * inv_sqrt_tr.to(X.dtype)
    A = (A * inv_tr).contiguous()

    # 4. Initial augmented Gram: A0 = gram(X) + L_scaled
    if is_tall:
        A = A + (X.mT @ X)
    else:
        A = A + (X @ X.mT)
    A.diagonal(dim1=-2, dim2=-1).add_(eps)  # eps for stability

    # 5. Newton-Schulz iterations with A iteration
    a, b, c = ns_coeffs
    last_iter = ns_iters - 1
    for i in range(ns_iters):
        A = 0.5 * (A + A.transpose(-2, -1))  # keep symmetric
        B = b * A + c * (A @ A)

        if is_tall:
            X = a * X + X @ B.to(X.dtype)
        else:
            X = a * X + B.to(X.dtype) @ X

        # Update A alongside X (skip on last iteration)
        if i < last_iter:
            # A <- (aI + B) A (aI + B)
            # computed as: D = a*A + B@A, then A = a*D + D@B
            D = a * A + B @ A
            A = a * D + D @ B

    if match_l0_norm:
        # Rescale X to ||X||_F = sqrt(min(D1, D2)), the natural Frobenius norm
        # of an orthogonalized (L=0) Muon-NS update.
        target = float(min(X.size(-2), X.size(-1))) ** 0.5
        cur = X.to(dtype=accum_dtype).norm().clamp_min(1e-12)
        X = X * (target / cur).to(X.dtype)

    return X


class Leon(torch.optim.Optimizer):
    """
    Leon optimizer: Nesterov momentum + Newton-Schulz orthogonalization with
    an augmented Gram matrix (second momentum buffer).

    Unlike Muon which recomputes A = X@X^T each NS iteration, Leon maintains
    a second momentum buffer L (scaled from an EMA of gradient Gram matrices) and augments
    the iteration matrix: A = X@X^T + L. A is also iterated alongside X.
    """
    def __init__(self, params, lr=0.025, weight_decay=0.025, mu=0.95, beta2=0.7,
                 ns_iters=6, eps=1e-7, l_scale=1.0, orthogonalize_dtype="bfloat16",
                 l_normalize_mode="off", match_l0_norm=False):
        assert isinstance(params, list) and len(params) >= 1 and isinstance(params[0], torch.nn.Parameter)
        params = sorted(params, key=lambda x: x.size(), reverse=True)
        defaults = dict(lr=lr, weight_decay=weight_decay, mu=mu, beta2=beta2,
                        ns_iters=ns_iters, eps=eps, l_scale=l_scale,
                        orthogonalize_dtype=orthogonalize_dtype,
                        l_normalize_mode=l_normalize_mode,
                        match_l0_norm=match_l0_norm)
        super().__init__(params, defaults)
        self.param_names = {}

    def diagnostic_stats(self, selected_patterns):
        if isinstance(selected_patterns, str):
            selected_patterns = (selected_patterns,)
        selected_patterns = tuple(selected_patterns)

        rows = []
        rank = dist.get_rank()
        world_size = dist.get_world_size()
        with torch.no_grad():
            for group in self.param_groups:
                params = group["params"]
                for base_i in range(0, len(params), world_size):
                    if base_i + rank >= len(params):
                        continue
                    p = params[base_i + rank]
                    name = self.param_names.get(p, f"param_{base_i + rank}")
                    if selected_patterns and not any(pattern in name for pattern in selected_patterns):
                        continue
                    if p.grad is None:
                        continue

                    state = self.state[p]
                    if len(state) == 0:
                        momentum_buffer = torch.zeros_like(p, dtype=torch.float32)
                        min_D = min(p.shape[-2], p.shape[-1])
                        second_momentum_buffer = torch.zeros(
                            min_D, min_D, dtype=torch.float32, device=p.device
                        )
                    else:
                        momentum_buffer = state["momentum_buffer"]
                        second_momentum_buffer = state["second_momentum_buffer"]

                    grad = p.grad.float()
                    momentum_clone = momentum_buffer.clone()
                    l_clone = second_momentum_buffer.clone()
                    grad_for_update = grad.clone()
                    update = leon_orthogonalize(
                        grad_for_update, momentum_clone, l_clone,
                        momentum=group["mu"], beta2=group["beta2"],
                        ns_iters=group["ns_iters"], eps=group["eps"],
                        l_scale=group["l_scale"],
                        compute_dtype=group["orthogonalize_dtype"],
                        l_normalize_mode=group["l_normalize_mode"],
                        match_l0_norm=group["match_l0_norm"],
                    )
                    update *= max(1, p.size(-2) / p.size(-1))**0.5

                    momentum_l0 = momentum_buffer.clone()
                    l_l0 = second_momentum_buffer.clone()
                    update_l0 = leon_orthogonalize(
                        grad.clone(), momentum_l0, l_l0,
                        momentum=group["mu"], beta2=group["beta2"],
                        ns_iters=group["ns_iters"], eps=group["eps"],
                        l_scale=0.0,
                        compute_dtype=group["orthogonalize_dtype"],
                    )
                    update_l0 *= max(1, p.size(-2) / p.size(-1))**0.5

                    update_float = update.float()
                    update_l0_float = update_l0.float()
                    update_norm = update_float.norm()
                    update_l0_norm = update_l0_float.norm()
                    cosine_denom = (update_norm * update_l0_norm).clamp_min(1e-12)
                    update_l0_cos = (update_float.flatten() @ update_l0_float.flatten()) / cosine_denom
                    grad_norm = grad.norm()
                    # momentum_clone / l_clone are post-`leon_orthogonalize`, so they already
                    # hold the unnormalized exponential sums S_t and T_t. No 1/(1-decay) factor.
                    momentum_for_stats = momentum_clone
                    l_for_stats = l_clone
                    momentum_norm = momentum_for_stats.norm()
                    update_grad_cos = (update_float.flatten() @ grad.flatten()) / (
                        update_norm * grad_norm
                    ).clamp_min(1e-12)
                    update_momentum_cos = (update_float.flatten() @ momentum_for_stats.flatten()) / (
                        update_norm * momentum_norm
                    ).clamp_min(1e-12)

                    l_sym = 0.5 * (l_for_stats + l_for_stats.transpose(-2, -1))
                    l_trace = l_sym.diagonal(dim1=-2, dim2=-1).sum().clamp_min(0)
                    l_fro = l_sym.norm()
                    diagnostic_accum_dtype = leon_accum_dtype(group["orthogonalize_dtype"])
                    g_sq = grad_for_update.to(dtype=diagnostic_accum_dtype).pow(2).sum()
                    # Reflect the actual effective tr(L) used inside leon_orthogonalize:
                    # match_g rescales tr(L) to l_scale * ||g||^2, off uses l_scale * tr(L_unscaled).
                    if group["l_normalize_mode"] == "match_g":
                        effective_l_trace = group["l_scale"] * g_sq
                    else:
                        effective_l_trace = group["l_scale"] * l_trace
                    l_trace_fraction = effective_l_trace / (g_sq + effective_l_trace).clamp_min(1e-12)
                    if l_trace > 0:
                        l_top_eval = torch.linalg.eigvalsh(l_sym).amax().clamp_min(0)
                        l_top_eval_fraction = l_top_eval / l_trace.clamp_min(1e-12)
                    else:
                        l_top_eval = l_trace
                        l_top_eval_fraction = l_trace

                    weight_norm = p.float().norm()
                    # LR-free shape metric: ||update||_F / ||W||_F. Multiply by lr (also
                    # logged) to recover the per-step relative move.
                    relative_update = update_norm / weight_norm.clamp_min(1e-12)
                    relative_update_l0 = update_l0_norm / weight_norm.clamp_min(1e-12)

                    rows.append(dict(
                        name=name,
                        lr=float(group["lr"]),
                        weight_norm=float(weight_norm.item()),
                        grad_norm=float(grad_norm.item()),
                        momentum_norm=float(momentum_norm.item()),
                        update_norm=float(update_norm.item()),
                        update_l0_norm=float(update_l0_norm.item()),
                        relative_update=float(relative_update.item()),
                        relative_update_l0=float(relative_update_l0.item()),
                        update_l0_cos=float(update_l0_cos.item()),
                        update_grad_cos=float(update_grad_cos.item()),
                        update_momentum_cos=float(update_momentum_cos.item()),
                        l_trace=float(l_trace.item()),
                        l_fro=float(l_fro.item()),
                        l_trace_fraction=float(l_trace_fraction.item()),
                        l_top_eval=float(l_top_eval.item()),
                        l_top_eval_fraction=float(l_top_eval_fraction.item()),
                    ))
        return rows

    @torch.no_grad()
    def step(self):
        world_size = dist.get_world_size()
        rank = dist.get_rank()
        for group in self.param_groups:
            params = group["params"]
            params_pad = params + [torch.empty_like(params[-1])] * (world_size - len(params) % world_size)
            for base_i in range(0, len(params), world_size):
                if base_i + rank < len(params):
                    p = params[base_i + rank]
                    state = self.state[p]
                    if len(state) == 0:
                        state["momentum_buffer"] = torch.zeros_like(p, dtype=torch.float32)
                        D1, D2 = p.shape[-2], p.shape[-1]
                        min_D = min(D1, D2)
                        state["second_momentum_buffer"] = torch.zeros(
                            min_D, min_D, dtype=torch.float32, device=p.device
                        )
                    grad = p.grad.float()
                    update = leon_orthogonalize(
                        grad, state["momentum_buffer"], state["second_momentum_buffer"],
                        momentum=group["mu"], beta2=group["beta2"],
                        ns_iters=group["ns_iters"], eps=group["eps"],
                        l_scale=group["l_scale"],
                        compute_dtype=group["orthogonalize_dtype"],
                        l_normalize_mode=group["l_normalize_mode"],
                        match_l0_norm=group["match_l0_norm"],
                    )
                    update *= max(1, p.size(-2) / p.size(-1))**0.5
                    p.mul_(1 - group["lr"] * group["weight_decay"])
                    p.add_(update, alpha=-group["lr"])
                dist.all_gather(params_pad[base_i:base_i + world_size], params_pad[base_i + rank])


########################################
#                Setup                 #
########################################

def main():
    args = parse_args()
    num_trials = args.trials if args.trials is not None else (args.legacy_trials or 1)
    hparams = resolve_hparams(args.set)
    validate_hparams(hparams)

    if args.dry_run:
        run_dir = create_run_dir(args.out_dir)
        write_run_files(run_dir, args, hparams, "dry-run")
        print(f"dry_run:true out_dir:{run_dir}")
        print(json.dumps(dict(hparams=hparams, config_diff=config_diff(hparams)), indent=2, sort_keys=True))
        return

    global device
    # torchrun sets these env variables
    device = torch.device("cuda", int(os.environ["LOCAL_RANK"]))
    torch.cuda.set_device(device)
    dist.init_process_group(backend="nccl", device_id=device)
    dist.barrier()
    # this code can be run equivalently with 1, 2, 4, or 8 gpus.
    assert 8 % dist.get_world_size() == 0

    try:
        if dist.get_rank() == 0:
            run_dir = create_run_dir(args.out_dir)
        else:
            run_dir = None
        run_dir_obj = [str(run_dir) if run_dir is not None else None]
        dist.broadcast_object_list(run_dir_obj, src=0)
        run_dir = Path(run_dir_obj[0])
        logfile = run_dir / "train.log"

        # logging setup
        if dist.get_rank() == 0:
            print(logfile)
            write_run_files(run_dir, args, hparams, "train", dict(
                device_name=torch.cuda.get_device_name(device),
                world_size=dist.get_world_size(),
            ))

        wandb_run = None
        if hparams["wandb_project"] is not None and dist.get_rank() == 0:
            try:
                import wandb
                wandb_run = wandb.init(
                    project=hparams["wandb_project"],
                    mode=hparams.get("wandb_mode", "online"),
                    name=hparams.get("wandb_run_name") or run_dir.name,
                    dir=str(run_dir),
                    config=hparams,
                    tags=[Path(__file__).stem, f"world_size={dist.get_world_size()}"],
                )
            except Exception as e:
                print(f"[wandb] init failed, continuing without wandb: {e}")
                wandb_run = None

        def print0(s, console=False, log=True):
            if dist.get_rank() == 0:
                if console:
                    print(s)
                if log:
                    with open(logfile, "a") as f:
                        print(s, file=f)

        # we begin by logging this file itself
        print0(code)
        print0("="*100)
        print0(f"Running PyTorch {torch.version.__version__} compiled for CUDA {torch.version.cuda}"
               + f" on {torch.cuda.get_device_name(device)} with world_size {dist.get_world_size()}")
        print0(json.dumps(dict(hparams=hparams, config_diff=config_diff(hparams)), indent=2, sort_keys=True))
        print0("="*100)

        val_tokens = 20 * 524288
        batch_size = 8 * 64 * 1024
        mbs = 64
        val_inputs, val_targets = next(distributed_data_generator("data/fineweb10B/fineweb_val_*.bin", val_tokens))

        model = GPT(vocab_size=50304, num_layers=12, model_dim=768).cuda()
        model.compile(dynamic=False)

        for _ in range(num_trials):


            ########################################
            #            Hyperparameters            #
            ########################################

            train_steps = hparams["train_steps"]

            # initialize model parameters
            for name, p in model.named_parameters():
                w = p.data
                if name.endswith("weight"):
                    if "proj" in name:
                        w.zero_()
                    elif "embed" in name:
                        w.normal_()  # default torch init
                    else:
                        w.normal_(std=0.33**0.5 / w.size(-1)**0.5)  # default torch init
                elif name.endswith("bias"):
                    w.zero_()
                elif name.endswith("gains"):
                    w.normal_(mean=1, std=0)
                else:
                    raise Exception(f"Uninitialized parameter: {name}")

            # create the optimizer(s)
            optimizer1 = AdamW([dict(params=[model.embed.weight], lr=hparams["embed_lr"]),
                                dict(params=[model.proj.weight], lr=hparams["proj_lr"]),
                                dict(params=[p for p in model.parameters() if p.ndim < 2], lr=hparams["scalar_lr"])],
                               betas=hparams["adam_betas"], eps=hparams["adam_eps"],
                               weight_decay=hparams["adam_wd"], fused=True)
            optimizer2 = Leon([p for p in model.blocks.parameters() if p.ndim >= 2],
                              lr=hparams["leon_lr"], weight_decay=hparams["leon_wd"],
                              mu=hparams["leon_mu"], beta2=hparams["leon_beta2"],
                              ns_iters=hparams["leon_ns_iters"], eps=hparams["leon_eps"],
                              l_scale=hparams["leon_l_scale"],
                              orthogonalize_dtype=hparams["leon_orthogonalize_dtype"],
                              l_normalize_mode=hparams["leon_l_normalize_mode"],
                              match_l0_norm=hparams["leon_match_l0_norm"])
            optimizer2.param_names = {p: name for name, p in model.named_parameters()}
            optimizers = [optimizer1, optimizer2]
            assert set(p for opt in optimizers for group in opt.param_groups
                       for p in group["params"]) == set(model.parameters())
            for opt in optimizers:
                for group in opt.param_groups:
                    group["initial_lr"] = group["lr"]
            for group in optimizer1.param_groups:
                group["cooldown_frac"] = hparams["adam_cooldown_frac"]
            for group in optimizer2.param_groups:
                group["cooldown_frac"] = hparams["leon_cooldown_frac"]
                group["l_scale"] = scheduled_l_scale(hparams, 0.0)

            # learning rate schedule: stable then decay
            def set_hparams(step):
                progress = step / train_steps
                assert 0 <= progress < 1
                for opt in optimizers:
                    for group in opt.param_groups:
                        cooldown_frac = group["cooldown_frac"]
                        if progress < 1 - cooldown_frac:
                            eta = 1.0
                        else:
                            eta = (1 - progress) / cooldown_frac
                        group["lr"] = group["initial_lr"] * eta
                l_scale = scheduled_l_scale(hparams, progress)
                for group in optimizer2.param_groups:
                    group["l_scale"] = l_scale

            def log_leon_diagnostics(step):
                if not hparams["leon_log_diagnostics"]:
                    return
                interval = hparams["leon_diag_interval"]
                if interval <= 0 or step % interval != 0:
                    return
                local_rows = optimizer2.diagnostic_stats(hparams["leon_diag_patterns"])
                gathered_rows = [None] * dist.get_world_size()
                dist.all_gather_object(gathered_rows, local_rows)
                if dist.get_rank() != 0:
                    return
                rows = [row for rank_rows in gathered_rows for row in rank_rows]
                rows.sort(key=lambda row: row["name"])
                for row in rows:
                    print0(
                        "diag"
                        + f" step:{step}"
                        + f" name:{row['name']}"
                        + f" lr:{row['lr']:.8g}"
                        + f" weight_norm:{row['weight_norm']:.6g}"
                        + f" grad_norm:{row['grad_norm']:.6g}"
                        + f" momentum_norm:{row['momentum_norm']:.6g}"
                        + f" update_norm:{row['update_norm']:.6g}"
                        + f" update_l0_norm:{row['update_l0_norm']:.6g}"
                        + f" relative_update:{row['relative_update']:.6g}"
                        + f" relative_update_l0:{row['relative_update_l0']:.6g}"
                        + f" update_l0_cos:{row['update_l0_cos']:.6g}"
                        + f" update_grad_cos:{row['update_grad_cos']:.6g}"
                        + f" update_momentum_cos:{row['update_momentum_cos']:.6g}"
                        + f" l_trace:{row['l_trace']:.6g}"
                        + f" l_fro:{row['l_fro']:.6g}"
                        + f" l_trace_fraction:{row['l_trace_fraction']:.6g}"
                        + f" l_top_eval:{row['l_top_eval']:.6g}"
                        + f" l_top_eval_fraction:{row['l_top_eval_fraction']:.6g}",
                        console=False,
                    )
                if wandb_run is not None:
                    wandb_run.log({
                        f"diag/{row['name']}/{k}": v
                        for row in rows for k, v in row.items() if k != "name"
                    }, step=step)


            ########################################
            #        Training and Validation       #
            ########################################

            train_loader = distributed_data_generator("data/fineweb10B/fineweb_train_*.bin", batch_size)
            for p in model.parameters():
                dist.broadcast(p.detach(), 0)
            # start the clock
            training_time = 0
            last_val_step = 0
            dist.barrier()
            t0 = time.perf_counter()
            for step in range(train_steps + 1):

                # --------------- VALIDATION SECTION -----------------
                if step == train_steps or step % 125 == 0:
                    # stop the clock
                    dist.barrier()
                    time_since_last_val = time.perf_counter() - t0
                    step_avg = time_since_last_val / (step - last_val_step) if step > 0 else float("nan")
                    last_val_step = step
                    training_time += time_since_last_val
                    model.eval()
                    val_loss = 0
                    with torch.no_grad():
                        assert len(val_inputs) % mbs == 0
                        for i in range(len(val_inputs) // mbs):
                            val_loss += model(val_inputs[i*mbs:(i+1)*mbs], val_targets[i*mbs:(i+1)*mbs])
                    dist.all_reduce(val_loss, op=dist.ReduceOp.SUM)
                    val_loss /= val_tokens
                    print0(f"step:{step}/{train_steps} val_loss:{val_loss:.5f} train_time:{training_time:.3f}s"
                           + f" step_avg:{1000*step_avg:.2f}ms", console=True)
                    if wandb_run is not None:
                        wandb_run.log({
                            "val_loss": float(val_loss),
                            "train_time_s": training_time,
                            "step_avg_ms": 1000 * step_avg if step > 0 else 0.0,
                        }, step=step)
                    model.train()
                    # start the clock again
                    dist.barrier()
                    t0 = time.perf_counter()

                if step == train_steps:
                    break

                # --------------- TRAINING SECTION -----------------
                inputs, targets = next(train_loader)
                # accumulate across microbatches in case we are running with fewer than 8 gpus
                assert len(inputs) % mbs == 0
                for i in range(len(inputs) // mbs):
                    model(inputs[i*mbs:(i+1)*mbs], targets[i*mbs:(i+1)*mbs]).backward()
                for name, p in model.named_parameters():
                    assert p.grad is not None, name
                    dist.all_reduce(p.grad, op=dist.ReduceOp.SUM)
                # set optimization hyperparameters and take a step
                set_hparams(step)
                log_leon_diagnostics(step + 1)
                for opt in optimizers:
                    opt.step()
                model.zero_grad(set_to_none=True)
                approx_training_time = training_time + (time.perf_counter() - t0)
                print0(f"step:{step+1}/{train_steps} train_time:{approx_training_time:.3f}s"
                       + f" step_avg:{1000*approx_training_time/(step + 1):.2f}ms", console=True, log=False)
    finally:
        if 'wandb_run' in locals() and wandb_run is not None:
            wandb_run.finish()
        dist.destroy_process_group()


if __name__ == "__main__":
    main()

====================================================================================================
Running PyTorch 2.11.0+cu128 compiled for CUDA 12.8 on NVIDIA H100 NVL with world_size 4
{
  "config_diff": {
    "leon_eps": 1e-12,
    "leon_log_diagnostics": true,
    "leon_ns_iters": 12,
    "leon_orthogonalize_dtype": "float32",
    "train_steps": 1500,
    "wandb_project": "modded-nanogpt-track3",
    "wandb_run_name": "leon_l1_1500_diag"
  },
  "hparams": {
    "adam_betas": [
      0.8,
      0.95
    ],
    "adam_cooldown_frac": 0.7,
    "adam_eps": 1e-10,
    "adam_wd": 0.0,
    "embed_lr": 0.3,
    "leon_beta2": 0.7,
    "leon_cooldown_frac": 0.7,
    "leon_diag_interval": 125,
    "leon_diag_patterns": [
      "blocks.0.attn.q.weight",
      "blocks.6.mlp.proj.weight",
      "blocks.11.attn.proj.weight"
    ],
    "leon_eps": 1e-12,
    "leon_l_normalize_mode": "off",
    "leon_l_scale": 1.0,
    "leon_l_scale_ramp_end_frac": 0.6,
    "leon_l_scale_ramp_start_frac": 0.2,
    "leon_l_scale_schedule": "constant",
    "leon_log_diagnostics": true,
    "leon_lr": 0.025,
    "leon_match_l0_norm": false,
    "leon_mu": 0.95,
    "leon_ns_iters": 12,
    "leon_orthogonalize_dtype": "float32",
    "leon_wd": 0.025,
    "proj_lr": 0.003125,
    "scalar_lr": 0.01,
    "train_steps": 1500,
    "wandb_mode": "online",
    "wandb_project": "modded-nanogpt-track3",
    "wandb_run_name": "leon_l1_1500_diag"
  }
}
====================================================================================================
step:0/1500 val_loss:10.82584 train_time:0.001s step_avg:nanms
diag step:125 name:blocks.0.attn.q.weight lr:0.025 weight_norm:26.9328 grad_norm:5550.83 momentum_norm:8798.21 update_norm:20.2819 update_l0_norm:27.4512 relative_update:0.753053 relative_update_l0:1.01924 update_l0_cos:0.913605 update_grad_cos:0.207834 update_momentum_cos:0.545101 l_trace:9.75692e+07 l_fro:4.64764e+07 l_trace_fraction:0.42187 l_top_eval:4.36582e+07 l_top_eval_fraction:0.447459
diag step:125 name:blocks.11.attn.proj.weight lr:0.025 weight_norm:27.7731 grad_norm:17192.7 momentum_norm:15995.5 update_norm:19.9058 update_l0_norm:25.384 relative_update:0.716732 relative_update_l0:0.913979 update_l0_cos:0.920936 update_grad_cos:0.0686704 update_momentum_cos:0.244559 l_trace:5.33616e+08 l_fro:4.89361e+08 l_trace_fraction:0.362065 l_top_eval:4.89007e+08 l_top_eval_fraction:0.916403
diag step:125 name:blocks.6.mlp.proj.weight lr:0.025 weight_norm:33.7264 grad_norm:14035.8 momentum_norm:12802.6 update_norm:21.7694 update_l0_norm:27.7128 relative_update:0.645471 relative_update_l0:0.821694 update_l0_cos:0.967514 update_grad_cos:0.169885 update_momentum_cos:0.598439 l_trace:5.33067e+08 l_fro:2.96489e+08 l_trace_fraction:0.497459 l_top_eval:2.85e+08 l_top_eval_fraction:0.534642
step:125/1500 val_loss:4.57431 train_time:60.407s step_avg:483.25ms
diag step:250 name:blocks.0.attn.q.weight lr:0.025 weight_norm:37.9678 grad_norm:3593.39 momentum_norm:5472.02 update_norm:20.2384 update_l0_norm:27.507 relative_update:0.533041 relative_update_l0:0.724482 update_l0_cos:0.913644 update_grad_cos:0.250503 update_momentum_cos:0.632426 l_trace:3.81745e+07 l_fro:1.70814e+07 l_trace_fraction:0.412915 l_top_eval:1.6184e+07 l_top_eval_fraction:0.423948
diag step:250 name:blocks.11.attn.proj.weight lr:0.025 weight_norm:41.6663 grad_norm:6634 momentum_norm:6412.83 update_norm:20.2058 update_l0_norm:27.0464 relative_update:0.484944 relative_update_l0:0.64912 update_l0_cos:0.911623 update_grad_cos:0.0978068 update_momentum_cos:0.434752 l_trace:1.67656e+08 l_fro:1.55372e+08 l_trace_fraction:0.596846 l_top_eval:1.55347e+08 l_top_eval_fraction:0.926584
diag step:250 name:blocks.6.mlp.proj.weight lr:0.025 weight_norm:45.3446 grad_norm:8052.03 momentum_norm:10164.5 update_norm:22.0515 update_l0_norm:27.7128 relative_update:0.486309 relative_update_l0:0.61116 update_l0_cos:0.978616 update_grad_cos:0.264168 update_momentum_cos:0.759209 l_trace:2.1337e+08 l_fro:9.1207e+07 l_trace_fraction:0.482393 l_top_eval:8.15228e+07 l_top_eval_fraction:0.382073
step:250/1500 val_loss:4.09326 train_time:118.177s step_avg:462.16ms
diag step:375 name:blocks.0.attn.q.weight lr:0.025 weight_norm:44.8607 grad_norm:2517.58 momentum_norm:4632.82 update_norm:20.2011 update_l0_norm:27.5252 relative_update:0.450308 relative_update_l0:0.613572 update_l0_cos:0.911837 update_grad_cos:0.26023 update_momentum_cos:0.650908 l_trace:2.13029e+07 l_fro:8.79844e+06 l_trace_fraction:0.378623 l_top_eval:8.36131e+06 l_top_eval_fraction:0.392497
diag step:375 name:blocks.11.attn.proj.weight lr:0.025 weight_norm:51.2748 grad_norm:4964.94 momentum_norm:5117.24 update_norm:20.4616 update_l0_norm:27.2506 relative_update:0.399057 relative_update_l0:0.531462 update_l0_cos:0.916831 update_grad_cos:0.112903 update_momentum_cos:0.507904 l_trace:8.54057e+07 l_fro:7.78113e+07 l_trace_fraction:0.552661 l_top_eval:7.78e+07 l_top_eval_fraction:0.910946
diag step:375 name:blocks.6.mlp.proj.weight lr:0.025 weight_norm:53.0801 grad_norm:6687.24 momentum_norm:9944.08 update_norm:22.2766 update_l0_norm:27.7128 relative_update:0.419679 relative_update_l0:0.522095 update_l0_cos:0.982307 update_grad_cos:0.289355 update_momentum_cos:0.810012 l_trace:1.5594e+08 l_fro:6.09586e+07 l_trace_fraction:0.460432 l_top_eval:5.56317e+07 l_top_eval_fraction:0.356752
step:375/1500 val_loss:3.92131 train_time:175.728s step_avg:460.40ms
diag step:500 name:blocks.0.attn.q.weight lr:0.023833333 weight_norm:50.0029 grad_norm:1705.36 momentum_norm:3958.19 update_norm:20.1479 update_l0_norm:27.5421 relative_update:0.402935 relative_update_l0:0.55081 update_l0_cos:0.911806 update_grad_cos:0.337343 update_momentum_cos:0.688327 l_trace:1.02673e+07 l_fro:2.63671e+06 l_trace_fraction:0.327062 l_top_eval:2.34436e+06 l_top_eval_fraction:0.228334
diag step:500 name:blocks.11.attn.proj.weight lr:0.023833333 weight_norm:58.5202 grad_norm:5272.46 momentum_norm:5378.95 update_norm:20.5529 update_l0_norm:27.207 relative_update:0.351211 relative_update_l0:0.464916 update_l0_cos:0.922739 update_grad_cos:0.119354 update_momentum_cos:0.474695 l_trace:7.2567e+07 l_fro:6.60429e+07 l_trace_fraction:0.44488 l_top_eval:6.60363e+07 l_top_eval_fraction:0.910006
diag step:500 name:blocks.6.mlp.proj.weight lr:0.023833333 weight_norm:58.8734 grad_norm:5609.94 momentum_norm:9795.76 update_norm:22.4413 update_l0_norm:27.7128 relative_update:0.381178 relative_update_l0:0.470718 update_l0_cos:0.985082 update_grad_cos:0.355817 update_momentum_cos:0.831743 l_trace:1.10446e+08 l_fro:3.28314e+07 l_trace_fraction:0.412315 l_top_eval:2.87763e+07 l_top_eval_fraction:0.260545
step:500/1500 val_loss:3.81557 train_time:233.292s step_avg:460.51ms
diag step:625 name:blocks.0.attn.q.weight lr:0.020857143 weight_norm:53.188 grad_norm:1541.44 momentum_norm:3678.94 update_norm:20.1295 update_l0_norm:27.5396 relative_update:0.378459 relative_update_l0:0.517779 update_l0_cos:0.911478 update_grad_cos:0.342179 update_momentum_cos:0.692152 l_trace:9.37505e+06 l_fro:2.57858e+06 l_trace_fraction:0.339551 l_top_eval:2.24572e+06 l_top_eval_fraction:0.239543
diag step:625 name:blocks.11.attn.proj.weight lr:0.020857143 weight_norm:63.181 grad_norm:4433.89 momentum_norm:4375.63 update_norm:20.612 update_l0_norm:27.3466 relative_update:0.326237 relative_update_l0:0.43283 update_l0_cos:0.922006 update_grad_cos:0.13252 update_momentum_cos:0.569577 l_trace:6.49883e+07 l_fro:5.87459e+07 l_trace_fraction:0.541363 l_top_eval:5.87399e+07 l_top_eval_fraction:0.903853
diag step:625 name:blocks.6.mlp.proj.weight lr:0.020857143 weight_norm:62.4211 grad_norm:4916.89 momentum_norm:9749.05 update_norm:22.5116 update_l0_norm:27.7128 relative_update:0.36064 relative_update_l0:0.443965 update_l0_cos:0.985879 update_grad_cos:0.385297 update_momentum_cos:0.847373 l_trace:9.55924e+07 l_fro:2.48961e+07 l_trace_fraction:0.402421 l_top_eval:2.20204e+07 l_top_eval_fraction:0.230357
step:625/1500 val_loss:3.73104 train_time:290.839s step_avg:460.38ms
diag step:750 name:blocks.0.attn.q.weight lr:0.017880952 weight_norm:54.8932 grad_norm:1567.35 momentum_norm:3702.29 update_norm:20.1435 update_l0_norm:27.5469 relative_update:0.366958 relative_update_l0:0.501827 update_l0_cos:0.910469 update_grad_cos:0.316154 update_momentum_cos:0.6937 l_trace:8.52651e+06 l_fro:2.21871e+06 l_trace_fraction:0.32128 l_top_eval:1.83904e+06 l_top_eval_fraction:0.215685
diag step:750 name:blocks.11.attn.proj.weight lr:0.017880952 weight_norm:65.8793 grad_norm:3540.24 momentum_norm:4549.76 update_norm:20.7218 update_l0_norm:27.3845 relative_update:0.314541 relative_update_l0:0.415677 update_l0_cos:0.92364 update_grad_cos:0.157869 update_momentum_cos:0.577625 l_trace:3.50983e+07 l_fro:2.88297e+07 l_trace_fraction:0.423804 l_top_eval:2.88133e+07 l_top_eval_fraction:0.820932
diag step:750 name:blocks.6.mlp.proj.weight lr:0.017880952 weight_norm:64.2681 grad_norm:5209.72 momentum_norm:10406.5 update_norm:22.6388 update_l0_norm:27.7128 relative_update:0.352256 relative_update_l0:0.431206 update_l0_cos:0.986859 update_grad_cos:0.372224 update_momentum_cos:0.843221 l_trace:9.72962e+07 l_fro:2.53439e+07 l_trace_fraction:0.375476 l_top_eval:2.27551e+07 l_top_eval_fraction:0.233874
step:750/1500 val_loss:3.66780 train_time:348.375s step_avg:460.28ms
diag step:875 name:blocks.0.attn.q.weight lr:0.014904762 weight_norm:55.7248 grad_norm:1703.56 momentum_norm:3775.23 update_norm:20.1967 update_l0_norm:27.5468 relative_update:0.362437 relative_update_l0:0.494337 update_l0_cos:0.912515 update_grad_cos:0.307442 update_momentum_cos:0.68583 l_trace:8.47261e+06 l_fro:2.71842e+06 l_trace_fraction:0.295287 l_top_eval:2.59002e+06 l_top_eval_fraction:0.305694
diag step:875 name:blocks.11.attn.proj.weight lr:0.014904762 weight_norm:67.3536 grad_norm:2604.45 momentum_norm:4236.3 update_norm:20.7685 update_l0_norm:27.4633 relative_update:0.308351 relative_update_l0:0.407748 update_l0_cos:0.922984 update_grad_cos:0.208672 update_momentum_cos:0.636614 l_trace:2.77934e+07 l_fro:2.12153e+07 l_trace_fraction:0.471171 l_top_eval:2.11957e+07 l_top_eval_fraction:0.762617
diag step:875 name:blocks.6.mlp.proj.weight lr:0.014904762 weight_norm:65.0845 grad_norm:5151.83 momentum_norm:10660.8 update_norm:22.7097 update_l0_norm:27.7128 relative_update:0.348926 relative_update_l0:0.425798 update_l0_cos:0.987801 update_grad_cos:0.382455 update_momentum_cos:0.852163 l_trace:9.14471e+07 l_fro:2.23059e+07 l_trace_fraction:0.356168 l_top_eval:2.03177e+07 l_top_eval_fraction:0.22218
step:875/1500 val_loss:3.61326 train_time:405.942s step_avg:460.54ms
diag step:1000 name:blocks.0.attn.q.weight lr:0.011928571 weight_norm:55.9061 grad_norm:1460.95 momentum_norm:3740.4 update_norm:20.2223 update_l0_norm:27.5609 relative_update:0.361719 relative_update_l0:0.492986 update_l0_cos:0.912569 update_grad_cos:0.349421 update_momentum_cos:0.700987 l_trace:6.92073e+06 l_fro:1.53578e+06 l_trace_fraction:0.278271 l_top_eval:1.34767e+06 l_top_eval_fraction:0.19473
diag step:1000 name:blocks.11.attn.proj.weight lr:0.011928571 weight_norm:68.0062 grad_norm:2617.44 momentum_norm:4257.32 update_norm:20.8287 update_l0_norm:27.4825 relative_update:0.306276 relative_update_l0:0.404118 update_l0_cos:0.92484 update_grad_cos:0.220575 update_momentum_cos:0.649943 l_trace:2.44107e+07 l_fro:1.83146e+07 l_trace_fraction:0.436226 l_top_eval:1.8302e+07 l_top_eval_fraction:0.749752
diag step:1000 name:blocks.6.mlp.proj.weight lr:0.011928571 weight_norm:65.1728 grad_norm:5068.32 momentum_norm:11088.2 update_norm:22.8585 update_l0_norm:27.7128 relative_update:0.350736 relative_update_l0:0.42522 update_l0_cos:0.989101 update_grad_cos:0.409473 update_momentum_cos:0.855709 l_trace:8.39216e+07 l_fro:1.70541e+07 l_trace_fraction:0.327255 l_top_eval:1.53518e+07 l_top_eval_fraction:0.182931
step:1000/1500 val_loss:3.56399 train_time:463.512s step_avg:460.56ms
diag step:1125 name:blocks.0.attn.q.weight lr:0.008952381 weight_norm:55.6828 grad_norm:1554.51 momentum_norm:3940.37 update_norm:20.2542 update_l0_norm:27.55 relative_update:0.363743 relative_update_l0:0.494767 update_l0_cos:0.913309 update_grad_cos:0.338793 update_momentum_cos:0.695826 l_trace:7.52833e+06 l_fro:1.74322e+06 l_trace_fraction:0.271693 l_top_eval:1.53972e+06 l_top_eval_fraction:0.204524
diag step:1125 name:blocks.11.attn.proj.weight lr:0.008952381 weight_norm:68.1399 grad_norm:2517.57 momentum_norm:4670.52 update_norm:20.8696 update_l0_norm:27.4771 relative_update:0.306277 relative_update_l0:0.403245 update_l0_cos:0.926569 update_grad_cos:0.241266 update_momentum_cos:0.639799 l_trace:2.07213e+07 l_fro:1.35854e+07 l_trace_fraction:0.374819 l_top_eval:1.35583e+07 l_top_eval_fraction:0.654316
diag step:1125 name:blocks.6.mlp.proj.weight lr:0.008952381 weight_norm:64.8255 grad_norm:5068.85 momentum_norm:11981.8 update_norm:22.9306 update_l0_norm:27.7128 relative_update:0.353727 relative_update_l0:0.427498 update_l0_cos:0.989508 update_grad_cos:0.420359 update_momentum_cos:0.851278 l_trace:8.7118e+07 l_fro:1.38166e+07 l_trace_fraction:0.30835 l_top_eval:9.41593e+06 l_top_eval_fraction:0.108082
step:1125/1500 val_loss:3.52393 train_time:521.038s step_avg:460.21ms
diag step:1250 name:blocks.0.attn.q.weight lr:0.0059761905 weight_norm:55.2675 grad_norm:1436.81 momentum_norm:4036.47 update_norm:20.2737 update_l0_norm:27.5564 relative_update:0.366829 relative_update_l0:0.498602 update_l0_cos:0.913441 update_grad_cos:0.365238 update_momentum_cos:0.699841 l_trace:7.11699e+06 l_fro:1.33229e+06 l_trace_fraction:0.261811 l_top_eval:1.07543e+06 l_top_eval_fraction:0.151108
diag step:1250 name:blocks.11.attn.proj.weight lr:0.0059761905 weight_norm:67.9717 grad_norm:2287.19 momentum_norm:4682.46 update_norm:20.9324 update_l0_norm:27.5005 relative_update:0.307958 relative_update_l0:0.404588 update_l0_cos:0.927275 update_grad_cos:0.258209 update_momentum_cos:0.658812 l_trace:1.55861e+07 l_fro:8.70922e+06 l_trace_fraction:0.32765 l_top_eval:8.67716e+06 l_top_eval_fraction:0.556723
diag step:1250 name:blocks.6.mlp.proj.weight lr:0.0059761905 weight_norm:64.284 grad_norm:4957.51 momentum_norm:12517.5 update_norm:23.0697 update_l0_norm:27.7128 relative_update:0.358871 relative_update_l0:0.4311 update_l0_cos:0.990804 update_grad_cos:0.426791 update_momentum_cos:0.856342 l_trace:7.62467e+07 l_fro:9.2417e+06 l_trace_fraction:0.27193 l_top_eval:7.40164e+06 l_top_eval_fraction:0.0970749
step:1250/1500 val_loss:3.48581 train_time:578.603s step_avg:460.51ms
diag step:1375 name:blocks.0.attn.q.weight lr:0.003 weight_norm:54.8519 grad_norm:1350.8 momentum_norm:4681.69 update_norm:20.2524 update_l0_norm:27.5427 relative_update:0.369221 relative_update_l0:0.502128 update_l0_cos:0.912565 update_grad_cos:0.356314 update_momentum_cos:0.663265 l_trace:8.46443e+06 l_fro:1.4658e+06 l_trace_fraction:0.254783 l_top_eval:1.06169e+06 l_top_eval_fraction:0.125429
diag step:1375 name:blocks.11.attn.proj.weight lr:0.003 weight_norm:67.74 grad_norm:1862.67 momentum_norm:5677.78 update_norm:20.9643 update_l0_norm:27.498 relative_update:0.309481 relative_update_l0:0.405934 update_l0_cos:0.927868 update_grad_cos:0.302129 update_momentum_cos:0.596471 l_trace:1.70559e+07 l_fro:8.11661e+06 l_trace_fraction:0.3125 l_top_eval:7.95471e+06 l_top_eval_fraction:0.466389
diag step:1375 name:blocks.6.mlp.proj.weight lr:0.003 weight_norm:63.7869 grad_norm:4600.47 momentum_norm:14242.2 update_norm:23.1372 update_l0_norm:27.7128 relative_update:0.362727 relative_update_l0:0.43446 update_l0_cos:0.99088 update_grad_cos:0.447574 update_momentum_cos:0.825369 l_trace:9.10162e+07 l_fro:1.0748e+07 l_trace_fraction:0.276278 l_top_eval:6.49913e+06 l_top_eval_fraction:0.0714063
step:1375/1500 val_loss:3.45515 train_time:636.166s step_avg:460.51ms
diag step:1500 name:blocks.0.attn.q.weight lr:2.3809524e-05 weight_norm:54.6544 grad_norm:1396.67 momentum_norm:4801.76 update_norm:20.4656 update_l0_norm:27.54 relative_update:0.374455 relative_update_l0:0.503894 update_l0_cos:0.916479 update_grad_cos:0.356052 update_momentum_cos:0.653213 l_trace:6.43094e+06 l_fro:999513 l_trace_fraction:0.192792 l_top_eval:801752 l_top_eval_fraction:0.124671
diag step:1500 name:blocks.11.attn.proj.weight lr:2.3809524e-05 weight_norm:67.6259 grad_norm:1773.73 momentum_norm:6292.32 update_norm:21.1695 update_l0_norm:27.4809 relative_update:0.313038 relative_update_l0:0.406367 update_l0_cos:0.931542 update_grad_cos:0.318361 update_momentum_cos:0.574821 l_trace:1.13553e+07 l_fro:4.29307e+06 l_trace_fraction:0.196795 l_top_eval:4.20689e+06 l_top_eval_fraction:0.370478
diag step:1500 name:blocks.6.mlp.proj.weight lr:2.3809524e-05 weight_norm:63.5564 grad_norm:4670.86 momentum_norm:15846.7 update_norm:23.5309 update_l0_norm:27.7128 relative_update:0.370237 relative_update_l0:0.436035 update_l0_cos:0.99256 update_grad_cos:0.453622 update_momentum_cos:0.813298 l_trace:7.24237e+07 l_fro:5.84587e+06 l_trace_fraction:0.195995 l_top_eval:3.52866e+06 l_top_eval_fraction:0.0487224
step:1500/1500 val_loss:3.43581 train_time:693.693s step_avg:460.21ms
