"""
train_gpt_simple_leon.py

This file descends from the [NanoGPT speedrun](https://github.com/KellerJordan/modded-nanogpt).
It was prepared as a simplified version of the speedrun for use in neural net optimization research.
This variant replaces Muon with Leon (initial test using the same Newton-Schulz coefficients).
"""

import math
import os
import sys
with open(sys.argv[0]) as f:
    code = f.read() # read the code of this file ASAP, for logging
import argparse
import ast
import json
import subprocess
import uuid
import time
from datetime import datetime
from pathlib import Path


BASE_HPARAMS = dict(
    # Training
    train_steps         = 3375,
    # AdamW — embedding
    embed_lr            = 0.3,
    # AdamW — lm_head projection
    proj_lr             = 1/320,
    # AdamW — scalars (biases, gains)
    scalar_lr           = 0.01,
    # AdamW shared
    adam_betas          = (0.8, 0.95),
    adam_eps            = 1e-10,
    adam_wd             = 0.0,
    adam_cooldown_frac  = 0.7,
    # Leon — 2D block params
    leon_lr             = 0.025,
    leon_wd             = 0.025,
    leon_mu             = 0.95,
    leon_beta2          = 0.7,
    leon_cooldown_frac  = 0.7,
    leon_ns_iters       = 6,
    leon_eps            = 1e-9,
    leon_l_scale        = 1.0,
    leon_orthogonalize_dtype = "bfloat16",
    leon_l_scale_schedule = "constant",
    leon_l_scale_ramp_start_frac = 0.2,
    leon_l_scale_ramp_end_frac = 0.6,
    # "off": L = l_scale * T_t (raw unnormalized Gram sum).
    # "match_g": rescale L so tr(L) = l_scale * ||G||_F^2 (l_scale=1.0 -> tr(L) fraction 0.5).
    leon_l_normalize_mode = "off",
    # When True, rescale the final NS output to Frobenius norm sqrt(min(D1, D2)),
    # i.e. match the natural ||update||_F of the L=0 (Muon-NS) update.
    leon_match_l0_norm  = False,
    # When True, second moment accumulates (grad_t - grad_{t-1})(grad_t - grad_{t-1})^T
    # instead of grad_t * grad_t^T.
    leon_use_grad_diff  = False,
    # When False, skip the Nesterov first-moment buffer entirely; orthogonalize raw grad.
    leon_use_nesterov   = True,
    leon_log_diagnostics = False,
    leon_diag_interval  = 125,
    leon_diag_patterns  = (
        "blocks.0.attn.q.weight",
        "blocks.6.mlp.proj.weight",
        "blocks.11.attn.proj.weight",
    ),
    # Optional wandb logging (off by default). Enable with --set wandb_project=<name>.
    # File artifacts (train.log, config.json, tuning_log.csv) remain authoritative.
    wandb_project = None,
    wandb_mode    = "online",  # "online" | "offline" | "disabled"
    # Optional. If unset, the wandb run name falls back to run_dir.name (the timestamp+uuid).
    # Set this to your tuning_log.csv run_id so the dashboard matches the ledger.
    wandb_run_name = None,
)


def parse_value(s: str):
    try:
        return ast.literal_eval(s)
    except (ValueError, SyntaxError):
        return s


def parse_args():
    parser = argparse.ArgumentParser()
    parser.add_argument("legacy_trials", nargs="?", type=int,
                        help="Legacy positional trial count. Prefer --trials.")
    parser.add_argument("--trials", type=int, default=None)
    parser.add_argument("--set", action="append", default=[],
                        metavar="KEY=VALUE", help="Override or add an hparams entry.")
    parser.add_argument("--dry-run", action="store_true",
                        help="Resolve config and write metadata without CUDA/NCCL/training.")
    parser.add_argument("--out-dir", type=Path, default=None,
                        help="Run output directory. Defaults to runs/leon/<timestamp>-<uuid>.")
    return parser.parse_args()


def resolve_hparams(overrides):
    hparams = dict(BASE_HPARAMS)
    for item in overrides:
        if "=" not in item:
            raise ValueError(f"--set expects KEY=VALUE, got {item!r}")
        key, raw_value = item.split("=", 1)
        value = parse_value(raw_value)
        if key == "cooldown_frac":
            hparams["adam_cooldown_frac"] = value
            hparams["leon_cooldown_frac"] = value
        hparams[key] = value
    return hparams


def config_diff(hparams):
    return {k: v for k, v in hparams.items() if BASE_HPARAMS.get(k) != v}


def validate_hparams(hparams):
    l_scale = float(hparams["leon_l_scale"])
    if l_scale < 0:
        raise ValueError(f"leon_l_scale must be non-negative, got {l_scale!r}")

    orthogonalize_dtype = hparams["leon_orthogonalize_dtype"]
    if orthogonalize_dtype not in ("bfloat16", "float32", "float64"):
        raise ValueError(
            "leon_orthogonalize_dtype must be 'bfloat16', 'float32', or 'float64', "
            f"got {orthogonalize_dtype!r}"
        )

    schedule = hparams["leon_l_scale_schedule"]
    if schedule not in ("constant", "linear_ramp"):
        raise ValueError(
            "leon_l_scale_schedule must be 'constant' or 'linear_ramp', "
            f"got {schedule!r}"
        )

    if schedule == "linear_ramp":
        start = float(hparams["leon_l_scale_ramp_start_frac"])
        end = float(hparams["leon_l_scale_ramp_end_frac"])
        if not (0 <= start < end <= 1):
            raise ValueError(
                "linear_ramp requires 0 <= leon_l_scale_ramp_start_frac "
                "< leon_l_scale_ramp_end_frac <= 1, "
                f"got start={start!r}, end={end!r}"
            )

    normalize_mode = hparams["leon_l_normalize_mode"]
    if normalize_mode not in ("off", "match_g"):
        raise ValueError(
            "leon_l_normalize_mode must be 'off' or 'match_g', "
            f"got {normalize_mode!r}"
        )

    if not isinstance(hparams["leon_use_grad_diff"], bool):
        raise TypeError(
            f"leon_use_grad_diff must be bool, got {type(hparams['leon_use_grad_diff'])!r}"
        )

    if not isinstance(hparams["leon_use_nesterov"], bool):
        raise TypeError(
            f"leon_use_nesterov must be bool, got {type(hparams['leon_use_nesterov'])!r}"
        )


def scheduled_l_scale(hparams, progress):
    target = float(hparams["leon_l_scale"])
    schedule = hparams["leon_l_scale_schedule"]

    if schedule == "constant":
        return target

    start = float(hparams["leon_l_scale_ramp_start_frac"])
    end = float(hparams["leon_l_scale_ramp_end_frac"])
    if progress < start:
        return 0.0
    if progress >= end:
        return target
    ramp_progress = (progress - start) / (end - start)
    return target * ramp_progress


def default_run_dir():
    stamp = datetime.now().strftime("%Y%m%d-%H%M%S")
    return Path("records/track_3_optimization/runs/leon") / f"{stamp}-{uuid.uuid4().hex[:8]}"


def create_run_dir(out_dir=None):
    run_dir = Path(out_dir) if out_dir is not None else default_run_dir()
    run_dir.mkdir(parents=True, exist_ok=False)
    return run_dir


def git_commit():
    try:
        return subprocess.check_output(["git", "rev-parse", "HEAD"], text=True).strip()
    except Exception:
        return None


def shard_counts():
    cwd = Path.cwd()
    return dict(
        train_shards=len(list(cwd.glob("data/fineweb10B/fineweb_train_*.bin"))),
        val_shards=len(list(cwd.glob("data/fineweb10B/fineweb_val_*.bin"))),
    )


def torch_versions():
    torch_module = globals().get("torch")
    if torch_module is None:
        return None, None
    return torch_module.version.__version__, torch_module.version.cuda


def write_run_files(run_dir, args, hparams, mode, extra=None):
    torch_version, cuda_version = torch_versions()
    diff = config_diff(hparams)
    metadata = dict(
        mode=mode,
        argv=sys.argv,
        cwd=str(Path.cwd()),
        script=sys.argv[0],
        trials=args.trials if args.trials is not None else (args.legacy_trials or 1),
        dry_run=args.dry_run,
        out_dir=str(run_dir),
        git_commit=git_commit(),
        torch_version=torch_version,
        cuda_version=cuda_version,
        shard_counts=shard_counts(),
    )
    if extra:
        metadata.update(extra)
    (run_dir / "config.json").write_text(json.dumps(hparams, indent=2, sort_keys=True) + "\n")
    (run_dir / "config_diff.json").write_text(json.dumps(diff, indent=2, sort_keys=True) + "\n")
    (run_dir / "metadata.json").write_text(json.dumps(metadata, indent=2, sort_keys=True) + "\n")


if "--dry-run" in sys.argv:
    args = parse_args()
    hparams = resolve_hparams(args.set)
    validate_hparams(hparams)
    run_dir = create_run_dir(args.out_dir)
    write_run_files(run_dir, args, hparams, "dry-run")
    print(f"dry_run:true out_dir:{run_dir}")
    print(json.dumps(dict(hparams=hparams, config_diff=config_diff(hparams)), indent=2, sort_keys=True))
    sys.exit(0)

import torch
from torch import Tensor, nn
from torch.optim import AdamW
import torch.nn.functional as F
import torch.distributed as dist


########################################
#              Dataloader              #
########################################

def _load_data_shard(file: Path):
    header = torch.from_file(str(file), False, 256, dtype=torch.int32) # header is 256 int32
    assert header[0] == 20240520, "magic number mismatch in the data .bin file"
    assert header[1] == 1, "unsupported version"
    num_tokens = int(header[2]) # number of tokens (claimed)
    with file.open("rb", buffering=0) as f:
        tokens = torch.empty(num_tokens, dtype=torch.uint16, pin_memory=True)
        f.seek(256 * 4)
        nbytes = f.readinto(tokens.numpy()) # avoid bytes->array copy
        assert nbytes == 2 * num_tokens, "number of tokens read does not match header"
    return tokens

def distributed_data_generator(filename_pattern: str, batch_size: int, seq_len=1024):
    files = sorted(Path.cwd().glob(filename_pattern))
    assert batch_size % dist.get_world_size() == 0
    local_batch_size = batch_size // dist.get_world_size()
    file_iter = iter(files)
    tokens, pos = _load_data_shard(next(file_iter)), 0
    while True:
        if pos + batch_size + 1 >= len(tokens):
            tokens, pos = _load_data_shard(next(file_iter)), 0
        buf = tokens[pos + dist.get_rank() * local_batch_size:][:local_batch_size + 1]
        inputs = buf[:-1].to(device="cuda", dtype=torch.int32, non_blocking=True)
        targets = buf[1:].to(device="cuda", dtype=torch.int64, non_blocking=True)
        pos += batch_size
        yield inputs.view(-1, seq_len), targets.view(-1, seq_len)


########################################
#             Architecture             #
########################################

class RMSNorm(nn.Module):
    def __init__(self, dim):
        super().__init__()
        self.gains = nn.Parameter(torch.ones(dim))

    def forward(self, x):
        return F.rms_norm(x, (x.size(-1),), weight=self.gains.type_as(x))

class Linear(nn.Linear):
    def __init__(self, in_features, out_features):
        super().__init__(in_features, out_features, bias=True)

    def forward(self, x):
        return F.linear(x, self.weight.type_as(x), self.bias.type_as(x))

class Rotary(nn.Module):
    def __init__(self, dim: int):
        super().__init__()
        # half-truncate RoPE (w/ base freq tuning)
        angular_freq = (1 / 1024) ** torch.linspace(0, 1, steps=dim//4, dtype=torch.float32)
        self.register_buffer("angular_freq", torch.cat([angular_freq, angular_freq.new_zeros(dim//4)]))

    def forward(self, x_BTHD: Tensor):
        pos = torch.arange(x_BTHD.size(1), dtype=torch.float32, device=x_BTHD.device)
        theta = torch.outer(pos, self.angular_freq)[None, :, None, :]
        cos, sin = theta.cos(), theta.sin()
        x1, x2 = x_BTHD.to(dtype=torch.float32).chunk(2, dim=-1)
        y1 = x1 * cos + x2 * sin
        y2 = x1 * (-sin) + x2 * cos
        return torch.cat((y1, y2), 3).type_as(x_BTHD)

class CausalSelfAttention(nn.Module):
    def __init__(self, dim: int, head_dim=128):
        super().__init__()
        self.num_heads = dim // head_dim
        self.head_dim = head_dim
        hdim = self.num_heads * self.head_dim
        self.q = Linear(dim, hdim)
        self.k = Linear(dim, hdim)
        self.v = Linear(dim, hdim)
        self.proj = Linear(hdim, dim)
        self.rotary = Rotary(head_dim)

    def forward(self, x: Tensor):
        B, T = x.size(0), x.size(1)
        q = self.q(x).view(B, T, self.num_heads, self.head_dim)
        k = self.k(x).view(B, T, self.num_heads, self.head_dim)
        v = self.v(x).view(B, T, self.num_heads, self.head_dim)
        q, k = F.rms_norm(q, (q.size(-1),)), F.rms_norm(k, (k.size(-1),))
        q, k = self.rotary(q), self.rotary(k)
        y = F.scaled_dot_product_attention(q.transpose(1, 2), k.transpose(1, 2),
                                           v.transpose(1, 2), scale=0.12, is_causal=True).transpose(1, 2)
        y = y.contiguous().view(B, T, self.num_heads * self.head_dim)
        y = self.proj(y)
        return y

class MLP(nn.Module):
    def __init__(self, dim: int):
        super().__init__()
        hdim = 4 * dim
        self.fc = Linear(dim, hdim)
        self.proj = Linear(hdim, dim)

    def forward(self, x: Tensor):
        x = self.fc(x)
        x = x.relu().square()
        x = self.proj(x)
        return x

class Block(nn.Module):
    def __init__(self, dim: int):
        super().__init__()
        self.attn = CausalSelfAttention(dim)
        self.mlp = MLP(dim)
        self.norm1 = RMSNorm(dim)
        self.norm2 = RMSNorm(dim)

    def forward(self, x: Tensor):
        x = x + self.attn(self.norm1(x))
        x = x + self.mlp(self.norm2(x))
        return x

class GPT(nn.Module):
    def __init__(self, vocab_size: int, num_layers: int, model_dim: int):
        super().__init__()
        self.embed = nn.Embedding(vocab_size, model_dim).bfloat16()
        self.blocks = nn.ModuleList([Block(model_dim) for _ in range(num_layers)])
        self.proj = Linear(model_dim, vocab_size)
        self.norm1 = RMSNorm(model_dim)
        self.norm2 = RMSNorm(model_dim)

    def forward(self, inputs: Tensor, targets: Tensor):
        x = self.norm1(self.embed(inputs))
        for block in self.blocks:
            x = block(x)
        logits = self.proj(self.norm2(x)).float()
        logits = 15 * logits * (logits.square() + 15**2).rsqrt()
        return F.cross_entropy(logits.view(targets.numel(), -1), targets.view(-1), reduction="sum")


########################################
#              Optimizer               #
########################################

def leon_compute_dtype(dtype_name: str):
    if dtype_name == "bfloat16":
        return torch.bfloat16
    if dtype_name == "float32":
        return torch.float32
    if dtype_name == "float64":
        return torch.float64
    raise ValueError(f"Unsupported Leon orthogonalization dtype: {dtype_name!r}")


def leon_accum_dtype(dtype_name: str):
    return torch.float64 if dtype_name == "float64" else torch.float32


def leon_orthogonalize(grad: Tensor, momentum_buffer: Tensor, second_momentum_buffer: Tensor,
                       momentum: float = 0.95, beta2: float = 0.7,
                       ns_iters: int = 6, ns_coeffs: tuple = (2, -1.5, 0.5),
                       eps: float = 1e-7, l_scale: float = 1.0,
                       compute_dtype: str = "bfloat16",
                       l_normalize_mode: str = "off",
                       match_l0_norm: bool = False,
                       use_grad_diff: bool = False,
                       prev_grad_buffer: Tensor = None,
                       use_nesterov: bool = True) -> Tensor:
    """
    Leon update: Nesterov momentum + Newton-Schulz orthogonalization with
    augmented Gram matrix (second momentum buffer).

    Computes (GG^T + L)^{-0.5} G where L is an EMA-like gradient Gram statistic,
    using Newton-Schulz iterations to approximate the matrix inverse square root.

    Args:
        grad: Raw gradient (mutated in-place into the Nesterov-corrected update)
        momentum_buffer: First-moment unnormalized exponential sum
            S_t = momentum * S_{t-1} + grad_t (updated in place).
        second_momentum_buffer: Second-moment unnormalized exponential sum
            T_t = beta2 * T_{t-1} + grad_t grad_t^T (updated in place).
        momentum: First momentum coefficient (Nesterov)
        beta2: Second momentum coefficient
        ns_iters: Number of Newton-Schulz iterations
        ns_coeffs: (a, b, c) coefficients for the NS iteration
        eps: Diagonal stability epsilon added to the augmented Gram matrix
        l_scale: Multiplier for the second-momentum Gram contribution
        compute_dtype: Matrix-update dtype for X inside the NS iteration
        l_normalize_mode: "off" uses L = l_scale * T_t; "match_g" rescales L so
            tr(L) = l_scale * ||G||_F^2 (l_scale=1.0 -> tr(L) fraction 0.5).
        match_l0_norm: When True, rescale the final NS output to Frobenius norm
            sqrt(min(D1, D2)), matching the L=0 update's natural Frobenius norm.
    """
    is_tall = grad.size(-2) >= grad.size(-1)
    x_dtype = leon_compute_dtype(compute_dtype)
    accum_dtype = leon_accum_dtype(compute_dtype)

    # 0. Compute Gram matrix of raw gradient BEFORE mutating it with momentum
    if use_grad_diff and prev_grad_buffer is not None:
        gram_src = grad - prev_grad_buffer
        prev_grad_buffer.copy_(grad)  # store raw grad before momentum mutation
    else:
        gram_src = grad

    if is_tall:
        gram_tmp = gram_src.mT @ gram_src
    else:
        gram_tmp = gram_src @ gram_src.mT

    # Both buffers are stored as unnormalized exponential sums:
    #   S_t = momentum * S_{t-1} + grad_t          (first moment)
    #   T_t = beta2    * T_{t-1} + grad_t grad_t^T (second moment)
    # so we avoid the lerp_ / divide-by-(1-decay) round-trip used in EMA storage.

    # 1. First-moment sum + Nesterov: g = grad + momentum * S_t
    if use_nesterov and momentum_buffer is not None:
        momentum_buffer.mul_(momentum).add_(grad)
        g = grad.add_(momentum_buffer, alpha=momentum)
    else:
        g = grad  # no momentum: orthogonalize the raw gradient directly

    # 2. Second-moment sum: T_t in place
    second_momentum_buffer.mul_(beta2).add_(gram_tmp)

    X = g.to(dtype=x_dtype)
    L_unscaled = second_momentum_buffer.to(dtype=accum_dtype)
    if l_normalize_mode == "match_g":
        x_sq = X.to(dtype=accum_dtype).pow(2).sum()
        raw_l_tr = L_unscaled.diagonal(dim1=-2, dim2=-1).sum().clamp_min(1e-12)
        # Rescale so tr(L) = l_scale * ||X||_F^2 regardless of the raw sum magnitude.
        L = L_unscaled * (l_scale * x_sq / raw_l_tr)
    else:
        L = L_unscaled * l_scale
    A = 0.5 * (L + L.transpose(-2, -1))  # ensure symmetry

    # 3. Scale so that tr(GG^T + L) ≈ 1
    tr = X.to(dtype=accum_dtype).pow(2).sum(dim=(-2, -1), keepdim=True) \
       + A.diagonal(dim1=-2, dim2=-1).sum(dim=-1, keepdim=True).unsqueeze(-1)
    tr = tr.clamp_min(1e-12) * ((1 + 2e-2)**2)  # safety cushion

    inv_sqrt_tr = tr.rsqrt()
    inv_tr = inv_sqrt_tr.square()

    X = X * inv_sqrt_tr.to(X.dtype)
    A = (A * inv_tr).contiguous()

    # 4. Initial augmented Gram: A0 = gram(X) + L_scaled
    if is_tall:
        A = A + (X.mT @ X)
    else:
        A = A + (X @ X.mT)
    A.diagonal(dim1=-2, dim2=-1).add_(eps)  # eps for stability

    # 5. Newton-Schulz iterations with A iteration
    a, b, c = ns_coeffs
    last_iter = ns_iters - 1
    for i in range(ns_iters):
        A = 0.5 * (A + A.transpose(-2, -1))  # keep symmetric
        B = b * A + c * (A @ A)

        if is_tall:
            X = a * X + X @ B.to(X.dtype)
        else:
            X = a * X + B.to(X.dtype) @ X

        # Update A alongside X (skip on last iteration)
        if i < last_iter:
            # A <- (aI + B) A (aI + B)
            # computed as: D = a*A + B@A, then A = a*D + D@B
            D = a * A + B @ A
            A = a * D + D @ B

    if match_l0_norm:
        # Rescale X to ||X||_F = sqrt(min(D1, D2)), the natural Frobenius norm
        # of an orthogonalized (L=0) Muon-NS update.
        target = float(min(X.size(-2), X.size(-1))) ** 0.5
        cur = X.to(dtype=accum_dtype).norm().clamp_min(1e-12)
        X = X * (target / cur).to(X.dtype)

    return X


class Leon(torch.optim.Optimizer):
    """
    Leon optimizer: Nesterov momentum + Newton-Schulz orthogonalization with
    an augmented Gram matrix (second momentum buffer).

    Unlike Muon which recomputes A = X@X^T each NS iteration, Leon maintains
    a second momentum buffer L (scaled from an EMA of gradient Gram matrices) and augments
    the iteration matrix: A = X@X^T + L. A is also iterated alongside X.
    """
    def __init__(self, params, lr=0.025, weight_decay=0.025, mu=0.95, beta2=0.7,
                 ns_iters=6, eps=1e-7, l_scale=1.0, orthogonalize_dtype="bfloat16",
                 l_normalize_mode="off", match_l0_norm=False, use_grad_diff=False,
                 use_nesterov=True):
        assert isinstance(params, list) and len(params) >= 1 and isinstance(params[0], torch.nn.Parameter)
        params = sorted(params, key=lambda x: x.size(), reverse=True)
        defaults = dict(lr=lr, weight_decay=weight_decay, mu=mu, beta2=beta2,
                        ns_iters=ns_iters, eps=eps, l_scale=l_scale,
                        orthogonalize_dtype=orthogonalize_dtype,
                        l_normalize_mode=l_normalize_mode,
                        match_l0_norm=match_l0_norm,
                        use_grad_diff=use_grad_diff,
                        use_nesterov=use_nesterov)
        super().__init__(params, defaults)
        self.param_names = {}

    def diagnostic_stats(self, selected_patterns):
        if isinstance(selected_patterns, str):
            selected_patterns = (selected_patterns,)
        selected_patterns = tuple(selected_patterns)

        rows = []
        rank = dist.get_rank()
        world_size = dist.get_world_size()
        with torch.no_grad():
            for group in self.param_groups:
                params = group["params"]
                for base_i in range(0, len(params), world_size):
                    if base_i + rank >= len(params):
                        continue
                    p = params[base_i + rank]
                    name = self.param_names.get(p, f"param_{base_i + rank}")
                    if selected_patterns and not any(pattern in name for pattern in selected_patterns):
                        continue
                    if p.grad is None:
                        continue

                    state = self.state[p]
                    use_nesterov = group.get("use_nesterov", True)
                    if len(state) == 0:
                        momentum_buffer = torch.zeros_like(p, dtype=torch.float32) if use_nesterov else None
                        min_D = min(p.shape[-2], p.shape[-1])
                        second_momentum_buffer = torch.zeros(
                            min_D, min_D, dtype=torch.float32, device=p.device
                        )
                    else:
                        momentum_buffer = state.get("momentum_buffer")  # None when use_nesterov=False
                        second_momentum_buffer = state["second_momentum_buffer"]

                    prev_grad_buffer = state.get("prev_grad_buffer")
                    prev_grad_clone = prev_grad_buffer.clone() if prev_grad_buffer is not None else None

                    grad = p.grad.float()
                    momentum_clone = momentum_buffer.clone() if momentum_buffer is not None else None
                    l_clone = second_momentum_buffer.clone()
                    grad_for_update = grad.clone()

                    # Compute grad_diff_norm before leon_orthogonalize mutates prev_grad_clone
                    if prev_grad_clone is not None:
                        grad_diff_norm = (grad_for_update - prev_grad_clone).float().norm()
                    else:
                        grad_diff_norm = math.nan

                    update = leon_orthogonalize(
                        grad_for_update, momentum_clone, l_clone,
                        momentum=group["mu"], beta2=group["beta2"],
                        ns_iters=group["ns_iters"], eps=group["eps"],
                        l_scale=group["l_scale"],
                        compute_dtype=group["orthogonalize_dtype"],
                        l_normalize_mode=group["l_normalize_mode"],
                        match_l0_norm=group["match_l0_norm"],
                        use_grad_diff=group.get("use_grad_diff", False),
                        prev_grad_buffer=prev_grad_clone,
                        use_nesterov=use_nesterov,
                    )
                    update *= max(1, p.size(-2) / p.size(-1))**0.5

                    momentum_l0 = momentum_buffer.clone() if momentum_buffer is not None else None
                    l_l0 = second_momentum_buffer.clone()
                    update_l0 = leon_orthogonalize(
                        grad.clone(), momentum_l0, l_l0,
                        momentum=group["mu"], beta2=group["beta2"],
                        ns_iters=group["ns_iters"], eps=group["eps"],
                        l_scale=0.0,
                        compute_dtype=group["orthogonalize_dtype"],
                        use_nesterov=use_nesterov,
                    )
                    update_l0 *= max(1, p.size(-2) / p.size(-1))**0.5

                    update_float = update.float()
                    update_l0_float = update_l0.float()
                    update_norm = update_float.norm()
                    update_l0_norm = update_l0_float.norm()
                    cosine_denom = (update_norm * update_l0_norm).clamp_min(1e-12)
                    update_l0_cos = (update_float.flatten() @ update_l0_float.flatten()) / cosine_denom
                    grad_norm = grad.norm()
                    # momentum_clone holds the unnormalized sum S_t (post-step) when use_nesterov=True.
                    if momentum_clone is not None:
                        momentum_norm = momentum_clone.norm()
                        update_momentum_cos = (update_float.flatten() @ momentum_clone.float().flatten()) / (
                            update_norm * momentum_norm
                        ).clamp_min(1e-12)
                    else:
                        momentum_norm = math.nan
                        update_momentum_cos = math.nan
                    l_for_stats = l_clone
                    update_grad_cos = (update_float.flatten() @ grad.flatten()) / (
                        update_norm * grad_norm
                    ).clamp_min(1e-12)

                    l_sym = 0.5 * (l_for_stats + l_for_stats.transpose(-2, -1))
                    l_trace = l_sym.diagonal(dim1=-2, dim2=-1).sum().clamp_min(0)
                    l_fro = l_sym.norm()
                    diagnostic_accum_dtype = leon_accum_dtype(group["orthogonalize_dtype"])
                    g_sq = grad_for_update.to(dtype=diagnostic_accum_dtype).pow(2).sum()
                    # Reflect the actual effective tr(L) used inside leon_orthogonalize:
                    # match_g rescales tr(L) to l_scale * ||g||^2, off uses l_scale * tr(L_unscaled).
                    if group["l_normalize_mode"] == "match_g":
                        effective_l_trace = group["l_scale"] * g_sq
                    else:
                        effective_l_trace = group["l_scale"] * l_trace
                    l_trace_fraction = effective_l_trace / (g_sq + effective_l_trace).clamp_min(1e-12)
                    if l_trace > 0:
                        l_top_eval = torch.linalg.eigvalsh(l_sym).amax().clamp_min(0)
                        l_top_eval_fraction = l_top_eval / l_trace.clamp_min(1e-12)
                    else:
                        l_top_eval = l_trace
                        l_top_eval_fraction = l_trace

                    weight_norm = p.float().norm()
                    # LR-free shape metric: ||update||_F / ||W||_F. Multiply by lr (also
                    # logged) to recover the per-step relative move.
                    relative_update = update_norm / weight_norm.clamp_min(1e-12)
                    relative_update_l0 = update_l0_norm / weight_norm.clamp_min(1e-12)

                    rows.append(dict(
                        name=name,
                        lr=float(group["lr"]),
                        weight_norm=float(weight_norm.item()),
                        grad_norm=float(grad_norm.item()),
                        grad_diff_norm=float(grad_diff_norm) if isinstance(grad_diff_norm, float) else float(grad_diff_norm.item()),
                        momentum_norm=float(momentum_norm) if isinstance(momentum_norm, float) else float(momentum_norm.item()),
                        update_norm=float(update_norm.item()),
                        update_l0_norm=float(update_l0_norm.item()),
                        relative_update=float(relative_update.item()),
                        relative_update_l0=float(relative_update_l0.item()),
                        update_l0_cos=float(update_l0_cos.item()),
                        update_grad_cos=float(update_grad_cos.item()),
                        update_momentum_cos=float(update_momentum_cos) if isinstance(update_momentum_cos, float) else float(update_momentum_cos.item()),
                        l_trace=float(l_trace.item()),
                        l_fro=float(l_fro.item()),
                        l_trace_fraction=float(l_trace_fraction.item()),
                        l_top_eval=float(l_top_eval.item()),
                        l_top_eval_fraction=float(l_top_eval_fraction.item()),
                    ))
        return rows

    @torch.no_grad()
    def step(self):
        world_size = dist.get_world_size()
        rank = dist.get_rank()
        for group in self.param_groups:
            params = group["params"]
            params_pad = params + [torch.empty_like(params[-1])] * (world_size - len(params) % world_size)
            for base_i in range(0, len(params), world_size):
                if base_i + rank < len(params):
                    p = params[base_i + rank]
                    state = self.state[p]
                    if len(state) == 0:
                        if group["use_nesterov"]:
                            state["momentum_buffer"] = torch.zeros_like(p, dtype=torch.float32)
                        D1, D2 = p.shape[-2], p.shape[-1]
                        min_D = min(D1, D2)
                        state["second_momentum_buffer"] = torch.zeros(
                            min_D, min_D, dtype=torch.float32, device=p.device
                        )
                        if group["use_grad_diff"]:
                            state["prev_grad_buffer"] = torch.zeros_like(p, dtype=torch.float32)
                    grad = p.grad.float()
                    update = leon_orthogonalize(
                        grad, state.get("momentum_buffer"), state["second_momentum_buffer"],
                        momentum=group["mu"], beta2=group["beta2"],
                        ns_iters=group["ns_iters"], eps=group["eps"],
                        l_scale=group["l_scale"],
                        compute_dtype=group["orthogonalize_dtype"],
                        l_normalize_mode=group["l_normalize_mode"],
                        match_l0_norm=group["match_l0_norm"],
                        use_grad_diff=group["use_grad_diff"],
                        prev_grad_buffer=state.get("prev_grad_buffer"),
                        use_nesterov=group["use_nesterov"],
                    )
                    update *= max(1, p.size(-2) / p.size(-1))**0.5
                    p.mul_(1 - group["lr"] * group["weight_decay"])
                    p.add_(update, alpha=-group["lr"])
                dist.all_gather(params_pad[base_i:base_i + world_size], params_pad[base_i + rank])


########################################
#                Setup                 #
########################################

def main():
    args = parse_args()
    num_trials = args.trials if args.trials is not None else (args.legacy_trials or 1)
    hparams = resolve_hparams(args.set)
    validate_hparams(hparams)

    if args.dry_run:
        run_dir = create_run_dir(args.out_dir)
        write_run_files(run_dir, args, hparams, "dry-run")
        print(f"dry_run:true out_dir:{run_dir}")
        print(json.dumps(dict(hparams=hparams, config_diff=config_diff(hparams)), indent=2, sort_keys=True))
        return

    global device
    # torchrun sets these env variables
    device = torch.device("cuda", int(os.environ["LOCAL_RANK"]))
    torch.cuda.set_device(device)
    dist.init_process_group(backend="nccl", device_id=device)
    dist.barrier()
    # this code can be run equivalently with 1, 2, 4, or 8 gpus.
    assert 8 % dist.get_world_size() == 0

    try:
        if dist.get_rank() == 0:
            run_dir = create_run_dir(args.out_dir)
        else:
            run_dir = None
        run_dir_obj = [str(run_dir) if run_dir is not None else None]
        dist.broadcast_object_list(run_dir_obj, src=0)
        run_dir = Path(run_dir_obj[0])
        logfile = run_dir / "train.log"

        # logging setup
        if dist.get_rank() == 0:
            print(logfile)
            write_run_files(run_dir, args, hparams, "train", dict(
                device_name=torch.cuda.get_device_name(device),
                world_size=dist.get_world_size(),
            ))

        wandb_run = None
        if hparams["wandb_project"] is not None and dist.get_rank() == 0:
            try:
                import wandb
                wandb_run = wandb.init(
                    project=hparams["wandb_project"],
                    mode=hparams.get("wandb_mode", "online"),
                    name=hparams.get("wandb_run_name") or run_dir.name,
                    dir=str(run_dir),
                    config=hparams,
                    tags=[Path(__file__).stem, f"world_size={dist.get_world_size()}"],
                )
            except Exception as e:
                print(f"[wandb] init failed, continuing without wandb: {e}")
                wandb_run = None

        def print0(s, console=False, log=True):
            if dist.get_rank() == 0:
                if console:
                    print(s)
                if log:
                    with open(logfile, "a") as f:
                        print(s, file=f)

        # we begin by logging this file itself
        print0(code)
        print0("="*100)
        print0(f"Running PyTorch {torch.version.__version__} compiled for CUDA {torch.version.cuda}"
               + f" on {torch.cuda.get_device_name(device)} with world_size {dist.get_world_size()}")
        print0(json.dumps(dict(hparams=hparams, config_diff=config_diff(hparams)), indent=2, sort_keys=True))
        print0("="*100)

        val_tokens = 20 * 524288
        batch_size = 8 * 64 * 1024
        mbs = 64
        val_inputs, val_targets = next(distributed_data_generator("data/fineweb10B/fineweb_val_*.bin", val_tokens))

        model = GPT(vocab_size=50304, num_layers=12, model_dim=768).cuda()
        model.compile(dynamic=False)

        for _ in range(num_trials):


            ########################################
            #            Hyperparameters            #
            ########################################

            train_steps = hparams["train_steps"]

            # initialize model parameters
            for name, p in model.named_parameters():
                w = p.data
                if name.endswith("weight"):
                    if "proj" in name:
                        w.zero_()
                    elif "embed" in name:
                        w.normal_()  # default torch init
                    else:
                        w.normal_(std=0.33**0.5 / w.size(-1)**0.5)  # default torch init
                elif name.endswith("bias"):
                    w.zero_()
                elif name.endswith("gains"):
                    w.normal_(mean=1, std=0)
                else:
                    raise Exception(f"Uninitialized parameter: {name}")

            # create the optimizer(s)
            optimizer1 = AdamW([dict(params=[model.embed.weight], lr=hparams["embed_lr"]),
                                dict(params=[model.proj.weight], lr=hparams["proj_lr"]),
                                dict(params=[p for p in model.parameters() if p.ndim < 2], lr=hparams["scalar_lr"])],
                               betas=hparams["adam_betas"], eps=hparams["adam_eps"],
                               weight_decay=hparams["adam_wd"], fused=True)
            optimizer2 = Leon([p for p in model.blocks.parameters() if p.ndim >= 2],
                              lr=hparams["leon_lr"], weight_decay=hparams["leon_wd"],
                              mu=hparams["leon_mu"], beta2=hparams["leon_beta2"],
                              ns_iters=hparams["leon_ns_iters"], eps=hparams["leon_eps"],
                              l_scale=hparams["leon_l_scale"],
                              orthogonalize_dtype=hparams["leon_orthogonalize_dtype"],
                              l_normalize_mode=hparams["leon_l_normalize_mode"],
                              match_l0_norm=hparams["leon_match_l0_norm"],
                              use_grad_diff=hparams["leon_use_grad_diff"],
                              use_nesterov=hparams["leon_use_nesterov"])
            optimizer2.param_names = {p: name for name, p in model.named_parameters()}
            optimizers = [optimizer1, optimizer2]
            assert set(p for opt in optimizers for group in opt.param_groups
                       for p in group["params"]) == set(model.parameters())
            for opt in optimizers:
                for group in opt.param_groups:
                    group["initial_lr"] = group["lr"]
            for group in optimizer1.param_groups:
                group["cooldown_frac"] = hparams["adam_cooldown_frac"]
            for group in optimizer2.param_groups:
                group["cooldown_frac"] = hparams["leon_cooldown_frac"]
                group["l_scale"] = scheduled_l_scale(hparams, 0.0)

            # learning rate schedule: stable then decay
            def set_hparams(step):
                progress = step / train_steps
                assert 0 <= progress < 1
                for opt in optimizers:
                    for group in opt.param_groups:
                        cooldown_frac = group["cooldown_frac"]
                        if progress < 1 - cooldown_frac:
                            eta = 1.0
                        else:
                            eta = (1 - progress) / cooldown_frac
                        group["lr"] = group["initial_lr"] * eta
                l_scale = scheduled_l_scale(hparams, progress)
                for group in optimizer2.param_groups:
                    group["l_scale"] = l_scale

            def log_leon_diagnostics(step):
                if not hparams["leon_log_diagnostics"]:
                    return
                interval = hparams["leon_diag_interval"]
                if interval <= 0 or step % interval != 0:
                    return
                local_rows = optimizer2.diagnostic_stats(hparams["leon_diag_patterns"])
                gathered_rows = [None] * dist.get_world_size()
                dist.all_gather_object(gathered_rows, local_rows)
                if dist.get_rank() != 0:
                    return
                rows = [row for rank_rows in gathered_rows for row in rank_rows]
                rows.sort(key=lambda row: row["name"])
                for row in rows:
                    print0(
                        "diag"
                        + f" step:{step}"
                        + f" name:{row['name']}"
                        + f" lr:{row['lr']:.8g}"
                        + f" weight_norm:{row['weight_norm']:.6g}"
                        + f" grad_norm:{row['grad_norm']:.6g}"
                        + f" grad_diff_norm:{row['grad_diff_norm']:.6g}"
                        + f" momentum_norm:{row['momentum_norm']:.6g}"
                        + f" update_norm:{row['update_norm']:.6g}"
                        + f" update_l0_norm:{row['update_l0_norm']:.6g}"
                        + f" relative_update:{row['relative_update']:.6g}"
                        + f" relative_update_l0:{row['relative_update_l0']:.6g}"
                        + f" update_l0_cos:{row['update_l0_cos']:.6g}"
                        + f" update_grad_cos:{row['update_grad_cos']:.6g}"
                        + f" update_momentum_cos:{row['update_momentum_cos']:.6g}"
                        + f" l_trace:{row['l_trace']:.6g}"
                        + f" l_fro:{row['l_fro']:.6g}"
                        + f" l_trace_fraction:{row['l_trace_fraction']:.6g}"
                        + f" l_top_eval:{row['l_top_eval']:.6g}"
                        + f" l_top_eval_fraction:{row['l_top_eval_fraction']:.6g}",
                        console=False,
                    )
                if wandb_run is not None:
                    wandb_run.log({
                        f"diag/{row['name']}/{k}": v
                        for row in rows for k, v in row.items() if k != "name"
                    }, step=step)


            ########################################
            #        Training and Validation       #
            ########################################

            train_loader = distributed_data_generator("data/fineweb10B/fineweb_train_*.bin", batch_size)
            for p in model.parameters():
                dist.broadcast(p.detach(), 0)
            # start the clock
            training_time = 0
            last_val_step = 0
            dist.barrier()
            t0 = time.perf_counter()
            for step in range(train_steps + 1):

                # --------------- VALIDATION SECTION -----------------
                if step == train_steps or step % 125 == 0:
                    # stop the clock
                    dist.barrier()
                    time_since_last_val = time.perf_counter() - t0
                    step_avg = time_since_last_val / (step - last_val_step) if step > 0 else float("nan")
                    last_val_step = step
                    training_time += time_since_last_val
                    model.eval()
                    val_loss = 0
                    with torch.no_grad():
                        assert len(val_inputs) % mbs == 0
                        for i in range(len(val_inputs) // mbs):
                            val_loss += model(val_inputs[i*mbs:(i+1)*mbs], val_targets[i*mbs:(i+1)*mbs])
                    dist.all_reduce(val_loss, op=dist.ReduceOp.SUM)
                    val_loss /= val_tokens
                    print0(f"step:{step}/{train_steps} val_loss:{val_loss:.5f} train_time:{training_time:.3f}s"
                           + f" step_avg:{1000*step_avg:.2f}ms", console=True)
                    if wandb_run is not None:
                        wandb_run.log({
                            "val_loss": float(val_loss),
                            "train_time_s": training_time,
                            "step_avg_ms": 1000 * step_avg if step > 0 else 0.0,
                        }, step=step)
                    model.train()
                    # start the clock again
                    dist.barrier()
                    t0 = time.perf_counter()

                if step == train_steps:
                    break

                # --------------- TRAINING SECTION -----------------
                inputs, targets = next(train_loader)
                # accumulate across microbatches in case we are running with fewer than 8 gpus
                assert len(inputs) % mbs == 0
                for i in range(len(inputs) // mbs):
                    model(inputs[i*mbs:(i+1)*mbs], targets[i*mbs:(i+1)*mbs]).backward()
                for name, p in model.named_parameters():
                    assert p.grad is not None, name
                    dist.all_reduce(p.grad, op=dist.ReduceOp.SUM)
                # set optimization hyperparameters and take a step
                set_hparams(step)
                log_leon_diagnostics(step + 1)
                for opt in optimizers:
                    opt.step()
                model.zero_grad(set_to_none=True)
                approx_training_time = training_time + (time.perf_counter() - t0)
                print0(f"step:{step+1}/{train_steps} train_time:{approx_training_time:.3f}s"
                       + f" step_avg:{1000*approx_training_time/(step + 1):.2f}ms", console=True, log=False)
    finally:
        if 'wandb_run' in locals() and wandb_run is not None:
            wandb_run.finish()
        dist.destroy_process_group()


if __name__ == "__main__":
    main()

====================================================================================================
Running PyTorch 2.11.0+cu128 compiled for CUDA 12.8 on NVIDIA H100 NVL with world_size 4
{
  "config_diff": {
    "leon_eps": 1e-12,
    "leon_log_diagnostics": true,
    "leon_ns_iters": 12,
    "leon_orthogonalize_dtype": "float32",
    "leon_use_grad_diff": true,
    "leon_wd": 0.05,
    "train_steps": 1500,
    "wandb_project": "modded-nanogpt-track3",
    "wandb_run_name": "gd_wd050_1500"
  },
  "hparams": {
    "adam_betas": [
      0.8,
      0.95
    ],
    "adam_cooldown_frac": 0.7,
    "adam_eps": 1e-10,
    "adam_wd": 0.0,
    "embed_lr": 0.3,
    "leon_beta2": 0.7,
    "leon_cooldown_frac": 0.7,
    "leon_diag_interval": 125,
    "leon_diag_patterns": [
      "blocks.0.attn.q.weight",
      "blocks.6.mlp.proj.weight",
      "blocks.11.attn.proj.weight"
    ],
    "leon_eps": 1e-12,
    "leon_l_normalize_mode": "off",
    "leon_l_scale": 1.0,
    "leon_l_scale_ramp_end_frac": 0.6,
    "leon_l_scale_ramp_start_frac": 0.2,
    "leon_l_scale_schedule": "constant",
    "leon_log_diagnostics": true,
    "leon_lr": 0.025,
    "leon_match_l0_norm": false,
    "leon_mu": 0.95,
    "leon_ns_iters": 12,
    "leon_orthogonalize_dtype": "float32",
    "leon_use_grad_diff": true,
    "leon_use_nesterov": true,
    "leon_wd": 0.05,
    "proj_lr": 0.003125,
    "scalar_lr": 0.01,
    "train_steps": 1500,
    "wandb_mode": "online",
    "wandb_project": "modded-nanogpt-track3",
    "wandb_run_name": "gd_wd050_1500"
  }
}
====================================================================================================
step:0/1500 val_loss:10.82584 train_time:0.001s step_avg:nanms
diag step:125 name:blocks.0.attn.q.weight lr:0.025 weight_norm:23.5751 grad_norm:8239.27 grad_diff_norm:16312.2 momentum_norm:10673.7 update_norm:18.3068 update_l0_norm:27.4021 relative_update:0.776532 relative_update_l0:1.16233 update_l0_cos:0.873918 update_grad_cos:0.160699 update_momentum_cos:0.494422 l_trace:7.39394e+08 l_fro:4.73772e+08 l_trace_fraction:0.754922 l_top_eval:4.64763e+08 l_top_eval_fraction:0.628573
diag step:125 name:blocks.11.attn.proj.weight lr:0.025 weight_norm:24.7337 grad_norm:10631.5 grad_diff_norm:26865.5 momentum_norm:14056.3 update_norm:18.3711 update_l0_norm:26.5072 relative_update:0.742754 relative_update_l0:1.0717 update_l0_cos:0.857597 update_grad_cos:0.0828053 update_momentum_cos:0.323432 l_trace:2.77764e+09 l_fro:2.62099e+09 l_trace_fraction:0.875923 l_top_eval:2.62057e+09 l_top_eval_fraction:0.94345
diag step:125 name:blocks.6.mlp.proj.weight lr:0.025 weight_norm:28.9654 grad_norm:13796.7 grad_diff_norm:30025.3 momentum_norm:13585.5 update_norm:18.7949 update_l0_norm:27.7128 relative_update:0.648874 relative_update_l0:0.956756 update_l0_cos:0.92553 update_grad_cos:0.178216 update_momentum_cos:0.612656 l_trace:2.85998e+09 l_fro:1.77767e+09 l_trace_fraction:0.847921 l_top_eval:1.72444e+09 l_top_eval_fraction:0.602957
step:125/1500 val_loss:4.57032 train_time:60.261s step_avg:482.09ms
diag step:250 name:blocks.0.attn.q.weight lr:0.025 weight_norm:31.8885 grad_norm:4330.05 grad_diff_norm:7073.2 momentum_norm:6736.03 update_norm:18.361 update_l0_norm:27.4679 relative_update:0.575788 relative_update_l0:0.861372 update_l0_cos:0.878865 update_grad_cos:0.240093 update_momentum_cos:0.579829 l_trace:1.49612e+08 l_fro:7.17442e+07 l_trace_fraction:0.638738 l_top_eval:6.74307e+07 l_top_eval_fraction:0.450703
diag step:250 name:blocks.11.attn.proj.weight lr:0.025 weight_norm:36.4195 grad_norm:7999.38 grad_diff_norm:14305.9 momentum_norm:8757.39 update_norm:18.4645 update_l0_norm:27.0525 relative_update:0.506995 relative_update_l0:0.742803 update_l0_cos:0.873041 update_grad_cos:0.116555 update_momentum_cos:0.438048 l_trace:6.54441e+08 l_fro:6.06892e+08 l_trace_fraction:0.761986 l_top_eval:6.06812e+08 l_top_eval_fraction:0.927223
diag step:250 name:blocks.6.mlp.proj.weight lr:0.025 weight_norm:36.8476 grad_norm:12246.9 grad_diff_norm:20181.5 momentum_norm:13254.9 update_norm:19.3641 update_l0_norm:27.7128 relative_update:0.525518 relative_update_l0:0.752093 update_l0_cos:0.953427 update_grad_cos:0.242374 update_momentum_cos:0.706097 l_trace:1.06451e+09 l_fro:5.33899e+08 l_trace_fraction:0.684676 l_top_eval:4.99615e+08 l_top_eval_fraction:0.469339
step:250/1500 val_loss:4.10376 train_time:117.967s step_avg:461.65ms
diag step:375 name:blocks.0.attn.q.weight lr:0.025 weight_norm:36.2069 grad_norm:3014.36 grad_diff_norm:5197.15 momentum_norm:5587.46 update_norm:18.2987 update_l0_norm:27.5029 relative_update:0.505391 relative_update_l0:0.759604 update_l0_cos:0.876898 update_grad_cos:0.252263 update_momentum_cos:0.628508 l_trace:1.00808e+08 l_fro:4.47289e+07 l_trace_fraction:0.673069 l_top_eval:4.07965e+07 l_top_eval_fraction:0.404693
diag step:375 name:blocks.11.attn.proj.weight lr:0.025 weight_norm:42.9067 grad_norm:8608.5 grad_diff_norm:15350.1 momentum_norm:7051.8 update_norm:18.5426 update_l0_norm:27.1653 relative_update:0.432161 relative_update_l0:0.633123 update_l0_cos:0.878058 update_grad_cos:0.0947698 update_momentum_cos:0.508015 l_trace:7.59008e+08 l_fro:7.18478e+08 l_trace_fraction:0.81334 l_top_eval:7.18424e+08 l_top_eval_fraction:0.94653
diag step:375 name:blocks.6.mlp.proj.weight lr:0.025 weight_norm:41.5624 grad_norm:8920.39 grad_diff_norm:15521.3 momentum_norm:12336.4 update_norm:19.4285 update_l0_norm:27.7128 relative_update:0.467453 relative_update_l0:0.666776 update_l0_cos:0.957877 update_grad_cos:0.28676 update_momentum_cos:0.794133 l_trace:8.70124e+08 l_fro:3.70534e+08 l_trace_fraction:0.739294 l_top_eval:3.12699e+08 l_top_eval_fraction:0.359373
step:375/1500 val_loss:3.92769 train_time:175.514s step_avg:460.37ms
diag step:500 name:blocks.0.attn.q.weight lr:0.023833333 weight_norm:39.0918 grad_norm:2971.58 grad_diff_norm:4628.84 momentum_norm:5295.9 update_norm:18.2615 update_l0_norm:27.511 relative_update:0.467143 relative_update_l0:0.703755 update_l0_cos:0.877202 update_grad_cos:0.277649 update_momentum_cos:0.638484 l_trace:7.38236e+07 l_fro:3.31688e+07 l_trace_fraction:0.610182 l_top_eval:3.03652e+07 l_top_eval_fraction:0.411321
diag step:500 name:blocks.11.attn.proj.weight lr:0.023833333 weight_norm:47.1448 grad_norm:6504.05 grad_diff_norm:12050.8 momentum_norm:6031.96 update_norm:18.6071 update_l0_norm:27.315 relative_update:0.39468 relative_update_l0:0.579384 update_l0_cos:0.881692 update_grad_cos:0.120107 update_momentum_cos:0.570289 l_trace:3.96596e+08 l_fro:3.65928e+08 l_trace_fraction:0.787912 l_top_eval:3.65886e+08 l_top_eval_fraction:0.922565
diag step:500 name:blocks.6.mlp.proj.weight lr:0.023833333 weight_norm:44.7195 grad_norm:7828.58 grad_diff_norm:13500.3 momentum_norm:12311.1 update_norm:19.7025 update_l0_norm:27.7128 relative_update:0.440579 relative_update_l0:0.619703 update_l0_cos:0.964381 update_grad_cos:0.338937 update_momentum_cos:0.827125 l_trace:6.43398e+08 l_fro:2.46498e+08 l_trace_fraction:0.70465 l_top_eval:2.1567e+08 l_top_eval_fraction:0.335205
step:500/1500 val_loss:3.82945 train_time:233.080s step_avg:460.52ms
diag step:625 name:blocks.0.attn.q.weight lr:0.020857143 weight_norm:40.3812 grad_norm:2580.63 grad_diff_norm:4449.5 momentum_norm:5043.07 update_norm:18.1932 update_l0_norm:27.5143 relative_update:0.450535 relative_update_l0:0.681363 update_l0_cos:0.874542 update_grad_cos:0.279481 update_momentum_cos:0.642937 l_trace:7.07358e+07 l_fro:2.85537e+07 l_trace_fraction:0.643518 l_top_eval:2.44721e+07 l_top_eval_fraction:0.345965
diag step:625 name:blocks.11.attn.proj.weight lr:0.020857143 weight_norm:49.2832 grad_norm:6041.04 grad_diff_norm:11968.8 momentum_norm:5976.27 update_norm:18.6698 update_l0_norm:27.3661 relative_update:0.378827 relative_update_l0:0.555282 update_l0_cos:0.884291 update_grad_cos:0.135421 update_momentum_cos:0.58309 l_trace:5.07806e+08 l_fro:4.78033e+08 l_trace_fraction:0.839247 l_top_eval:4.78007e+08 l_top_eval_fraction:0.941318
diag step:625 name:blocks.6.mlp.proj.weight lr:0.020857143 weight_norm:46.2049 grad_norm:7774.6 grad_diff_norm:13241.3 momentum_norm:12665.8 update_norm:19.8008 update_l0_norm:27.7128 relative_update:0.428543 relative_update_l0:0.59978 update_l0_cos:0.966467 update_grad_cos:0.352984 update_momentum_cos:0.834122 l_trace:6.07305e+08 l_fro:2.25954e+08 l_trace_fraction:0.68533 l_top_eval:1.97584e+08 l_top_eval_fraction:0.325345
step:625/1500 val_loss:3.74417 train_time:290.625s step_avg:460.37ms
diag step:750 name:blocks.0.attn.q.weight lr:0.017880952 weight_norm:40.6174 grad_norm:2801.83 grad_diff_norm:4383.64 momentum_norm:4978.72 update_norm:18.2737 update_l0_norm:27.525 relative_update:0.449898 relative_update_l0:0.677666 update_l0_cos:0.876841 update_grad_cos:0.264964 update_momentum_cos:0.666911 l_trace:5.7394e+07 l_fro:2.2123e+07 l_trace_fraction:0.592883 l_top_eval:1.85783e+07 l_top_eval_fraction:0.323698
diag step:750 name:blocks.11.attn.proj.weight lr:0.017880952 weight_norm:50.0605 grad_norm:6356.73 grad_diff_norm:9283.54 momentum_norm:7202.02 update_norm:18.7806 update_l0_norm:27.3164 relative_update:0.375159 relative_update_l0:0.545667 update_l0_cos:0.89061 update_grad_cos:0.144592 update_momentum_cos:0.522697 l_trace:2.1352e+08 l_fro:1.85724e+08 l_trace_fraction:0.593744 l_top_eval:1.85676e+08 l_top_eval_fraction:0.869595
diag step:750 name:blocks.6.mlp.proj.weight lr:0.017880952 weight_norm:46.5091 grad_norm:7785.61 grad_diff_norm:12322.1 momentum_norm:13638.2 update_norm:20.0712 update_l0_norm:27.7128 relative_update:0.431555 relative_update_l0:0.595858 update_l0_cos:0.970407 update_grad_cos:0.365611 update_momentum_cos:0.840302 l_trace:4.9877e+08 l_fro:1.77861e+08 l_trace_fraction:0.616616 l_top_eval:1.65786e+08 l_top_eval_fraction:0.332389
step:750/1500 val_loss:3.68452 train_time:348.150s step_avg:460.20ms
diag step:875 name:blocks.0.attn.q.weight lr:0.014904762 weight_norm:40.3122 grad_norm:3043.05 grad_diff_norm:4920.25 momentum_norm:5315.99 update_norm:18.2876 update_l0_norm:27.5245 relative_update:0.453651 relative_update_l0:0.682784 update_l0_cos:0.878506 update_grad_cos:0.264817 update_momentum_cos:0.652825 l_trace:5.93067e+07 l_fro:2.73201e+07 l_trace_fraction:0.550018 l_top_eval:2.58264e+07 l_top_eval_fraction:0.435471
diag step:875 name:blocks.11.attn.proj.weight lr:0.014904762 weight_norm:50.0589 grad_norm:4486.65 grad_diff_norm:7614.87 momentum_norm:6153.97 update_norm:18.764 update_l0_norm:27.4532 relative_update:0.374839 relative_update_l0:0.548417 update_l0_cos:0.887806 update_grad_cos:0.186859 update_momentum_cos:0.62655 l_trace:1.91327e+08 l_fro:1.62338e+08 l_trace_fraction:0.713799 l_top_eval:1.62291e+08 l_top_eval_fraction:0.848243
diag step:875 name:blocks.6.mlp.proj.weight lr:0.014904762 weight_norm:46.184 grad_norm:7662.18 grad_diff_norm:13251.6 momentum_norm:14042.5 update_norm:20.0801 update_l0_norm:27.7128 relative_update:0.434785 relative_update_l0:0.600052 update_l0_cos:0.971544 update_grad_cos:0.355537 update_momentum_cos:0.852771 l_trace:5.08253e+08 l_fro:1.95571e+08 l_trace_fraction:0.621859 l_top_eval:1.85397e+08 l_top_eval_fraction:0.364773
step:875/1500 val_loss:3.62624 train_time:405.695s step_avg:460.36ms
diag step:1000 name:blocks.0.attn.q.weight lr:0.011928571 weight_norm:39.6382 grad_norm:2415.41 grad_diff_norm:3600.86 momentum_norm:5247.46 update_norm:18.3524 update_l0_norm:27.5392 relative_update:0.462999 relative_update_l0:0.694764 update_l0_cos:0.879558 update_grad_cos:0.312996 update_momentum_cos:0.680317 l_trace:4.15859e+07 l_fro:1.31677e+07 l_trace_fraction:0.513764 l_top_eval:1.09152e+07 l_top_eval_fraction:0.262474
diag step:1000 name:blocks.11.attn.proj.weight lr:0.011928571 weight_norm:49.6484 grad_norm:4382.04 grad_diff_norm:7477.8 momentum_norm:6250.99 update_norm:18.8744 update_l0_norm:27.4621 relative_update:0.380161 relative_update_l0:0.553131 update_l0_cos:0.892042 update_grad_cos:0.200843 update_momentum_cos:0.645258 l_trace:1.76849e+08 l_fro:1.50086e+08 l_trace_fraction:0.695797 l_top_eval:1.50053e+08 l_top_eval_fraction:0.848481
diag step:1000 name:blocks.6.mlp.proj.weight lr:0.011928571 weight_norm:45.4609 grad_norm:7219.19 grad_diff_norm:11638.4 momentum_norm:14686.2 update_norm:20.3147 update_l0_norm:27.7128 relative_update:0.446861 relative_update_l0:0.609596 update_l0_cos:0.974618 update_grad_cos:0.402021 update_momentum_cos:0.861927 l_trace:4.07639e+08 l_fro:1.23123e+08 l_trace_fraction:0.56198 l_top_eval:1.15303e+08 l_top_eval_fraction:0.282856
step:1000/1500 val_loss:3.57616 train_time:463.259s step_avg:460.51ms
diag step:1125 name:blocks.0.attn.q.weight lr:0.008952381 weight_norm:38.8094 grad_norm:2363 grad_diff_norm:3184.34 momentum_norm:5645.97 update_norm:18.4203 update_l0_norm:27.538 relative_update:0.474634 relative_update_l0:0.709571 update_l0_cos:0.881063 update_grad_cos:0.33 update_momentum_cos:0.674172 l_trace:3.74524e+07 l_fro:1.04049e+07 l_trace_fraction:0.465832 l_top_eval:8.63945e+06 l_top_eval_fraction:0.230678
diag step:1125 name:blocks.11.attn.proj.weight lr:0.008952381 weight_norm:49.0164 grad_norm:3546.9 grad_diff_norm:4896.62 momentum_norm:6638.5 update_norm:18.9184 update_l0_norm:27.5023 relative_update:0.385962 relative_update_l0:0.561084 update_l0_cos:0.892975 update_grad_cos:0.251976 update_momentum_cos:0.653762 l_trace:1.23854e+08 l_fro:9.41687e+07 l_trace_fraction:0.641618 l_top_eval:9.41038e+07 l_top_eval_fraction:0.759798
diag step:1125 name:blocks.6.mlp.proj.weight lr:0.008952381 weight_norm:44.5362 grad_norm:6974.63 grad_diff_norm:10167.3 momentum_norm:16183.4 update_norm:20.4404 update_l0_norm:27.7128 relative_update:0.458961 relative_update_l0:0.622254 update_l0_cos:0.976437 update_grad_cos:0.423 update_momentum_cos:0.861302 l_trace:3.79579e+08 l_fro:8.14577e+07 l_trace_fraction:0.515352 l_top_eval:6.50609e+07 l_top_eval_fraction:0.171403
step:1125/1500 val_loss:3.53424 train_time:520.802s step_avg:460.34ms
diag step:1250 name:blocks.0.attn.q.weight lr:0.0059761905 weight_norm:37.9992 grad_norm:2110.59 grad_diff_norm:3041.54 momentum_norm:5834.42 update_norm:18.4416 update_l0_norm:27.5496 relative_update:0.485315 relative_update_l0:0.725003 update_l0_cos:0.881621 update_grad_cos:0.353131 update_momentum_cos:0.679292 l_trace:3.18115e+07 l_fro:7.26537e+06 l_trace_fraction:0.427353 l_top_eval:5.9046e+06 l_top_eval_fraction:0.185612
diag step:1250 name:blocks.11.attn.proj.weight lr:0.0059761905 weight_norm:48.3274 grad_norm:3268.2 grad_diff_norm:4897.05 momentum_norm:6702.98 update_norm:18.9944 update_l0_norm:27.5168 relative_update:0.393037 relative_update_l0:0.569384 update_l0_cos:0.895462 update_grad_cos:0.272657 update_momentum_cos:0.674459 l_trace:7.05167e+07 l_fro:4.19775e+07 l_trace_fraction:0.516609 l_top_eval:4.18687e+07 l_top_eval_fraction:0.593742
diag step:1250 name:blocks.6.mlp.proj.weight lr:0.0059761905 weight_norm:43.6082 grad_norm:6856.14 grad_diff_norm:9519.88 momentum_norm:17148.3 update_norm:20.6408 update_l0_norm:27.7128 relative_update:0.473324 relative_update_l0:0.635495 update_l0_cos:0.978726 update_grad_cos:0.441151 update_momentum_cos:0.866093 l_trace:3.06457e+08 l_fro:4.26579e+07 l_trace_fraction:0.442097 l_top_eval:3.11246e+07 l_top_eval_fraction:0.101563
step:1250/1500 val_loss:3.49219 train_time:578.346s step_avg:460.36ms
diag step:1375 name:blocks.0.attn.q.weight lr:0.003 weight_norm:37.35 grad_norm:2232.06 grad_diff_norm:3174.9 momentum_norm:6431.89 update_norm:18.4327 update_l0_norm:27.5601 relative_update:0.493513 relative_update_l0:0.737888 update_l0_cos:0.879949 update_grad_cos:0.330365 update_momentum_cos:0.660797 l_trace:3.73235e+07 l_fro:8.72377e+06 l_trace_fraction:0.431969 l_top_eval:7.31304e+06 l_top_eval_fraction:0.195937
diag step:1375 name:blocks.11.attn.proj.weight lr:0.003 weight_norm:47.7892 grad_norm:2761.71 grad_diff_norm:3914.84 momentum_norm:7819.7 update_norm:19.0085 update_l0_norm:27.5129 relative_update:0.397757 relative_update_l0:0.575715 update_l0_cos:0.895682 update_grad_cos:0.312378 update_momentum_cos:0.631497 l_trace:6.82164e+07 l_fro:3.16335e+07 l_trace_fraction:0.481301 l_top_eval:3.10483e+07 l_top_eval_fraction:0.455145
diag step:1375 name:blocks.6.mlp.proj.weight lr:0.003 weight_norm:42.8708 grad_norm:6626.66 grad_diff_norm:9465.3 momentum_norm:19679.6 update_norm:20.6988 update_l0_norm:27.7128 relative_update:0.482819 relative_update_l0:0.646427 update_l0_cos:0.978878 update_grad_cos:0.455755 update_momentum_cos:0.836676 l_trace:3.72333e+08 l_fro:5.16785e+07 l_trace_fraction:0.446018 l_top_eval:3.65674e+07 l_top_eval_fraction:0.0982117
step:1375/1500 val_loss:3.45660 train_time:635.910s step_avg:460.52ms
diag step:1500 name:blocks.0.attn.q.weight lr:2.3809524e-05 weight_norm:37.0689 grad_norm:2394.55 grad_diff_norm:3188.36 momentum_norm:7117.82 update_norm:18.6898 update_l0_norm:27.5377 relative_update:0.50419 relative_update_l0:0.74288 update_l0_cos:0.885229 update_grad_cos:0.31532 update_momentum_cos:0.63571 l_trace:3.03137e+07 l_fro:5.9112e+06 l_trace_fraction:0.334558 l_top_eval:4.55764e+06 l_top_eval_fraction:0.150349
diag step:1500 name:blocks.11.attn.proj.weight lr:2.3809524e-05 weight_norm:47.5636 grad_norm:2620.22 grad_diff_norm:3833.67 momentum_norm:8897.09 update_norm:19.2688 update_l0_norm:27.5016 relative_update:0.405116 relative_update_l0:0.578208 update_l0_cos:0.900343 update_grad_cos:0.328682 update_momentum_cos:0.612957 l_trace:4.65486e+07 l_fro:1.55132e+07 l_trace_fraction:0.332451 l_top_eval:1.49348e+07 l_top_eval_fraction:0.320843
diag step:1500 name:blocks.6.mlp.proj.weight lr:2.3809524e-05 weight_norm:42.5564 grad_norm:6597.6 grad_diff_norm:9394.32 momentum_norm:22374 update_norm:21.2604 update_l0_norm:27.7128 relative_update:0.499583 relative_update_l0:0.651202 update_l0_cos:0.982208 update_grad_cos:0.460712 update_momentum_cos:0.828896 l_trace:2.8131e+08 l_fro:2.44803e+07 l_trace_fraction:0.321783 l_top_eval:1.83687e+07 l_top_eval_fraction:0.065297
step:1500/1500 val_loss:3.43335 train_time:693.440s step_avg:460.23ms
