"""
train_gpt_simple_muonh.py

This file descends from the [NanoGPT speedrun](https://github.com/KellerJordan/modded-nanogpt).
It was prepared as a simplified version of the speedrun for use in neural net optimization research.

Differs from `train_gpt_simple.py` only in the init and the optimizer: the matrix-parameter
Muon update is replaced by MuonH (the same Newton-Schulz orthogonalised direction, applied
via a hyperball projection that preserves the Frobenius norm of every hidden 2D weight
matrix at every step), and the residual-side projections / mlp.fc are initialised with
per-module multipliers on the default Kaiming init so MuonH has non-zero matrices to operate
on from step 0.
"""

import os
import sys
with open(sys.argv[0]) as f:
    code = f.read() # read the code of this file ASAP, for logging
import ast
import uuid
import time
import json
import argparse
import subprocess
from datetime import datetime
from pathlib import Path


########################################
#         Hyperparameters & CLI        #
########################################

BASE_HPARAMS = {
    "train_steps": 3325,
    "matrix_lr": 0.018,
    "mu": 0.95,
}


def parse_value(s: str):
    try:
        return ast.literal_eval(s)
    except (ValueError, SyntaxError):
        return s


def parse_args():
    parser = argparse.ArgumentParser()
    parser.add_argument("legacy_trials", nargs="?", type=int,
                        help="Legacy positional trial count. Prefer --trials.")
    parser.add_argument("--trials", type=int, default=None)
    parser.add_argument("--set", action="append", default=[],
                        metavar="KEY=VALUE", help="Override an hparams entry.")
    parser.add_argument("--dry-run", action="store_true",
                        help="Resolve config and write metadata without CUDA/NCCL/training.")
    parser.add_argument("--out-dir", type=Path, default=None,
                        help="Run output directory. Defaults to runs/muonh/<timestamp>-<uuid>.")
    return parser.parse_args()


def resolve_hparams(overrides):
    hparams = dict(BASE_HPARAMS)
    for item in overrides:
        if "=" not in item:
            raise ValueError(f"--set expects KEY=VALUE, got {item!r}")
        key, _, raw_value = item.partition("=")
        hparams[key] = parse_value(raw_value)
    return hparams


def config_diff(hparams):
    return {k: v for k, v in hparams.items() if BASE_HPARAMS.get(k) != v}


def default_run_dir():
    stamp = datetime.now().strftime("%Y%m%d-%H%M%S")
    return Path("records/track_3_optimization/runs/muonh") / f"{stamp}-{uuid.uuid4().hex[:8]}"


def create_run_dir(out_dir=None):
    run_dir = Path(out_dir) if out_dir is not None else default_run_dir()
    run_dir.mkdir(parents=True, exist_ok=False)
    return run_dir


def git_commit():
    try:
        return subprocess.check_output(["git", "rev-parse", "HEAD"], text=True).strip()
    except Exception:
        return None


def shard_counts():
    cwd = Path.cwd()
    return dict(
        train_shards=len(list(cwd.glob("data/fineweb10B/fineweb_train_*.bin"))),
        val_shards=len(list(cwd.glob("data/fineweb10B/fineweb_val_*.bin"))),
    )


def write_run_files(run_dir, args, hparams, mode, extra=None):
    diff = config_diff(hparams)
    trials = args.trials if args.trials is not None else (args.legacy_trials or 1)
    metadata = dict(
        mode=mode,
        argv=sys.argv,
        cwd=str(Path.cwd()),
        script=sys.argv[0],
        trials=trials,
        dry_run=args.dry_run,
        out_dir=str(run_dir),
        git_commit=git_commit(),
        shard_counts=shard_counts(),
    )
    if extra:
        metadata.update(extra)
    (run_dir / "config.json").write_text(json.dumps(hparams, indent=2, sort_keys=True) + "\n")
    (run_dir / "config_diff.json").write_text(json.dumps(diff, indent=2, sort_keys=True) + "\n")
    (run_dir / "metadata.json").write_text(json.dumps(metadata, indent=2, sort_keys=True) + "\n")


if "--dry-run" in sys.argv:
    args = parse_args()
    hparams = resolve_hparams(args.set)
    run_dir = create_run_dir(args.out_dir)
    write_run_files(run_dir, args, hparams, "dry-run")
    print(f"dry_run:true out_dir:{run_dir}")
    print(json.dumps(dict(hparams=hparams, config_diff=config_diff(hparams)), indent=2, sort_keys=True))
    sys.exit(0)


import torch
from torch import Tensor, nn
from torch.optim import AdamW
import torch.nn.functional as F
import torch.distributed as dist


########################################
#              Dataloader              #
########################################

def _load_data_shard(file: Path):
    header = torch.from_file(str(file), False, 256, dtype=torch.int32) # header is 256 int32
    assert header[0] == 20240520, "magic number mismatch in the data .bin file"
    assert header[1] == 1, "unsupported version"
    num_tokens = int(header[2]) # number of tokens (claimed)
    with file.open("rb", buffering=0) as f:
        tokens = torch.empty(num_tokens, dtype=torch.uint16, pin_memory=True)
        f.seek(256 * 4)
        nbytes = f.readinto(tokens.numpy()) # avoid bytes->array copy
        assert nbytes == 2 * num_tokens, "number of tokens read does not match header"
    return tokens

def distributed_data_generator(filename_pattern: str, batch_size: int, seq_len=1024):
    files = sorted(Path.cwd().glob(filename_pattern))
    assert batch_size % dist.get_world_size() == 0
    local_batch_size = batch_size // dist.get_world_size()
    file_iter = iter(files)
    tokens, pos = _load_data_shard(next(file_iter)), 0
    while True:
        if pos + batch_size + 1 >= len(tokens):
            tokens, pos = _load_data_shard(next(file_iter)), 0
        buf = tokens[pos + dist.get_rank() * local_batch_size:][:local_batch_size + 1]
        inputs = buf[:-1].to(device="cuda", dtype=torch.int32, non_blocking=True)
        targets = buf[1:].to(device="cuda", dtype=torch.int64, non_blocking=True)
        pos += batch_size
        yield inputs.view(-1, seq_len), targets.view(-1, seq_len)


########################################
#             Architecture             #
########################################

class RMSNorm(nn.Module):
    def __init__(self, dim):
        super().__init__()
        self.gains = nn.Parameter(torch.ones(dim))

    def forward(self, x):
        return F.rms_norm(x, (x.size(-1),), weight=self.gains.type_as(x))

class Linear(nn.Linear):
    def __init__(self, in_features, out_features):
        super().__init__(in_features, out_features, bias=True)

    def forward(self, x):
        return F.linear(x, self.weight.type_as(x), self.bias.type_as(x))

class Rotary(nn.Module):
    def __init__(self, dim: int):
        super().__init__()
        # half-truncate RoPE (w/ base freq tuning)
        angular_freq = (1 / 1024) ** torch.linspace(0, 1, steps=dim//4, dtype=torch.float32)
        self.register_buffer("angular_freq", torch.cat([angular_freq, angular_freq.new_zeros(dim//4)]))

    def forward(self, x_BTHD: Tensor):
        pos = torch.arange(x_BTHD.size(1), dtype=torch.float32, device=x_BTHD.device)
        theta = torch.outer(pos, self.angular_freq)[None, :, None, :]
        cos, sin = theta.cos(), theta.sin()
        x1, x2 = x_BTHD.to(dtype=torch.float32).chunk(2, dim=-1)
        y1 = x1 * cos + x2 * sin
        y2 = x1 * (-sin) + x2 * cos
        return torch.cat((y1, y2), 3).type_as(x_BTHD)

class CausalSelfAttention(nn.Module):
    def __init__(self, dim: int, head_dim=128):
        super().__init__()
        self.num_heads = dim // head_dim
        self.head_dim = head_dim
        hdim = self.num_heads * self.head_dim
        self.q = Linear(dim, hdim)
        self.k = Linear(dim, hdim)
        self.v = Linear(dim, hdim)
        self.proj = Linear(hdim, dim)
        self.rotary = Rotary(head_dim)

    def forward(self, x: Tensor):
        B, T = x.size(0), x.size(1)
        q = self.q(x).view(B, T, self.num_heads, self.head_dim)
        k = self.k(x).view(B, T, self.num_heads, self.head_dim)
        v = self.v(x).view(B, T, self.num_heads, self.head_dim)
        q, k = F.rms_norm(q, (q.size(-1),)), F.rms_norm(k, (k.size(-1),))
        q, k = self.rotary(q), self.rotary(k)
        y = F.scaled_dot_product_attention(q.transpose(1, 2), k.transpose(1, 2),
                                           v.transpose(1, 2), scale=0.12, is_causal=True).transpose(1, 2)
        y = y.contiguous().view(B, T, self.num_heads * self.head_dim)
        y = self.proj(y)
        return y

class MLP(nn.Module):
    def __init__(self, dim: int):
        super().__init__()
        hdim = 4 * dim
        self.fc = Linear(dim, hdim)
        self.proj = Linear(hdim, dim)

    def forward(self, x: Tensor):
        x = self.fc(x)
        x = x.relu().square()
        x = self.proj(x)
        return x

class Block(nn.Module):
    def __init__(self, dim: int):
        super().__init__()
        self.attn = CausalSelfAttention(dim)
        self.mlp = MLP(dim)
        self.norm1 = RMSNorm(dim)
        self.norm2 = RMSNorm(dim)

    def forward(self, x: Tensor):
        x = x + self.attn(self.norm1(x))
        x = x + self.mlp(self.norm2(x))
        return x

class GPT(nn.Module):
    def __init__(self, vocab_size: int, num_layers: int, model_dim: int):
        super().__init__()
        self.embed = nn.Embedding(vocab_size, model_dim).bfloat16()
        self.blocks = nn.ModuleList([Block(model_dim) for _ in range(num_layers)])
        self.proj = Linear(model_dim, vocab_size)
        self.norm1 = RMSNorm(model_dim)
        self.norm2 = RMSNorm(model_dim)

    def forward(self, inputs: Tensor, targets: Tensor):
        x = self.norm1(self.embed(inputs))
        for block in self.blocks:
            x = block(x)
        logits = self.proj(self.norm2(x)).float()
        logits = 15 * logits * (logits.square() + 15**2).rsqrt()
        return F.cross_entropy(logits.view(targets.numel(), -1), targets.view(-1), reduction="sum")


########################################
#              Optimizer               #
########################################

def zeropower_via_newtonschulz5(G: Tensor) -> Tensor:
    assert G.ndim >= 2
    X = G.bfloat16()
    if G.size(-2) > G.size(-1):
        X = X.mT

    # Ensure spectral norm is at most 1
    X = X / (X.norm(dim=(-2, -1), keepdim=True) + 1e-7)
    # Perform the NS iterations, not optimizing for wallclock speed
    a, b, c = 2, -1.5, 0.5
    for _ in range(12):
        A = X @ X.mT
        B = b * A + c * A @ A
        X = a * X + B @ X

    if G.size(-2) > G.size(-1):
        X = X.mT
    return X

@torch.compile
def muon_update(grad, momentum, mu=0.95, nesterov=True):
    momentum.lerp_(grad, 1 - mu)
    update = grad.lerp_(momentum, mu) if nesterov else momentum
    update = zeropower_via_newtonschulz5(update)
    update *= max(1, grad.size(-2) / grad.size(-1))**0.5
    return update

def scale_invariant_update_(param: Tensor, update: Tensor, lr: float, eps: float = 1e-10) -> None:
    """Hyperball-constrained step: take a Muon-orthogonalised update of size lr * ||param||,
    then renormalise back onto the Frobenius sphere of the parameter's initial radius. Preserves
    ||param|| exactly across training; the invariant lets us drop weight decay on hidden
    matrices entirely (the constraint already prevents norm growth)."""
    p_norm = param.norm()
    u_norm = update.norm()
    new_param = param - lr * update * p_norm / torch.clamp(u_norm, min=eps)
    new_norm = torch.clamp(new_param.norm(), min=eps)
    param.copy_(new_param / new_norm * p_norm)

class MuonH(torch.optim.Optimizer):
    """MuonH: same Newton-Schulz orthogonalised direction as Muon, applied via a Frobenius-
    norm-preserving hyperball projection. Used here for ALL hidden 2D weight matrices —
    q, k, v, mlp.fc, attn.proj, mlp.proj — under non-zero (Kaiming-derived) init."""
    def __init__(self, params, lr=0.014, mu=0.95):
        assert isinstance(params, list) and len(params) >= 1 and isinstance(params[0], torch.nn.Parameter)
        params = sorted(params, key=lambda x: x.size(), reverse=True)
        defaults = dict(lr=lr, mu=mu)
        super().__init__(params, defaults)

    @torch.no_grad()
    def step(self):
        world_size = dist.get_world_size()
        rank = dist.get_rank()
        for group in self.param_groups:
            params = group["params"]
            params_pad = params + [torch.empty_like(params[-1])] * (world_size - len(params) % world_size)
            for base_i in range(0, len(params), world_size):
                if base_i + rank < len(params):
                    p = params[base_i + rank]
                    state = self.state[p]
                    if len(state) == 0:
                        state["momentum"] = torch.zeros_like(p)
                    update = muon_update(p.grad, state["momentum"], mu=group["mu"])
                    scale_invariant_update_(p, update, group["lr"])
                dist.all_gather(params_pad[base_i:base_i + world_size], params_pad[base_i + rank])


########################################
#                Setup                 #
########################################

# torchrun sets these env variables
device = torch.device("cuda", int(os.environ["LOCAL_RANK"]))
torch.cuda.set_device(device)
dist.init_process_group(backend="nccl", device_id=device)
dist.barrier()
# this code can be run equivalently with 1, 2, 4, or 8 gpus.
assert 8 % dist.get_world_size() == 0

args = parse_args()
hparams = resolve_hparams(args.set)
num_trials = args.trials if args.trials is not None else (args.legacy_trials or 1)

# Rank 0 creates the run directory; all ranks sync on the path.
if dist.get_rank() == 0:
    run_dir = create_run_dir(args.out_dir)
else:
    run_dir = None
run_dir_obj = [str(run_dir) if run_dir is not None else None]
dist.broadcast_object_list(run_dir_obj, src=0)
run_dir = Path(run_dir_obj[0])
logfile = run_dir / "train.log"

def print0(s, console=False, log=True):
    if dist.get_rank() == 0:
        if console:
            print(s)
        if log:
            with open(logfile, "a") as f:
                print(s, file=f)

if dist.get_rank() == 0:
    print(logfile)
    write_run_files(run_dir, args, hparams, "train", dict(
        torch_version=torch.version.__version__,
        cuda_version=torch.version.cuda,
        world_size=dist.get_world_size(),
        device_name=torch.cuda.get_device_name(device),
    ))

print0(code)
print0("="*100)
print0(f"Running PyTorch {torch.version.__version__} compiled for CUDA {torch.version.cuda}"
       + f" on {torch.cuda.get_device_name(device)} with world_size {dist.get_world_size()}")
print0(json.dumps(dict(hparams=hparams, config_diff=config_diff(hparams)), indent=2, sort_keys=True))
print0("="*100)

val_tokens = 20 * 524288
batch_size = 8 * 64 * 1024
mbs = 64
val_inputs, val_targets = next(distributed_data_generator("data/fineweb10B/fineweb_val_*.bin", val_tokens))

model = GPT(vocab_size=50304, num_layers=12, model_dim=768).cuda()
model.compile(dynamic=False)


for _ in range(num_trials):


    ########################################
    #       Init & Optim Hyperparams       #
    ########################################

    train_steps = int(hparams["train_steps"])
    matrix_lr = float(hparams["matrix_lr"])
    mu = float(hparams["mu"])

    # initialize model parameters. Per-module multipliers on the default nn.Linear Kaiming-uniform
    # init (std = 1/sqrt(3*fan_in), so ~0.0208 for fan_in=768 and ~0.0104 for fan_in=3072):
    #   - attn.proj.weight (fan_in=768):  default × 1.25 → std ≈ 0.026
    #   - mlp.proj.weight  (fan_in=3072): default × 3.0  → std ≈ 0.031
    #   - mlp.fc.weight    (fan_in=768):  default × 1.5  → std ≈ 0.031
    # qkv weights keep their default init. The vocab head (proj.weight) and all "proj" biases are
    # zeroed so initial logits are 0.
    for name, p in model.named_parameters():
        w = p.data
        if name.endswith("weight"):
            if "embed" in name:
                w.normal_()  # default torch init
            else:
                w.normal_(std=0.33**0.5 / w.size(-1)**0.5)  # default torch init
        elif name.endswith("bias"):
            w.zero_()
        elif name.endswith("gains"):
            w.normal_(mean=1, std=0)
        else:
            raise Exception(f"Uninitialized parameter: {name}")
        if name.endswith(".attn.proj.weight"):
            w.mul_(1.25)
        elif name.endswith(".mlp.proj.weight"):
            w.mul_(3.0)
        elif name.endswith(".mlp.fc.weight"):
            w.mul_(1.5)

    # create the optimizer(s)
    optimizer1 = AdamW([dict(params=[model.embed.weight], lr=0.3),
                        dict(params=[model.proj.weight], lr=1/320),
                        dict(params=[p for p in model.parameters() if p.ndim < 2], lr=0.01)],
                       betas=(0.8, 0.95), eps=1e-10, weight_decay=0, fused=True)
    optimizer2 = MuonH([p for p in model.blocks.parameters() if p.ndim == 2], lr=matrix_lr, mu=mu)
    optimizers = [optimizer1, optimizer2]
    assert set(p for opt in optimizers for group in opt.param_groups
               for p in group["params"]) == set(model.parameters())
    for opt in optimizers:
        for group in opt.param_groups:
            group["initial_lr"] = group["lr"]
    for group in optimizer1.param_groups:
        group["cooldown_frac"] = 0.4
    for group in optimizer2.param_groups:
        group["cooldown_frac"] = 1.0

    # learning rate schedule: stable then decay. The h (MuonH) groups use full linear cooldown
    # over the entire run (cooldown_frac=1.0); the aux (AdamW) group uses a shorter cooldown
    # (cooldown_frac=0.4) to keep the embed/head learning longer before tapering.
    def set_lr_schedule(step):
        progress = step / train_steps
        assert 0 <= progress < 1
        for opt in optimizers:
            for group in opt.param_groups:
                if progress < 1 - group["cooldown_frac"]:
                    eta = 1.0
                else:
                    eta = (1 - progress) / group["cooldown_frac"]
                group["lr"] = group["initial_lr"] * eta


    ########################################
    #        Training and Validation       #
    ########################################

    train_loader = distributed_data_generator("data/fineweb10B/fineweb_train_*.bin", batch_size)
    for p in model.parameters():
        dist.broadcast(p.detach(), 0)
    # start the clock
    training_time = 0
    last_val_step = 0
    dist.barrier()
    t0 = time.perf_counter()
    for step in range(train_steps + 1):

        # --------------- VALIDATION SECTION -----------------
        if step == train_steps or step % 125 == 0:
            # stop the clock
            dist.barrier()
            time_since_last_val = time.perf_counter() - t0
            step_avg = time_since_last_val / (step - last_val_step) if step > 0 else float("nan")
            last_val_step = step
            training_time += time_since_last_val
            model.eval()
            val_loss = 0
            with torch.no_grad():
                assert len(val_inputs) % mbs == 0
                for i in range(len(val_inputs) // mbs):
                    val_loss += model(val_inputs[i*mbs:(i+1)*mbs], val_targets[i*mbs:(i+1)*mbs])
            dist.all_reduce(val_loss, op=dist.ReduceOp.SUM)
            val_loss /= val_tokens
            print0(f"step:{step}/{train_steps} val_loss:{val_loss:.5f} train_time:{training_time:.3f}s"
                   + f" step_avg:{1000*step_avg:.2f}ms", console=True)
            model.train()
            # start the clock again
            dist.barrier()
            t0 = time.perf_counter()

        if step == train_steps:
            break

        # --------------- TRAINING SECTION -----------------
        inputs, targets = next(train_loader)
        # accumulate across microbatches in case we are running with fewer than 8 gpus
        assert len(inputs) % mbs == 0
        for i in range(len(inputs) // mbs):
            model(inputs[i*mbs:(i+1)*mbs], targets[i*mbs:(i+1)*mbs]).backward()
        for name, p in model.named_parameters():
            assert p.grad is not None, name
            dist.all_reduce(p.grad, op=dist.ReduceOp.SUM)
        # set optimization hyperparameters and take a step
        set_lr_schedule(step)
        for opt in optimizers:
            opt.step()
        model.zero_grad(set_to_none=True)
        approx_training_time = training_time + (time.perf_counter() - t0)
        print0(f"step:{step+1}/{train_steps} train_time:{approx_training_time:.3f}s"
               + f" step_avg:{1000*approx_training_time/(step + 1):.2f}ms", console=True, log=False)

dist.destroy_process_group()

====================================================================================================
Running PyTorch 2.11.0+cu126 compiled for CUDA 12.6 on NVIDIA H100 NVL with world_size 4
{
  "config_diff": {
    "matrix_lr": 0.0277,
    "train_steps": 6500
  },
  "hparams": {
    "matrix_lr": 0.0277,
    "mu": 0.95,
    "train_steps": 6500
  }
}
====================================================================================================
step:0/6500 val_loss:10.99887 train_time:0.000s step_avg:nanms
step:125/6500 val_loss:4.82100 train_time:57.793s step_avg:462.35ms
step:250/6500 val_loss:4.22087 train_time:113.049s step_avg:442.04ms
step:375/6500 val_loss:4.06434 train_time:168.149s step_avg:440.80ms
step:500/6500 val_loss:3.96047 train_time:223.338s step_avg:441.51ms
step:625/6500 val_loss:3.90161 train_time:278.424s step_avg:440.69ms
step:750/6500 val_loss:3.88081 train_time:333.467s step_avg:440.34ms
step:875/6500 val_loss:3.82688 train_time:388.527s step_avg:440.48ms
step:1000/6500 val_loss:3.79961 train_time:443.599s step_avg:440.58ms
step:1125/6500 val_loss:3.78532 train_time:498.621s step_avg:440.17ms
step:1250/6500 val_loss:3.75534 train_time:553.705s step_avg:440.67ms
step:1375/6500 val_loss:3.74322 train_time:608.765s step_avg:440.49ms
step:1500/6500 val_loss:3.72146 train_time:663.790s step_avg:440.20ms
step:1625/6500 val_loss:3.70845 train_time:718.849s step_avg:440.47ms
step:1750/6500 val_loss:3.68693 train_time:773.902s step_avg:440.42ms
step:1875/6500 val_loss:3.66867 train_time:828.931s step_avg:440.23ms
step:2000/6500 val_loss:3.66284 train_time:883.997s step_avg:440.53ms
step:2125/6500 val_loss:3.64806 train_time:939.050s step_avg:440.42ms
step:2250/6500 val_loss:3.63652 train_time:994.062s step_avg:440.09ms
step:2375/6500 val_loss:3.62138 train_time:1049.132s step_avg:440.56ms
step:2500/6500 val_loss:3.61122 train_time:1104.202s step_avg:440.56ms
step:2625/6500 val_loss:3.59946 train_time:1159.228s step_avg:440.21ms
step:2750/6500 val_loss:3.59348 train_time:1214.299s step_avg:440.57ms
step:2875/6500 val_loss:3.58058 train_time:1269.369s step_avg:440.55ms
step:3000/6500 val_loss:3.56843 train_time:1324.381s step_avg:440.10ms
step:3125/6500 val_loss:3.55566 train_time:1379.451s step_avg:440.55ms
step:3250/6500 val_loss:3.54353 train_time:1434.520s step_avg:440.56ms
step:3375/6500 val_loss:3.52730 train_time:1489.544s step_avg:440.19ms
step:3500/6500 val_loss:3.52035 train_time:1544.592s step_avg:440.38ms
step:3625/6500 val_loss:3.51060 train_time:1599.659s step_avg:440.54ms
step:3750/6500 val_loss:3.49418 train_time:1654.689s step_avg:440.24ms
step:3875/6500 val_loss:3.48864 train_time:1709.740s step_avg:440.40ms
step:4000/6500 val_loss:3.47396 train_time:1764.794s step_avg:440.43ms
step:4125/6500 val_loss:3.45804 train_time:1819.809s step_avg:440.12ms
step:4250/6500 val_loss:3.45469 train_time:1874.858s step_avg:440.39ms
step:4375/6500 val_loss:3.43356 train_time:1929.904s step_avg:440.37ms
step:4500/6500 val_loss:3.41970 train_time:1984.916s step_avg:440.09ms
step:4625/6500 val_loss:3.40504 train_time:2039.968s step_avg:440.42ms
step:4750/6500 val_loss:3.38987 train_time:2094.980s step_avg:440.10ms
step:4875/6500 val_loss:3.37553 train_time:2150.011s step_avg:440.25ms
step:5000/6500 val_loss:3.36195 train_time:2205.043s step_avg:440.25ms
step:5125/6500 val_loss:3.34833 train_time:2260.055s step_avg:440.10ms
step:5250/6500 val_loss:3.33287 train_time:2315.085s step_avg:440.24ms
step:5375/6500 val_loss:3.32150 train_time:2370.159s step_avg:440.59ms
step:5500/6500 val_loss:3.30638 train_time:2425.170s step_avg:440.09ms
step:5625/6500 val_loss:3.29352 train_time:2480.202s step_avg:440.25ms
step:5750/6500 val_loss:3.27952 train_time:2535.254s step_avg:440.42ms
step:5875/6500 val_loss:3.26592 train_time:2590.270s step_avg:440.13ms
step:6000/6500 val_loss:3.25382 train_time:2645.338s step_avg:440.54ms
step:6125/6500 val_loss:3.24089 train_time:2700.412s step_avg:440.59ms
step:6250/6500 val_loss:3.22892 train_time:2755.441s step_avg:440.23ms
step:6375/6500 val_loss:3.21846 train_time:2810.475s step_avg:440.27ms
step:6500/6500 val_loss:3.21265 train_time:2865.523s step_avg:440.39ms
