"""
train_gpt_simple_leon.py

This file descends from the [NanoGPT speedrun](https://github.com/KellerJordan/modded-nanogpt).
It was prepared as a simplified version of the speedrun for use in neural net optimization research.
This variant replaces Muon with Leon (initial test using the same Newton-Schulz coefficients).
"""

import math
import os
import sys
with open(sys.argv[0]) as f:
    code = f.read() # read the code of this file ASAP, for logging
import argparse
import ast
import json
import subprocess
import uuid
import time
from datetime import datetime
from pathlib import Path


BASE_HPARAMS = dict(
    # Training
    train_steps         = 3375,
    # AdamW — embedding
    embed_lr            = 0.3,
    # AdamW — lm_head projection
    proj_lr             = 1/320,
    # AdamW — scalars (biases, gains)
    scalar_lr           = 0.01,
    # AdamW shared
    adam_betas          = (0.8, 0.95),
    adam_eps            = 1e-10,
    adam_wd             = 0.0,
    adam_cooldown_frac  = 0.7,
    # Leon — 2D block params
    leon_lr             = 0.025,
    leon_wd             = 0.025,
    leon_mu             = 0.95,
    leon_beta2          = 0.7,
    leon_cooldown_frac  = 0.7,
    leon_ns_iters       = 6,
    leon_eps            = 1e-9,
    leon_l_scale        = 1.0,
    leon_orthogonalize_dtype = "bfloat16",
    leon_l_scale_schedule = "constant",
    leon_l_scale_ramp_start_frac = 0.2,
    leon_l_scale_ramp_end_frac = 0.6,
    # "off": L = l_scale * T_t (raw unnormalized Gram sum).
    # "match_g": rescale L so tr(L) = l_scale * ||G||_F^2 (l_scale=1.0 -> tr(L) fraction 0.5).
    leon_l_normalize_mode = "off",
    # When True, rescale the final NS output to Frobenius norm sqrt(min(D1, D2)),
    # i.e. match the natural ||update||_F of the L=0 (Muon-NS) update.
    leon_match_l0_norm  = False,
    # When True, second moment accumulates (grad_t - grad_{t-1})(grad_t - grad_{t-1})^T
    # instead of grad_t * grad_t^T.
    leon_use_grad_diff  = False,
    # When False, skip the Nesterov first-moment buffer entirely; orthogonalize raw grad.
    leon_use_nesterov   = True,
    leon_log_diagnostics = False,
    leon_diag_interval  = 125,
    leon_diag_patterns  = (
        "blocks.0.attn.q.weight",
        "blocks.6.mlp.proj.weight",
        "blocks.11.attn.proj.weight",
    ),
    # Optional wandb logging (off by default). Enable with --set wandb_project=<name>.
    # File artifacts (train.log, config.json, tuning_log.csv) remain authoritative.
    wandb_project = None,
    wandb_mode    = "online",  # "online" | "offline" | "disabled"
    # Optional. If unset, the wandb run name falls back to run_dir.name (the timestamp+uuid).
    # Set this to your tuning_log.csv run_id so the dashboard matches the ledger.
    wandb_run_name = None,
)


def parse_value(s: str):
    try:
        return ast.literal_eval(s)
    except (ValueError, SyntaxError):
        return s


def parse_args():
    parser = argparse.ArgumentParser()
    parser.add_argument("legacy_trials", nargs="?", type=int,
                        help="Legacy positional trial count. Prefer --trials.")
    parser.add_argument("--trials", type=int, default=None)
    parser.add_argument("--set", action="append", default=[],
                        metavar="KEY=VALUE", help="Override or add an hparams entry.")
    parser.add_argument("--dry-run", action="store_true",
                        help="Resolve config and write metadata without CUDA/NCCL/training.")
    parser.add_argument("--out-dir", type=Path, default=None,
                        help="Run output directory. Defaults to runs/leon/<timestamp>-<uuid>.")
    return parser.parse_args()


def resolve_hparams(overrides):
    hparams = dict(BASE_HPARAMS)
    for item in overrides:
        if "=" not in item:
            raise ValueError(f"--set expects KEY=VALUE, got {item!r}")
        key, raw_value = item.split("=", 1)
        value = parse_value(raw_value)
        if key == "cooldown_frac":
            hparams["adam_cooldown_frac"] = value
            hparams["leon_cooldown_frac"] = value
        hparams[key] = value
    return hparams


def config_diff(hparams):
    return {k: v for k, v in hparams.items() if BASE_HPARAMS.get(k) != v}


def validate_hparams(hparams):
    l_scale = float(hparams["leon_l_scale"])
    if l_scale < 0:
        raise ValueError(f"leon_l_scale must be non-negative, got {l_scale!r}")

    orthogonalize_dtype = hparams["leon_orthogonalize_dtype"]
    if orthogonalize_dtype not in ("bfloat16", "float32", "float64"):
        raise ValueError(
            "leon_orthogonalize_dtype must be 'bfloat16', 'float32', or 'float64', "
            f"got {orthogonalize_dtype!r}"
        )

    schedule = hparams["leon_l_scale_schedule"]
    if schedule not in ("constant", "linear_ramp"):
        raise ValueError(
            "leon_l_scale_schedule must be 'constant' or 'linear_ramp', "
            f"got {schedule!r}"
        )

    if schedule == "linear_ramp":
        start = float(hparams["leon_l_scale_ramp_start_frac"])
        end = float(hparams["leon_l_scale_ramp_end_frac"])
        if not (0 <= start < end <= 1):
            raise ValueError(
                "linear_ramp requires 0 <= leon_l_scale_ramp_start_frac "
                "< leon_l_scale_ramp_end_frac <= 1, "
                f"got start={start!r}, end={end!r}"
            )

    normalize_mode = hparams["leon_l_normalize_mode"]
    if normalize_mode not in ("off", "match_g"):
        raise ValueError(
            "leon_l_normalize_mode must be 'off' or 'match_g', "
            f"got {normalize_mode!r}"
        )

    if not isinstance(hparams["leon_use_grad_diff"], bool):
        raise TypeError(
            f"leon_use_grad_diff must be bool, got {type(hparams['leon_use_grad_diff'])!r}"
        )

    if not isinstance(hparams["leon_use_nesterov"], bool):
        raise TypeError(
            f"leon_use_nesterov must be bool, got {type(hparams['leon_use_nesterov'])!r}"
        )


def scheduled_l_scale(hparams, progress):
    target = float(hparams["leon_l_scale"])
    schedule = hparams["leon_l_scale_schedule"]

    if schedule == "constant":
        return target

    start = float(hparams["leon_l_scale_ramp_start_frac"])
    end = float(hparams["leon_l_scale_ramp_end_frac"])
    if progress < start:
        return 0.0
    if progress >= end:
        return target
    ramp_progress = (progress - start) / (end - start)
    return target * ramp_progress


def default_run_dir():
    stamp = datetime.now().strftime("%Y%m%d-%H%M%S")
    return Path("records/track_3_optimization/runs/leon") / f"{stamp}-{uuid.uuid4().hex[:8]}"


def create_run_dir(out_dir=None):
    run_dir = Path(out_dir) if out_dir is not None else default_run_dir()
    run_dir.mkdir(parents=True, exist_ok=False)
    return run_dir


def git_commit():
    try:
        return subprocess.check_output(["git", "rev-parse", "HEAD"], text=True).strip()
    except Exception:
        return None


def shard_counts():
    cwd = Path.cwd()
    return dict(
        train_shards=len(list(cwd.glob("data/fineweb10B/fineweb_train_*.bin"))),
        val_shards=len(list(cwd.glob("data/fineweb10B/fineweb_val_*.bin"))),
    )


def torch_versions():
    torch_module = globals().get("torch")
    if torch_module is None:
        return None, None
    return torch_module.version.__version__, torch_module.version.cuda


def write_run_files(run_dir, args, hparams, mode, extra=None):
    torch_version, cuda_version = torch_versions()
    diff = config_diff(hparams)
    metadata = dict(
        mode=mode,
        argv=sys.argv,
        cwd=str(Path.cwd()),
        script=sys.argv[0],
        trials=args.trials if args.trials is not None else (args.legacy_trials or 1),
        dry_run=args.dry_run,
        out_dir=str(run_dir),
        git_commit=git_commit(),
        torch_version=torch_version,
        cuda_version=cuda_version,
        shard_counts=shard_counts(),
    )
    if extra:
        metadata.update(extra)
    (run_dir / "config.json").write_text(json.dumps(hparams, indent=2, sort_keys=True) + "\n")
    (run_dir / "config_diff.json").write_text(json.dumps(diff, indent=2, sort_keys=True) + "\n")
    (run_dir / "metadata.json").write_text(json.dumps(metadata, indent=2, sort_keys=True) + "\n")


if "--dry-run" in sys.argv:
    args = parse_args()
    hparams = resolve_hparams(args.set)
    validate_hparams(hparams)
    run_dir = create_run_dir(args.out_dir)
    write_run_files(run_dir, args, hparams, "dry-run")
    print(f"dry_run:true out_dir:{run_dir}")
    print(json.dumps(dict(hparams=hparams, config_diff=config_diff(hparams)), indent=2, sort_keys=True))
    sys.exit(0)

import torch
from torch import Tensor, nn
from torch.optim import AdamW
import torch.nn.functional as F
import torch.distributed as dist


########################################
#              Dataloader              #
########################################

def _load_data_shard(file: Path):
    header = torch.from_file(str(file), False, 256, dtype=torch.int32) # header is 256 int32
    assert header[0] == 20240520, "magic number mismatch in the data .bin file"
    assert header[1] == 1, "unsupported version"
    num_tokens = int(header[2]) # number of tokens (claimed)
    with file.open("rb", buffering=0) as f:
        tokens = torch.empty(num_tokens, dtype=torch.uint16, pin_memory=True)
        f.seek(256 * 4)
        nbytes = f.readinto(tokens.numpy()) # avoid bytes->array copy
        assert nbytes == 2 * num_tokens, "number of tokens read does not match header"
    return tokens

def distributed_data_generator(filename_pattern: str, batch_size: int, seq_len=1024):
    files = sorted(Path.cwd().glob(filename_pattern))
    assert batch_size % dist.get_world_size() == 0
    local_batch_size = batch_size // dist.get_world_size()
    file_iter = iter(files)
    tokens, pos = _load_data_shard(next(file_iter)), 0
    while True:
        if pos + batch_size + 1 >= len(tokens):
            tokens, pos = _load_data_shard(next(file_iter)), 0
        buf = tokens[pos + dist.get_rank() * local_batch_size:][:local_batch_size + 1]
        inputs = buf[:-1].to(device="cuda", dtype=torch.int32, non_blocking=True)
        targets = buf[1:].to(device="cuda", dtype=torch.int64, non_blocking=True)
        pos += batch_size
        yield inputs.view(-1, seq_len), targets.view(-1, seq_len)


########################################
#             Architecture             #
########################################

class RMSNorm(nn.Module):
    def __init__(self, dim):
        super().__init__()
        self.gains = nn.Parameter(torch.ones(dim))

    def forward(self, x):
        return F.rms_norm(x, (x.size(-1),), weight=self.gains.type_as(x))

class Linear(nn.Linear):
    def __init__(self, in_features, out_features):
        super().__init__(in_features, out_features, bias=True)

    def forward(self, x):
        return F.linear(x, self.weight.type_as(x), self.bias.type_as(x))

class Rotary(nn.Module):
    def __init__(self, dim: int):
        super().__init__()
        # half-truncate RoPE (w/ base freq tuning)
        angular_freq = (1 / 1024) ** torch.linspace(0, 1, steps=dim//4, dtype=torch.float32)
        self.register_buffer("angular_freq", torch.cat([angular_freq, angular_freq.new_zeros(dim//4)]))

    def forward(self, x_BTHD: Tensor):
        pos = torch.arange(x_BTHD.size(1), dtype=torch.float32, device=x_BTHD.device)
        theta = torch.outer(pos, self.angular_freq)[None, :, None, :]
        cos, sin = theta.cos(), theta.sin()
        x1, x2 = x_BTHD.to(dtype=torch.float32).chunk(2, dim=-1)
        y1 = x1 * cos + x2 * sin
        y2 = x1 * (-sin) + x2 * cos
        return torch.cat((y1, y2), 3).type_as(x_BTHD)

class CausalSelfAttention(nn.Module):
    def __init__(self, dim: int, head_dim=128):
        super().__init__()
        self.num_heads = dim // head_dim
        self.head_dim = head_dim
        hdim = self.num_heads * self.head_dim
        self.q = Linear(dim, hdim)
        self.k = Linear(dim, hdim)
        self.v = Linear(dim, hdim)
        self.proj = Linear(hdim, dim)
        self.rotary = Rotary(head_dim)

    def forward(self, x: Tensor):
        B, T = x.size(0), x.size(1)
        q = self.q(x).view(B, T, self.num_heads, self.head_dim)
        k = self.k(x).view(B, T, self.num_heads, self.head_dim)
        v = self.v(x).view(B, T, self.num_heads, self.head_dim)
        q, k = F.rms_norm(q, (q.size(-1),)), F.rms_norm(k, (k.size(-1),))
        q, k = self.rotary(q), self.rotary(k)
        y = F.scaled_dot_product_attention(q.transpose(1, 2), k.transpose(1, 2),
                                           v.transpose(1, 2), scale=0.12, is_causal=True).transpose(1, 2)
        y = y.contiguous().view(B, T, self.num_heads * self.head_dim)
        y = self.proj(y)
        return y

class MLP(nn.Module):
    def __init__(self, dim: int):
        super().__init__()
        hdim = 4 * dim
        self.fc = Linear(dim, hdim)
        self.proj = Linear(hdim, dim)

    def forward(self, x: Tensor):
        x = self.fc(x)
        x = x.relu().square()
        x = self.proj(x)
        return x

class Block(nn.Module):
    def __init__(self, dim: int):
        super().__init__()
        self.attn = CausalSelfAttention(dim)
        self.mlp = MLP(dim)
        self.norm1 = RMSNorm(dim)
        self.norm2 = RMSNorm(dim)

    def forward(self, x: Tensor):
        x = x + self.attn(self.norm1(x))
        x = x + self.mlp(self.norm2(x))
        return x

class GPT(nn.Module):
    def __init__(self, vocab_size: int, num_layers: int, model_dim: int):
        super().__init__()
        self.embed = nn.Embedding(vocab_size, model_dim).bfloat16()
        self.blocks = nn.ModuleList([Block(model_dim) for _ in range(num_layers)])
        self.proj = Linear(model_dim, vocab_size)
        self.norm1 = RMSNorm(model_dim)
        self.norm2 = RMSNorm(model_dim)

    def forward(self, inputs: Tensor, targets: Tensor):
        x = self.norm1(self.embed(inputs))
        for block in self.blocks:
            x = block(x)
        logits = self.proj(self.norm2(x)).float()
        logits = 15 * logits * (logits.square() + 15**2).rsqrt()
        return F.cross_entropy(logits.view(targets.numel(), -1), targets.view(-1), reduction="sum")


########################################
#              Optimizer               #
########################################

def leon_compute_dtype(dtype_name: str):
    if dtype_name == "bfloat16":
        return torch.bfloat16
    if dtype_name == "float32":
        return torch.float32
    if dtype_name == "float64":
        return torch.float64
    raise ValueError(f"Unsupported Leon orthogonalization dtype: {dtype_name!r}")


def leon_accum_dtype(dtype_name: str):
    return torch.float64 if dtype_name == "float64" else torch.float32


def leon_orthogonalize(grad: Tensor, momentum_buffer: Tensor, second_momentum_buffer: Tensor,
                       momentum: float = 0.95, beta2: float = 0.7,
                       ns_iters: int = 6, ns_coeffs: tuple = (2, -1.5, 0.5),
                       eps: float = 1e-7, l_scale: float = 1.0,
                       compute_dtype: str = "bfloat16",
                       l_normalize_mode: str = "off",
                       match_l0_norm: bool = False,
                       use_grad_diff: bool = False,
                       prev_grad_buffer: Tensor = None,
                       use_nesterov: bool = True) -> Tensor:
    """
    Leon update: Nesterov momentum + Newton-Schulz orthogonalization with
    augmented Gram matrix (second momentum buffer).

    Computes (GG^T + L)^{-0.5} G where L is an EMA-like gradient Gram statistic,
    using Newton-Schulz iterations to approximate the matrix inverse square root.

    Args:
        grad: Raw gradient (mutated in-place into the Nesterov-corrected update)
        momentum_buffer: First-moment unnormalized exponential sum
            S_t = momentum * S_{t-1} + grad_t (updated in place).
        second_momentum_buffer: Second-moment unnormalized exponential sum
            T_t = beta2 * T_{t-1} + grad_t grad_t^T (updated in place).
        momentum: First momentum coefficient (Nesterov)
        beta2: Second momentum coefficient
        ns_iters: Number of Newton-Schulz iterations
        ns_coeffs: (a, b, c) coefficients for the NS iteration
        eps: Diagonal stability epsilon added to the augmented Gram matrix
        l_scale: Multiplier for the second-momentum Gram contribution
        compute_dtype: Matrix-update dtype for X inside the NS iteration
        l_normalize_mode: "off" uses L = l_scale * T_t; "match_g" rescales L so
            tr(L) = l_scale * ||G||_F^2 (l_scale=1.0 -> tr(L) fraction 0.5).
        match_l0_norm: When True, rescale the final NS output to Frobenius norm
            sqrt(min(D1, D2)), matching the L=0 update's natural Frobenius norm.
    """
    is_tall = grad.size(-2) >= grad.size(-1)
    x_dtype = leon_compute_dtype(compute_dtype)
    accum_dtype = leon_accum_dtype(compute_dtype)

    # 0. Compute Gram matrix of raw gradient BEFORE mutating it with momentum
    if use_grad_diff and prev_grad_buffer is not None:
        gram_src = grad - prev_grad_buffer
        prev_grad_buffer.copy_(grad)  # store raw grad before momentum mutation
    else:
        gram_src = grad

    if is_tall:
        gram_tmp = gram_src.mT @ gram_src
    else:
        gram_tmp = gram_src @ gram_src.mT

    # Both buffers are stored as unnormalized exponential sums:
    #   S_t = momentum * S_{t-1} + grad_t          (first moment)
    #   T_t = beta2    * T_{t-1} + grad_t grad_t^T (second moment)
    # so we avoid the lerp_ / divide-by-(1-decay) round-trip used in EMA storage.

    # 1. First-moment sum + Nesterov: g = grad + momentum * S_t
    if use_nesterov and momentum_buffer is not None:
        momentum_buffer.mul_(momentum).add_(grad)
        g = grad.add_(momentum_buffer, alpha=momentum)
    else:
        g = grad  # no momentum: orthogonalize the raw gradient directly

    # 2. Second-moment sum: T_t in place
    second_momentum_buffer.mul_(beta2).add_(gram_tmp)

    X = g.to(dtype=x_dtype)
    L_unscaled = second_momentum_buffer.to(dtype=accum_dtype)
    if l_normalize_mode == "match_g":
        x_sq = X.to(dtype=accum_dtype).pow(2).sum()
        raw_l_tr = L_unscaled.diagonal(dim1=-2, dim2=-1).sum().clamp_min(1e-12)
        # Rescale so tr(L) = l_scale * ||X||_F^2 regardless of the raw sum magnitude.
        L = L_unscaled * (l_scale * x_sq / raw_l_tr)
    else:
        L = L_unscaled * l_scale
    A = 0.5 * (L + L.transpose(-2, -1))  # ensure symmetry

    # 3. Scale so that tr(GG^T + L) ≈ 1
    tr = X.to(dtype=accum_dtype).pow(2).sum(dim=(-2, -1), keepdim=True) \
       + A.diagonal(dim1=-2, dim2=-1).sum(dim=-1, keepdim=True).unsqueeze(-1)
    tr = tr.clamp_min(1e-12) * ((1 + 2e-2)**2)  # safety cushion

    inv_sqrt_tr = tr.rsqrt()
    inv_tr = inv_sqrt_tr.square()

    X = X * inv_sqrt_tr.to(X.dtype)
    A = (A * inv_tr).contiguous()

    # 4. Initial augmented Gram: A0 = gram(X) + L_scaled
    if is_tall:
        A = A + (X.mT @ X)
    else:
        A = A + (X @ X.mT)
    A.diagonal(dim1=-2, dim2=-1).add_(eps)  # eps for stability

    # 5. Newton-Schulz iterations with A iteration
    a, b, c = ns_coeffs
    last_iter = ns_iters - 1
    for i in range(ns_iters):
        A = 0.5 * (A + A.transpose(-2, -1))  # keep symmetric
        B = b * A + c * (A @ A)

        if is_tall:
            X = a * X + X @ B.to(X.dtype)
        else:
            X = a * X + B.to(X.dtype) @ X

        # Update A alongside X (skip on last iteration)
        if i < last_iter:
            # A <- (aI + B) A (aI + B)
            # computed as: D = a*A + B@A, then A = a*D + D@B
            D = a * A + B @ A
            A = a * D + D @ B

    if match_l0_norm:
        # Rescale X to ||X||_F = sqrt(min(D1, D2)), the natural Frobenius norm
        # of an orthogonalized (L=0) Muon-NS update.
        target = float(min(X.size(-2), X.size(-1))) ** 0.5
        cur = X.to(dtype=accum_dtype).norm().clamp_min(1e-12)
        X = X * (target / cur).to(X.dtype)

    return X


class Leon(torch.optim.Optimizer):
    """
    Leon optimizer: Nesterov momentum + Newton-Schulz orthogonalization with
    an augmented Gram matrix (second momentum buffer).

    Unlike Muon which recomputes A = X@X^T each NS iteration, Leon maintains
    a second momentum buffer L (scaled from an EMA of gradient Gram matrices) and augments
    the iteration matrix: A = X@X^T + L. A is also iterated alongside X.
    """
    def __init__(self, params, lr=0.025, weight_decay=0.025, mu=0.95, beta2=0.7,
                 ns_iters=6, eps=1e-7, l_scale=1.0, orthogonalize_dtype="bfloat16",
                 l_normalize_mode="off", match_l0_norm=False, use_grad_diff=False,
                 use_nesterov=True):
        assert isinstance(params, list) and len(params) >= 1 and isinstance(params[0], torch.nn.Parameter)
        params = sorted(params, key=lambda x: x.size(), reverse=True)
        defaults = dict(lr=lr, weight_decay=weight_decay, mu=mu, beta2=beta2,
                        ns_iters=ns_iters, eps=eps, l_scale=l_scale,
                        orthogonalize_dtype=orthogonalize_dtype,
                        l_normalize_mode=l_normalize_mode,
                        match_l0_norm=match_l0_norm,
                        use_grad_diff=use_grad_diff,
                        use_nesterov=use_nesterov)
        super().__init__(params, defaults)
        self.param_names = {}

    def diagnostic_stats(self, selected_patterns):
        if isinstance(selected_patterns, str):
            selected_patterns = (selected_patterns,)
        selected_patterns = tuple(selected_patterns)

        rows = []
        rank = dist.get_rank()
        world_size = dist.get_world_size()
        with torch.no_grad():
            for group in self.param_groups:
                params = group["params"]
                for base_i in range(0, len(params), world_size):
                    if base_i + rank >= len(params):
                        continue
                    p = params[base_i + rank]
                    name = self.param_names.get(p, f"param_{base_i + rank}")
                    if selected_patterns and not any(pattern in name for pattern in selected_patterns):
                        continue
                    if p.grad is None:
                        continue

                    state = self.state[p]
                    use_nesterov = group.get("use_nesterov", True)
                    if len(state) == 0:
                        momentum_buffer = torch.zeros_like(p, dtype=torch.float32) if use_nesterov else None
                        min_D = min(p.shape[-2], p.shape[-1])
                        second_momentum_buffer = torch.zeros(
                            min_D, min_D, dtype=torch.float32, device=p.device
                        )
                    else:
                        momentum_buffer = state.get("momentum_buffer")  # None when use_nesterov=False
                        second_momentum_buffer = state["second_momentum_buffer"]

                    prev_grad_buffer = state.get("prev_grad_buffer")
                    prev_grad_clone = prev_grad_buffer.clone() if prev_grad_buffer is not None else None

                    grad = p.grad.float()
                    momentum_clone = momentum_buffer.clone() if momentum_buffer is not None else None
                    l_clone = second_momentum_buffer.clone()
                    grad_for_update = grad.clone()

                    # Compute grad_diff_norm before leon_orthogonalize mutates prev_grad_clone
                    if prev_grad_clone is not None:
                        grad_diff_norm = (grad_for_update - prev_grad_clone).float().norm()
                    else:
                        grad_diff_norm = math.nan

                    update = leon_orthogonalize(
                        grad_for_update, momentum_clone, l_clone,
                        momentum=group["mu"], beta2=group["beta2"],
                        ns_iters=group["ns_iters"], eps=group["eps"],
                        l_scale=group["l_scale"],
                        compute_dtype=group["orthogonalize_dtype"],
                        l_normalize_mode=group["l_normalize_mode"],
                        match_l0_norm=group["match_l0_norm"],
                        use_grad_diff=group.get("use_grad_diff", False),
                        prev_grad_buffer=prev_grad_clone,
                        use_nesterov=use_nesterov,
                    )
                    update *= max(1, p.size(-2) / p.size(-1))**0.5

                    momentum_l0 = momentum_buffer.clone() if momentum_buffer is not None else None
                    l_l0 = second_momentum_buffer.clone()
                    update_l0 = leon_orthogonalize(
                        grad.clone(), momentum_l0, l_l0,
                        momentum=group["mu"], beta2=group["beta2"],
                        ns_iters=group["ns_iters"], eps=group["eps"],
                        l_scale=0.0,
                        compute_dtype=group["orthogonalize_dtype"],
                        use_nesterov=use_nesterov,
                    )
                    update_l0 *= max(1, p.size(-2) / p.size(-1))**0.5

                    update_float = update.float()
                    update_l0_float = update_l0.float()
                    update_norm = update_float.norm()
                    update_l0_norm = update_l0_float.norm()
                    cosine_denom = (update_norm * update_l0_norm).clamp_min(1e-12)
                    update_l0_cos = (update_float.flatten() @ update_l0_float.flatten()) / cosine_denom
                    grad_norm = grad.norm()
                    # momentum_clone holds the unnormalized sum S_t (post-step) when use_nesterov=True.
                    if momentum_clone is not None:
                        momentum_norm = momentum_clone.norm()
                        update_momentum_cos = (update_float.flatten() @ momentum_clone.float().flatten()) / (
                            update_norm * momentum_norm
                        ).clamp_min(1e-12)
                    else:
                        momentum_norm = math.nan
                        update_momentum_cos = math.nan
                    l_for_stats = l_clone
                    update_grad_cos = (update_float.flatten() @ grad.flatten()) / (
                        update_norm * grad_norm
                    ).clamp_min(1e-12)

                    l_sym = 0.5 * (l_for_stats + l_for_stats.transpose(-2, -1))
                    l_trace = l_sym.diagonal(dim1=-2, dim2=-1).sum().clamp_min(0)
                    l_fro = l_sym.norm()
                    diagnostic_accum_dtype = leon_accum_dtype(group["orthogonalize_dtype"])
                    g_sq = grad_for_update.to(dtype=diagnostic_accum_dtype).pow(2).sum()
                    # Reflect the actual effective tr(L) used inside leon_orthogonalize:
                    # match_g rescales tr(L) to l_scale * ||g||^2, off uses l_scale * tr(L_unscaled).
                    if group["l_normalize_mode"] == "match_g":
                        effective_l_trace = group["l_scale"] * g_sq
                    else:
                        effective_l_trace = group["l_scale"] * l_trace
                    l_trace_fraction = effective_l_trace / (g_sq + effective_l_trace).clamp_min(1e-12)
                    if l_trace > 0:
                        l_top_eval = torch.linalg.eigvalsh(l_sym).amax().clamp_min(0)
                        l_top_eval_fraction = l_top_eval / l_trace.clamp_min(1e-12)
                    else:
                        l_top_eval = l_trace
                        l_top_eval_fraction = l_trace

                    weight_norm = p.float().norm()
                    # LR-free shape metric: ||update||_F / ||W||_F. Multiply by lr (also
                    # logged) to recover the per-step relative move.
                    relative_update = update_norm / weight_norm.clamp_min(1e-12)
                    relative_update_l0 = update_l0_norm / weight_norm.clamp_min(1e-12)

                    rows.append(dict(
                        name=name,
                        lr=float(group["lr"]),
                        weight_norm=float(weight_norm.item()),
                        grad_norm=float(grad_norm.item()),
                        grad_diff_norm=float(grad_diff_norm) if isinstance(grad_diff_norm, float) else float(grad_diff_norm.item()),
                        momentum_norm=float(momentum_norm) if isinstance(momentum_norm, float) else float(momentum_norm.item()),
                        update_norm=float(update_norm.item()),
                        update_l0_norm=float(update_l0_norm.item()),
                        relative_update=float(relative_update.item()),
                        relative_update_l0=float(relative_update_l0.item()),
                        update_l0_cos=float(update_l0_cos.item()),
                        update_grad_cos=float(update_grad_cos.item()),
                        update_momentum_cos=float(update_momentum_cos) if isinstance(update_momentum_cos, float) else float(update_momentum_cos.item()),
                        l_trace=float(l_trace.item()),
                        l_fro=float(l_fro.item()),
                        l_trace_fraction=float(l_trace_fraction.item()),
                        l_top_eval=float(l_top_eval.item()),
                        l_top_eval_fraction=float(l_top_eval_fraction.item()),
                    ))
        return rows

    @torch.no_grad()
    def step(self):
        world_size = dist.get_world_size()
        rank = dist.get_rank()
        for group in self.param_groups:
            params = group["params"]
            params_pad = params + [torch.empty_like(params[-1])] * (world_size - len(params) % world_size)
            for base_i in range(0, len(params), world_size):
                if base_i + rank < len(params):
                    p = params[base_i + rank]
                    state = self.state[p]
                    if len(state) == 0:
                        if group["use_nesterov"]:
                            state["momentum_buffer"] = torch.zeros_like(p, dtype=torch.float32)
                        D1, D2 = p.shape[-2], p.shape[-1]
                        min_D = min(D1, D2)
                        state["second_momentum_buffer"] = torch.zeros(
                            min_D, min_D, dtype=torch.float32, device=p.device
                        )
                        if group["use_grad_diff"]:
                            state["prev_grad_buffer"] = torch.zeros_like(p, dtype=torch.float32)
                    grad = p.grad.float()
                    update = leon_orthogonalize(
                        grad, state.get("momentum_buffer"), state["second_momentum_buffer"],
                        momentum=group["mu"], beta2=group["beta2"],
                        ns_iters=group["ns_iters"], eps=group["eps"],
                        l_scale=group["l_scale"],
                        compute_dtype=group["orthogonalize_dtype"],
                        l_normalize_mode=group["l_normalize_mode"],
                        match_l0_norm=group["match_l0_norm"],
                        use_grad_diff=group["use_grad_diff"],
                        prev_grad_buffer=state.get("prev_grad_buffer"),
                        use_nesterov=group["use_nesterov"],
                    )
                    update *= max(1, p.size(-2) / p.size(-1))**0.5
                    p.mul_(1 - group["lr"] * group["weight_decay"])
                    p.add_(update, alpha=-group["lr"])
                dist.all_gather(params_pad[base_i:base_i + world_size], params_pad[base_i + rank])


########################################
#                Setup                 #
########################################

def main():
    args = parse_args()
    num_trials = args.trials if args.trials is not None else (args.legacy_trials or 1)
    hparams = resolve_hparams(args.set)
    validate_hparams(hparams)

    if args.dry_run:
        run_dir = create_run_dir(args.out_dir)
        write_run_files(run_dir, args, hparams, "dry-run")
        print(f"dry_run:true out_dir:{run_dir}")
        print(json.dumps(dict(hparams=hparams, config_diff=config_diff(hparams)), indent=2, sort_keys=True))
        return

    global device
    # torchrun sets these env variables
    device = torch.device("cuda", int(os.environ["LOCAL_RANK"]))
    torch.cuda.set_device(device)
    dist.init_process_group(backend="nccl", device_id=device)
    dist.barrier()
    # this code can be run equivalently with 1, 2, 4, or 8 gpus.
    assert 8 % dist.get_world_size() == 0

    try:
        if dist.get_rank() == 0:
            run_dir = create_run_dir(args.out_dir)
        else:
            run_dir = None
        run_dir_obj = [str(run_dir) if run_dir is not None else None]
        dist.broadcast_object_list(run_dir_obj, src=0)
        run_dir = Path(run_dir_obj[0])
        logfile = run_dir / "train.log"

        # logging setup
        if dist.get_rank() == 0:
            print(logfile)
            write_run_files(run_dir, args, hparams, "train", dict(
                device_name=torch.cuda.get_device_name(device),
                world_size=dist.get_world_size(),
            ))

        wandb_run = None
        if hparams["wandb_project"] is not None and dist.get_rank() == 0:
            try:
                import wandb
                wandb_run = wandb.init(
                    project=hparams["wandb_project"],
                    mode=hparams.get("wandb_mode", "online"),
                    name=hparams.get("wandb_run_name") or run_dir.name,
                    dir=str(run_dir),
                    config=hparams,
                    tags=[Path(__file__).stem, f"world_size={dist.get_world_size()}"],
                )
            except Exception as e:
                print(f"[wandb] init failed, continuing without wandb: {e}")
                wandb_run = None

        def print0(s, console=False, log=True):
            if dist.get_rank() == 0:
                if console:
                    print(s)
                if log:
                    with open(logfile, "a") as f:
                        print(s, file=f)

        # we begin by logging this file itself
        print0(code)
        print0("="*100)
        print0(f"Running PyTorch {torch.version.__version__} compiled for CUDA {torch.version.cuda}"
               + f" on {torch.cuda.get_device_name(device)} with world_size {dist.get_world_size()}")
        print0(json.dumps(dict(hparams=hparams, config_diff=config_diff(hparams)), indent=2, sort_keys=True))
        print0("="*100)

        val_tokens = 20 * 524288
        batch_size = 8 * 64 * 1024
        mbs = 64
        val_inputs, val_targets = next(distributed_data_generator("data/fineweb10B/fineweb_val_*.bin", val_tokens))

        model = GPT(vocab_size=50304, num_layers=12, model_dim=768).cuda()
        model.compile(dynamic=False)

        for _ in range(num_trials):


            ########################################
            #            Hyperparameters            #
            ########################################

            train_steps = hparams["train_steps"]

            # initialize model parameters
            for name, p in model.named_parameters():
                w = p.data
                if name.endswith("weight"):
                    if "proj" in name:
                        w.zero_()
                    elif "embed" in name:
                        w.normal_()  # default torch init
                    else:
                        w.normal_(std=0.33**0.5 / w.size(-1)**0.5)  # default torch init
                elif name.endswith("bias"):
                    w.zero_()
                elif name.endswith("gains"):
                    w.normal_(mean=1, std=0)
                else:
                    raise Exception(f"Uninitialized parameter: {name}")

            # create the optimizer(s)
            optimizer1 = AdamW([dict(params=[model.embed.weight], lr=hparams["embed_lr"]),
                                dict(params=[model.proj.weight], lr=hparams["proj_lr"]),
                                dict(params=[p for p in model.parameters() if p.ndim < 2], lr=hparams["scalar_lr"])],
                               betas=hparams["adam_betas"], eps=hparams["adam_eps"],
                               weight_decay=hparams["adam_wd"], fused=True)
            optimizer2 = Leon([p for p in model.blocks.parameters() if p.ndim >= 2],
                              lr=hparams["leon_lr"], weight_decay=hparams["leon_wd"],
                              mu=hparams["leon_mu"], beta2=hparams["leon_beta2"],
                              ns_iters=hparams["leon_ns_iters"], eps=hparams["leon_eps"],
                              l_scale=hparams["leon_l_scale"],
                              orthogonalize_dtype=hparams["leon_orthogonalize_dtype"],
                              l_normalize_mode=hparams["leon_l_normalize_mode"],
                              match_l0_norm=hparams["leon_match_l0_norm"],
                              use_grad_diff=hparams["leon_use_grad_diff"],
                              use_nesterov=hparams["leon_use_nesterov"])
            optimizer2.param_names = {p: name for name, p in model.named_parameters()}
            optimizers = [optimizer1, optimizer2]
            assert set(p for opt in optimizers for group in opt.param_groups
                       for p in group["params"]) == set(model.parameters())
            for opt in optimizers:
                for group in opt.param_groups:
                    group["initial_lr"] = group["lr"]
            for group in optimizer1.param_groups:
                group["cooldown_frac"] = hparams["adam_cooldown_frac"]
            for group in optimizer2.param_groups:
                group["cooldown_frac"] = hparams["leon_cooldown_frac"]
                group["l_scale"] = scheduled_l_scale(hparams, 0.0)

            # learning rate schedule: stable then decay
            def set_hparams(step):
                progress = step / train_steps
                assert 0 <= progress < 1
                for opt in optimizers:
                    for group in opt.param_groups:
                        cooldown_frac = group["cooldown_frac"]
                        if progress < 1 - cooldown_frac:
                            eta = 1.0
                        else:
                            eta = (1 - progress) / cooldown_frac
                        group["lr"] = group["initial_lr"] * eta
                l_scale = scheduled_l_scale(hparams, progress)
                for group in optimizer2.param_groups:
                    group["l_scale"] = l_scale

            def log_leon_diagnostics(step):
                if not hparams["leon_log_diagnostics"]:
                    return
                interval = hparams["leon_diag_interval"]
                if interval <= 0 or step % interval != 0:
                    return
                local_rows = optimizer2.diagnostic_stats(hparams["leon_diag_patterns"])
                gathered_rows = [None] * dist.get_world_size()
                dist.all_gather_object(gathered_rows, local_rows)
                if dist.get_rank() != 0:
                    return
                rows = [row for rank_rows in gathered_rows for row in rank_rows]
                rows.sort(key=lambda row: row["name"])
                for row in rows:
                    print0(
                        "diag"
                        + f" step:{step}"
                        + f" name:{row['name']}"
                        + f" lr:{row['lr']:.8g}"
                        + f" weight_norm:{row['weight_norm']:.6g}"
                        + f" grad_norm:{row['grad_norm']:.6g}"
                        + f" grad_diff_norm:{row['grad_diff_norm']:.6g}"
                        + f" momentum_norm:{row['momentum_norm']:.6g}"
                        + f" update_norm:{row['update_norm']:.6g}"
                        + f" update_l0_norm:{row['update_l0_norm']:.6g}"
                        + f" relative_update:{row['relative_update']:.6g}"
                        + f" relative_update_l0:{row['relative_update_l0']:.6g}"
                        + f" update_l0_cos:{row['update_l0_cos']:.6g}"
                        + f" update_grad_cos:{row['update_grad_cos']:.6g}"
                        + f" update_momentum_cos:{row['update_momentum_cos']:.6g}"
                        + f" l_trace:{row['l_trace']:.6g}"
                        + f" l_fro:{row['l_fro']:.6g}"
                        + f" l_trace_fraction:{row['l_trace_fraction']:.6g}"
                        + f" l_top_eval:{row['l_top_eval']:.6g}"
                        + f" l_top_eval_fraction:{row['l_top_eval_fraction']:.6g}",
                        console=False,
                    )
                if wandb_run is not None:
                    wandb_run.log({
                        f"diag/{row['name']}/{k}": v
                        for row in rows for k, v in row.items() if k != "name"
                    }, step=step)


            ########################################
            #        Training and Validation       #
            ########################################

            train_loader = distributed_data_generator("data/fineweb10B/fineweb_train_*.bin", batch_size)
            for p in model.parameters():
                dist.broadcast(p.detach(), 0)
            # start the clock
            training_time = 0
            last_val_step = 0
            dist.barrier()
            t0 = time.perf_counter()
            for step in range(train_steps + 1):

                # --------------- VALIDATION SECTION -----------------
                if step == train_steps or step % 125 == 0:
                    # stop the clock
                    dist.barrier()
                    time_since_last_val = time.perf_counter() - t0
                    step_avg = time_since_last_val / (step - last_val_step) if step > 0 else float("nan")
                    last_val_step = step
                    training_time += time_since_last_val
                    model.eval()
                    val_loss = 0
                    with torch.no_grad():
                        assert len(val_inputs) % mbs == 0
                        for i in range(len(val_inputs) // mbs):
                            val_loss += model(val_inputs[i*mbs:(i+1)*mbs], val_targets[i*mbs:(i+1)*mbs])
                    dist.all_reduce(val_loss, op=dist.ReduceOp.SUM)
                    val_loss /= val_tokens
                    print0(f"step:{step}/{train_steps} val_loss:{val_loss:.5f} train_time:{training_time:.3f}s"
                           + f" step_avg:{1000*step_avg:.2f}ms", console=True)
                    if wandb_run is not None:
                        wandb_run.log({
                            "val_loss": float(val_loss),
                            "train_time_s": training_time,
                            "step_avg_ms": 1000 * step_avg if step > 0 else 0.0,
                        }, step=step)
                    model.train()
                    # start the clock again
                    dist.barrier()
                    t0 = time.perf_counter()

                if step == train_steps:
                    break

                # --------------- TRAINING SECTION -----------------
                inputs, targets = next(train_loader)
                # accumulate across microbatches in case we are running with fewer than 8 gpus
                assert len(inputs) % mbs == 0
                for i in range(len(inputs) // mbs):
                    model(inputs[i*mbs:(i+1)*mbs], targets[i*mbs:(i+1)*mbs]).backward()
                for name, p in model.named_parameters():
                    assert p.grad is not None, name
                    dist.all_reduce(p.grad, op=dist.ReduceOp.SUM)
                # set optimization hyperparameters and take a step
                set_hparams(step)
                log_leon_diagnostics(step + 1)
                for opt in optimizers:
                    opt.step()
                model.zero_grad(set_to_none=True)
                approx_training_time = training_time + (time.perf_counter() - t0)
                print0(f"step:{step+1}/{train_steps} train_time:{approx_training_time:.3f}s"
                       + f" step_avg:{1000*approx_training_time/(step + 1):.2f}ms", console=True, log=False)
    finally:
        if 'wandb_run' in locals() and wandb_run is not None:
            wandb_run.finish()
        dist.destroy_process_group()


if __name__ == "__main__":
    main()

====================================================================================================
Running PyTorch 2.11.0+cu128 compiled for CUDA 12.8 on NVIDIA H100 NVL with world_size 4
{
  "config_diff": {
    "leon_eps": 1e-12,
    "leon_log_diagnostics": true,
    "leon_ns_iters": 12,
    "leon_orthogonalize_dtype": "float32",
    "leon_use_nesterov": false,
    "train_steps": 1500,
    "wandb_project": "modded-nanogpt-track3",
    "wandb_run_name": "no_nesterov_1500_diag"
  },
  "hparams": {
    "adam_betas": [
      0.8,
      0.95
    ],
    "adam_cooldown_frac": 0.7,
    "adam_eps": 1e-10,
    "adam_wd": 0.0,
    "embed_lr": 0.3,
    "leon_beta2": 0.7,
    "leon_cooldown_frac": 0.7,
    "leon_diag_interval": 125,
    "leon_diag_patterns": [
      "blocks.0.attn.q.weight",
      "blocks.6.mlp.proj.weight",
      "blocks.11.attn.proj.weight"
    ],
    "leon_eps": 1e-12,
    "leon_l_normalize_mode": "off",
    "leon_l_scale": 1.0,
    "leon_l_scale_ramp_end_frac": 0.6,
    "leon_l_scale_ramp_start_frac": 0.2,
    "leon_l_scale_schedule": "constant",
    "leon_log_diagnostics": true,
    "leon_lr": 0.025,
    "leon_match_l0_norm": false,
    "leon_mu": 0.95,
    "leon_ns_iters": 12,
    "leon_orthogonalize_dtype": "float32",
    "leon_use_grad_diff": false,
    "leon_use_nesterov": false,
    "leon_wd": 0.025,
    "proj_lr": 0.003125,
    "scalar_lr": 0.01,
    "train_steps": 1500,
    "wandb_mode": "online",
    "wandb_project": "modded-nanogpt-track3",
    "wandb_run_name": "no_nesterov_1500_diag"
  }
}
====================================================================================================
step:0/1500 val_loss:10.82584 train_time:0.000s step_avg:nanms
diag step:125 name:blocks.0.attn.q.weight lr:0.025 weight_norm:14.047 grad_norm:10239.3 grad_diff_norm:nan momentum_norm:nan update_norm:10.9884 update_l0_norm:26.582 relative_update:0.782263 relative_update_l0:1.89237 update_l0_cos:0.841875 update_grad_cos:0.264689 update_momentum_cos:nan l_trace:2.84021e+08 l_fro:1.56237e+08 l_trace_fraction:0.730386 l_top_eval:1.47052e+08 l_top_eval_fraction:0.51775
diag step:125 name:blocks.11.attn.proj.weight lr:0.025 weight_norm:5.57571 grad_norm:30145.7 grad_diff_norm:nan momentum_norm:nan update_norm:10.4662 update_l0_norm:24.053 relative_update:1.8771 relative_update_l0:4.31389 update_l0_cos:0.810435 update_grad_cos:0.17049 update_momentum_cos:nan l_trace:3.4996e+09 l_fro:2.12743e+09 l_trace_fraction:0.793855 l_top_eval:2.03402e+09 l_top_eval_fraction:0.581216
diag step:125 name:blocks.6.mlp.proj.weight lr:0.025 weight_norm:4.41462 grad_norm:59098 grad_diff_norm:nan momentum_norm:nan update_norm:10.9944 update_l0_norm:27.7151 relative_update:2.49045 relative_update_l0:6.27803 update_l0_cos:0.863156 update_grad_cos:0.202274 update_momentum_cos:nan l_trace:1.30778e+10 l_fro:8.18091e+09 l_trace_fraction:0.789228 l_top_eval:7.85175e+09 l_top_eval_fraction:0.600387
step:125/1500 val_loss:4.93118 train_time:76.542s step_avg:612.34ms
diag step:250 name:blocks.0.attn.q.weight lr:0.025 weight_norm:12.9763 grad_norm:9005.42 grad_diff_norm:nan momentum_norm:nan update_norm:10.9465 update_l0_norm:27.1293 relative_update:0.843571 relative_update_l0:2.09068 update_l0_cos:0.83292 update_grad_cos:0.39495 update_momentum_cos:nan l_trace:2.27102e+08 l_fro:7.17892e+07 l_trace_fraction:0.736867 l_top_eval:4.65598e+07 l_top_eval_fraction:0.205017
diag step:250 name:blocks.11.attn.proj.weight lr:0.025 weight_norm:9.61956 grad_norm:25269.3 grad_diff_norm:nan momentum_norm:nan update_norm:10.5512 update_l0_norm:25.9827 relative_update:1.09685 relative_update_l0:2.70103 update_l0_cos:0.807936 update_grad_cos:0.250842 update_momentum_cos:nan l_trace:2.22149e+09 l_fro:9.93283e+08 l_trace_fraction:0.776737 l_top_eval:8.66738e+08 l_top_eval_fraction:0.39016
diag step:250 name:blocks.6.mlp.proj.weight lr:0.025 weight_norm:6.44718 grad_norm:57566.7 grad_diff_norm:nan momentum_norm:nan update_norm:11.1678 update_l0_norm:27.7128 relative_update:1.7322 relative_update_l0:4.29843 update_l0_cos:0.884709 update_grad_cos:0.267955 update_momentum_cos:nan l_trace:1.06798e+10 l_fro:5.36638e+09 l_trace_fraction:0.763185 l_top_eval:4.81397e+09 l_top_eval_fraction:0.450754
step:250/1500 val_loss:4.42181 train_time:170.749s step_avg:753.66ms
diag step:375 name:blocks.0.attn.q.weight lr:0.025 weight_norm:12.3609 grad_norm:7893.71 grad_diff_norm:nan momentum_norm:nan update_norm:11.1273 update_l0_norm:27.3239 relative_update:0.9002 relative_update_l0:2.21052 update_l0_cos:0.834458 update_grad_cos:0.450254 update_momentum_cos:nan l_trace:1.99863e+08 l_fro:6.06838e+07 l_trace_fraction:0.762331 l_top_eval:4.12539e+07 l_top_eval_fraction:0.206411
diag step:375 name:blocks.11.attn.proj.weight lr:0.025 weight_norm:11.5387 grad_norm:19168.2 grad_diff_norm:nan momentum_norm:nan update_norm:10.9209 update_l0_norm:26.6779 relative_update:0.946454 relative_update_l0:2.31203 update_l0_cos:0.817427 update_grad_cos:0.27823 update_momentum_cos:nan l_trace:1.72022e+09 l_fro:7.43704e+08 l_trace_fraction:0.824002 l_top_eval:6.07059e+08 l_top_eval_fraction:0.352896
diag step:375 name:blocks.6.mlp.proj.weight lr:0.025 weight_norm:7.74163 grad_norm:64423.2 grad_diff_norm:nan momentum_norm:nan update_norm:11.5523 update_l0_norm:27.7127 relative_update:1.49223 relative_update_l0:3.5797 update_l0_cos:0.90081 update_grad_cos:0.264027 update_momentum_cos:nan l_trace:1.22246e+10 l_fro:6.68105e+09 l_trace_fraction:0.746543 l_top_eval:6.19052e+09 l_top_eval_fraction:0.506398
step:375/1500 val_loss:4.18464 train_time:258.736s step_avg:703.90ms
diag step:500 name:blocks.0.attn.q.weight lr:0.023833333 weight_norm:11.8776 grad_norm:8397 grad_diff_norm:nan momentum_norm:nan update_norm:11.1665 update_l0_norm:27.3517 relative_update:0.940131 relative_update_l0:2.3028 update_l0_cos:0.835649 update_grad_cos:0.465003 update_momentum_cos:nan l_trace:2.12184e+08 l_fro:6.57704e+07 l_trace_fraction:0.750579 l_top_eval:4.98643e+07 l_top_eval_fraction:0.235005
diag step:500 name:blocks.11.attn.proj.weight lr:0.023833333 weight_norm:12.6808 grad_norm:12914.7 grad_diff_norm:nan momentum_norm:nan update_norm:11.1805 update_l0_norm:27.1058 relative_update:0.881687 relative_update_l0:2.13756 update_l0_cos:0.820321 update_grad_cos:0.404546 update_momentum_cos:nan l_trace:8.00464e+08 l_fro:3.09722e+08 l_trace_fraction:0.827563 l_top_eval:2.79768e+08 l_top_eval_fraction:0.349507
diag step:500 name:blocks.6.mlp.proj.weight lr:0.023833333 weight_norm:8.63447 grad_norm:55369.1 grad_diff_norm:nan momentum_norm:nan update_norm:11.6635 update_l0_norm:27.7128 relative_update:1.3508 relative_update_l0:3.20956 update_l0_cos:0.90863 update_grad_cos:0.313504 update_momentum_cos:nan l_trace:9.5082e+09 l_fro:4.92747e+09 l_trace_fraction:0.756183 l_top_eval:4.57046e+09 l_top_eval_fraction:0.480686
step:500/1500 val_loss:4.05503 train_time:325.001s step_avg:530.12ms
diag step:625 name:blocks.0.attn.q.weight lr:0.020857143 weight_norm:11.4515 grad_norm:6380.03 grad_diff_norm:nan momentum_norm:nan update_norm:10.998 update_l0_norm:27.4545 relative_update:0.960405 relative_update_l0:2.39746 update_l0_cos:0.830062 update_grad_cos:0.565372 update_momentum_cos:nan l_trace:2.05073e+08 l_fro:5.62167e+07 l_trace_fraction:0.834384 l_top_eval:4.29259e+07 l_top_eval_fraction:0.20932
diag step:625 name:blocks.11.attn.proj.weight lr:0.020857143 weight_norm:13.3199 grad_norm:12695.9 grad_diff_norm:nan momentum_norm:nan update_norm:11.197 update_l0_norm:27.1778 relative_update:0.840623 relative_update_l0:2.04039 update_l0_cos:0.825055 update_grad_cos:0.403308 update_momentum_cos:nan l_trace:8.18323e+08 l_fro:3.29574e+08 l_trace_fraction:0.835442 l_top_eval:2.81157e+08 l_top_eval_fraction:0.343577
diag step:625 name:blocks.6.mlp.proj.weight lr:0.020857143 weight_norm:9.15068 grad_norm:46285.8 grad_diff_norm:nan momentum_norm:nan update_norm:11.5739 update_l0_norm:27.7128 relative_update:1.26482 relative_update_l0:3.0285 update_l0_cos:0.913401 update_grad_cos:0.367175 update_momentum_cos:nan l_trace:1.04394e+10 l_fro:5.18327e+09 l_trace_fraction:0.829724 l_top_eval:4.66545e+09 l_top_eval_fraction:0.446908
step:625/1500 val_loss:3.94638 train_time:393.339s step_avg:546.70ms
diag step:750 name:blocks.0.attn.q.weight lr:0.017880952 weight_norm:11.0848 grad_norm:7629.14 grad_diff_norm:nan momentum_norm:nan update_norm:10.8773 update_l0_norm:27.4419 relative_update:0.981282 relative_update_l0:2.47565 update_l0_cos:0.830524 update_grad_cos:0.542316 update_momentum_cos:nan l_trace:2.21048e+08 l_fro:5.91768e+07 l_trace_fraction:0.791573 l_top_eval:4.66874e+07 l_top_eval_fraction:0.211209
diag step:750 name:blocks.11.attn.proj.weight lr:0.017880952 weight_norm:13.629 grad_norm:17681.8 grad_diff_norm:nan momentum_norm:nan update_norm:11.1007 update_l0_norm:26.989 relative_update:0.814493 relative_update_l0:1.98026 update_l0_cos:0.83267 update_grad_cos:0.314179 update_momentum_cos:nan l_trace:7.40948e+08 l_fro:3.72885e+08 l_trace_fraction:0.703257 l_top_eval:3.57387e+08 l_top_eval_fraction:0.482338
diag step:750 name:blocks.6.mlp.proj.weight lr:0.017880952 weight_norm:9.3887 grad_norm:50553.6 grad_diff_norm:nan momentum_norm:nan update_norm:11.5398 update_l0_norm:27.7128 relative_update:1.22911 relative_update_l0:2.95172 update_l0_cos:0.916319 update_grad_cos:0.379674 update_momentum_cos:nan l_trace:9.30704e+09 l_fro:4.37948e+09 l_trace_fraction:0.784563 l_top_eval:3.86956e+09 l_top_eval_fraction:0.415767
step:750/1500 val_loss:3.87832 train_time:485.558s step_avg:737.75ms
diag step:875 name:blocks.0.attn.q.weight lr:0.014904762 weight_norm:10.7705 grad_norm:8476.64 grad_diff_norm:nan momentum_norm:nan update_norm:11.077 update_l0_norm:27.4459 relative_update:1.02846 relative_update_l0:2.54824 update_l0_cos:0.837905 update_grad_cos:0.542608 update_momentum_cos:nan l_trace:2.3873e+08 l_fro:6.18458e+07 l_trace_fraction:0.76865 l_top_eval:4.81389e+07 l_top_eval_fraction:0.201646
diag step:875 name:blocks.11.attn.proj.weight lr:0.014904762 weight_norm:13.7307 grad_norm:10064.9 grad_diff_norm:nan momentum_norm:nan update_norm:11.1702 update_l0_norm:27.3301 relative_update:0.813517 relative_update_l0:1.99044 update_l0_cos:0.830278 update_grad_cos:0.512891 update_momentum_cos:nan l_trace:4.898e+08 l_fro:2.00241e+08 l_trace_fraction:0.828621 l_top_eval:1.92817e+08 l_top_eval_fraction:0.393664
diag step:875 name:blocks.6.mlp.proj.weight lr:0.014904762 weight_norm:9.46407 grad_norm:47006.6 grad_diff_norm:nan momentum_norm:nan update_norm:11.6862 update_l0_norm:27.7128 relative_update:1.2348 relative_update_l0:2.92821 update_l0_cos:0.925606 update_grad_cos:0.41053 update_momentum_cos:nan l_trace:8.36603e+09 l_fro:4.12219e+09 l_trace_fraction:0.791066 l_top_eval:3.83824e+09 l_top_eval_fraction:0.458788
step:875/1500 val_loss:3.80959 train_time:572.022s step_avg:691.72ms
diag step:1000 name:blocks.0.attn.q.weight lr:0.011928571 weight_norm:10.4916 grad_norm:9212.39 grad_diff_norm:nan momentum_norm:nan update_norm:10.9759 update_l0_norm:27.443 relative_update:1.04616 relative_update_l0:2.61571 update_l0_cos:0.8344 update_grad_cos:0.538337 update_momentum_cos:nan l_trace:3.03308e+08 l_fro:8.68719e+07 l_trace_fraction:0.781367 l_top_eval:6.30043e+07 l_top_eval_fraction:0.207724
diag step:1000 name:blocks.11.attn.proj.weight lr:0.011928571 weight_norm:13.7072 grad_norm:12697.2 grad_diff_norm:nan momentum_norm:nan update_norm:11.1192 update_l0_norm:27.262 relative_update:0.811195 relative_update_l0:1.98889 update_l0_cos:0.836158 update_grad_cos:0.438709 update_momentum_cos:nan l_trace:6.30026e+08 l_fro:3.30539e+08 l_trace_fraction:0.796247 l_top_eval:3.24035e+08 l_top_eval_fraction:0.514319
diag step:1000 name:blocks.6.mlp.proj.weight lr:0.011928571 weight_norm:9.43897 grad_norm:49785.8 grad_diff_norm:nan momentum_norm:nan update_norm:11.7423 update_l0_norm:27.7128 relative_update:1.24403 relative_update_l0:2.936 update_l0_cos:0.929034 update_grad_cos:0.415196 update_momentum_cos:nan l_trace:9.47846e+09 l_fro:5.00952e+09 l_trace_fraction:0.792706 l_top_eval:4.71096e+09 l_top_eval_fraction:0.497017
step:1000/1500 val_loss:3.75674 train_time:638.235s step_avg:529.70ms
diag step:1125 name:blocks.0.attn.q.weight lr:0.008952381 weight_norm:10.261 grad_norm:10118.6 grad_diff_norm:nan momentum_norm:nan update_norm:11.0307 update_l0_norm:27.4299 relative_update:1.07501 relative_update_l0:2.67322 update_l0_cos:0.83467 update_grad_cos:0.530222 update_momentum_cos:nan l_trace:3.34604e+08 l_fro:9.51713e+07 l_trace_fraction:0.765702 l_top_eval:6.30484e+07 l_top_eval_fraction:0.188427
diag step:1125 name:blocks.11.attn.proj.weight lr:0.008952381 weight_norm:13.6118 grad_norm:9769.52 grad_diff_norm:nan momentum_norm:nan update_norm:11.254 update_l0_norm:27.3979 relative_update:0.826778 relative_update_l0:2.0128 update_l0_cos:0.837119 update_grad_cos:0.571739 update_momentum_cos:nan l_trace:3.40096e+08 l_fro:1.0791e+08 l_trace_fraction:0.780861 l_top_eval:1.03357e+08 l_top_eval_fraction:0.303905
diag step:1125 name:blocks.6.mlp.proj.weight lr:0.008952381 weight_norm:9.35765 grad_norm:44957.7 grad_diff_norm:nan momentum_norm:nan update_norm:11.9238 update_l0_norm:27.7128 relative_update:1.27423 relative_update_l0:2.96151 update_l0_cos:0.935758 update_grad_cos:0.474509 update_momentum_cos:nan l_trace:7.68907e+09 l_fro:3.63611e+09 l_trace_fraction:0.791849 l_top_eval:3.35643e+09 l_top_eval_fraction:0.436519
step:1125/1500 val_loss:3.71104 train_time:711.175s step_avg:583.52ms
diag step:1250 name:blocks.0.attn.q.weight lr:0.0059761905 weight_norm:10.086 grad_norm:10549.3 grad_diff_norm:nan momentum_norm:nan update_norm:11.0225 update_l0_norm:27.4305 relative_update:1.09285 relative_update_l0:2.71966 update_l0_cos:0.835901 update_grad_cos:0.535204 update_momentum_cos:nan l_trace:2.95247e+08 l_fro:8.39171e+07 l_trace_fraction:0.726252 l_top_eval:7.34311e+07 l_top_eval_fraction:0.248711
diag step:1250 name:blocks.11.attn.proj.weight lr:0.0059761905 weight_norm:13.495 grad_norm:8720.35 grad_diff_norm:nan momentum_norm:nan update_norm:11.2213 update_l0_norm:27.4361 relative_update:0.831517 relative_update_l0:2.03305 update_l0_cos:0.84182 update_grad_cos:0.621411 update_momentum_cos:nan l_trace:2.77722e+08 l_fro:8.22172e+07 l_trace_fraction:0.785043 l_top_eval:7.93724e+07 l_top_eval_fraction:0.285799
diag step:1250 name:blocks.6.mlp.proj.weight lr:0.0059761905 weight_norm:9.25448 grad_norm:41336.5 grad_diff_norm:nan momentum_norm:nan update_norm:11.8699 update_l0_norm:27.7128 relative_update:1.28261 relative_update_l0:2.99453 update_l0_cos:0.942463 update_grad_cos:0.50666 update_momentum_cos:nan l_trace:5.35048e+09 l_fro:2.43168e+09 l_trace_fraction:0.757946 l_top_eval:2.33002e+09 l_top_eval_fraction:0.435479
step:1250/1500 val_loss:3.67185 train_time:803.833s step_avg:741.26ms
diag step:1375 name:blocks.0.attn.q.weight lr:0.003 weight_norm:9.97066 grad_norm:7824.23 grad_diff_norm:nan momentum_norm:nan update_norm:10.8469 update_l0_norm:27.5274 relative_update:1.08788 relative_update_l0:2.76084 update_l0_cos:0.829076 update_grad_cos:0.671652 update_momentum_cos:nan l_trace:2.39732e+08 l_fro:4.02415e+07 l_trace_fraction:0.796583 l_top_eval:2.7525e+07 l_top_eval_fraction:0.114816
diag step:1375 name:blocks.11.attn.proj.weight lr:0.003 weight_norm:13.3989 grad_norm:7778.87 grad_diff_norm:nan momentum_norm:nan update_norm:11.281 update_l0_norm:27.4944 relative_update:0.841931 relative_update_l0:2.05198 update_l0_cos:0.840536 update_grad_cos:0.698029 update_momentum_cos:nan l_trace:3.09474e+08 l_fro:7.84612e+07 l_trace_fraction:0.836451 l_top_eval:7.02949e+07 l_top_eval_fraction:0.227143
diag step:1375 name:blocks.6.mlp.proj.weight lr:0.003 weight_norm:9.16924 grad_norm:29044.6 grad_diff_norm:nan momentum_norm:nan update_norm:11.8867 update_l0_norm:27.7128 relative_update:1.29637 relative_update_l0:3.02237 update_l0_cos:0.944438 update_grad_cos:0.704679 update_momentum_cos:nan l_trace:3.7506e+09 l_fro:8.78117e+08 l_trace_fraction:0.816379 l_top_eval:6.63948e+08 l_top_eval_fraction:0.177025
step:1375/1500 val_loss:3.64238 train_time:896.326s step_avg:739.94ms
diag step:1500 name:blocks.0.attn.q.weight lr:2.3809524e-05 weight_norm:9.92855 grad_norm:7700.53 grad_diff_norm:nan momentum_norm:nan update_norm:11.055 update_l0_norm:27.5214 relative_update:1.11346 relative_update_l0:2.77195 update_l0_cos:0.836704 update_grad_cos:0.701073 update_momentum_cos:nan l_trace:1.97113e+08 l_fro:2.67747e+07 l_trace_fraction:0.768738 l_top_eval:1.79181e+07 l_top_eval_fraction:0.0909026
diag step:1500 name:blocks.11.attn.proj.weight lr:2.3809524e-05 weight_norm:13.3604 grad_norm:7770.79 grad_diff_norm:nan momentum_norm:nan update_norm:11.3836 update_l0_norm:27.4942 relative_update:0.852043 relative_update_l0:2.05789 update_l0_cos:0.84629 update_grad_cos:0.717038 update_momentum_cos:nan l_trace:2.12815e+08 l_fro:2.90539e+07 l_trace_fraction:0.778971 l_top_eval:2.14044e+07 l_top_eval_fraction:0.100578
diag step:1500 name:blocks.6.mlp.proj.weight lr:2.3809524e-05 weight_norm:9.13393 grad_norm:26348.1 grad_diff_norm:nan momentum_norm:nan update_norm:12.1896 update_l0_norm:27.7128 relative_update:1.33454 relative_update_l0:3.03405 update_l0_cos:0.952269 update_grad_cos:0.800545 update_momentum_cos:nan l_trace:2.29533e+09 l_fro:2.77904e+08 l_trace_fraction:0.767784 l_top_eval:1.8623e+08 l_top_eval_fraction:0.081134
step:1500/1500 val_loss:3.62775 train_time:988.895s step_avg:740.56ms
