"""
train_gpt_simple_leon.py

This file descends from the [NanoGPT speedrun](https://github.com/KellerJordan/modded-nanogpt).
It was prepared as a simplified version of the speedrun for use in neural net optimization research.
This variant replaces Muon with Leon (initial test using the same Newton-Schulz coefficients).
"""

import math
import os
import sys
with open(sys.argv[0]) as f:
    code = f.read() # read the code of this file ASAP, for logging
import argparse
import ast
import json
import subprocess
import uuid
import time
from datetime import datetime
from pathlib import Path


BASE_HPARAMS = dict(
    # Training
    train_steps         = 3375,
    # AdamW — embedding
    embed_lr            = 0.3,
    # AdamW — lm_head projection
    proj_lr             = 1/320,
    # AdamW — scalars (biases, gains)
    scalar_lr           = 0.01,
    # AdamW shared
    adam_betas          = (0.8, 0.95),
    adam_eps            = 1e-10,
    adam_wd             = 0.0,
    adam_cooldown_frac  = 0.7,
    # Leon — 2D block params
    leon_lr             = 0.025,
    leon_wd             = 0.025,
    leon_mu             = 0.95,
    leon_beta2          = 0.7,
    leon_cooldown_frac  = 0.7,
    leon_ns_iters       = 6,
    leon_eps            = 1e-9,
    leon_l_scale        = 1.0,
    leon_orthogonalize_dtype = "bfloat16",
    leon_l_scale_schedule = "constant",
    leon_l_scale_ramp_start_frac = 0.2,
    leon_l_scale_ramp_end_frac = 0.6,
    # "off": L = l_scale * T_t (raw unnormalized Gram sum).
    # "match_g": rescale L so tr(L) = l_scale * ||G||_F^2 (l_scale=1.0 -> tr(L) fraction 0.5).
    leon_l_normalize_mode = "off",
    # When True, rescale the final NS output to Frobenius norm sqrt(min(D1, D2)),
    # i.e. match the natural ||update||_F of the L=0 (Muon-NS) update.
    leon_match_l0_norm  = False,
    # When True, second moment accumulates (grad_t - grad_{t-1})(grad_t - grad_{t-1})^T
    # instead of grad_t * grad_t^T.
    leon_use_grad_diff  = False,
    leon_log_diagnostics = False,
    leon_diag_interval  = 125,
    leon_diag_patterns  = (
        "blocks.0.attn.q.weight",
        "blocks.6.mlp.proj.weight",
        "blocks.11.attn.proj.weight",
    ),
    # Optional wandb logging (off by default). Enable with --set wandb_project=<name>.
    # File artifacts (train.log, config.json, tuning_log.csv) remain authoritative.
    wandb_project = None,
    wandb_mode    = "online",  # "online" | "offline" | "disabled"
    # Optional. If unset, the wandb run name falls back to run_dir.name (the timestamp+uuid).
    # Set this to your tuning_log.csv run_id so the dashboard matches the ledger.
    wandb_run_name = None,
)


def parse_value(s: str):
    try:
        return ast.literal_eval(s)
    except (ValueError, SyntaxError):
        return s


def parse_args():
    parser = argparse.ArgumentParser()
    parser.add_argument("legacy_trials", nargs="?", type=int,
                        help="Legacy positional trial count. Prefer --trials.")
    parser.add_argument("--trials", type=int, default=None)
    parser.add_argument("--set", action="append", default=[],
                        metavar="KEY=VALUE", help="Override or add an hparams entry.")
    parser.add_argument("--dry-run", action="store_true",
                        help="Resolve config and write metadata without CUDA/NCCL/training.")
    parser.add_argument("--out-dir", type=Path, default=None,
                        help="Run output directory. Defaults to runs/leon/<timestamp>-<uuid>.")
    return parser.parse_args()


def resolve_hparams(overrides):
    hparams = dict(BASE_HPARAMS)
    for item in overrides:
        if "=" not in item:
            raise ValueError(f"--set expects KEY=VALUE, got {item!r}")
        key, raw_value = item.split("=", 1)
        value = parse_value(raw_value)
        if key == "cooldown_frac":
            hparams["adam_cooldown_frac"] = value
            hparams["leon_cooldown_frac"] = value
        hparams[key] = value
    return hparams


def config_diff(hparams):
    return {k: v for k, v in hparams.items() if BASE_HPARAMS.get(k) != v}


def validate_hparams(hparams):
    l_scale = float(hparams["leon_l_scale"])
    if l_scale < 0:
        raise ValueError(f"leon_l_scale must be non-negative, got {l_scale!r}")

    orthogonalize_dtype = hparams["leon_orthogonalize_dtype"]
    if orthogonalize_dtype not in ("bfloat16", "float32", "float64"):
        raise ValueError(
            "leon_orthogonalize_dtype must be 'bfloat16', 'float32', or 'float64', "
            f"got {orthogonalize_dtype!r}"
        )

    schedule = hparams["leon_l_scale_schedule"]
    if schedule not in ("constant", "linear_ramp"):
        raise ValueError(
            "leon_l_scale_schedule must be 'constant' or 'linear_ramp', "
            f"got {schedule!r}"
        )

    if schedule == "linear_ramp":
        start = float(hparams["leon_l_scale_ramp_start_frac"])
        end = float(hparams["leon_l_scale_ramp_end_frac"])
        if not (0 <= start < end <= 1):
            raise ValueError(
                "linear_ramp requires 0 <= leon_l_scale_ramp_start_frac "
                "< leon_l_scale_ramp_end_frac <= 1, "
                f"got start={start!r}, end={end!r}"
            )

    normalize_mode = hparams["leon_l_normalize_mode"]
    if normalize_mode not in ("off", "match_g"):
        raise ValueError(
            "leon_l_normalize_mode must be 'off' or 'match_g', "
            f"got {normalize_mode!r}"
        )

    if not isinstance(hparams["leon_use_grad_diff"], bool):
        raise TypeError(
            f"leon_use_grad_diff must be bool, got {type(hparams['leon_use_grad_diff'])!r}"
        )


def scheduled_l_scale(hparams, progress):
    target = float(hparams["leon_l_scale"])
    schedule = hparams["leon_l_scale_schedule"]

    if schedule == "constant":
        return target

    start = float(hparams["leon_l_scale_ramp_start_frac"])
    end = float(hparams["leon_l_scale_ramp_end_frac"])
    if progress < start:
        return 0.0
    if progress >= end:
        return target
    ramp_progress = (progress - start) / (end - start)
    return target * ramp_progress


def default_run_dir():
    stamp = datetime.now().strftime("%Y%m%d-%H%M%S")
    return Path("records/track_3_optimization/runs/leon") / f"{stamp}-{uuid.uuid4().hex[:8]}"


def create_run_dir(out_dir=None):
    run_dir = Path(out_dir) if out_dir is not None else default_run_dir()
    run_dir.mkdir(parents=True, exist_ok=False)
    return run_dir


def git_commit():
    try:
        return subprocess.check_output(["git", "rev-parse", "HEAD"], text=True).strip()
    except Exception:
        return None


def shard_counts():
    cwd = Path.cwd()
    return dict(
        train_shards=len(list(cwd.glob("data/fineweb10B/fineweb_train_*.bin"))),
        val_shards=len(list(cwd.glob("data/fineweb10B/fineweb_val_*.bin"))),
    )


def torch_versions():
    torch_module = globals().get("torch")
    if torch_module is None:
        return None, None
    return torch_module.version.__version__, torch_module.version.cuda


def write_run_files(run_dir, args, hparams, mode, extra=None):
    torch_version, cuda_version = torch_versions()
    diff = config_diff(hparams)
    metadata = dict(
        mode=mode,
        argv=sys.argv,
        cwd=str(Path.cwd()),
        script=sys.argv[0],
        trials=args.trials if args.trials is not None else (args.legacy_trials or 1),
        dry_run=args.dry_run,
        out_dir=str(run_dir),
        git_commit=git_commit(),
        torch_version=torch_version,
        cuda_version=cuda_version,
        shard_counts=shard_counts(),
    )
    if extra:
        metadata.update(extra)
    (run_dir / "config.json").write_text(json.dumps(hparams, indent=2, sort_keys=True) + "\n")
    (run_dir / "config_diff.json").write_text(json.dumps(diff, indent=2, sort_keys=True) + "\n")
    (run_dir / "metadata.json").write_text(json.dumps(metadata, indent=2, sort_keys=True) + "\n")


if "--dry-run" in sys.argv:
    args = parse_args()
    hparams = resolve_hparams(args.set)
    validate_hparams(hparams)
    run_dir = create_run_dir(args.out_dir)
    write_run_files(run_dir, args, hparams, "dry-run")
    print(f"dry_run:true out_dir:{run_dir}")
    print(json.dumps(dict(hparams=hparams, config_diff=config_diff(hparams)), indent=2, sort_keys=True))
    sys.exit(0)

import torch
from torch import Tensor, nn
from torch.optim import AdamW
import torch.nn.functional as F
import torch.distributed as dist


########################################
#              Dataloader              #
########################################

def _load_data_shard(file: Path):
    header = torch.from_file(str(file), False, 256, dtype=torch.int32) # header is 256 int32
    assert header[0] == 20240520, "magic number mismatch in the data .bin file"
    assert header[1] == 1, "unsupported version"
    num_tokens = int(header[2]) # number of tokens (claimed)
    with file.open("rb", buffering=0) as f:
        tokens = torch.empty(num_tokens, dtype=torch.uint16, pin_memory=True)
        f.seek(256 * 4)
        nbytes = f.readinto(tokens.numpy()) # avoid bytes->array copy
        assert nbytes == 2 * num_tokens, "number of tokens read does not match header"
    return tokens

def distributed_data_generator(filename_pattern: str, batch_size: int, seq_len=1024):
    files = sorted(Path.cwd().glob(filename_pattern))
    assert batch_size % dist.get_world_size() == 0
    local_batch_size = batch_size // dist.get_world_size()
    file_iter = iter(files)
    tokens, pos = _load_data_shard(next(file_iter)), 0
    while True:
        if pos + batch_size + 1 >= len(tokens):
            tokens, pos = _load_data_shard(next(file_iter)), 0
        buf = tokens[pos + dist.get_rank() * local_batch_size:][:local_batch_size + 1]
        inputs = buf[:-1].to(device="cuda", dtype=torch.int32, non_blocking=True)
        targets = buf[1:].to(device="cuda", dtype=torch.int64, non_blocking=True)
        pos += batch_size
        yield inputs.view(-1, seq_len), targets.view(-1, seq_len)


########################################
#             Architecture             #
########################################

class RMSNorm(nn.Module):
    def __init__(self, dim):
        super().__init__()
        self.gains = nn.Parameter(torch.ones(dim))

    def forward(self, x):
        return F.rms_norm(x, (x.size(-1),), weight=self.gains.type_as(x))

class Linear(nn.Linear):
    def __init__(self, in_features, out_features):
        super().__init__(in_features, out_features, bias=True)

    def forward(self, x):
        return F.linear(x, self.weight.type_as(x), self.bias.type_as(x))

class Rotary(nn.Module):
    def __init__(self, dim: int):
        super().__init__()
        # half-truncate RoPE (w/ base freq tuning)
        angular_freq = (1 / 1024) ** torch.linspace(0, 1, steps=dim//4, dtype=torch.float32)
        self.register_buffer("angular_freq", torch.cat([angular_freq, angular_freq.new_zeros(dim//4)]))

    def forward(self, x_BTHD: Tensor):
        pos = torch.arange(x_BTHD.size(1), dtype=torch.float32, device=x_BTHD.device)
        theta = torch.outer(pos, self.angular_freq)[None, :, None, :]
        cos, sin = theta.cos(), theta.sin()
        x1, x2 = x_BTHD.to(dtype=torch.float32).chunk(2, dim=-1)
        y1 = x1 * cos + x2 * sin
        y2 = x1 * (-sin) + x2 * cos
        return torch.cat((y1, y2), 3).type_as(x_BTHD)

class CausalSelfAttention(nn.Module):
    def __init__(self, dim: int, head_dim=128):
        super().__init__()
        self.num_heads = dim // head_dim
        self.head_dim = head_dim
        hdim = self.num_heads * self.head_dim
        self.q = Linear(dim, hdim)
        self.k = Linear(dim, hdim)
        self.v = Linear(dim, hdim)
        self.proj = Linear(hdim, dim)
        self.rotary = Rotary(head_dim)

    def forward(self, x: Tensor):
        B, T = x.size(0), x.size(1)
        q = self.q(x).view(B, T, self.num_heads, self.head_dim)
        k = self.k(x).view(B, T, self.num_heads, self.head_dim)
        v = self.v(x).view(B, T, self.num_heads, self.head_dim)
        q, k = F.rms_norm(q, (q.size(-1),)), F.rms_norm(k, (k.size(-1),))
        q, k = self.rotary(q), self.rotary(k)
        y = F.scaled_dot_product_attention(q.transpose(1, 2), k.transpose(1, 2),
                                           v.transpose(1, 2), scale=0.12, is_causal=True).transpose(1, 2)
        y = y.contiguous().view(B, T, self.num_heads * self.head_dim)
        y = self.proj(y)
        return y

class MLP(nn.Module):
    def __init__(self, dim: int):
        super().__init__()
        hdim = 4 * dim
        self.fc = Linear(dim, hdim)
        self.proj = Linear(hdim, dim)

    def forward(self, x: Tensor):
        x = self.fc(x)
        x = x.relu().square()
        x = self.proj(x)
        return x

class Block(nn.Module):
    def __init__(self, dim: int):
        super().__init__()
        self.attn = CausalSelfAttention(dim)
        self.mlp = MLP(dim)
        self.norm1 = RMSNorm(dim)
        self.norm2 = RMSNorm(dim)

    def forward(self, x: Tensor):
        x = x + self.attn(self.norm1(x))
        x = x + self.mlp(self.norm2(x))
        return x

class GPT(nn.Module):
    def __init__(self, vocab_size: int, num_layers: int, model_dim: int):
        super().__init__()
        self.embed = nn.Embedding(vocab_size, model_dim).bfloat16()
        self.blocks = nn.ModuleList([Block(model_dim) for _ in range(num_layers)])
        self.proj = Linear(model_dim, vocab_size)
        self.norm1 = RMSNorm(model_dim)
        self.norm2 = RMSNorm(model_dim)

    def forward(self, inputs: Tensor, targets: Tensor):
        x = self.norm1(self.embed(inputs))
        for block in self.blocks:
            x = block(x)
        logits = self.proj(self.norm2(x)).float()
        logits = 15 * logits * (logits.square() + 15**2).rsqrt()
        return F.cross_entropy(logits.view(targets.numel(), -1), targets.view(-1), reduction="sum")


########################################
#              Optimizer               #
########################################

def leon_compute_dtype(dtype_name: str):
    if dtype_name == "bfloat16":
        return torch.bfloat16
    if dtype_name == "float32":
        return torch.float32
    if dtype_name == "float64":
        return torch.float64
    raise ValueError(f"Unsupported Leon orthogonalization dtype: {dtype_name!r}")


def leon_accum_dtype(dtype_name: str):
    return torch.float64 if dtype_name == "float64" else torch.float32


def leon_orthogonalize(grad: Tensor, momentum_buffer: Tensor, second_momentum_buffer: Tensor,
                       momentum: float = 0.95, beta2: float = 0.7,
                       ns_iters: int = 6, ns_coeffs: tuple = (2, -1.5, 0.5),
                       eps: float = 1e-7, l_scale: float = 1.0,
                       compute_dtype: str = "bfloat16",
                       l_normalize_mode: str = "off",
                       match_l0_norm: bool = False,
                       use_grad_diff: bool = False,
                       prev_grad_buffer: Tensor = None) -> Tensor:
    """
    Leon update: Nesterov momentum + Newton-Schulz orthogonalization with
    augmented Gram matrix (second momentum buffer).

    Computes (GG^T + L)^{-0.5} G where L is an EMA-like gradient Gram statistic,
    using Newton-Schulz iterations to approximate the matrix inverse square root.

    Args:
        grad: Raw gradient (mutated in-place into the Nesterov-corrected update)
        momentum_buffer: First-moment unnormalized exponential sum
            S_t = momentum * S_{t-1} + grad_t (updated in place).
        second_momentum_buffer: Second-moment unnormalized exponential sum
            T_t = beta2 * T_{t-1} + grad_t grad_t^T (updated in place).
        momentum: First momentum coefficient (Nesterov)
        beta2: Second momentum coefficient
        ns_iters: Number of Newton-Schulz iterations
        ns_coeffs: (a, b, c) coefficients for the NS iteration
        eps: Diagonal stability epsilon added to the augmented Gram matrix
        l_scale: Multiplier for the second-momentum Gram contribution
        compute_dtype: Matrix-update dtype for X inside the NS iteration
        l_normalize_mode: "off" uses L = l_scale * T_t; "match_g" rescales L so
            tr(L) = l_scale * ||G||_F^2 (l_scale=1.0 -> tr(L) fraction 0.5).
        match_l0_norm: When True, rescale the final NS output to Frobenius norm
            sqrt(min(D1, D2)), matching the L=0 update's natural Frobenius norm.
    """
    is_tall = grad.size(-2) >= grad.size(-1)
    x_dtype = leon_compute_dtype(compute_dtype)
    accum_dtype = leon_accum_dtype(compute_dtype)

    # 0. Compute Gram matrix of raw gradient BEFORE mutating it with momentum
    if use_grad_diff and prev_grad_buffer is not None:
        gram_src = grad - prev_grad_buffer
        prev_grad_buffer.copy_(grad)  # store raw grad before momentum mutation
    else:
        gram_src = grad

    if is_tall:
        gram_tmp = gram_src.mT @ gram_src
    else:
        gram_tmp = gram_src @ gram_src.mT

    # Both buffers are stored as unnormalized exponential sums:
    #   S_t = momentum * S_{t-1} + grad_t          (first moment)
    #   T_t = beta2    * T_{t-1} + grad_t grad_t^T (second moment)
    # so we avoid the lerp_ / divide-by-(1-decay) round-trip used in EMA storage.

    # 1. First-moment sum + Nesterov: g = grad + momentum * S_t
    momentum_buffer.mul_(momentum).add_(grad)
    g = grad.add_(momentum_buffer, alpha=momentum)

    # 2. Second-moment sum: T_t in place
    second_momentum_buffer.mul_(beta2).add_(gram_tmp)

    X = g.to(dtype=x_dtype)
    L_unscaled = second_momentum_buffer.to(dtype=accum_dtype)
    if l_normalize_mode == "match_g":
        x_sq = X.to(dtype=accum_dtype).pow(2).sum()
        raw_l_tr = L_unscaled.diagonal(dim1=-2, dim2=-1).sum().clamp_min(1e-12)
        # Rescale so tr(L) = l_scale * ||X||_F^2 regardless of the raw sum magnitude.
        L = L_unscaled * (l_scale * x_sq / raw_l_tr)
    else:
        L = L_unscaled * l_scale
    A = 0.5 * (L + L.transpose(-2, -1))  # ensure symmetry

    # 3. Scale so that tr(GG^T + L) ≈ 1
    tr = X.to(dtype=accum_dtype).pow(2).sum(dim=(-2, -1), keepdim=True) \
       + A.diagonal(dim1=-2, dim2=-1).sum(dim=-1, keepdim=True).unsqueeze(-1)
    tr = tr.clamp_min(1e-12) * ((1 + 2e-2)**2)  # safety cushion

    inv_sqrt_tr = tr.rsqrt()
    inv_tr = inv_sqrt_tr.square()

    X = X * inv_sqrt_tr.to(X.dtype)
    A = (A * inv_tr).contiguous()

    # 4. Initial augmented Gram: A0 = gram(X) + L_scaled
    if is_tall:
        A = A + (X.mT @ X)
    else:
        A = A + (X @ X.mT)
    A.diagonal(dim1=-2, dim2=-1).add_(eps)  # eps for stability

    # 5. Newton-Schulz iterations with A iteration
    a, b, c = ns_coeffs
    last_iter = ns_iters - 1
    for i in range(ns_iters):
        A = 0.5 * (A + A.transpose(-2, -1))  # keep symmetric
        B = b * A + c * (A @ A)

        if is_tall:
            X = a * X + X @ B.to(X.dtype)
        else:
            X = a * X + B.to(X.dtype) @ X

        # Update A alongside X (skip on last iteration)
        if i < last_iter:
            # A <- (aI + B) A (aI + B)
            # computed as: D = a*A + B@A, then A = a*D + D@B
            D = a * A + B @ A
            A = a * D + D @ B

    if match_l0_norm:
        # Rescale X to ||X||_F = sqrt(min(D1, D2)), the natural Frobenius norm
        # of an orthogonalized (L=0) Muon-NS update.
        target = float(min(X.size(-2), X.size(-1))) ** 0.5
        cur = X.to(dtype=accum_dtype).norm().clamp_min(1e-12)
        X = X * (target / cur).to(X.dtype)

    return X


class Leon(torch.optim.Optimizer):
    """
    Leon optimizer: Nesterov momentum + Newton-Schulz orthogonalization with
    an augmented Gram matrix (second momentum buffer).

    Unlike Muon which recomputes A = X@X^T each NS iteration, Leon maintains
    a second momentum buffer L (scaled from an EMA of gradient Gram matrices) and augments
    the iteration matrix: A = X@X^T + L. A is also iterated alongside X.
    """
    def __init__(self, params, lr=0.025, weight_decay=0.025, mu=0.95, beta2=0.7,
                 ns_iters=6, eps=1e-7, l_scale=1.0, orthogonalize_dtype="bfloat16",
                 l_normalize_mode="off", match_l0_norm=False, use_grad_diff=False):
        assert isinstance(params, list) and len(params) >= 1 and isinstance(params[0], torch.nn.Parameter)
        params = sorted(params, key=lambda x: x.size(), reverse=True)
        defaults = dict(lr=lr, weight_decay=weight_decay, mu=mu, beta2=beta2,
                        ns_iters=ns_iters, eps=eps, l_scale=l_scale,
                        orthogonalize_dtype=orthogonalize_dtype,
                        l_normalize_mode=l_normalize_mode,
                        match_l0_norm=match_l0_norm,
                        use_grad_diff=use_grad_diff)
        super().__init__(params, defaults)
        self.param_names = {}

    def diagnostic_stats(self, selected_patterns):
        if isinstance(selected_patterns, str):
            selected_patterns = (selected_patterns,)
        selected_patterns = tuple(selected_patterns)

        rows = []
        rank = dist.get_rank()
        world_size = dist.get_world_size()
        with torch.no_grad():
            for group in self.param_groups:
                params = group["params"]
                for base_i in range(0, len(params), world_size):
                    if base_i + rank >= len(params):
                        continue
                    p = params[base_i + rank]
                    name = self.param_names.get(p, f"param_{base_i + rank}")
                    if selected_patterns and not any(pattern in name for pattern in selected_patterns):
                        continue
                    if p.grad is None:
                        continue

                    state = self.state[p]
                    if len(state) == 0:
                        momentum_buffer = torch.zeros_like(p, dtype=torch.float32)
                        min_D = min(p.shape[-2], p.shape[-1])
                        second_momentum_buffer = torch.zeros(
                            min_D, min_D, dtype=torch.float32, device=p.device
                        )
                    else:
                        momentum_buffer = state["momentum_buffer"]
                        second_momentum_buffer = state["second_momentum_buffer"]

                    prev_grad_buffer = state.get("prev_grad_buffer")
                    prev_grad_clone = prev_grad_buffer.clone() if prev_grad_buffer is not None else None

                    grad = p.grad.float()
                    momentum_clone = momentum_buffer.clone()
                    l_clone = second_momentum_buffer.clone()
                    grad_for_update = grad.clone()

                    # Compute grad_diff_norm before leon_orthogonalize mutates prev_grad_clone
                    if prev_grad_clone is not None:
                        grad_diff_norm = (grad_for_update - prev_grad_clone).float().norm()
                    else:
                        grad_diff_norm = math.nan

                    update = leon_orthogonalize(
                        grad_for_update, momentum_clone, l_clone,
                        momentum=group["mu"], beta2=group["beta2"],
                        ns_iters=group["ns_iters"], eps=group["eps"],
                        l_scale=group["l_scale"],
                        compute_dtype=group["orthogonalize_dtype"],
                        l_normalize_mode=group["l_normalize_mode"],
                        match_l0_norm=group["match_l0_norm"],
                        use_grad_diff=group.get("use_grad_diff", False),
                        prev_grad_buffer=prev_grad_clone,
                    )
                    update *= max(1, p.size(-2) / p.size(-1))**0.5

                    momentum_l0 = momentum_buffer.clone()
                    l_l0 = second_momentum_buffer.clone()
                    update_l0 = leon_orthogonalize(
                        grad.clone(), momentum_l0, l_l0,
                        momentum=group["mu"], beta2=group["beta2"],
                        ns_iters=group["ns_iters"], eps=group["eps"],
                        l_scale=0.0,
                        compute_dtype=group["orthogonalize_dtype"],
                    )
                    update_l0 *= max(1, p.size(-2) / p.size(-1))**0.5

                    update_float = update.float()
                    update_l0_float = update_l0.float()
                    update_norm = update_float.norm()
                    update_l0_norm = update_l0_float.norm()
                    cosine_denom = (update_norm * update_l0_norm).clamp_min(1e-12)
                    update_l0_cos = (update_float.flatten() @ update_l0_float.flatten()) / cosine_denom
                    grad_norm = grad.norm()
                    # momentum_clone / l_clone are post-`leon_orthogonalize`, so they already
                    # hold the unnormalized exponential sums S_t and T_t. No 1/(1-decay) factor.
                    momentum_for_stats = momentum_clone
                    l_for_stats = l_clone
                    momentum_norm = momentum_for_stats.norm()
                    update_grad_cos = (update_float.flatten() @ grad.flatten()) / (
                        update_norm * grad_norm
                    ).clamp_min(1e-12)
                    update_momentum_cos = (update_float.flatten() @ momentum_for_stats.flatten()) / (
                        update_norm * momentum_norm
                    ).clamp_min(1e-12)

                    l_sym = 0.5 * (l_for_stats + l_for_stats.transpose(-2, -1))
                    l_trace = l_sym.diagonal(dim1=-2, dim2=-1).sum().clamp_min(0)
                    l_fro = l_sym.norm()
                    diagnostic_accum_dtype = leon_accum_dtype(group["orthogonalize_dtype"])
                    g_sq = grad_for_update.to(dtype=diagnostic_accum_dtype).pow(2).sum()
                    # Reflect the actual effective tr(L) used inside leon_orthogonalize:
                    # match_g rescales tr(L) to l_scale * ||g||^2, off uses l_scale * tr(L_unscaled).
                    if group["l_normalize_mode"] == "match_g":
                        effective_l_trace = group["l_scale"] * g_sq
                    else:
                        effective_l_trace = group["l_scale"] * l_trace
                    l_trace_fraction = effective_l_trace / (g_sq + effective_l_trace).clamp_min(1e-12)
                    if l_trace > 0:
                        l_top_eval = torch.linalg.eigvalsh(l_sym).amax().clamp_min(0)
                        l_top_eval_fraction = l_top_eval / l_trace.clamp_min(1e-12)
                    else:
                        l_top_eval = l_trace
                        l_top_eval_fraction = l_trace

                    weight_norm = p.float().norm()
                    # LR-free shape metric: ||update||_F / ||W||_F. Multiply by lr (also
                    # logged) to recover the per-step relative move.
                    relative_update = update_norm / weight_norm.clamp_min(1e-12)
                    relative_update_l0 = update_l0_norm / weight_norm.clamp_min(1e-12)

                    rows.append(dict(
                        name=name,
                        lr=float(group["lr"]),
                        weight_norm=float(weight_norm.item()),
                        grad_norm=float(grad_norm.item()),
                        grad_diff_norm=float(grad_diff_norm) if isinstance(grad_diff_norm, float) else float(grad_diff_norm.item()),
                        momentum_norm=float(momentum_norm.item()),
                        update_norm=float(update_norm.item()),
                        update_l0_norm=float(update_l0_norm.item()),
                        relative_update=float(relative_update.item()),
                        relative_update_l0=float(relative_update_l0.item()),
                        update_l0_cos=float(update_l0_cos.item()),
                        update_grad_cos=float(update_grad_cos.item()),
                        update_momentum_cos=float(update_momentum_cos.item()),
                        l_trace=float(l_trace.item()),
                        l_fro=float(l_fro.item()),
                        l_trace_fraction=float(l_trace_fraction.item()),
                        l_top_eval=float(l_top_eval.item()),
                        l_top_eval_fraction=float(l_top_eval_fraction.item()),
                    ))
        return rows

    @torch.no_grad()
    def step(self):
        world_size = dist.get_world_size()
        rank = dist.get_rank()
        for group in self.param_groups:
            params = group["params"]
            params_pad = params + [torch.empty_like(params[-1])] * (world_size - len(params) % world_size)
            for base_i in range(0, len(params), world_size):
                if base_i + rank < len(params):
                    p = params[base_i + rank]
                    state = self.state[p]
                    if len(state) == 0:
                        state["momentum_buffer"] = torch.zeros_like(p, dtype=torch.float32)
                        D1, D2 = p.shape[-2], p.shape[-1]
                        min_D = min(D1, D2)
                        state["second_momentum_buffer"] = torch.zeros(
                            min_D, min_D, dtype=torch.float32, device=p.device
                        )
                        if group["use_grad_diff"]:
                            state["prev_grad_buffer"] = torch.zeros_like(p, dtype=torch.float32)
                    grad = p.grad.float()
                    update = leon_orthogonalize(
                        grad, state["momentum_buffer"], state["second_momentum_buffer"],
                        momentum=group["mu"], beta2=group["beta2"],
                        ns_iters=group["ns_iters"], eps=group["eps"],
                        l_scale=group["l_scale"],
                        compute_dtype=group["orthogonalize_dtype"],
                        l_normalize_mode=group["l_normalize_mode"],
                        match_l0_norm=group["match_l0_norm"],
                        use_grad_diff=group["use_grad_diff"],
                        prev_grad_buffer=state.get("prev_grad_buffer"),
                    )
                    update *= max(1, p.size(-2) / p.size(-1))**0.5
                    p.mul_(1 - group["lr"] * group["weight_decay"])
                    p.add_(update, alpha=-group["lr"])
                dist.all_gather(params_pad[base_i:base_i + world_size], params_pad[base_i + rank])


########################################
#                Setup                 #
########################################

def main():
    args = parse_args()
    num_trials = args.trials if args.trials is not None else (args.legacy_trials or 1)
    hparams = resolve_hparams(args.set)
    validate_hparams(hparams)

    if args.dry_run:
        run_dir = create_run_dir(args.out_dir)
        write_run_files(run_dir, args, hparams, "dry-run")
        print(f"dry_run:true out_dir:{run_dir}")
        print(json.dumps(dict(hparams=hparams, config_diff=config_diff(hparams)), indent=2, sort_keys=True))
        return

    global device
    # torchrun sets these env variables
    device = torch.device("cuda", int(os.environ["LOCAL_RANK"]))
    torch.cuda.set_device(device)
    dist.init_process_group(backend="nccl", device_id=device)
    dist.barrier()
    # this code can be run equivalently with 1, 2, 4, or 8 gpus.
    assert 8 % dist.get_world_size() == 0

    try:
        if dist.get_rank() == 0:
            run_dir = create_run_dir(args.out_dir)
        else:
            run_dir = None
        run_dir_obj = [str(run_dir) if run_dir is not None else None]
        dist.broadcast_object_list(run_dir_obj, src=0)
        run_dir = Path(run_dir_obj[0])
        logfile = run_dir / "train.log"

        # logging setup
        if dist.get_rank() == 0:
            print(logfile)
            write_run_files(run_dir, args, hparams, "train", dict(
                device_name=torch.cuda.get_device_name(device),
                world_size=dist.get_world_size(),
            ))

        wandb_run = None
        if hparams["wandb_project"] is not None and dist.get_rank() == 0:
            try:
                import wandb
                wandb_run = wandb.init(
                    project=hparams["wandb_project"],
                    mode=hparams.get("wandb_mode", "online"),
                    name=hparams.get("wandb_run_name") or run_dir.name,
                    dir=str(run_dir),
                    config=hparams,
                    tags=[Path(__file__).stem, f"world_size={dist.get_world_size()}"],
                )
            except Exception as e:
                print(f"[wandb] init failed, continuing without wandb: {e}")
                wandb_run = None

        def print0(s, console=False, log=True):
            if dist.get_rank() == 0:
                if console:
                    print(s)
                if log:
                    with open(logfile, "a") as f:
                        print(s, file=f)

        # we begin by logging this file itself
        print0(code)
        print0("="*100)
        print0(f"Running PyTorch {torch.version.__version__} compiled for CUDA {torch.version.cuda}"
               + f" on {torch.cuda.get_device_name(device)} with world_size {dist.get_world_size()}")
        print0(json.dumps(dict(hparams=hparams, config_diff=config_diff(hparams)), indent=2, sort_keys=True))
        print0("="*100)

        val_tokens = 20 * 524288
        batch_size = 8 * 64 * 1024
        mbs = 64
        val_inputs, val_targets = next(distributed_data_generator("data/fineweb10B/fineweb_val_*.bin", val_tokens))

        model = GPT(vocab_size=50304, num_layers=12, model_dim=768).cuda()
        model.compile(dynamic=False)

        for _ in range(num_trials):


            ########################################
            #            Hyperparameters            #
            ########################################

            train_steps = hparams["train_steps"]

            # initialize model parameters
            for name, p in model.named_parameters():
                w = p.data
                if name.endswith("weight"):
                    if "proj" in name:
                        w.zero_()
                    elif "embed" in name:
                        w.normal_()  # default torch init
                    else:
                        w.normal_(std=0.33**0.5 / w.size(-1)**0.5)  # default torch init
                elif name.endswith("bias"):
                    w.zero_()
                elif name.endswith("gains"):
                    w.normal_(mean=1, std=0)
                else:
                    raise Exception(f"Uninitialized parameter: {name}")

            # create the optimizer(s)
            optimizer1 = AdamW([dict(params=[model.embed.weight], lr=hparams["embed_lr"]),
                                dict(params=[model.proj.weight], lr=hparams["proj_lr"]),
                                dict(params=[p for p in model.parameters() if p.ndim < 2], lr=hparams["scalar_lr"])],
                               betas=hparams["adam_betas"], eps=hparams["adam_eps"],
                               weight_decay=hparams["adam_wd"], fused=True)
            optimizer2 = Leon([p for p in model.blocks.parameters() if p.ndim >= 2],
                              lr=hparams["leon_lr"], weight_decay=hparams["leon_wd"],
                              mu=hparams["leon_mu"], beta2=hparams["leon_beta2"],
                              ns_iters=hparams["leon_ns_iters"], eps=hparams["leon_eps"],
                              l_scale=hparams["leon_l_scale"],
                              orthogonalize_dtype=hparams["leon_orthogonalize_dtype"],
                              l_normalize_mode=hparams["leon_l_normalize_mode"],
                              match_l0_norm=hparams["leon_match_l0_norm"],
                              use_grad_diff=hparams["leon_use_grad_diff"])
            optimizer2.param_names = {p: name for name, p in model.named_parameters()}
            optimizers = [optimizer1, optimizer2]
            assert set(p for opt in optimizers for group in opt.param_groups
                       for p in group["params"]) == set(model.parameters())
            for opt in optimizers:
                for group in opt.param_groups:
                    group["initial_lr"] = group["lr"]
            for group in optimizer1.param_groups:
                group["cooldown_frac"] = hparams["adam_cooldown_frac"]
            for group in optimizer2.param_groups:
                group["cooldown_frac"] = hparams["leon_cooldown_frac"]
                group["l_scale"] = scheduled_l_scale(hparams, 0.0)

            # learning rate schedule: stable then decay
            def set_hparams(step):
                progress = step / train_steps
                assert 0 <= progress < 1
                for opt in optimizers:
                    for group in opt.param_groups:
                        cooldown_frac = group["cooldown_frac"]
                        if progress < 1 - cooldown_frac:
                            eta = 1.0
                        else:
                            eta = (1 - progress) / cooldown_frac
                        group["lr"] = group["initial_lr"] * eta
                l_scale = scheduled_l_scale(hparams, progress)
                for group in optimizer2.param_groups:
                    group["l_scale"] = l_scale

            def log_leon_diagnostics(step):
                if not hparams["leon_log_diagnostics"]:
                    return
                interval = hparams["leon_diag_interval"]
                if interval <= 0 or step % interval != 0:
                    return
                local_rows = optimizer2.diagnostic_stats(hparams["leon_diag_patterns"])
                gathered_rows = [None] * dist.get_world_size()
                dist.all_gather_object(gathered_rows, local_rows)
                if dist.get_rank() != 0:
                    return
                rows = [row for rank_rows in gathered_rows for row in rank_rows]
                rows.sort(key=lambda row: row["name"])
                for row in rows:
                    print0(
                        "diag"
                        + f" step:{step}"
                        + f" name:{row['name']}"
                        + f" lr:{row['lr']:.8g}"
                        + f" weight_norm:{row['weight_norm']:.6g}"
                        + f" grad_norm:{row['grad_norm']:.6g}"
                        + f" grad_diff_norm:{row['grad_diff_norm']:.6g}"
                        + f" momentum_norm:{row['momentum_norm']:.6g}"
                        + f" update_norm:{row['update_norm']:.6g}"
                        + f" update_l0_norm:{row['update_l0_norm']:.6g}"
                        + f" relative_update:{row['relative_update']:.6g}"
                        + f" relative_update_l0:{row['relative_update_l0']:.6g}"
                        + f" update_l0_cos:{row['update_l0_cos']:.6g}"
                        + f" update_grad_cos:{row['update_grad_cos']:.6g}"
                        + f" update_momentum_cos:{row['update_momentum_cos']:.6g}"
                        + f" l_trace:{row['l_trace']:.6g}"
                        + f" l_fro:{row['l_fro']:.6g}"
                        + f" l_trace_fraction:{row['l_trace_fraction']:.6g}"
                        + f" l_top_eval:{row['l_top_eval']:.6g}"
                        + f" l_top_eval_fraction:{row['l_top_eval_fraction']:.6g}",
                        console=False,
                    )
                if wandb_run is not None:
                    wandb_run.log({
                        f"diag/{row['name']}/{k}": v
                        for row in rows for k, v in row.items() if k != "name"
                    }, step=step)


            ########################################
            #        Training and Validation       #
            ########################################

            train_loader = distributed_data_generator("data/fineweb10B/fineweb_train_*.bin", batch_size)
            for p in model.parameters():
                dist.broadcast(p.detach(), 0)
            # start the clock
            training_time = 0
            last_val_step = 0
            dist.barrier()
            t0 = time.perf_counter()
            for step in range(train_steps + 1):

                # --------------- VALIDATION SECTION -----------------
                if step == train_steps or step % 125 == 0:
                    # stop the clock
                    dist.barrier()
                    time_since_last_val = time.perf_counter() - t0
                    step_avg = time_since_last_val / (step - last_val_step) if step > 0 else float("nan")
                    last_val_step = step
                    training_time += time_since_last_val
                    model.eval()
                    val_loss = 0
                    with torch.no_grad():
                        assert len(val_inputs) % mbs == 0
                        for i in range(len(val_inputs) // mbs):
                            val_loss += model(val_inputs[i*mbs:(i+1)*mbs], val_targets[i*mbs:(i+1)*mbs])
                    dist.all_reduce(val_loss, op=dist.ReduceOp.SUM)
                    val_loss /= val_tokens
                    print0(f"step:{step}/{train_steps} val_loss:{val_loss:.5f} train_time:{training_time:.3f}s"
                           + f" step_avg:{1000*step_avg:.2f}ms", console=True)
                    if wandb_run is not None:
                        wandb_run.log({
                            "val_loss": float(val_loss),
                            "train_time_s": training_time,
                            "step_avg_ms": 1000 * step_avg if step > 0 else 0.0,
                        }, step=step)
                    model.train()
                    # start the clock again
                    dist.barrier()
                    t0 = time.perf_counter()

                if step == train_steps:
                    break

                # --------------- TRAINING SECTION -----------------
                inputs, targets = next(train_loader)
                # accumulate across microbatches in case we are running with fewer than 8 gpus
                assert len(inputs) % mbs == 0
                for i in range(len(inputs) // mbs):
                    model(inputs[i*mbs:(i+1)*mbs], targets[i*mbs:(i+1)*mbs]).backward()
                for name, p in model.named_parameters():
                    assert p.grad is not None, name
                    dist.all_reduce(p.grad, op=dist.ReduceOp.SUM)
                # set optimization hyperparameters and take a step
                set_hparams(step)
                log_leon_diagnostics(step + 1)
                for opt in optimizers:
                    opt.step()
                model.zero_grad(set_to_none=True)
                approx_training_time = training_time + (time.perf_counter() - t0)
                print0(f"step:{step+1}/{train_steps} train_time:{approx_training_time:.3f}s"
                       + f" step_avg:{1000*approx_training_time/(step + 1):.2f}ms", console=True, log=False)
    finally:
        if 'wandb_run' in locals() and wandb_run is not None:
            wandb_run.finish()
        dist.destroy_process_group()


if __name__ == "__main__":
    main()

====================================================================================================
Running PyTorch 2.11.0+cu128 compiled for CUDA 12.8 on NVIDIA H100 NVL with world_size 4
{
  "config_diff": {
    "leon_eps": 1e-12,
    "leon_log_diagnostics": true,
    "leon_lr": 0.0175,
    "leon_ns_iters": 12,
    "leon_orthogonalize_dtype": "float32",
    "leon_use_grad_diff": true,
    "train_steps": 1500,
    "wandb_project": "modded-nanogpt-track3",
    "wandb_run_name": "gd_lr0175_1500"
  },
  "hparams": {
    "adam_betas": [
      0.8,
      0.95
    ],
    "adam_cooldown_frac": 0.7,
    "adam_eps": 1e-10,
    "adam_wd": 0.0,
    "embed_lr": 0.3,
    "leon_beta2": 0.7,
    "leon_cooldown_frac": 0.7,
    "leon_diag_interval": 125,
    "leon_diag_patterns": [
      "blocks.0.attn.q.weight",
      "blocks.6.mlp.proj.weight",
      "blocks.11.attn.proj.weight"
    ],
    "leon_eps": 1e-12,
    "leon_l_normalize_mode": "off",
    "leon_l_scale": 1.0,
    "leon_l_scale_ramp_end_frac": 0.6,
    "leon_l_scale_ramp_start_frac": 0.2,
    "leon_l_scale_schedule": "constant",
    "leon_log_diagnostics": true,
    "leon_lr": 0.0175,
    "leon_match_l0_norm": false,
    "leon_mu": 0.95,
    "leon_ns_iters": 12,
    "leon_orthogonalize_dtype": "float32",
    "leon_use_grad_diff": true,
    "leon_wd": 0.025,
    "proj_lr": 0.003125,
    "scalar_lr": 0.01,
    "train_steps": 1500,
    "wandb_mode": "online",
    "wandb_project": "modded-nanogpt-track3",
    "wandb_run_name": "gd_lr0175_1500"
  }
}
====================================================================================================
step:0/1500 val_loss:10.82584 train_time:0.000s step_avg:nanms
diag step:125 name:blocks.0.attn.q.weight lr:0.0175 weight_norm:19.9586 grad_norm:6105.42 grad_diff_norm:10535.3 momentum_norm:10252.9 update_norm:18.3053 update_l0_norm:27.4186 relative_update:0.917163 relative_update_l0:1.37377 update_l0_cos:0.874465 update_grad_cos:0.196949 update_momentum_cos:0.520779 l_trace:3.7031e+08 l_fro:1.80704e+08 l_trace_fraction:0.668758 l_top_eval:1.65063e+08 l_top_eval_fraction:0.445744
diag step:125 name:blocks.11.attn.proj.weight lr:0.0175 weight_norm:18.7999 grad_norm:10576.1 grad_diff_norm:20502.1 momentum_norm:13808.6 update_norm:18.8537 update_l0_norm:27.0156 relative_update:1.00286 relative_update_l0:1.43701 update_l0_cos:0.864005 update_grad_cos:0.0946641 update_momentum_cos:0.449633 l_trace:1.65834e+09 l_fro:1.50188e+09 l_trace_fraction:0.821604 l_top_eval:1.50137e+09 l_top_eval_fraction:0.905348
diag step:125 name:blocks.6.mlp.proj.weight lr:0.0175 weight_norm:21.4101 grad_norm:13625.1 grad_diff_norm:25015.8 momentum_norm:16567.5 update_norm:19.2504 update_l0_norm:27.7128 relative_update:0.899128 relative_update_l0:1.29438 update_l0_cos:0.9351 update_grad_cos:0.206075 update_momentum_cos:0.65716 l_trace:2.67685e+09 l_fro:1.28952e+09 l_trace_fraction:0.809643 l_top_eval:1.15073e+09 l_top_eval_fraction:0.42988
step:125/1500 val_loss:4.59031 train_time:59.874s step_avg:478.99ms
diag step:250 name:blocks.0.attn.q.weight lr:0.0175 weight_norm:26.1875 grad_norm:5914.35 grad_diff_norm:9741.15 momentum_norm:7373.79 update_norm:18.4095 update_l0_norm:27.4727 relative_update:0.702989 relative_update_l0:1.04908 update_l0_cos:0.880045 update_grad_cos:0.216274 update_momentum_cos:0.591787 l_trace:1.99327e+08 l_fro:9.44743e+07 l_trace_fraction:0.617032 l_top_eval:8.84448e+07 l_top_eval_fraction:0.443717
diag step:250 name:blocks.11.attn.proj.weight lr:0.0175 weight_norm:30.2316 grad_norm:10193.6 grad_diff_norm:20914.8 momentum_norm:10798.4 update_norm:18.5269 update_l0_norm:27.1881 relative_update:0.612832 relative_update_l0:0.899326 update_l0_cos:0.873495 update_grad_cos:0.112639 update_momentum_cos:0.476399 l_trace:1.63409e+09 l_fro:1.54997e+09 l_trace_fraction:0.835199 l_top_eval:1.54988e+09 l_top_eval_fraction:0.948465
diag step:250 name:blocks.6.mlp.proj.weight lr:0.0175 weight_norm:28.8686 grad_norm:12733.6 grad_diff_norm:22140.7 momentum_norm:15379.4 update_norm:19.3349 update_l0_norm:27.7128 relative_update:0.669754 relative_update_l0:0.959964 update_l0_cos:0.952791 update_grad_cos:0.266679 update_momentum_cos:0.75172 l_trace:1.51342e+09 l_fro:6.65223e+08 l_trace_fraction:0.729013 l_top_eval:6.02328e+08 l_top_eval_fraction:0.397991
step:250/1500 val_loss:4.08809 train_time:117.581s step_avg:461.66ms
diag step:375 name:blocks.0.attn.q.weight lr:0.0175 weight_norm:30.5802 grad_norm:3502.84 grad_diff_norm:5641.02 momentum_norm:6404.11 update_norm:18.4601 update_l0_norm:27.5099 relative_update:0.603661 relative_update_l0:0.899596 update_l0_cos:0.881673 update_grad_cos:0.243591 update_momentum_cos:0.630557 l_trace:9.54808e+07 l_fro:3.66745e+07 l_trace_fraction:0.592134 l_top_eval:3.16371e+07 l_top_eval_fraction:0.331346
diag step:375 name:blocks.11.attn.proj.weight lr:0.0175 weight_norm:37.8137 grad_norm:10106 grad_diff_norm:18239.5 momentum_norm:8693.17 update_norm:18.667 update_l0_norm:27.2959 relative_update:0.493657 relative_update_l0:0.721852 update_l0_cos:0.882802 update_grad_cos:0.102189 update_momentum_cos:0.552688 l_trace:8.29639e+08 l_fro:7.79803e+08 l_trace_fraction:0.76411 l_top_eval:7.79761e+08 l_top_eval_fraction:0.93988
diag step:375 name:blocks.6.mlp.proj.weight lr:0.0175 weight_norm:34.1053 grad_norm:11586 grad_diff_norm:20748.1 momentum_norm:15203.3 update_norm:19.5932 update_l0_norm:27.7128 relative_update:0.574491 relative_update_l0:0.812567 update_l0_cos:0.960891 update_grad_cos:0.261526 update_momentum_cos:0.796328 l_trace:1.22702e+09 l_fro:5.75312e+08 l_trace_fraction:0.715592 l_top_eval:5.3436e+08 l_top_eval_fraction:0.435495
step:375/1500 val_loss:3.92098 train_time:175.118s step_avg:460.29ms
diag step:500 name:blocks.0.attn.q.weight lr:0.016683333 weight_norm:34.1025 grad_norm:2667.31 grad_diff_norm:4075.5 momentum_norm:5455.32 update_norm:18.3869 update_l0_norm:27.5403 relative_update:0.539165 relative_update_l0:0.807575 update_l0_cos:0.880978 update_grad_cos:0.301773 update_momentum_cos:0.661934 l_trace:6.61394e+07 l_fro:2.52164e+07 l_trace_fraction:0.59641 l_top_eval:2.21418e+07 l_top_eval_fraction:0.334775
diag step:500 name:blocks.11.attn.proj.weight lr:0.016683333 weight_norm:43.7905 grad_norm:7613.52 grad_diff_norm:13954.5 momentum_norm:7644.05 update_norm:18.6681 update_l0_norm:27.4033 relative_update:0.426306 relative_update_l0:0.625782 update_l0_cos:0.884849 update_grad_cos:0.132323 update_momentum_cos:0.601394 l_trace:5.53248e+08 l_fro:5.11948e+08 l_trace_fraction:0.774078 l_top_eval:5.11916e+08 l_top_eval_fraction:0.925292
diag step:500 name:blocks.6.mlp.proj.weight lr:0.016683333 weight_norm:38.1731 grad_norm:9309.33 grad_diff_norm:15969.9 momentum_norm:14552.5 update_norm:19.749 update_l0_norm:27.7128 relative_update:0.517352 relative_update_l0:0.725977 update_l0_cos:0.965266 update_grad_cos:0.319156 update_momentum_cos:0.828047 l_trace:8.48401e+08 l_fro:3.28091e+08 l_trace_fraction:0.691242 l_top_eval:2.87585e+08 l_top_eval_fraction:0.338973
step:500/1500 val_loss:3.81133 train_time:232.727s step_avg:460.87ms
diag step:625 name:blocks.0.attn.q.weight lr:0.0146 weight_norm:36.4292 grad_norm:2455.02 grad_diff_norm:3999.76 momentum_norm:5109.78 update_norm:18.3691 update_l0_norm:27.5529 relative_update:0.504241 relative_update_l0:0.75634 update_l0_cos:0.88139 update_grad_cos:0.296049 update_momentum_cos:0.668537 l_trace:5.81814e+07 l_fro:2.6381e+07 l_trace_fraction:0.603992 l_top_eval:2.50208e+07 l_top_eval_fraction:0.430047
diag step:625 name:blocks.11.attn.proj.weight lr:0.0146 weight_norm:47.8626 grad_norm:6406.31 grad_diff_norm:12039.3 momentum_norm:7268.71 update_norm:18.7765 update_l0_norm:27.4442 relative_update:0.3923 relative_update_l0:0.573395 update_l0_cos:0.888105 update_grad_cos:0.161637 update_momentum_cos:0.626487 l_trace:5.39893e+08 l_fro:5.01364e+08 l_trace_fraction:0.807661 l_top_eval:5.01339e+08 l_top_eval_fraction:0.92859
diag step:625 name:blocks.6.mlp.proj.weight lr:0.0146 weight_norm:40.8383 grad_norm:8021.78 grad_diff_norm:13140.7 momentum_norm:14470.7 update_norm:19.9198 update_l0_norm:27.7128 relative_update:0.487772 relative_update_l0:0.678598 update_l0_cos:0.968537 update_grad_cos:0.362964 update_momentum_cos:0.84315 l_trace:6.82881e+08 l_fro:2.39534e+08 l_trace_fraction:0.671378 l_top_eval:2.07808e+08 l_top_eval_fraction:0.304311
step:625/1500 val_loss:3.72881 train_time:290.303s step_avg:460.61ms
diag step:750 name:blocks.0.attn.q.weight lr:0.012516667 weight_norm:37.8197 grad_norm:2350.82 grad_diff_norm:3630.34 momentum_norm:4933.84 update_norm:18.4334 update_l0_norm:27.5515 relative_update:0.487402 relative_update_l0:0.728496 update_l0_cos:0.882458 update_grad_cos:0.307429 update_momentum_cos:0.689829 l_trace:3.89701e+07 l_fro:1.21423e+07 l_trace_fraction:0.528626 l_top_eval:9.80109e+06 l_top_eval_fraction:0.251503
diag step:750 name:blocks.11.attn.proj.weight lr:0.012516667 weight_norm:50.498 grad_norm:9136.64 grad_diff_norm:14380.2 momentum_norm:9158.62 update_norm:18.8189 update_l0_norm:27.35 relative_update:0.372666 relative_update_l0:0.541605 update_l0_cos:0.894564 update_grad_cos:0.12587 update_momentum_cos:0.533021 l_trace:4.25147e+08 l_fro:3.86321e+08 l_trace_fraction:0.613115 l_top_eval:3.86282e+08 l_top_eval_fraction:0.908584
diag step:750 name:blocks.6.mlp.proj.weight lr:0.012516667 weight_norm:42.4286 grad_norm:9807.18 grad_diff_norm:15918.3 momentum_norm:15725.8 update_norm:20.1802 update_l0_norm:27.7128 relative_update:0.475626 relative_update_l0:0.653163 update_l0_cos:0.971381 update_grad_cos:0.334762 update_momentum_cos:0.830148 l_trace:6.67982e+08 l_fro:2.55969e+08 l_trace_fraction:0.600821 l_top_eval:2.40806e+08 l_top_eval_fraction:0.360498
step:750/1500 val_loss:3.66969 train_time:347.850s step_avg:460.37ms
diag step:875 name:blocks.0.attn.q.weight lr:0.010433333 weight_norm:38.6061 grad_norm:2708.26 grad_diff_norm:4366.87 momentum_norm:5051.2 update_norm:18.4996 update_l0_norm:27.5458 relative_update:0.47919 relative_update_l0:0.713509 update_l0_cos:0.88429 update_grad_cos:0.279276 update_momentum_cos:0.677505 l_trace:4.88684e+07 l_fro:1.98338e+07 l_trace_fraction:0.546959 l_top_eval:1.77708e+07 l_top_eval_fraction:0.363645
diag step:875 name:blocks.11.attn.proj.weight lr:0.010433333 weight_norm:52.1489 grad_norm:5741.07 grad_diff_norm:10345.3 momentum_norm:7601.5 update_norm:18.8367 update_l0_norm:27.503 relative_update:0.36121 relative_update_l0:0.527394 update_l0_cos:0.892092 update_grad_cos:0.177225 update_momentum_cos:0.641733 l_trace:2.89438e+08 l_fro:2.52736e+08 l_trace_fraction:0.704781 l_top_eval:2.52696e+08 l_top_eval_fraction:0.873059
diag step:875 name:blocks.6.mlp.proj.weight lr:0.010433333 weight_norm:43.2949 grad_norm:8163.21 grad_diff_norm:13673.4 momentum_norm:15616.5 update_norm:20.2132 update_l0_norm:27.7128 relative_update:0.466872 relative_update_l0:0.640093 update_l0_cos:0.972727 update_grad_cos:0.362924 update_momentum_cos:0.85421 l_trace:5.67801e+08 l_fro:2.09518e+08 l_trace_fraction:0.60485 l_top_eval:1.99754e+08 l_top_eval_fraction:0.351802
step:875/1500 val_loss:3.61372 train_time:405.423s step_avg:460.59ms
diag step:1000 name:blocks.0.attn.q.weight lr:0.00835 weight_norm:38.942 grad_norm:2008.15 grad_diff_norm:2754.02 momentum_norm:4932.71 update_norm:18.4922 update_l0_norm:27.5665 relative_update:0.474865 relative_update_l0:0.707885 update_l0_cos:0.884486 update_grad_cos:0.35249 update_momentum_cos:0.705333 l_trace:2.95153e+07 l_fro:8.04706e+06 l_trace_fraction:0.477187 l_top_eval:6.97825e+06 l_top_eval_fraction:0.236428
diag step:1000 name:blocks.11.attn.proj.weight lr:0.00835 weight_norm:53.0962 grad_norm:3852.69 grad_diff_norm:6235.02 momentum_norm:7067.68 update_norm:18.9714 update_l0_norm:27.5358 relative_update:0.357302 relative_update_l0:0.518602 update_l0_cos:0.89507 update_grad_cos:0.264989 update_momentum_cos:0.68788 l_trace:1.59413e+08 l_fro:1.27827e+08 l_trace_fraction:0.666316 l_top_eval:1.27789e+08 l_top_eval_fraction:0.801626
diag step:1000 name:blocks.6.mlp.proj.weight lr:0.00835 weight_norm:43.6668 grad_norm:6881.83 grad_diff_norm:10509 momentum_norm:15943 update_norm:20.4302 update_l0_norm:27.7128 relative_update:0.467866 relative_update_l0:0.634643 update_l0_cos:0.975975 update_grad_cos:0.440325 update_momentum_cos:0.864677 l_trace:4.04949e+08 l_fro:9.3039e+07 l_trace_fraction:0.53902 l_top_eval:7.74301e+07 l_top_eval_fraction:0.19121
step:1000/1500 val_loss:3.56557 train_time:462.992s step_avg:460.55ms
diag step:1125 name:blocks.0.attn.q.weight lr:0.0062666667 weight_norm:38.9781 grad_norm:2096.03 grad_diff_norm:2910.26 momentum_norm:5395.45 update_norm:18.5565 update_l0_norm:27.5524 relative_update:0.476075 relative_update_l0:0.706869 update_l0_cos:0.885841 update_grad_cos:0.350295 update_momentum_cos:0.682248 l_trace:3.20467e+07 l_fro:9.62328e+06 l_trace_fraction:0.457926 l_top_eval:8.67426e+06 l_top_eval_fraction:0.270675
diag step:1125 name:blocks.11.attn.proj.weight lr:0.0062666667 weight_norm:53.5913 grad_norm:4337.69 grad_diff_norm:5617.79 momentum_norm:7813.76 update_norm:18.9855 update_l0_norm:27.5394 relative_update:0.354264 relative_update_l0:0.513878 update_l0_cos:0.89629 update_grad_cos:0.246534 update_momentum_cos:0.664798 l_trace:1.35944e+08 l_fro:1.00667e+08 l_trace_fraction:0.578906 l_top_eval:1.00602e+08 l_top_eval_fraction:0.740025
diag step:1125 name:blocks.6.mlp.proj.weight lr:0.0062666667 weight_norm:43.6906 grad_norm:7787.1 grad_diff_norm:11093.7 momentum_norm:17415.5 update_norm:20.5194 update_l0_norm:27.7128 relative_update:0.469654 relative_update_l0:0.634297 update_l0_cos:0.977134 update_grad_cos:0.406116 update_momentum_cos:0.852213 l_trace:4.12537e+08 l_fro:8.8278e+07 l_trace_fraction:0.491511 l_top_eval:7.03748e+07 l_top_eval_fraction:0.17059
step:1125/1500 val_loss:3.52758 train_time:520.540s step_avg:460.38ms
diag step:1250 name:blocks.0.attn.q.weight lr:0.0041833333 weight_norm:38.8505 grad_norm:1930.15 grad_diff_norm:2743.48 momentum_norm:5443.83 update_norm:18.5499 update_l0_norm:27.5535 relative_update:0.47747 relative_update_l0:0.709218 update_l0_cos:0.886901 update_grad_cos:0.362502 update_momentum_cos:0.694673 l_trace:2.52104e+07 l_fro:5.22159e+06 l_trace_fraction:0.406939 l_top_eval:4.18142e+06 l_top_eval_fraction:0.165861
diag step:1250 name:blocks.11.attn.proj.weight lr:0.0041833333 weight_norm:53.7766 grad_norm:3427.49 grad_diff_norm:5230.52 momentum_norm:7741.95 update_norm:19.0293 update_l0_norm:27.5545 relative_update:0.353858 relative_update_l0:0.512389 update_l0_cos:0.897278 update_grad_cos:0.288957 update_momentum_cos:0.684485 l_trace:8.68535e+07 l_fro:5.33893e+07 l_trace_fraction:0.515774 l_top_eval:5.33023e+07 l_top_eval_fraction:0.613704
diag step:1250 name:blocks.6.mlp.proj.weight lr:0.0041833333 weight_norm:43.536 grad_norm:7004.2 grad_diff_norm:9782.62 momentum_norm:17933.7 update_norm:20.6825 update_l0_norm:27.7128 relative_update:0.475067 relative_update_l0:0.63655 update_l0_cos:0.979129 update_grad_cos:0.443444 update_momentum_cos:0.86379 l_trace:3.23428e+08 l_fro:4.37635e+07 l_trace_fraction:0.436041 l_top_eval:3.24552e+07 l_top_eval_fraction:0.100348
step:1250/1500 val_loss:3.49134 train_time:578.129s step_avg:460.72ms
diag step:1375 name:blocks.0.attn.q.weight lr:0.0021 weight_norm:38.6693 grad_norm:1981.35 grad_diff_norm:2943.83 momentum_norm:6204.92 update_norm:18.5193 update_l0_norm:27.5603 relative_update:0.478914 relative_update_l0:0.712717 update_l0_cos:0.884822 update_grad_cos:0.348572 update_momentum_cos:0.656886 l_trace:4.04953e+07 l_fro:1.39937e+07 l_trace_fraction:0.474382 l_top_eval:1.30799e+07 l_top_eval_fraction:0.322998
diag step:1375 name:blocks.11.attn.proj.weight lr:0.0021 weight_norm:53.7988 grad_norm:3153.94 grad_diff_norm:4461.57 momentum_norm:9285.08 update_norm:18.9978 update_l0_norm:27.5405 relative_update:0.353128 relative_update_l0:0.511917 update_l0_cos:0.897173 update_grad_cos:0.303543 update_momentum_cos:0.615239 l_trace:9.56419e+07 l_fro:4.80353e+07 l_trace_fraction:0.482204 l_top_eval:4.71444e+07 l_top_eval_fraction:0.492926
diag step:1375 name:blocks.6.mlp.proj.weight lr:0.0021 weight_norm:43.3329 grad_norm:6646.81 grad_diff_norm:9702.23 momentum_norm:20217.7 update_norm:20.7414 update_l0_norm:27.7128 relative_update:0.478653 relative_update_l0:0.639533 update_l0_cos:0.979129 update_grad_cos:0.454834 update_momentum_cos:0.8371 l_trace:3.88984e+08 l_fro:6.01261e+07 l_trace_fraction:0.445545 l_top_eval:4.71416e+07 l_top_eval_fraction:0.121192
step:1375/1500 val_loss:3.46193 train_time:639.656s step_avg:492.21ms
diag step:1500 name:blocks.0.attn.q.weight lr:1.6666667e-05 weight_norm:38.5793 grad_norm:1890.39 grad_diff_norm:2674.63 momentum_norm:6329.14 update_norm:18.7963 update_l0_norm:27.5606 relative_update:0.487213 relative_update_l0:0.71439 update_l0_cos:0.889988 update_grad_cos:0.363868 update_momentum_cos:0.661344 l_trace:2.39745e+07 l_fro:4.30579e+06 l_trace_fraction:0.342648 l_top_eval:3.32242e+06 l_top_eval_fraction:0.138581
diag step:1500 name:blocks.11.attn.proj.weight lr:1.6666667e-05 weight_norm:53.7847 grad_norm:2947.97 grad_diff_norm:4410.67 momentum_norm:10193.2 update_norm:19.2561 update_l0_norm:27.5295 relative_update:0.358021 relative_update_l0:0.511845 update_l0_cos:0.901173 update_grad_cos:0.330207 update_momentum_cos:0.595551 l_trace:6.08571e+07 l_fro:2.54265e+07 l_trace_fraction:0.331536 l_top_eval:2.50647e+07 l_top_eval_fraction:0.411861
diag step:1500 name:blocks.6.mlp.proj.weight lr:1.6666667e-05 weight_norm:43.2306 grad_norm:6755.96 grad_diff_norm:9558.98 momentum_norm:22696.4 update_norm:21.224 update_l0_norm:27.7128 relative_update:0.49095 relative_update_l0:0.641047 update_l0_cos:0.981814 update_grad_cos:0.462179 update_momentum_cos:0.822254 l_trace:2.91136e+08 l_fro:2.51711e+07 l_trace_fraction:0.322249 l_top_eval:1.82991e+07 l_top_eval_fraction:0.0628541
step:1500/1500 val_loss:3.44406 train_time:706.141s step_avg:531.88ms
