"""
train_gpt_simple_leon.py

This file descends from the [NanoGPT speedrun](https://github.com/KellerJordan/modded-nanogpt).
It was prepared as a simplified version of the speedrun for use in neural net optimization research.
This variant replaces Muon with Leon (initial test using the same Newton-Schulz coefficients).
"""

import math
import os
import sys
with open(sys.argv[0]) as f:
    code = f.read() # read the code of this file ASAP, for logging
import argparse
import ast
import json
import subprocess
import uuid
import time
from datetime import datetime
from pathlib import Path


BASE_HPARAMS = dict(
    # Training
    train_steps         = 3375,
    # AdamW — embedding
    embed_lr            = 0.3,
    # AdamW — lm_head projection
    proj_lr             = 1/320,
    # AdamW — scalars (biases, gains)
    scalar_lr           = 0.01,
    # AdamW shared
    adam_betas          = (0.8, 0.95),
    adam_eps            = 1e-10,
    adam_wd             = 0.0,
    adam_cooldown_frac  = 0.7,
    # Leon — 2D block params
    leon_lr             = 0.025,
    leon_wd             = 0.025,
    leon_mu             = 0.95,
    leon_beta2          = 0.7,
    leon_cooldown_frac  = 0.7,
    leon_ns_iters       = 6,
    leon_eps            = 1e-9,
    leon_l_scale        = 1.0,
    leon_orthogonalize_dtype = "bfloat16",
    leon_l_scale_schedule = "constant",
    leon_l_scale_ramp_start_frac = 0.2,
    leon_l_scale_ramp_end_frac = 0.6,
    # "off": L = l_scale * T_t (raw unnormalized Gram sum).
    # "match_g": rescale L so tr(L) = l_scale * ||G||_F^2 (l_scale=1.0 -> tr(L) fraction 0.5).
    leon_l_normalize_mode = "off",
    # When True, rescale the final NS output to Frobenius norm sqrt(min(D1, D2)),
    # i.e. match the natural ||update||_F of the L=0 (Muon-NS) update.
    leon_match_l0_norm  = False,
    # When True, second moment accumulates (grad_t - grad_{t-1})(grad_t - grad_{t-1})^T
    # instead of grad_t * grad_t^T.
    leon_use_grad_diff  = False,
    # When False, skip the Nesterov first-moment buffer entirely; orthogonalize raw grad.
    leon_use_nesterov   = True,
    # "auto": use min(D1,D2)-side Gram (cheap, standard Muon path).
    # "input": always use D2×D2 Gram (grad.mT @ grad) with right-multiply NS.
    # "output": always use D1×D1 Gram (grad @ grad.mT) with left-multiply NS.
    # For tall MLP fc (3072×768): auto≡input (768×768 right); output uses 3072×3072 left.
    # For wide MLP proj (768×3072): auto≡output (768×768 left); input uses 3072×3072 right.
    leon_precondition_side = "auto",
    leon_log_diagnostics = False,
    leon_diag_interval  = 125,
    leon_diag_patterns  = (
        "blocks.0.mlp.fc.weight",
        "blocks.6.mlp.fc.weight",
        "blocks.11.mlp.fc.weight",
        "blocks.0.mlp.proj.weight",
        "blocks.0.attn.q.weight",
    ),
    # Optional wandb logging (off by default). Enable with --set wandb_project=<name>.
    # File artifacts (train.log, config.json, tuning_log.csv) remain authoritative.
    wandb_project = None,
    wandb_mode    = "online",  # "online" | "offline" | "disabled"
    # Optional. If unset, the wandb run name falls back to run_dir.name (the timestamp+uuid).
    # Set this to your tuning_log.csv run_id so the dashboard matches the ledger.
    wandb_run_name = None,
)


def parse_value(s: str):
    try:
        return ast.literal_eval(s)
    except (ValueError, SyntaxError):
        return s


def parse_args():
    parser = argparse.ArgumentParser()
    parser.add_argument("legacy_trials", nargs="?", type=int,
                        help="Legacy positional trial count. Prefer --trials.")
    parser.add_argument("--trials", type=int, default=None)
    parser.add_argument("--set", action="append", default=[],
                        metavar="KEY=VALUE", help="Override or add an hparams entry.")
    parser.add_argument("--dry-run", action="store_true",
                        help="Resolve config and write metadata without CUDA/NCCL/training.")
    parser.add_argument("--out-dir", type=Path, default=None,
                        help="Run output directory. Defaults to runs/leon/<timestamp>-<uuid>.")
    return parser.parse_args()


def resolve_hparams(overrides):
    hparams = dict(BASE_HPARAMS)
    for item in overrides:
        if "=" not in item:
            raise ValueError(f"--set expects KEY=VALUE, got {item!r}")
        key, raw_value = item.split("=", 1)
        value = parse_value(raw_value)
        if key == "cooldown_frac":
            hparams["adam_cooldown_frac"] = value
            hparams["leon_cooldown_frac"] = value
        hparams[key] = value
    return hparams


def config_diff(hparams):
    return {k: v for k, v in hparams.items() if BASE_HPARAMS.get(k) != v}


def validate_hparams(hparams):
    l_scale = float(hparams["leon_l_scale"])
    if l_scale < 0:
        raise ValueError(f"leon_l_scale must be non-negative, got {l_scale!r}")

    orthogonalize_dtype = hparams["leon_orthogonalize_dtype"]
    if orthogonalize_dtype not in ("bfloat16", "float32", "float64"):
        raise ValueError(
            "leon_orthogonalize_dtype must be 'bfloat16', 'float32', or 'float64', "
            f"got {orthogonalize_dtype!r}"
        )

    schedule = hparams["leon_l_scale_schedule"]
    if schedule not in ("constant", "linear_ramp"):
        raise ValueError(
            "leon_l_scale_schedule must be 'constant' or 'linear_ramp', "
            f"got {schedule!r}"
        )

    if schedule == "linear_ramp":
        start = float(hparams["leon_l_scale_ramp_start_frac"])
        end = float(hparams["leon_l_scale_ramp_end_frac"])
        if not (0 <= start < end <= 1):
            raise ValueError(
                "linear_ramp requires 0 <= leon_l_scale_ramp_start_frac "
                "< leon_l_scale_ramp_end_frac <= 1, "
                f"got start={start!r}, end={end!r}"
            )

    normalize_mode = hparams["leon_l_normalize_mode"]
    if normalize_mode not in ("off", "match_g"):
        raise ValueError(
            "leon_l_normalize_mode must be 'off' or 'match_g', "
            f"got {normalize_mode!r}"
        )

    if not isinstance(hparams["leon_use_grad_diff"], bool):
        raise TypeError(
            f"leon_use_grad_diff must be bool, got {type(hparams['leon_use_grad_diff'])!r}"
        )

    if not isinstance(hparams["leon_use_nesterov"], bool):
        raise TypeError(
            f"leon_use_nesterov must be bool, got {type(hparams['leon_use_nesterov'])!r}"
        )


def scheduled_l_scale(hparams, progress):
    target = float(hparams["leon_l_scale"])
    schedule = hparams["leon_l_scale_schedule"]

    if schedule == "constant":
        return target

    start = float(hparams["leon_l_scale_ramp_start_frac"])
    end = float(hparams["leon_l_scale_ramp_end_frac"])
    if progress < start:
        return 0.0
    if progress >= end:
        return target
    ramp_progress = (progress - start) / (end - start)
    return target * ramp_progress


def default_run_dir():
    stamp = datetime.now().strftime("%Y%m%d-%H%M%S")
    return Path("records/track_3_optimization/runs/leon") / f"{stamp}-{uuid.uuid4().hex[:8]}"


def create_run_dir(out_dir=None):
    run_dir = Path(out_dir) if out_dir is not None else default_run_dir()
    run_dir.mkdir(parents=True, exist_ok=False)
    return run_dir


def git_commit():
    try:
        return subprocess.check_output(["git", "rev-parse", "HEAD"], text=True).strip()
    except Exception:
        return None


def shard_counts():
    cwd = Path.cwd()
    return dict(
        train_shards=len(list(cwd.glob("data/fineweb10B/fineweb_train_*.bin"))),
        val_shards=len(list(cwd.glob("data/fineweb10B/fineweb_val_*.bin"))),
    )


def torch_versions():
    torch_module = globals().get("torch")
    if torch_module is None:
        return None, None
    return torch_module.version.__version__, torch_module.version.cuda


def write_run_files(run_dir, args, hparams, mode, extra=None):
    torch_version, cuda_version = torch_versions()
    diff = config_diff(hparams)
    metadata = dict(
        mode=mode,
        argv=sys.argv,
        cwd=str(Path.cwd()),
        script=sys.argv[0],
        trials=args.trials if args.trials is not None else (args.legacy_trials or 1),
        dry_run=args.dry_run,
        out_dir=str(run_dir),
        git_commit=git_commit(),
        torch_version=torch_version,
        cuda_version=cuda_version,
        shard_counts=shard_counts(),
    )
    if extra:
        metadata.update(extra)
    (run_dir / "config.json").write_text(json.dumps(hparams, indent=2, sort_keys=True) + "\n")
    (run_dir / "config_diff.json").write_text(json.dumps(diff, indent=2, sort_keys=True) + "\n")
    (run_dir / "metadata.json").write_text(json.dumps(metadata, indent=2, sort_keys=True) + "\n")


if "--dry-run" in sys.argv:
    args = parse_args()
    hparams = resolve_hparams(args.set)
    validate_hparams(hparams)
    run_dir = create_run_dir(args.out_dir)
    write_run_files(run_dir, args, hparams, "dry-run")
    print(f"dry_run:true out_dir:{run_dir}")
    print(json.dumps(dict(hparams=hparams, config_diff=config_diff(hparams)), indent=2, sort_keys=True))
    sys.exit(0)

import torch
from torch import Tensor, nn
from torch.optim import AdamW
import torch.nn.functional as F
import torch.distributed as dist


########################################
#              Dataloader              #
########################################

def _load_data_shard(file: Path):
    header = torch.from_file(str(file), False, 256, dtype=torch.int32) # header is 256 int32
    assert header[0] == 20240520, "magic number mismatch in the data .bin file"
    assert header[1] == 1, "unsupported version"
    num_tokens = int(header[2]) # number of tokens (claimed)
    with file.open("rb", buffering=0) as f:
        tokens = torch.empty(num_tokens, dtype=torch.uint16, pin_memory=True)
        f.seek(256 * 4)
        nbytes = f.readinto(tokens.numpy()) # avoid bytes->array copy
        assert nbytes == 2 * num_tokens, "number of tokens read does not match header"
    return tokens

def distributed_data_generator(filename_pattern: str, batch_size: int, seq_len=1024):
    files = sorted(Path.cwd().glob(filename_pattern))
    assert batch_size % dist.get_world_size() == 0
    local_batch_size = batch_size // dist.get_world_size()
    file_iter = iter(files)
    tokens, pos = _load_data_shard(next(file_iter)), 0
    while True:
        if pos + batch_size + 1 >= len(tokens):
            tokens, pos = _load_data_shard(next(file_iter)), 0
        buf = tokens[pos + dist.get_rank() * local_batch_size:][:local_batch_size + 1]
        inputs = buf[:-1].to(device="cuda", dtype=torch.int32, non_blocking=True)
        targets = buf[1:].to(device="cuda", dtype=torch.int64, non_blocking=True)
        pos += batch_size
        yield inputs.view(-1, seq_len), targets.view(-1, seq_len)


########################################
#             Architecture             #
########################################

class RMSNorm(nn.Module):
    def __init__(self, dim):
        super().__init__()
        self.gains = nn.Parameter(torch.ones(dim))

    def forward(self, x):
        return F.rms_norm(x, (x.size(-1),), weight=self.gains.type_as(x))

class Linear(nn.Linear):
    def __init__(self, in_features, out_features):
        super().__init__(in_features, out_features, bias=True)

    def forward(self, x):
        return F.linear(x, self.weight.type_as(x), self.bias.type_as(x))

class Rotary(nn.Module):
    def __init__(self, dim: int):
        super().__init__()
        # half-truncate RoPE (w/ base freq tuning)
        angular_freq = (1 / 1024) ** torch.linspace(0, 1, steps=dim//4, dtype=torch.float32)
        self.register_buffer("angular_freq", torch.cat([angular_freq, angular_freq.new_zeros(dim//4)]))

    def forward(self, x_BTHD: Tensor):
        pos = torch.arange(x_BTHD.size(1), dtype=torch.float32, device=x_BTHD.device)
        theta = torch.outer(pos, self.angular_freq)[None, :, None, :]
        cos, sin = theta.cos(), theta.sin()
        x1, x2 = x_BTHD.to(dtype=torch.float32).chunk(2, dim=-1)
        y1 = x1 * cos + x2 * sin
        y2 = x1 * (-sin) + x2 * cos
        return torch.cat((y1, y2), 3).type_as(x_BTHD)

class CausalSelfAttention(nn.Module):
    def __init__(self, dim: int, head_dim=128):
        super().__init__()
        self.num_heads = dim // head_dim
        self.head_dim = head_dim
        hdim = self.num_heads * self.head_dim
        self.q = Linear(dim, hdim)
        self.k = Linear(dim, hdim)
        self.v = Linear(dim, hdim)
        self.proj = Linear(hdim, dim)
        self.rotary = Rotary(head_dim)

    def forward(self, x: Tensor):
        B, T = x.size(0), x.size(1)
        q = self.q(x).view(B, T, self.num_heads, self.head_dim)
        k = self.k(x).view(B, T, self.num_heads, self.head_dim)
        v = self.v(x).view(B, T, self.num_heads, self.head_dim)
        q, k = F.rms_norm(q, (q.size(-1),)), F.rms_norm(k, (k.size(-1),))
        q, k = self.rotary(q), self.rotary(k)
        y = F.scaled_dot_product_attention(q.transpose(1, 2), k.transpose(1, 2),
                                           v.transpose(1, 2), scale=0.12, is_causal=True).transpose(1, 2)
        y = y.contiguous().view(B, T, self.num_heads * self.head_dim)
        y = self.proj(y)
        return y

class MLP(nn.Module):
    def __init__(self, dim: int):
        super().__init__()
        hdim = 4 * dim
        self.fc = Linear(dim, hdim)
        self.proj = Linear(hdim, dim)

    def forward(self, x: Tensor):
        x = self.fc(x)
        x = x.relu().square()
        x = self.proj(x)
        return x

class Block(nn.Module):
    def __init__(self, dim: int):
        super().__init__()
        self.attn = CausalSelfAttention(dim)
        self.mlp = MLP(dim)
        self.norm1 = RMSNorm(dim)
        self.norm2 = RMSNorm(dim)

    def forward(self, x: Tensor):
        x = x + self.attn(self.norm1(x))
        x = x + self.mlp(self.norm2(x))
        return x

class GPT(nn.Module):
    def __init__(self, vocab_size: int, num_layers: int, model_dim: int):
        super().__init__()
        self.embed = nn.Embedding(vocab_size, model_dim).bfloat16()
        self.blocks = nn.ModuleList([Block(model_dim) for _ in range(num_layers)])
        self.proj = Linear(model_dim, vocab_size)
        self.norm1 = RMSNorm(model_dim)
        self.norm2 = RMSNorm(model_dim)

    def forward(self, inputs: Tensor, targets: Tensor):
        x = self.norm1(self.embed(inputs))
        for block in self.blocks:
            x = block(x)
        logits = self.proj(self.norm2(x)).float()
        logits = 15 * logits * (logits.square() + 15**2).rsqrt()
        return F.cross_entropy(logits.view(targets.numel(), -1), targets.view(-1), reduction="sum")


########################################
#              Optimizer               #
########################################

def leon_compute_dtype(dtype_name: str):
    if dtype_name == "bfloat16":
        return torch.bfloat16
    if dtype_name == "float32":
        return torch.float32
    if dtype_name == "float64":
        return torch.float64
    raise ValueError(f"Unsupported Leon orthogonalization dtype: {dtype_name!r}")


def leon_accum_dtype(dtype_name: str):
    return torch.float64 if dtype_name == "float64" else torch.float32


def leon_orthogonalize(grad: Tensor, momentum_buffer: Tensor, second_momentum_buffer: Tensor,
                       momentum: float = 0.95, beta2: float = 0.7,
                       ns_iters: int = 6, ns_coeffs: tuple = (2, -1.5, 0.5),
                       eps: float = 1e-7, l_scale: float = 1.0,
                       compute_dtype: str = "bfloat16",
                       l_normalize_mode: str = "off",
                       match_l0_norm: bool = False,
                       use_grad_diff: bool = False,
                       prev_grad_buffer: Tensor = None,
                       use_nesterov: bool = True,
                       precondition_side: str = "auto") -> Tensor:
    """
    Leon update: Nesterov momentum + Newton-Schulz orthogonalization with
    augmented Gram matrix (second momentum buffer).

    precondition_side controls which matrix-dimension the Gram is computed on:
      "auto"   — min(D1,D2) side (cheap; standard Muon path)
      "input"  — always D2×D2 Gram (grad.mT @ grad); right-multiply NS
      "output" — always D1×D1 Gram (grad @ grad.mT); left-multiply NS
    """
    is_tall = grad.size(-2) >= grad.size(-1)
    x_dtype = leon_compute_dtype(compute_dtype)
    accum_dtype = leon_accum_dtype(compute_dtype)

    # 0. Compute Gram matrix of raw gradient BEFORE mutating it with momentum
    if use_grad_diff and prev_grad_buffer is not None:
        gram_src = grad - prev_grad_buffer
        prev_grad_buffer.copy_(grad)  # store raw grad before momentum mutation
    else:
        gram_src = grad

    # Determine Gram side and NS multiply direction
    if precondition_side == "input":
        gram_tmp = gram_src.mT @ gram_src   # always D2×D2
        apply_left = False
    elif precondition_side == "output":
        gram_tmp = gram_src @ gram_src.mT   # always D1×D1
        apply_left = True
    else:  # "auto" — use min-dimension side
        if is_tall:
            gram_tmp = gram_src.mT @ gram_src
            apply_left = False
        else:
            gram_tmp = gram_src @ gram_src.mT
            apply_left = True

    # Both buffers are stored as unnormalized exponential sums:
    #   S_t = momentum * S_{t-1} + grad_t          (first moment)
    #   T_t = beta2    * T_{t-1} + grad_t grad_t^T (second moment)
    # so we avoid the lerp_ / divide-by-(1-decay) round-trip used in EMA storage.

    # 1. First-moment sum + Nesterov: g = grad + momentum * S_t
    if use_nesterov and momentum_buffer is not None:
        momentum_buffer.mul_(momentum).add_(grad)
        g = grad.add_(momentum_buffer, alpha=momentum)
    else:
        g = grad  # no momentum: orthogonalize the raw gradient directly

    # 2. Second-moment sum: T_t in place
    second_momentum_buffer.mul_(beta2).add_(gram_tmp)

    X = g.to(dtype=x_dtype)
    L_unscaled = second_momentum_buffer.to(dtype=accum_dtype)
    if l_normalize_mode == "match_g":
        x_sq = X.to(dtype=accum_dtype).pow(2).sum()
        raw_l_tr = L_unscaled.diagonal(dim1=-2, dim2=-1).sum().clamp_min(1e-12)
        # Rescale so tr(L) = l_scale * ||X||_F^2 regardless of the raw sum magnitude.
        L = L_unscaled * (l_scale * x_sq / raw_l_tr)
    else:
        L = L_unscaled * l_scale
    A = 0.5 * (L + L.transpose(-2, -1))  # ensure symmetry

    # 3. Scale so that tr(GG^T + L) ≈ 1
    tr = X.to(dtype=accum_dtype).pow(2).sum(dim=(-2, -1), keepdim=True) \
       + A.diagonal(dim1=-2, dim2=-1).sum(dim=-1, keepdim=True).unsqueeze(-1)
    tr = tr.clamp_min(1e-12) * ((1 + 2e-2)**2)  # safety cushion

    inv_sqrt_tr = tr.rsqrt()
    inv_tr = inv_sqrt_tr.square()

    X = X * inv_sqrt_tr.to(X.dtype)
    A = (A * inv_tr).contiguous()

    # 4. Initial augmented Gram: A0 = gram(X) + L_scaled
    if apply_left:
        A = A + (X @ X.mT)
    else:
        A = A + (X.mT @ X)
    A.diagonal(dim1=-2, dim2=-1).add_(eps)  # eps for stability

    # 5. Newton-Schulz iterations with A iteration
    a, b, c = ns_coeffs
    last_iter = ns_iters - 1
    for i in range(ns_iters):
        A = 0.5 * (A + A.transpose(-2, -1))  # keep symmetric
        B = b * A + c * (A @ A)

        if apply_left:
            X = a * X + B.to(X.dtype) @ X
        else:
            X = a * X + X @ B.to(X.dtype)

        # Update A alongside X (skip on last iteration)
        if i < last_iter:
            # A <- (aI + B) A (aI + B)
            # computed as: D = a*A + B@A, then A = a*D + D@B
            D = a * A + B @ A
            A = a * D + D @ B

    if match_l0_norm:
        # Rescale X to ||X||_F = sqrt(min(D1, D2)), the natural Frobenius norm
        # of an orthogonalized (L=0) Muon-NS update.
        target = float(min(X.size(-2), X.size(-1))) ** 0.5
        cur = X.to(dtype=accum_dtype).norm().clamp_min(1e-12)
        X = X * (target / cur).to(X.dtype)

    return X


class Leon(torch.optim.Optimizer):
    """
    Leon optimizer: Nesterov momentum + Newton-Schulz orthogonalization with
    an augmented Gram matrix (second momentum buffer).

    Unlike Muon which recomputes A = X@X^T each NS iteration, Leon maintains
    a second momentum buffer L (scaled from an EMA of gradient Gram matrices) and augments
    the iteration matrix: A = X@X^T + L. A is also iterated alongside X.
    """
    def __init__(self, params, lr=0.025, weight_decay=0.025, mu=0.95, beta2=0.7,
                 ns_iters=6, eps=1e-7, l_scale=1.0, orthogonalize_dtype="bfloat16",
                 l_normalize_mode="off", match_l0_norm=False, use_grad_diff=False,
                 use_nesterov=True, precondition_side="auto"):
        assert isinstance(params, list) and len(params) >= 1 and isinstance(params[0], torch.nn.Parameter)
        params = sorted(params, key=lambda x: x.size(), reverse=True)
        defaults = dict(lr=lr, weight_decay=weight_decay, mu=mu, beta2=beta2,
                        ns_iters=ns_iters, eps=eps, l_scale=l_scale,
                        orthogonalize_dtype=orthogonalize_dtype,
                        l_normalize_mode=l_normalize_mode,
                        match_l0_norm=match_l0_norm,
                        use_grad_diff=use_grad_diff,
                        use_nesterov=use_nesterov,
                        precondition_side=precondition_side)
        super().__init__(params, defaults)
        self.param_names = {}

    def diagnostic_stats(self, selected_patterns):
        if isinstance(selected_patterns, str):
            selected_patterns = (selected_patterns,)
        selected_patterns = tuple(selected_patterns)

        rows = []
        rank = dist.get_rank()
        world_size = dist.get_world_size()
        with torch.no_grad():
            for group in self.param_groups:
                params = group["params"]
                for base_i in range(0, len(params), world_size):
                    if base_i + rank >= len(params):
                        continue
                    p = params[base_i + rank]
                    name = self.param_names.get(p, f"param_{base_i + rank}")
                    if selected_patterns and not any(pattern in name for pattern in selected_patterns):
                        continue
                    if p.grad is None:
                        continue

                    state = self.state[p]
                    use_nesterov = group.get("use_nesterov", True)
                    ps = group.get("precondition_side", "auto")
                    if len(state) == 0:
                        momentum_buffer = torch.zeros_like(p, dtype=torch.float32) if use_nesterov else None
                        D1d, D2d = p.shape[-2], p.shape[-1]
                        gram_D = D2d if ps == "input" else (D1d if ps == "output" else min(D1d, D2d))
                        second_momentum_buffer = torch.zeros(
                            gram_D, gram_D, dtype=torch.float32, device=p.device
                        )
                    else:
                        momentum_buffer = state.get("momentum_buffer")  # None when use_nesterov=False
                        second_momentum_buffer = state["second_momentum_buffer"]

                    prev_grad_buffer = state.get("prev_grad_buffer")
                    prev_grad_clone = prev_grad_buffer.clone() if prev_grad_buffer is not None else None

                    grad = p.grad.float()
                    momentum_clone = momentum_buffer.clone() if momentum_buffer is not None else None
                    l_clone = second_momentum_buffer.clone()
                    grad_for_update = grad.clone()

                    # Compute grad_diff_norm before leon_orthogonalize mutates prev_grad_clone
                    if prev_grad_clone is not None:
                        grad_diff_norm = (grad_for_update - prev_grad_clone).float().norm()
                    else:
                        grad_diff_norm = math.nan

                    update = leon_orthogonalize(
                        grad_for_update, momentum_clone, l_clone,
                        momentum=group["mu"], beta2=group["beta2"],
                        ns_iters=group["ns_iters"], eps=group["eps"],
                        l_scale=group["l_scale"],
                        compute_dtype=group["orthogonalize_dtype"],
                        l_normalize_mode=group["l_normalize_mode"],
                        match_l0_norm=group["match_l0_norm"],
                        use_grad_diff=group.get("use_grad_diff", False),
                        prev_grad_buffer=prev_grad_clone,
                        use_nesterov=use_nesterov,
                        precondition_side=ps,
                    )
                    update *= max(1, p.size(-2) / p.size(-1))**0.5

                    momentum_l0 = momentum_buffer.clone() if momentum_buffer is not None else None
                    l_l0 = second_momentum_buffer.clone()
                    update_l0 = leon_orthogonalize(
                        grad.clone(), momentum_l0, l_l0,
                        momentum=group["mu"], beta2=group["beta2"],
                        ns_iters=group["ns_iters"], eps=group["eps"],
                        l_scale=0.0,
                        compute_dtype=group["orthogonalize_dtype"],
                        use_nesterov=use_nesterov,
                        precondition_side=ps,
                    )
                    update_l0 *= max(1, p.size(-2) / p.size(-1))**0.5

                    update_float = update.float()
                    update_l0_float = update_l0.float()
                    update_norm = update_float.norm()
                    update_l0_norm = update_l0_float.norm()

                    # Per-row (per-neuron) stats: rows for tall, cols for wide
                    _is_tall = p.size(-2) >= p.size(-1)
                    if _is_tall:
                        upd_row_norms    = update_float.norm(dim=-1)
                        upd_l0_row_norms = update_l0_float.norm(dim=-1)
                        w_row_norms      = p.float().norm(dim=-1)
                    else:
                        upd_row_norms    = update_float.norm(dim=-2)
                        upd_l0_row_norms = update_l0_float.norm(dim=-2)
                        w_row_norms      = p.float().norm(dim=-2)
                    def _cv(x):
                        return (x.std() / x.mean().clamp_min(1e-12)).item()
                    def _dead(x):
                        return (x < 0.1 * x.mean()).float().mean().item()
                    update_row_cv    = _cv(upd_row_norms)
                    update_l0_row_cv = _cv(upd_l0_row_norms)
                    w_dead_frac      = _dead(w_row_norms)
                    cosine_denom = (update_norm * update_l0_norm).clamp_min(1e-12)
                    update_l0_cos = (update_float.flatten() @ update_l0_float.flatten()) / cosine_denom
                    grad_norm = grad.norm()
                    # momentum_clone holds the unnormalized sum S_t (post-step) when use_nesterov=True.
                    if momentum_clone is not None:
                        momentum_norm = momentum_clone.norm()
                        update_momentum_cos = (update_float.flatten() @ momentum_clone.float().flatten()) / (
                            update_norm * momentum_norm
                        ).clamp_min(1e-12)
                    else:
                        momentum_norm = math.nan
                        update_momentum_cos = math.nan
                    l_for_stats = l_clone
                    update_grad_cos = (update_float.flatten() @ grad.flatten()) / (
                        update_norm * grad_norm
                    ).clamp_min(1e-12)

                    l_sym = 0.5 * (l_for_stats + l_for_stats.transpose(-2, -1))
                    l_trace = l_sym.diagonal(dim1=-2, dim2=-1).sum().clamp_min(0)
                    l_fro = l_sym.norm()
                    diagnostic_accum_dtype = leon_accum_dtype(group["orthogonalize_dtype"])
                    g_sq = grad_for_update.to(dtype=diagnostic_accum_dtype).pow(2).sum()
                    # Reflect the actual effective tr(L) used inside leon_orthogonalize:
                    # match_g rescales tr(L) to l_scale * ||g||^2, off uses l_scale * tr(L_unscaled).
                    if group["l_normalize_mode"] == "match_g":
                        effective_l_trace = group["l_scale"] * g_sq
                    else:
                        effective_l_trace = group["l_scale"] * l_trace
                    l_trace_fraction = effective_l_trace / (g_sq + effective_l_trace).clamp_min(1e-12)
                    if l_trace > 0:
                        l_top_eval = torch.linalg.eigvalsh(l_sym).amax().clamp_min(0)
                        l_top_eval_fraction = l_top_eval / l_trace.clamp_min(1e-12)
                    else:
                        l_top_eval = l_trace
                        l_top_eval_fraction = l_trace

                    weight_norm = p.float().norm()
                    # LR-free shape metric: ||update||_F / ||W||_F. Multiply by lr (also
                    # logged) to recover the per-step relative move.
                    relative_update = update_norm / weight_norm.clamp_min(1e-12)
                    relative_update_l0 = update_l0_norm / weight_norm.clamp_min(1e-12)

                    rows.append(dict(
                        name=name,
                        lr=float(group["lr"]),
                        weight_norm=float(weight_norm.item()),
                        grad_norm=float(grad_norm.item()),
                        grad_diff_norm=float(grad_diff_norm) if isinstance(grad_diff_norm, float) else float(grad_diff_norm.item()),
                        momentum_norm=float(momentum_norm) if isinstance(momentum_norm, float) else float(momentum_norm.item()),
                        update_norm=float(update_norm.item()),
                        update_l0_norm=float(update_l0_norm.item()),
                        relative_update=float(relative_update.item()),
                        relative_update_l0=float(relative_update_l0.item()),
                        update_l0_cos=float(update_l0_cos.item()),
                        update_grad_cos=float(update_grad_cos.item()),
                        update_momentum_cos=float(update_momentum_cos) if isinstance(update_momentum_cos, float) else float(update_momentum_cos.item()),
                        l_trace=float(l_trace.item()),
                        l_fro=float(l_fro.item()),
                        l_trace_fraction=float(l_trace_fraction.item()),
                        l_top_eval=float(l_top_eval.item()),
                        l_top_eval_fraction=float(l_top_eval_fraction.item()),
                        update_row_cv=update_row_cv,
                        update_l0_row_cv=update_l0_row_cv,
                        w_dead_frac=w_dead_frac,
                    ))
        return rows

    @torch.no_grad()
    def step(self):
        world_size = dist.get_world_size()
        rank = dist.get_rank()
        for group in self.param_groups:
            params = group["params"]
            params_pad = params + [torch.empty_like(params[-1])] * (world_size - len(params) % world_size)
            for base_i in range(0, len(params), world_size):
                if base_i + rank < len(params):
                    p = params[base_i + rank]
                    state = self.state[p]
                    if len(state) == 0:
                        if group["use_nesterov"]:
                            state["momentum_buffer"] = torch.zeros_like(p, dtype=torch.float32)
                        D1, D2 = p.shape[-2], p.shape[-1]
                        ps = group.get("precondition_side", "auto")
                        gram_D = D2 if ps == "input" else (D1 if ps == "output" else min(D1, D2))
                        state["second_momentum_buffer"] = torch.zeros(
                            gram_D, gram_D, dtype=torch.float32, device=p.device
                        )
                        if group["use_grad_diff"]:
                            state["prev_grad_buffer"] = torch.zeros_like(p, dtype=torch.float32)
                    grad = p.grad.float()
                    update = leon_orthogonalize(
                        grad, state.get("momentum_buffer"), state["second_momentum_buffer"],
                        momentum=group["mu"], beta2=group["beta2"],
                        ns_iters=group["ns_iters"], eps=group["eps"],
                        l_scale=group["l_scale"],
                        compute_dtype=group["orthogonalize_dtype"],
                        l_normalize_mode=group["l_normalize_mode"],
                        match_l0_norm=group["match_l0_norm"],
                        use_grad_diff=group["use_grad_diff"],
                        prev_grad_buffer=state.get("prev_grad_buffer"),
                        use_nesterov=group["use_nesterov"],
                        precondition_side=group.get("precondition_side", "auto"),
                    )
                    update *= max(1, p.size(-2) / p.size(-1))**0.5
                    p.mul_(1 - group["lr"] * group["weight_decay"])
                    p.add_(update, alpha=-group["lr"])
                dist.all_gather(params_pad[base_i:base_i + world_size], params_pad[base_i + rank])


########################################
#                Setup                 #
########################################

def main():
    args = parse_args()
    num_trials = args.trials if args.trials is not None else (args.legacy_trials or 1)
    hparams = resolve_hparams(args.set)
    validate_hparams(hparams)

    if args.dry_run:
        run_dir = create_run_dir(args.out_dir)
        write_run_files(run_dir, args, hparams, "dry-run")
        print(f"dry_run:true out_dir:{run_dir}")
        print(json.dumps(dict(hparams=hparams, config_diff=config_diff(hparams)), indent=2, sort_keys=True))
        return

    global device
    # torchrun sets these env variables
    device = torch.device("cuda", int(os.environ["LOCAL_RANK"]))
    torch.cuda.set_device(device)
    dist.init_process_group(backend="nccl", device_id=device)
    dist.barrier()
    # this code can be run equivalently with 1, 2, 4, or 8 gpus.
    assert 8 % dist.get_world_size() == 0

    try:
        if dist.get_rank() == 0:
            run_dir = create_run_dir(args.out_dir)
        else:
            run_dir = None
        run_dir_obj = [str(run_dir) if run_dir is not None else None]
        dist.broadcast_object_list(run_dir_obj, src=0)
        run_dir = Path(run_dir_obj[0])
        logfile = run_dir / "train.log"

        # logging setup
        if dist.get_rank() == 0:
            print(logfile)
            write_run_files(run_dir, args, hparams, "train", dict(
                device_name=torch.cuda.get_device_name(device),
                world_size=dist.get_world_size(),
            ))

        wandb_run = None
        if hparams["wandb_project"] is not None and dist.get_rank() == 0:
            try:
                import wandb
                wandb_run = wandb.init(
                    project=hparams["wandb_project"],
                    mode=hparams.get("wandb_mode", "online"),
                    name=hparams.get("wandb_run_name") or run_dir.name,
                    dir=str(run_dir),
                    config=hparams,
                    tags=[Path(__file__).stem, f"world_size={dist.get_world_size()}"],
                )
            except Exception as e:
                print(f"[wandb] init failed, continuing without wandb: {e}")
                wandb_run = None

        def print0(s, console=False, log=True):
            if dist.get_rank() == 0:
                if console:
                    print(s)
                if log:
                    with open(logfile, "a") as f:
                        print(s, file=f)

        # we begin by logging this file itself
        print0(code)
        print0("="*100)
        print0(f"Running PyTorch {torch.version.__version__} compiled for CUDA {torch.version.cuda}"
               + f" on {torch.cuda.get_device_name(device)} with world_size {dist.get_world_size()}")
        print0(json.dumps(dict(hparams=hparams, config_diff=config_diff(hparams)), indent=2, sort_keys=True))
        print0("="*100)

        val_tokens = 20 * 524288
        batch_size = 8 * 64 * 1024
        mbs = 64
        val_inputs, val_targets = next(distributed_data_generator("data/fineweb10B/fineweb_val_*.bin", val_tokens))

        model = GPT(vocab_size=50304, num_layers=12, model_dim=768).cuda()
        model.compile(dynamic=False)

        for _ in range(num_trials):


            ########################################
            #            Hyperparameters            #
            ########################################

            train_steps = hparams["train_steps"]

            # initialize model parameters
            for name, p in model.named_parameters():
                w = p.data
                if name.endswith("weight"):
                    if "proj" in name:
                        w.zero_()
                    elif "embed" in name:
                        w.normal_()  # default torch init
                    else:
                        w.normal_(std=0.33**0.5 / w.size(-1)**0.5)  # default torch init
                elif name.endswith("bias"):
                    w.zero_()
                elif name.endswith("gains"):
                    w.normal_(mean=1, std=0)
                else:
                    raise Exception(f"Uninitialized parameter: {name}")

            # create the optimizer(s)
            optimizer1 = AdamW([dict(params=[model.embed.weight], lr=hparams["embed_lr"]),
                                dict(params=[model.proj.weight], lr=hparams["proj_lr"]),
                                dict(params=[p for p in model.parameters() if p.ndim < 2], lr=hparams["scalar_lr"])],
                               betas=hparams["adam_betas"], eps=hparams["adam_eps"],
                               weight_decay=hparams["adam_wd"], fused=True)
            optimizer2 = Leon([p for p in model.blocks.parameters() if p.ndim >= 2],
                              lr=hparams["leon_lr"], weight_decay=hparams["leon_wd"],
                              mu=hparams["leon_mu"], beta2=hparams["leon_beta2"],
                              ns_iters=hparams["leon_ns_iters"], eps=hparams["leon_eps"],
                              l_scale=hparams["leon_l_scale"],
                              orthogonalize_dtype=hparams["leon_orthogonalize_dtype"],
                              l_normalize_mode=hparams["leon_l_normalize_mode"],
                              match_l0_norm=hparams["leon_match_l0_norm"],
                              use_grad_diff=hparams["leon_use_grad_diff"],
                              use_nesterov=hparams["leon_use_nesterov"],
                              precondition_side=hparams["leon_precondition_side"])
            optimizer2.param_names = {p: name for name, p in model.named_parameters()}
            optimizers = [optimizer1, optimizer2]
            assert set(p for opt in optimizers for group in opt.param_groups
                       for p in group["params"]) == set(model.parameters())
            for opt in optimizers:
                for group in opt.param_groups:
                    group["initial_lr"] = group["lr"]
            for group in optimizer1.param_groups:
                group["cooldown_frac"] = hparams["adam_cooldown_frac"]
            for group in optimizer2.param_groups:
                group["cooldown_frac"] = hparams["leon_cooldown_frac"]
                group["l_scale"] = scheduled_l_scale(hparams, 0.0)

            # learning rate schedule: stable then decay
            def set_hparams(step):
                progress = step / train_steps
                assert 0 <= progress < 1
                for opt in optimizers:
                    for group in opt.param_groups:
                        cooldown_frac = group["cooldown_frac"]
                        if progress < 1 - cooldown_frac:
                            eta = 1.0
                        else:
                            eta = (1 - progress) / cooldown_frac
                        group["lr"] = group["initial_lr"] * eta
                l_scale = scheduled_l_scale(hparams, progress)
                for group in optimizer2.param_groups:
                    group["l_scale"] = l_scale

            def log_leon_diagnostics(step):
                if not hparams["leon_log_diagnostics"]:
                    return
                interval = hparams["leon_diag_interval"]
                if interval <= 0 or step % interval != 0:
                    return
                local_rows = optimizer2.diagnostic_stats(hparams["leon_diag_patterns"])
                gathered_rows = [None] * dist.get_world_size()
                dist.all_gather_object(gathered_rows, local_rows)
                if dist.get_rank() != 0:
                    return
                rows = [row for rank_rows in gathered_rows for row in rank_rows]
                rows.sort(key=lambda row: row["name"])
                for row in rows:
                    print0(
                        "diag"
                        + f" step:{step}"
                        + f" name:{row['name']}"
                        + f" lr:{row['lr']:.8g}"
                        + f" weight_norm:{row['weight_norm']:.6g}"
                        + f" grad_norm:{row['grad_norm']:.6g}"
                        + f" grad_diff_norm:{row['grad_diff_norm']:.6g}"
                        + f" momentum_norm:{row['momentum_norm']:.6g}"
                        + f" update_norm:{row['update_norm']:.6g}"
                        + f" update_l0_norm:{row['update_l0_norm']:.6g}"
                        + f" relative_update:{row['relative_update']:.6g}"
                        + f" relative_update_l0:{row['relative_update_l0']:.6g}"
                        + f" update_l0_cos:{row['update_l0_cos']:.6g}"
                        + f" update_grad_cos:{row['update_grad_cos']:.6g}"
                        + f" update_momentum_cos:{row['update_momentum_cos']:.6g}"
                        + f" l_trace:{row['l_trace']:.6g}"
                        + f" l_fro:{row['l_fro']:.6g}"
                        + f" l_trace_fraction:{row['l_trace_fraction']:.6g}"
                        + f" l_top_eval:{row['l_top_eval']:.6g}"
                        + f" l_top_eval_fraction:{row['l_top_eval_fraction']:.6g}"
                        + f" update_row_cv:{row['update_row_cv']:.6g}"
                        + f" update_l0_row_cv:{row['update_l0_row_cv']:.6g}"
                        + f" w_dead_frac:{row['w_dead_frac']:.6g}",
                        console=False,
                    )
                if wandb_run is not None:
                    wandb_run.log({
                        f"diag/{row['name']}/{k}": v
                        for row in rows for k, v in row.items() if k != "name"
                    }, step=step)


            ########################################
            #        Training and Validation       #
            ########################################

            train_loader = distributed_data_generator("data/fineweb10B/fineweb_train_*.bin", batch_size)
            for p in model.parameters():
                dist.broadcast(p.detach(), 0)
            # start the clock
            training_time = 0
            last_val_step = 0
            dist.barrier()
            t0 = time.perf_counter()
            for step in range(train_steps + 1):

                # --------------- VALIDATION SECTION -----------------
                if step == train_steps or step % 125 == 0:
                    # stop the clock
                    dist.barrier()
                    time_since_last_val = time.perf_counter() - t0
                    step_avg = time_since_last_val / (step - last_val_step) if step > 0 else float("nan")
                    last_val_step = step
                    training_time += time_since_last_val
                    model.eval()
                    val_loss = 0
                    with torch.no_grad():
                        assert len(val_inputs) % mbs == 0
                        for i in range(len(val_inputs) // mbs):
                            val_loss += model(val_inputs[i*mbs:(i+1)*mbs], val_targets[i*mbs:(i+1)*mbs])
                    dist.all_reduce(val_loss, op=dist.ReduceOp.SUM)
                    val_loss /= val_tokens
                    print0(f"step:{step}/{train_steps} val_loss:{val_loss:.5f} train_time:{training_time:.3f}s"
                           + f" step_avg:{1000*step_avg:.2f}ms", console=True)
                    if wandb_run is not None:
                        wandb_run.log({
                            "val_loss": float(val_loss),
                            "train_time_s": training_time,
                            "step_avg_ms": 1000 * step_avg if step > 0 else 0.0,
                        }, step=step)
                    model.train()
                    # start the clock again
                    dist.barrier()
                    t0 = time.perf_counter()

                if step == train_steps:
                    break

                # --------------- TRAINING SECTION -----------------
                inputs, targets = next(train_loader)
                # accumulate across microbatches in case we are running with fewer than 8 gpus
                assert len(inputs) % mbs == 0
                for i in range(len(inputs) // mbs):
                    model(inputs[i*mbs:(i+1)*mbs], targets[i*mbs:(i+1)*mbs]).backward()
                for name, p in model.named_parameters():
                    assert p.grad is not None, name
                    dist.all_reduce(p.grad, op=dist.ReduceOp.SUM)
                # set optimization hyperparameters and take a step
                set_hparams(step)
                log_leon_diagnostics(step + 1)
                for opt in optimizers:
                    opt.step()
                model.zero_grad(set_to_none=True)
                approx_training_time = training_time + (time.perf_counter() - t0)
                print0(f"step:{step+1}/{train_steps} train_time:{approx_training_time:.3f}s"
                       + f" step_avg:{1000*approx_training_time/(step + 1):.2f}ms", console=True, log=False)
    finally:
        if 'wandb_run' in locals() and wandb_run is not None:
            wandb_run.finish()
        dist.destroy_process_group()


if __name__ == "__main__":
    main()

====================================================================================================
Running PyTorch 2.11.0+cu128 compiled for CUDA 12.8 on NVIDIA H100 NVL with world_size 4
{
  "config_diff": {
    "leon_eps": 1e-12,
    "leon_log_diagnostics": true,
    "leon_ns_iters": 12,
    "leon_orthogonalize_dtype": "float32",
    "train_steps": 1500,
    "wandb_project": "modded-nanogpt-track3",
    "wandb_run_name": "leon_side_auto_1500"
  },
  "hparams": {
    "adam_betas": [
      0.8,
      0.95
    ],
    "adam_cooldown_frac": 0.7,
    "adam_eps": 1e-10,
    "adam_wd": 0.0,
    "embed_lr": 0.3,
    "leon_beta2": 0.7,
    "leon_cooldown_frac": 0.7,
    "leon_diag_interval": 125,
    "leon_diag_patterns": [
      "blocks.0.mlp.fc.weight",
      "blocks.6.mlp.fc.weight",
      "blocks.11.mlp.fc.weight",
      "blocks.0.mlp.proj.weight",
      "blocks.0.attn.q.weight"
    ],
    "leon_eps": 1e-12,
    "leon_l_normalize_mode": "off",
    "leon_l_scale": 1.0,
    "leon_l_scale_ramp_end_frac": 0.6,
    "leon_l_scale_ramp_start_frac": 0.2,
    "leon_l_scale_schedule": "constant",
    "leon_log_diagnostics": true,
    "leon_lr": 0.025,
    "leon_match_l0_norm": false,
    "leon_mu": 0.95,
    "leon_ns_iters": 12,
    "leon_orthogonalize_dtype": "float32",
    "leon_precondition_side": "auto",
    "leon_use_grad_diff": false,
    "leon_use_nesterov": true,
    "leon_wd": 0.025,
    "proj_lr": 0.003125,
    "scalar_lr": 0.01,
    "train_steps": 1500,
    "wandb_mode": "online",
    "wandb_project": "modded-nanogpt-track3",
    "wandb_run_name": "leon_side_auto_1500"
  }
}
====================================================================================================
step:0/1500 val_loss:10.82584 train_time:0.001s step_avg:nanms
diag step:125 name:blocks.0.attn.q.weight lr:0.025 weight_norm:26.4762 grad_norm:6709.64 grad_diff_norm:nan momentum_norm:9483.96 update_norm:20.2033 update_l0_norm:27.4311 relative_update:0.763075 relative_update_l0:1.03607 update_l0_cos:0.911776 update_grad_cos:0.194147 update_momentum_cos:0.543607 l_trace:1.34396e+08 l_fro:7.24633e+07 l_trace_fraction:0.436104 l_top_eval:6.96497e+07 l_top_eval_fraction:0.518242 update_row_cv:0.0828672 update_l0_row_cv:0.00519732 w_dead_frac:0
diag step:125 name:blocks.0.mlp.fc.weight lr:0.025 weight_norm:53.4432 grad_norm:19978.7 grad_diff_norm:nan momentum_norm:19758.7 update_norm:44.4401 update_l0_norm:55.4256 relative_update:0.831538 relative_update_l0:1.03709 update_l0_cos:0.986753 update_grad_cos:0.241575 update_momentum_cos:0.564047 l_trace:1.09998e+09 l_fro:5.53981e+08 l_trace_fraction:0.481639 l_top_eval:5.34305e+08 l_top_eval_fraction:0.485743 update_row_cv:0.331572 update_l0_row_cv:0.304125 w_dead_frac:0
diag step:125 name:blocks.0.mlp.proj.weight lr:0.025 weight_norm:25.6737 grad_norm:82400.8 grad_diff_norm:nan momentum_norm:58510.4 update_norm:20.6598 update_l0_norm:27.7128 relative_update:0.804706 relative_update_l0:1.07942 update_l0_cos:0.952784 update_grad_cos:0.131763 update_momentum_cos:0.480108 l_trace:1.87828e+10 l_fro:1.05474e+10 l_trace_fraction:0.529174 l_top_eval:9.60097e+09 l_top_eval_fraction:0.511157 update_row_cv:0.307407 update_l0_row_cv:0.275393 w_dead_frac:0
diag step:125 name:blocks.11.mlp.fc.weight lr:0.025 weight_norm:63.7888 grad_norm:6820.49 grad_diff_norm:nan momentum_norm:10856.7 update_norm:45.148 update_l0_norm:55.4256 relative_update:0.707774 relative_update_l0:0.868894 update_l0_cos:0.981344 update_grad_cos:0.2441 update_momentum_cos:0.578909 l_trace:1.33691e+08 l_fro:6.7099e+07 l_trace_fraction:0.393186 l_top_eval:6.6011e+07 l_top_eval_fraction:0.493759 update_row_cv:0.543604 update_l0_row_cv:0.486534 w_dead_frac:0
diag step:125 name:blocks.6.mlp.fc.weight lr:0.025 weight_norm:63.0459 grad_norm:7567.86 grad_diff_norm:nan momentum_norm:10339.1 update_norm:45.3318 update_l0_norm:55.4256 relative_update:0.719029 relative_update_l0:0.879131 update_l0_cos:0.984351 update_grad_cos:0.206432 update_momentum_cos:0.468364 l_trace:1.6076e+08 l_fro:1.05728e+08 l_trace_fraction:0.423098 l_top_eval:1.0514e+08 l_top_eval_fraction:0.654018 update_row_cv:0.501536 update_l0_row_cv:0.456735 w_dead_frac:0
step:125/1500 val_loss:4.59527 train_time:82.374s step_avg:658.99ms
diag step:250 name:blocks.0.attn.q.weight lr:0.025 weight_norm:37.4852 grad_norm:2869.69 grad_diff_norm:nan momentum_norm:5605.15 update_norm:20.202 update_l0_norm:27.5204 relative_update:0.538933 relative_update_l0:0.734168 update_l0_cos:0.912267 update_grad_cos:0.276854 update_momentum_cos:0.630696 l_trace:3.15311e+07 l_fro:1.02926e+07 l_trace_fraction:0.40042 l_top_eval:8.32087e+06 l_top_eval_fraction:0.263894 update_row_cv:0.0713991 update_l0_row_cv:0.00343669 w_dead_frac:0
diag step:250 name:blocks.0.mlp.fc.weight lr:0.025 weight_norm:70.3328 grad_norm:9883.77 grad_diff_norm:nan momentum_norm:13542.3 update_norm:44.8579 update_l0_norm:55.4256 relative_update:0.637795 relative_update_l0:0.788048 update_l0_cos:0.989754 update_grad_cos:0.292165 update_momentum_cos:0.687265 l_trace:3.58155e+08 l_fro:1.5305e+08 l_trace_fraction:0.486016 l_top_eval:1.43321e+08 l_top_eval_fraction:0.400163 update_row_cv:0.233305 update_l0_row_cv:0.215664 w_dead_frac:0
diag step:250 name:blocks.0.mlp.proj.weight lr:0.025 weight_norm:35.8059 grad_norm:36565.1 grad_diff_norm:nan momentum_norm:34578.2 update_norm:21.0215 update_l0_norm:27.7128 relative_update:0.587095 relative_update_l0:0.773973 update_l0_cos:0.963749 update_grad_cos:0.188815 update_momentum_cos:0.645748 l_trace:4.73164e+09 l_fro:2.08728e+09 l_trace_fraction:0.547214 l_top_eval:1.71512e+09 l_top_eval_fraction:0.362479 update_row_cv:0.214076 update_l0_row_cv:0.193755 w_dead_frac:0
diag step:250 name:blocks.11.mlp.fc.weight lr:0.025 weight_norm:87.1713 grad_norm:4781.93 grad_diff_norm:nan momentum_norm:9213.93 update_norm:45.6947 update_l0_norm:55.4256 relative_update:0.524195 relative_update_l0:0.635824 update_l0_cos:0.988916 update_grad_cos:0.286972 update_momentum_cos:0.677953 l_trace:9.10924e+07 l_fro:4.97993e+07 l_trace_fraction:0.41558 l_top_eval:4.94502e+07 l_top_eval_fraction:0.542858 update_row_cv:0.455392 update_l0_row_cv:0.426583 w_dead_frac:0
diag step:250 name:blocks.6.mlp.fc.weight lr:0.025 weight_norm:86.0274 grad_norm:5349.03 grad_diff_norm:nan momentum_norm:8086.65 update_norm:45.6234 update_l0_norm:55.4256 relative_update:0.530336 relative_update_l0:0.644279 update_l0_cos:0.99012 update_grad_cos:0.234153 update_momentum_cos:0.585875 l_trace:1.0769e+08 l_fro:7.607e+07 l_trace_fraction:0.468208 l_top_eval:7.5901e+07 l_top_eval_fraction:0.704812 update_row_cv:0.425481 update_l0_row_cv:0.397083 w_dead_frac:0
step:250/1500 val_loss:4.09282 train_time:158.705s step_avg:610.65ms
diag step:375 name:blocks.0.attn.q.weight lr:0.025 weight_norm:44.4092 grad_norm:2800.77 grad_diff_norm:nan momentum_norm:4722.68 update_norm:20.2926 update_l0_norm:27.5346 relative_update:0.456947 relative_update_l0:0.62002 update_l0_cos:0.913859 update_grad_cos:0.248488 update_momentum_cos:0.656041 l_trace:2.44198e+07 l_fro:9.16746e+06 l_trace_fraction:0.396044 l_top_eval:8.24984e+06 l_top_eval_fraction:0.337834 update_row_cv:0.0637332 update_l0_row_cv:0.00317694 w_dead_frac:0
diag step:375 name:blocks.0.mlp.fc.weight lr:0.025 weight_norm:84.1105 grad_norm:9018.16 grad_diff_norm:nan momentum_norm:11479.9 update_norm:45.2438 update_l0_norm:55.4256 relative_update:0.53791 relative_update_l0:0.658962 update_l0_cos:0.990626 update_grad_cos:0.273629 update_momentum_cos:0.684213 l_trace:2.38999e+08 l_fro:1.01799e+08 l_trace_fraction:0.456816 l_top_eval:9.24972e+07 l_top_eval_fraction:0.387019 update_row_cv:0.188137 update_l0_row_cv:0.174804 w_dead_frac:0
diag step:375 name:blocks.0.mlp.proj.weight lr:0.025 weight_norm:43.0213 grad_norm:33487.9 grad_diff_norm:nan momentum_norm:29029.9 update_norm:21.168 update_l0_norm:27.7128 relative_update:0.492037 relative_update_l0:0.644166 update_l0_cos:0.96494 update_grad_cos:0.180146 update_momentum_cos:0.656018 l_trace:3.26849e+09 l_fro:1.74047e+09 l_trace_fraction:0.523409 l_top_eval:1.64481e+09 l_top_eval_fraction:0.503232 update_row_cv:0.183433 update_l0_row_cv:0.163477 w_dead_frac:0
diag step:375 name:blocks.11.mlp.fc.weight lr:0.025 weight_norm:103.456 grad_norm:10370.6 grad_diff_norm:nan momentum_norm:10126.7 update_norm:45.7681 update_l0_norm:55.4256 relative_update:0.442391 relative_update_l0:0.53574 update_l0_cos:0.988947 update_grad_cos:0.158036 update_momentum_cos:0.61134 l_trace:2.44299e+08 l_fro:1.95907e+08 l_trace_fraction:0.440493 l_top_eval:1.95722e+08 l_top_eval_fraction:0.801159 update_row_cv:0.388092 update_l0_row_cv:0.367016 w_dead_frac:0
diag step:375 name:blocks.6.mlp.fc.weight lr:0.025 weight_norm:102.456 grad_norm:7611.61 grad_diff_norm:nan momentum_norm:8624.94 update_norm:45.8256 update_l0_norm:55.4256 relative_update:0.447271 relative_update_l0:0.54097 update_l0_cos:0.991024 update_grad_cos:0.184511 update_momentum_cos:0.564618 l_trace:1.57011e+08 l_fro:1.19787e+08 l_trace_fraction:0.466854 l_top_eval:1.19572e+08 l_top_eval_fraction:0.761553 update_row_cv:0.361575 update_l0_row_cv:0.339791 w_dead_frac:0
step:375/1500 val_loss:3.91721 train_time:234.524s step_avg:606.55ms
diag step:500 name:blocks.0.attn.q.weight lr:0.023833333 weight_norm:49.7134 grad_norm:2332.54 grad_diff_norm:nan momentum_norm:4171.06 update_norm:20.2803 update_l0_norm:27.538 relative_update:0.407944 relative_update_l0:0.553936 update_l0_cos:0.914273 update_grad_cos:0.280005 update_momentum_cos:0.673948 l_trace:1.89853e+07 l_fro:7.30397e+06 l_trace_fraction:0.412292 l_top_eval:6.47625e+06 l_top_eval_fraction:0.341119 update_row_cv:0.0660791 update_l0_row_cv:0.00326411 w_dead_frac:0
diag step:500 name:blocks.0.mlp.fc.weight lr:0.023833333 weight_norm:96.2101 grad_norm:6133.21 grad_diff_norm:nan momentum_norm:9130.07 update_norm:45.388 update_l0_norm:55.4256 relative_update:0.471759 relative_update_l0:0.57609 update_l0_cos:0.991322 update_grad_cos:0.31656 update_momentum_cos:0.719264 l_trace:1.22732e+08 l_fro:4.56853e+07 l_trace_fraction:0.443499 l_top_eval:3.76821e+07 l_top_eval_fraction:0.307028 update_row_cv:0.162925 update_l0_row_cv:0.151016 w_dead_frac:0
diag step:500 name:blocks.0.mlp.proj.weight lr:0.023833333 weight_norm:48.7782 grad_norm:23109.8 grad_diff_norm:nan momentum_norm:22698.6 update_norm:21.2913 update_l0_norm:27.7128 relative_update:0.436491 relative_update_l0:0.568139 update_l0_cos:0.967777 update_grad_cos:0.213136 update_momentum_cos:0.717769 l_trace:1.70973e+09 l_fro:8.63852e+08 l_trace_fraction:0.533032 l_top_eval:8.21719e+08 l_top_eval_fraction:0.480613 update_row_cv:0.171703 update_l0_row_cv:0.151533 w_dead_frac:0
diag step:500 name:blocks.11.mlp.fc.weight lr:0.023833333 weight_norm:115.578 grad_norm:6047.09 grad_diff_norm:nan momentum_norm:9002.42 update_norm:46.0681 update_l0_norm:55.4256 relative_update:0.398588 relative_update_l0:0.47955 update_l0_cos:0.990651 update_grad_cos:0.237948 update_momentum_cos:0.673713 l_trace:1.57706e+08 l_fro:1.18845e+08 l_trace_fraction:0.503367 l_top_eval:1.18698e+08 l_top_eval_fraction:0.752653 update_row_cv:0.33724 update_l0_row_cv:0.319716 w_dead_frac:0
diag step:500 name:blocks.6.mlp.fc.weight lr:0.023833333 weight_norm:115.086 grad_norm:5554.19 grad_diff_norm:nan momentum_norm:8133.58 update_norm:46.2772 update_l0_norm:55.4256 relative_update:0.40211 relative_update_l0:0.481601 update_l0_cos:0.993205 update_grad_cos:0.238606 update_momentum_cos:0.594571 l_trace:1.03525e+08 l_fro:7.4964e+07 l_trace_fraction:0.448039 l_top_eval:7.48207e+07 l_top_eval_fraction:0.72273 update_row_cv:0.309001 update_l0_row_cv:0.291699 w_dead_frac:0
step:500/1500 val_loss:3.81021 train_time:319.058s step_avg:676.27ms
diag step:625 name:blocks.0.attn.q.weight lr:0.020857143 weight_norm:52.9637 grad_norm:1560.03 grad_diff_norm:nan momentum_norm:3795.18 update_norm:20.2476 update_l0_norm:27.555 relative_update:0.382293 relative_update_l0:0.520262 update_l0_cos:0.914184 update_grad_cos:0.341647 update_momentum_cos:0.694166 l_trace:1.27279e+07 l_fro:5.28438e+06 l_trace_fraction:0.402181 l_top_eval:5.10355e+06 l_top_eval_fraction:0.400974 update_row_cv:0.0685592 update_l0_row_cv:0.0029052 w_dead_frac:0
diag step:625 name:blocks.0.mlp.fc.weight lr:0.020857143 weight_norm:104.251 grad_norm:4024.11 grad_diff_norm:nan momentum_norm:7843.04 update_norm:45.6536 update_l0_norm:55.4256 relative_update:0.437918 relative_update_l0:0.531654 update_l0_cos:0.992257 update_grad_cos:0.36297 update_momentum_cos:0.742059 l_trace:6.88554e+07 l_fro:2.41301e+07 l_trace_fraction:0.424089 l_top_eval:1.93501e+07 l_top_eval_fraction:0.281025 update_row_cv:0.151567 update_l0_row_cv:0.140363 w_dead_frac:0
diag step:625 name:blocks.0.mlp.proj.weight lr:0.020857143 weight_norm:52.4961 grad_norm:13547.6 grad_diff_norm:nan momentum_norm:18853.5 update_norm:21.4417 update_l0_norm:27.7128 relative_update:0.408444 relative_update_l0:0.527902 update_l0_cos:0.97051 update_grad_cos:0.277231 update_momentum_cos:0.763074 l_trace:9.0517e+08 l_fro:3.99799e+08 l_trace_fraction:0.558146 l_top_eval:3.70684e+08 l_top_eval_fraction:0.409519 update_row_cv:0.16347 update_l0_row_cv:0.143677 w_dead_frac:0
diag step:625 name:blocks.11.mlp.fc.weight lr:0.020857143 weight_norm:122.954 grad_norm:4028.19 grad_diff_norm:nan momentum_norm:8554.7 update_norm:46.253 update_l0_norm:55.4256 relative_update:0.376183 relative_update_l0:0.450785 update_l0_cos:0.991517 update_grad_cos:0.338789 update_momentum_cos:0.70804 l_trace:1.50281e+08 l_fro:1.14724e+08 l_trace_fraction:0.590254 l_top_eval:1.14613e+08 l_top_eval_fraction:0.762659 update_row_cv:0.299477 update_l0_row_cv:0.283468 w_dead_frac:0
diag step:625 name:blocks.6.mlp.fc.weight lr:0.020857143 weight_norm:122.94 grad_norm:4232.24 grad_diff_norm:nan momentum_norm:7756.55 update_norm:46.4783 update_l0_norm:55.4256 relative_update:0.378058 relative_update_l0:0.450835 update_l0_cos:0.994037 update_grad_cos:0.267813 update_momentum_cos:0.624104 l_trace:8.35231e+07 l_fro:5.99394e+07 l_trace_fraction:0.468652 l_top_eval:5.98431e+07 l_top_eval_fraction:0.716486 update_row_cv:0.271423 update_l0_row_cv:0.256041 w_dead_frac:0
step:625/1500 val_loss:3.72403 train_time:404.470s step_avg:683.30ms
diag step:750 name:blocks.0.attn.q.weight lr:0.017880952 weight_norm:54.7206 grad_norm:1660.51 grad_diff_norm:nan momentum_norm:3784 update_norm:20.312 update_l0_norm:27.5591 relative_update:0.371195 relative_update_l0:0.503633 update_l0_cos:0.915525 update_grad_cos:0.318531 update_momentum_cos:0.697961 l_trace:8.5888e+06 l_fro:2.09699e+06 l_trace_fraction:0.305339 l_top_eval:1.73256e+06 l_top_eval_fraction:0.201723 update_row_cv:0.0698914 update_l0_row_cv:0.00281549 w_dead_frac:0
diag step:750 name:blocks.0.mlp.fc.weight lr:0.017880952 weight_norm:109.065 grad_norm:4029.86 grad_diff_norm:nan momentum_norm:7478.91 update_norm:45.998 update_l0_norm:55.4256 relative_update:0.421747 relative_update_l0:0.508188 update_l0_cos:0.993005 update_grad_cos:0.329934 update_momentum_cos:0.750279 l_trace:5.30874e+07 l_fro:1.84327e+07 l_trace_fraction:0.38107 l_top_eval:1.55147e+07 l_top_eval_fraction:0.292248 update_row_cv:0.144795 update_l0_row_cv:0.134187 w_dead_frac:0
diag step:750 name:blocks.0.mlp.proj.weight lr:0.017880952 weight_norm:54.6466 grad_norm:13826.1 grad_diff_norm:nan momentum_norm:18332.9 update_norm:21.6417 update_l0_norm:27.7128 relative_update:0.396031 relative_update_l0:0.507127 update_l0_cos:0.972636 update_grad_cos:0.252521 update_momentum_cos:0.762348 l_trace:6.35497e+08 l_fro:2.65792e+08 l_trace_fraction:0.474473 l_top_eval:2.49117e+08 l_top_eval_fraction:0.392003 update_row_cv:0.160077 update_l0_row_cv:0.140516 w_dead_frac:0
diag step:750 name:blocks.11.mlp.fc.weight lr:0.017880952 weight_norm:126.846 grad_norm:4147.96 grad_diff_norm:nan momentum_norm:8777.43 update_norm:46.4771 update_l0_norm:55.4256 relative_update:0.366405 relative_update_l0:0.436951 update_l0_cos:0.992407 update_grad_cos:0.331073 update_momentum_cos:0.726398 l_trace:6.78493e+07 l_fro:3.31593e+07 l_trace_fraction:0.38 l_top_eval:3.2818e+07 l_top_eval_fraction:0.483689 update_row_cv:0.276337 update_l0_row_cv:0.26129 w_dead_frac:0
diag step:750 name:blocks.6.mlp.fc.weight lr:0.017880952 weight_norm:127.216 grad_norm:4982.03 grad_diff_norm:nan momentum_norm:8247.23 update_norm:46.7176 update_l0_norm:55.4256 relative_update:0.367232 relative_update_l0:0.435682 update_l0_cos:0.994744 update_grad_cos:0.249459 update_momentum_cos:0.619308 l_trace:7.7426e+07 l_fro:5.31694e+07 l_trace_fraction:0.397566 l_top_eval:5.30575e+07 l_top_eval_fraction:0.685267 update_row_cv:0.248704 update_l0_row_cv:0.234725 w_dead_frac:0
step:750/1500 val_loss:3.66291 train_time:480.500s step_avg:608.24ms
diag step:875 name:blocks.0.attn.q.weight lr:0.014904762 weight_norm:55.5201 grad_norm:1974.36 grad_diff_norm:nan momentum_norm:3932.59 update_norm:20.3486 update_l0_norm:27.5368 relative_update:0.366509 relative_update_l0:0.495978 update_l0_cos:0.916492 update_grad_cos:0.286346 update_momentum_cos:0.681172 l_trace:9.26352e+06 l_fro:2.86952e+06 l_trace_fraction:0.281069 l_top_eval:2.65987e+06 l_top_eval_fraction:0.287133 update_row_cv:0.0703351 update_l0_row_cv:0.00314017 w_dead_frac:0
diag step:875 name:blocks.0.mlp.fc.weight lr:0.014904762 weight_norm:111.695 grad_norm:3807.3 grad_diff_norm:nan momentum_norm:7342.28 update_norm:46.2082 update_l0_norm:55.4256 relative_update:0.413701 relative_update_l0:0.496224 update_l0_cos:0.993525 update_grad_cos:0.345344 update_momentum_cos:0.743979 l_trace:4.24636e+07 l_fro:1.34563e+07 l_trace_fraction:0.337759 l_top_eval:1.0776e+07 l_top_eval_fraction:0.253769 update_row_cv:0.142152 update_l0_row_cv:0.131715 w_dead_frac:0
diag step:875 name:blocks.0.mlp.proj.weight lr:0.014904762 weight_norm:55.7729 grad_norm:12867.2 grad_diff_norm:nan momentum_norm:17907.5 update_norm:21.8027 update_l0_norm:27.7128 relative_update:0.390919 relative_update_l0:0.496887 update_l0_cos:0.97491 update_grad_cos:0.261 update_momentum_cos:0.753477 l_trace:4.61005e+08 l_fro:1.72542e+08 l_trace_fraction:0.409861 l_top_eval:1.5408e+08 l_top_eval_fraction:0.334226 update_row_cv:0.157527 update_l0_row_cv:0.138522 w_dead_frac:0
diag step:875 name:blocks.11.mlp.fc.weight lr:0.014904762 weight_norm:128.586 grad_norm:8459.66 grad_diff_norm:nan momentum_norm:9662.77 update_norm:46.4853 update_l0_norm:55.4256 relative_update:0.361511 relative_update_l0:0.43104 update_l0_cos:0.992328 update_grad_cos:0.176974 update_momentum_cos:0.684349 l_trace:1.75666e+08 l_fro:1.4037e+08 l_trace_fraction:0.43713 l_top_eval:1.40298e+08 l_top_eval_fraction:0.798668 update_row_cv:0.25618 update_l0_row_cv:0.241445 w_dead_frac:0
diag step:875 name:blocks.6.mlp.fc.weight lr:0.014904762 weight_norm:129.247 grad_norm:4794.97 grad_diff_norm:nan momentum_norm:8342.77 update_norm:46.8575 update_l0_norm:55.4256 relative_update:0.362543 relative_update_l0:0.428835 update_l0_cos:0.995169 update_grad_cos:0.247344 update_momentum_cos:0.633316 l_trace:6.75901e+07 l_fro:4.50897e+07 l_trace_fraction:0.372916 l_top_eval:4.4998e+07 l_top_eval_fraction:0.665747 update_row_cv:0.226881 update_l0_row_cv:0.213669 w_dead_frac:0
step:875/1500 val_loss:3.60923 train_time:556.252s step_avg:606.01ms
diag step:1000 name:blocks.0.attn.q.weight lr:0.011928571 weight_norm:55.6982 grad_norm:1501.37 grad_diff_norm:nan momentum_norm:3863.15 update_norm:20.3309 update_l0_norm:27.5646 relative_update:0.365019 relative_update_l0:0.494891 update_l0_cos:0.916064 update_grad_cos:0.348659 update_momentum_cos:0.691299 l_trace:7.80857e+06 l_fro:1.70653e+06 l_trace_fraction:0.288457 l_top_eval:1.33278e+06 l_top_eval_fraction:0.170682 update_row_cv:0.0724517 update_l0_row_cv:0.0029367 w_dead_frac:0
diag step:1000 name:blocks.0.mlp.fc.weight lr:0.011928571 weight_norm:112.693 grad_norm:3111.23 grad_diff_norm:nan momentum_norm:7046.58 update_norm:46.3959 update_l0_norm:55.4256 relative_update:0.411702 relative_update_l0:0.491829 update_l0_cos:0.993966 update_grad_cos:0.390886 update_momentum_cos:0.7568 l_trace:3.3213e+07 l_fro:9.42235e+06 l_trace_fraction:0.324841 l_top_eval:7.45049e+06 l_top_eval_fraction:0.224324 update_row_cv:0.140846 update_l0_row_cv:0.130482 w_dead_frac:0
diag step:1000 name:blocks.0.mlp.proj.weight lr:0.011928571 weight_norm:56.1785 grad_norm:9353.55 grad_diff_norm:nan momentum_norm:16773.6 update_norm:21.9373 update_l0_norm:27.7128 relative_update:0.390493 relative_update_l0:0.493299 update_l0_cos:0.976556 update_grad_cos:0.32471 update_momentum_cos:0.779982 l_trace:3.29741e+08 l_fro:1.02188e+08 l_trace_fraction:0.419069 l_top_eval:8.70226e+07 l_top_eval_fraction:0.263912 update_row_cv:0.155983 update_l0_row_cv:0.137631 w_dead_frac:0
diag step:1000 name:blocks.11.mlp.fc.weight lr:0.011928571 weight_norm:128.854 grad_norm:3762.53 grad_diff_norm:nan momentum_norm:9136.46 update_norm:46.6615 update_l0_norm:55.4256 relative_update:0.362127 relative_update_l0:0.430143 update_l0_cos:0.992867 update_grad_cos:0.369759 update_momentum_cos:0.738709 l_trace:9.28649e+07 l_fro:5.87615e+07 l_trace_fraction:0.45804 l_top_eval:5.86342e+07 l_top_eval_fraction:0.631393 update_row_cv:0.242116 update_l0_row_cv:0.228312 w_dead_frac:0
diag step:1000 name:blocks.6.mlp.fc.weight lr:0.011928571 weight_norm:129.728 grad_norm:3921.96 grad_diff_norm:nan momentum_norm:8377.59 update_norm:47.0208 update_l0_norm:55.4256 relative_update:0.362457 relative_update_l0:0.427245 update_l0_cos:0.995533 update_grad_cos:0.297218 update_momentum_cos:0.651971 l_trace:5.70472e+07 l_fro:3.51472e+07 l_trace_fraction:0.366976 l_top_eval:3.50548e+07 l_top_eval_fraction:0.614487 update_row_cv:0.210602 update_l0_row_cv:0.198211 w_dead_frac:0
step:1000/1500 val_loss:3.55920 train_time:632.248s step_avg:607.97ms
diag step:1125 name:blocks.0.attn.q.weight lr:0.008952381 weight_norm:55.4385 grad_norm:1504.57 grad_diff_norm:nan momentum_norm:4096.29 update_norm:20.4136 update_l0_norm:27.5747 relative_update:0.368222 relative_update_l0:0.497394 update_l0_cos:0.916622 update_grad_cos:0.355392 update_momentum_cos:0.691711 l_trace:7.75101e+06 l_fro:1.62717e+06 l_trace_fraction:0.268068 l_top_eval:1.40663e+06 l_top_eval_fraction:0.181477 update_row_cv:0.0731074 update_l0_row_cv:0.00276715 w_dead_frac:0
diag step:1125 name:blocks.0.mlp.fc.weight lr:0.008952381 weight_norm:112.686 grad_norm:3234.17 grad_diff_norm:nan momentum_norm:7427.01 update_norm:46.7091 update_l0_norm:55.4256 relative_update:0.414505 relative_update_l0:0.491858 update_l0_cos:0.994531 update_grad_cos:0.384101 update_momentum_cos:0.753757 l_trace:3.2697e+07 l_fro:8.74291e+06 l_trace_fraction:0.298528 l_top_eval:6.85225e+06 l_top_eval_fraction:0.209568 update_row_cv:0.137524 update_l0_row_cv:0.127955 w_dead_frac:0
diag step:1125 name:blocks.0.mlp.proj.weight lr:0.008952381 weight_norm:56.1134 grad_norm:9373.8 grad_diff_norm:nan momentum_norm:17685.1 update_norm:22.1043 update_l0_norm:27.7128 relative_update:0.393922 relative_update_l0:0.493871 update_l0_cos:0.978051 update_grad_cos:0.324065 update_momentum_cos:0.773816 l_trace:2.86294e+08 l_fro:6.99734e+07 l_trace_fraction:0.365307 l_top_eval:5.16148e+07 l_top_eval_fraction:0.180286 update_row_cv:0.154879 update_l0_row_cv:0.136767 w_dead_frac:0
diag step:1125 name:blocks.11.mlp.fc.weight lr:0.008952381 weight_norm:128.253 grad_norm:4364.89 grad_diff_norm:nan momentum_norm:9988.47 update_norm:46.8384 update_l0_norm:55.4256 relative_update:0.365204 relative_update_l0:0.432159 update_l0_cos:0.993303 update_grad_cos:0.346086 update_momentum_cos:0.732367 l_trace:7.54768e+07 l_fro:3.7233e+07 l_trace_fraction:0.353787 l_top_eval:3.69764e+07 l_top_eval_fraction:0.489903 update_row_cv:0.233592 update_l0_row_cv:0.219808 w_dead_frac:0
diag step:1125 name:blocks.6.mlp.fc.weight lr:0.008952381 weight_norm:129.231 grad_norm:4025.13 grad_diff_norm:nan momentum_norm:9154.49 update_norm:47.2569 update_l0_norm:55.4256 relative_update:0.365678 relative_update_l0:0.428888 update_l0_cos:0.995992 update_grad_cos:0.310421 update_momentum_cos:0.647045 l_trace:5.29969e+07 l_fro:2.98199e+07 l_trace_fraction:0.312261 l_top_eval:2.97167e+07 l_top_eval_fraction:0.560725 update_row_cv:0.19827 update_l0_row_cv:0.186516 w_dead_frac:0
step:1125/1500 val_loss:3.52041 train_time:724.070s step_avg:734.58ms
diag step:1250 name:blocks.0.attn.q.weight lr:0.0059761905 weight_norm:55.0184 grad_norm:1477.41 grad_diff_norm:nan momentum_norm:4145.65 update_norm:20.4368 update_l0_norm:27.559 relative_update:0.371453 relative_update_l0:0.500906 update_l0_cos:0.917417 update_grad_cos:0.356586 update_momentum_cos:0.702451 l_trace:7.22997e+06 l_fro:1.26539e+06 l_trace_fraction:0.255722 l_top_eval:1.05139e+06 l_top_eval_fraction:0.145421 update_row_cv:0.0732095 update_l0_row_cv:0.00293697 w_dead_frac:0
diag step:1250 name:blocks.0.mlp.fc.weight lr:0.0059761905 weight_norm:112.118 grad_norm:2803.23 grad_diff_norm:nan momentum_norm:7376.07 update_norm:46.8917 update_l0_norm:55.4256 relative_update:0.418234 relative_update_l0:0.49435 update_l0_cos:0.994825 update_grad_cos:0.399184 update_momentum_cos:0.765747 l_trace:2.63604e+07 l_fro:5.87626e+06 l_trace_fraction:0.274801 l_top_eval:4.49437e+06 l_top_eval_fraction:0.170497 update_row_cv:0.13936 update_l0_row_cv:0.12942 w_dead_frac:0
diag step:1250 name:blocks.0.mlp.proj.weight lr:0.0059761905 weight_norm:55.8015 grad_norm:7676.31 grad_diff_norm:nan momentum_norm:17136.4 update_norm:22.2824 update_l0_norm:27.7128 relative_update:0.399316 relative_update_l0:0.496632 update_l0_cos:0.980755 update_grad_cos:0.356673 update_momentum_cos:0.796739 l_trace:1.97254e+08 l_fro:3.76758e+07 l_trace_fraction:0.326454 l_top_eval:2.68958e+07 l_top_eval_fraction:0.136352 update_row_cv:0.154601 update_l0_row_cv:0.136781 w_dead_frac:0
diag step:1250 name:blocks.11.mlp.fc.weight lr:0.0059761905 weight_norm:127.235 grad_norm:4255.89 grad_diff_norm:nan momentum_norm:10329.7 update_norm:46.9748 update_l0_norm:55.4256 relative_update:0.369197 relative_update_l0:0.435616 update_l0_cos:0.993699 update_grad_cos:0.34642 update_momentum_cos:0.740193 l_trace:5.56518e+07 l_fro:1.87663e+07 l_trace_fraction:0.280863 l_top_eval:1.83657e+07 l_top_eval_fraction:0.33001 update_row_cv:0.225086 update_l0_row_cv:0.211683 w_dead_frac:0
diag step:1250 name:blocks.6.mlp.fc.weight lr:0.0059761905 weight_norm:128.277 grad_norm:3859.92 grad_diff_norm:nan momentum_norm:9488.83 update_norm:47.4052 update_l0_norm:55.4256 relative_update:0.369555 relative_update_l0:0.432079 update_l0_cos:0.996158 update_grad_cos:0.316276 update_momentum_cos:0.654506 l_trace:4.81024e+07 l_fro:2.46467e+07 l_trace_fraction:0.287842 l_top_eval:2.45246e+07 l_top_eval_fraction:0.509842 update_row_cv:0.189871 update_l0_row_cv:0.178383 w_dead_frac:0
step:1250/1500 val_loss:3.48237 train_time:800.190s step_avg:608.96ms
diag step:1375 name:blocks.0.attn.q.weight lr:0.003 weight_norm:54.6042 grad_norm:1409.7 grad_diff_norm:nan momentum_norm:4746.05 update_norm:20.4238 update_l0_norm:27.5562 relative_update:0.374033 relative_update_l0:0.504654 update_l0_cos:0.916727 update_grad_cos:0.357159 update_momentum_cos:0.663061 l_trace:9.21193e+06 l_fro:1.8144e+06 l_trace_fraction:0.262241 l_top_eval:1.46389e+06 l_top_eval_fraction:0.158912 update_row_cv:0.0740235 update_l0_row_cv:0.00312831 w_dead_frac:0
diag step:1375 name:blocks.0.mlp.fc.weight lr:0.003 weight_norm:111.444 grad_norm:2681.72 grad_diff_norm:nan momentum_norm:8740.04 update_norm:46.9655 update_l0_norm:55.4256 relative_update:0.421428 relative_update_l0:0.497342 update_l0_cos:0.994651 update_grad_cos:0.390746 update_momentum_cos:0.712684 l_trace:3.44486e+07 l_fro:7.98821e+06 l_trace_fraction:0.282717 l_top_eval:6.1225e+06 l_top_eval_fraction:0.177728 update_row_cv:0.139658 update_l0_row_cv:0.129761 w_dead_frac:0
diag step:1375 name:blocks.0.mlp.proj.weight lr:0.003 weight_norm:55.4485 grad_norm:7151.1 grad_diff_norm:nan momentum_norm:20619.5 update_norm:22.3435 update_l0_norm:27.7128 relative_update:0.402959 relative_update_l0:0.499793 update_l0_cos:0.980753 update_grad_cos:0.356481 update_momentum_cos:0.729025 l_trace:2.436e+08 l_fro:5.06973e+07 l_trace_fraction:0.3272 l_top_eval:3.84258e+07 l_top_eval_fraction:0.157741 update_row_cv:0.15493 update_l0_row_cv:0.137022 w_dead_frac:0
diag step:1375 name:blocks.11.mlp.fc.weight lr:0.003 weight_norm:126.272 grad_norm:3730.78 grad_diff_norm:nan momentum_norm:11616.2 update_norm:47.082 update_l0_norm:55.4256 relative_update:0.372863 relative_update_l0:0.43894 update_l0_cos:0.993633 update_grad_cos:0.386119 update_momentum_cos:0.716095 l_trace:6.22433e+07 l_fro:1.79588e+07 l_trace_fraction:0.284481 l_top_eval:1.7075e+07 l_top_eval_fraction:0.274327 update_row_cv:0.221373 update_l0_row_cv:0.208031 w_dead_frac:0
diag step:1375 name:blocks.6.mlp.fc.weight lr:0.003 weight_norm:127.35 grad_norm:3632.1 grad_diff_norm:nan momentum_norm:10983.5 update_norm:47.5013 update_l0_norm:55.4256 relative_update:0.372999 relative_update_l0:0.435224 update_l0_cos:0.996173 update_grad_cos:0.332131 update_momentum_cos:0.620824 l_trace:5.85248e+07 l_fro:3.00639e+07 l_trace_fraction:0.291192 l_top_eval:2.98751e+07 l_top_eval_fraction:0.510469 update_row_cv:0.182326 update_l0_row_cv:0.171744 w_dead_frac:0
step:1375/1500 val_loss:3.45142 train_time:876.367s step_avg:609.42ms
diag step:1500 name:blocks.0.attn.q.weight lr:2.3809524e-05 weight_norm:54.4084 grad_norm:1552.36 grad_diff_norm:nan momentum_norm:4880.44 update_norm:20.6202 update_l0_norm:27.5479 relative_update:0.37899 relative_update_l0:0.506318 update_l0_cos:0.920413 update_grad_cos:0.347732 update_momentum_cos:0.658502 l_trace:7.44946e+06 l_fro:1.28228e+06 l_trace_fraction:0.203005 l_top_eval:1.03467e+06 l_top_eval_fraction:0.138892 update_row_cv:0.0731566 update_l0_row_cv:0.00316381 w_dead_frac:0
diag step:1500 name:blocks.0.mlp.fc.weight lr:2.3809524e-05 weight_norm:111.086 grad_norm:2667.73 grad_diff_norm:nan momentum_norm:8872.98 update_norm:47.8274 update_l0_norm:55.4256 relative_update:0.430544 relative_update_l0:0.498943 update_l0_cos:0.99583 update_grad_cos:0.407793 update_momentum_cos:0.724323 l_trace:2.32802e+07 l_fro:4.236e+06 l_trace_fraction:0.200194 l_top_eval:3.33522e+06 l_top_eval_fraction:0.143264 update_row_cv:0.14096 update_l0_row_cv:0.131183 w_dead_frac:0
diag step:1500 name:blocks.0.mlp.proj.weight lr:2.3809524e-05 weight_norm:55.2719 grad_norm:6768.12 grad_diff_norm:nan momentum_norm:22209.9 update_norm:22.8259 update_l0_norm:27.7128 relative_update:0.412975 relative_update_l0:0.501391 update_l0_cos:0.984655 update_grad_cos:0.386672 update_momentum_cos:0.709178 l_trace:1.45481e+08 l_fro:2.0901e+07 l_trace_fraction:0.196528 l_top_eval:1.5626e+07 l_top_eval_fraction:0.107409 update_row_cv:0.158594 update_l0_row_cv:0.140187 w_dead_frac:0
diag step:1500 name:blocks.11.mlp.fc.weight lr:2.3809524e-05 weight_norm:125.834 grad_norm:4101.38 grad_diff_norm:nan momentum_norm:12910 update_norm:47.717 update_l0_norm:55.4256 relative_update:0.379205 relative_update_l0:0.440465 update_l0_cos:0.994616 update_grad_cos:0.365044 update_momentum_cos:0.702338 l_trace:5.04908e+07 l_fro:1.19028e+07 l_trace_fraction:0.199767 l_top_eval:1.13008e+07 l_top_eval_fraction:0.223819 update_row_cv:0.220296 update_l0_row_cv:0.207108 w_dead_frac:0
diag step:1500 name:blocks.6.mlp.fc.weight lr:2.3809524e-05 weight_norm:126.922 grad_norm:3665.03 grad_diff_norm:nan momentum_norm:12115.8 update_norm:48.2229 update_l0_norm:55.4256 relative_update:0.379941 relative_update_l0:0.43669 update_l0_cos:0.996895 update_grad_cos:0.340304 update_momentum_cos:0.609771 l_trace:4.29138e+07 l_fro:1.86505e+07 l_trace_fraction:0.196953 l_top_eval:1.85164e+07 l_top_eval_fraction:0.431478 update_row_cv:0.180352 update_l0_row_cv:0.170095 w_dead_frac:0
step:1500/1500 val_loss:3.43211 train_time:952.602s step_avg:609.88ms
