"""
train_gpt_simple_leon.py

This file descends from the [NanoGPT speedrun](https://github.com/KellerJordan/modded-nanogpt).
It was prepared as a simplified version of the speedrun for use in neural net optimization research.
This variant replaces Muon with Leon (initial test using the same Newton-Schulz coefficients).
"""

import math
import os
import sys
with open(sys.argv[0]) as f:
    code = f.read() # read the code of this file ASAP, for logging
import argparse
import ast
import json
import subprocess
import uuid
import time
from datetime import datetime
from pathlib import Path


BASE_HPARAMS = dict(
    # Training
    train_steps         = 3375,
    # AdamW — embedding
    embed_lr            = 0.3,
    # AdamW — lm_head projection
    proj_lr             = 1/320,
    # AdamW — scalars (biases, gains)
    scalar_lr           = 0.01,
    # AdamW shared
    adam_betas          = (0.8, 0.95),
    adam_eps            = 1e-10,
    adam_wd             = 0.0,
    adam_cooldown_frac  = 0.7,
    # Leon — 2D block params
    leon_lr             = 0.025,
    leon_wd             = 0.025,
    leon_mu             = 0.95,
    leon_beta2          = 0.7,
    leon_cooldown_frac  = 0.7,
    leon_ns_iters       = 6,
    leon_eps            = 1e-9,
    leon_l_scale        = 1.0,
    leon_orthogonalize_dtype = "bfloat16",
    leon_l_scale_schedule = "constant",
    leon_l_scale_ramp_start_frac = 0.2,
    leon_l_scale_ramp_end_frac = 0.6,
    # "off": L = l_scale * T_t (raw unnormalized Gram sum).
    # "match_g": rescale L so tr(L) = l_scale * ||G||_F^2 (l_scale=1.0 -> tr(L) fraction 0.5).
    leon_l_normalize_mode = "off",
    # When True, rescale the final NS output to Frobenius norm sqrt(min(D1, D2)),
    # i.e. match the natural ||update||_F of the L=0 (Muon-NS) update.
    leon_match_l0_norm  = False,
    # When True, second moment accumulates (grad_t - grad_{t-1})(grad_t - grad_{t-1})^T
    # instead of grad_t * grad_t^T.
    leon_use_grad_diff  = False,
    leon_log_diagnostics = False,
    leon_diag_interval  = 125,
    leon_diag_patterns  = (
        "blocks.0.attn.q.weight",
        "blocks.6.mlp.proj.weight",
        "blocks.11.attn.proj.weight",
    ),
    # Optional wandb logging (off by default). Enable with --set wandb_project=<name>.
    # File artifacts (train.log, config.json, tuning_log.csv) remain authoritative.
    wandb_project = None,
    wandb_mode    = "online",  # "online" | "offline" | "disabled"
    # Optional. If unset, the wandb run name falls back to run_dir.name (the timestamp+uuid).
    # Set this to your tuning_log.csv run_id so the dashboard matches the ledger.
    wandb_run_name = None,
)


def parse_value(s: str):
    try:
        return ast.literal_eval(s)
    except (ValueError, SyntaxError):
        return s


def parse_args():
    parser = argparse.ArgumentParser()
    parser.add_argument("legacy_trials", nargs="?", type=int,
                        help="Legacy positional trial count. Prefer --trials.")
    parser.add_argument("--trials", type=int, default=None)
    parser.add_argument("--set", action="append", default=[],
                        metavar="KEY=VALUE", help="Override or add an hparams entry.")
    parser.add_argument("--dry-run", action="store_true",
                        help="Resolve config and write metadata without CUDA/NCCL/training.")
    parser.add_argument("--out-dir", type=Path, default=None,
                        help="Run output directory. Defaults to runs/leon/<timestamp>-<uuid>.")
    return parser.parse_args()


def resolve_hparams(overrides):
    hparams = dict(BASE_HPARAMS)
    for item in overrides:
        if "=" not in item:
            raise ValueError(f"--set expects KEY=VALUE, got {item!r}")
        key, raw_value = item.split("=", 1)
        value = parse_value(raw_value)
        if key == "cooldown_frac":
            hparams["adam_cooldown_frac"] = value
            hparams["leon_cooldown_frac"] = value
        hparams[key] = value
    return hparams


def config_diff(hparams):
    return {k: v for k, v in hparams.items() if BASE_HPARAMS.get(k) != v}


def validate_hparams(hparams):
    l_scale = float(hparams["leon_l_scale"])
    if l_scale < 0:
        raise ValueError(f"leon_l_scale must be non-negative, got {l_scale!r}")

    orthogonalize_dtype = hparams["leon_orthogonalize_dtype"]
    if orthogonalize_dtype not in ("bfloat16", "float32", "float64"):
        raise ValueError(
            "leon_orthogonalize_dtype must be 'bfloat16', 'float32', or 'float64', "
            f"got {orthogonalize_dtype!r}"
        )

    schedule = hparams["leon_l_scale_schedule"]
    if schedule not in ("constant", "linear_ramp"):
        raise ValueError(
            "leon_l_scale_schedule must be 'constant' or 'linear_ramp', "
            f"got {schedule!r}"
        )

    if schedule == "linear_ramp":
        start = float(hparams["leon_l_scale_ramp_start_frac"])
        end = float(hparams["leon_l_scale_ramp_end_frac"])
        if not (0 <= start < end <= 1):
            raise ValueError(
                "linear_ramp requires 0 <= leon_l_scale_ramp_start_frac "
                "< leon_l_scale_ramp_end_frac <= 1, "
                f"got start={start!r}, end={end!r}"
            )

    normalize_mode = hparams["leon_l_normalize_mode"]
    if normalize_mode not in ("off", "match_g"):
        raise ValueError(
            "leon_l_normalize_mode must be 'off' or 'match_g', "
            f"got {normalize_mode!r}"
        )

    if not isinstance(hparams["leon_use_grad_diff"], bool):
        raise TypeError(
            f"leon_use_grad_diff must be bool, got {type(hparams['leon_use_grad_diff'])!r}"
        )


def scheduled_l_scale(hparams, progress):
    target = float(hparams["leon_l_scale"])
    schedule = hparams["leon_l_scale_schedule"]

    if schedule == "constant":
        return target

    start = float(hparams["leon_l_scale_ramp_start_frac"])
    end = float(hparams["leon_l_scale_ramp_end_frac"])
    if progress < start:
        return 0.0
    if progress >= end:
        return target
    ramp_progress = (progress - start) / (end - start)
    return target * ramp_progress


def default_run_dir():
    stamp = datetime.now().strftime("%Y%m%d-%H%M%S")
    return Path("records/track_3_optimization/runs/leon") / f"{stamp}-{uuid.uuid4().hex[:8]}"


def create_run_dir(out_dir=None):
    run_dir = Path(out_dir) if out_dir is not None else default_run_dir()
    run_dir.mkdir(parents=True, exist_ok=False)
    return run_dir


def git_commit():
    try:
        return subprocess.check_output(["git", "rev-parse", "HEAD"], text=True).strip()
    except Exception:
        return None


def shard_counts():
    cwd = Path.cwd()
    return dict(
        train_shards=len(list(cwd.glob("data/fineweb10B/fineweb_train_*.bin"))),
        val_shards=len(list(cwd.glob("data/fineweb10B/fineweb_val_*.bin"))),
    )


def torch_versions():
    torch_module = globals().get("torch")
    if torch_module is None:
        return None, None
    return torch_module.version.__version__, torch_module.version.cuda


def write_run_files(run_dir, args, hparams, mode, extra=None):
    torch_version, cuda_version = torch_versions()
    diff = config_diff(hparams)
    metadata = dict(
        mode=mode,
        argv=sys.argv,
        cwd=str(Path.cwd()),
        script=sys.argv[0],
        trials=args.trials if args.trials is not None else (args.legacy_trials or 1),
        dry_run=args.dry_run,
        out_dir=str(run_dir),
        git_commit=git_commit(),
        torch_version=torch_version,
        cuda_version=cuda_version,
        shard_counts=shard_counts(),
    )
    if extra:
        metadata.update(extra)
    (run_dir / "config.json").write_text(json.dumps(hparams, indent=2, sort_keys=True) + "\n")
    (run_dir / "config_diff.json").write_text(json.dumps(diff, indent=2, sort_keys=True) + "\n")
    (run_dir / "metadata.json").write_text(json.dumps(metadata, indent=2, sort_keys=True) + "\n")


if "--dry-run" in sys.argv:
    args = parse_args()
    hparams = resolve_hparams(args.set)
    validate_hparams(hparams)
    run_dir = create_run_dir(args.out_dir)
    write_run_files(run_dir, args, hparams, "dry-run")
    print(f"dry_run:true out_dir:{run_dir}")
    print(json.dumps(dict(hparams=hparams, config_diff=config_diff(hparams)), indent=2, sort_keys=True))
    sys.exit(0)

import torch
from torch import Tensor, nn
from torch.optim import AdamW
import torch.nn.functional as F
import torch.distributed as dist


########################################
#              Dataloader              #
########################################

def _load_data_shard(file: Path):
    header = torch.from_file(str(file), False, 256, dtype=torch.int32) # header is 256 int32
    assert header[0] == 20240520, "magic number mismatch in the data .bin file"
    assert header[1] == 1, "unsupported version"
    num_tokens = int(header[2]) # number of tokens (claimed)
    with file.open("rb", buffering=0) as f:
        tokens = torch.empty(num_tokens, dtype=torch.uint16, pin_memory=True)
        f.seek(256 * 4)
        nbytes = f.readinto(tokens.numpy()) # avoid bytes->array copy
        assert nbytes == 2 * num_tokens, "number of tokens read does not match header"
    return tokens

def distributed_data_generator(filename_pattern: str, batch_size: int, seq_len=1024):
    files = sorted(Path.cwd().glob(filename_pattern))
    assert batch_size % dist.get_world_size() == 0
    local_batch_size = batch_size // dist.get_world_size()
    file_iter = iter(files)
    tokens, pos = _load_data_shard(next(file_iter)), 0
    while True:
        if pos + batch_size + 1 >= len(tokens):
            tokens, pos = _load_data_shard(next(file_iter)), 0
        buf = tokens[pos + dist.get_rank() * local_batch_size:][:local_batch_size + 1]
        inputs = buf[:-1].to(device="cuda", dtype=torch.int32, non_blocking=True)
        targets = buf[1:].to(device="cuda", dtype=torch.int64, non_blocking=True)
        pos += batch_size
        yield inputs.view(-1, seq_len), targets.view(-1, seq_len)


########################################
#             Architecture             #
########################################

class RMSNorm(nn.Module):
    def __init__(self, dim):
        super().__init__()
        self.gains = nn.Parameter(torch.ones(dim))

    def forward(self, x):
        return F.rms_norm(x, (x.size(-1),), weight=self.gains.type_as(x))

class Linear(nn.Linear):
    def __init__(self, in_features, out_features):
        super().__init__(in_features, out_features, bias=True)

    def forward(self, x):
        return F.linear(x, self.weight.type_as(x), self.bias.type_as(x))

class Rotary(nn.Module):
    def __init__(self, dim: int):
        super().__init__()
        # half-truncate RoPE (w/ base freq tuning)
        angular_freq = (1 / 1024) ** torch.linspace(0, 1, steps=dim//4, dtype=torch.float32)
        self.register_buffer("angular_freq", torch.cat([angular_freq, angular_freq.new_zeros(dim//4)]))

    def forward(self, x_BTHD: Tensor):
        pos = torch.arange(x_BTHD.size(1), dtype=torch.float32, device=x_BTHD.device)
        theta = torch.outer(pos, self.angular_freq)[None, :, None, :]
        cos, sin = theta.cos(), theta.sin()
        x1, x2 = x_BTHD.to(dtype=torch.float32).chunk(2, dim=-1)
        y1 = x1 * cos + x2 * sin
        y2 = x1 * (-sin) + x2 * cos
        return torch.cat((y1, y2), 3).type_as(x_BTHD)

class CausalSelfAttention(nn.Module):
    def __init__(self, dim: int, head_dim=128):
        super().__init__()
        self.num_heads = dim // head_dim
        self.head_dim = head_dim
        hdim = self.num_heads * self.head_dim
        self.q = Linear(dim, hdim)
        self.k = Linear(dim, hdim)
        self.v = Linear(dim, hdim)
        self.proj = Linear(hdim, dim)
        self.rotary = Rotary(head_dim)

    def forward(self, x: Tensor):
        B, T = x.size(0), x.size(1)
        q = self.q(x).view(B, T, self.num_heads, self.head_dim)
        k = self.k(x).view(B, T, self.num_heads, self.head_dim)
        v = self.v(x).view(B, T, self.num_heads, self.head_dim)
        q, k = F.rms_norm(q, (q.size(-1),)), F.rms_norm(k, (k.size(-1),))
        q, k = self.rotary(q), self.rotary(k)
        y = F.scaled_dot_product_attention(q.transpose(1, 2), k.transpose(1, 2),
                                           v.transpose(1, 2), scale=0.12, is_causal=True).transpose(1, 2)
        y = y.contiguous().view(B, T, self.num_heads * self.head_dim)
        y = self.proj(y)
        return y

class MLP(nn.Module):
    def __init__(self, dim: int):
        super().__init__()
        hdim = 4 * dim
        self.fc = Linear(dim, hdim)
        self.proj = Linear(hdim, dim)

    def forward(self, x: Tensor):
        x = self.fc(x)
        x = x.relu().square()
        x = self.proj(x)
        return x

class Block(nn.Module):
    def __init__(self, dim: int):
        super().__init__()
        self.attn = CausalSelfAttention(dim)
        self.mlp = MLP(dim)
        self.norm1 = RMSNorm(dim)
        self.norm2 = RMSNorm(dim)

    def forward(self, x: Tensor):
        x = x + self.attn(self.norm1(x))
        x = x + self.mlp(self.norm2(x))
        return x

class GPT(nn.Module):
    def __init__(self, vocab_size: int, num_layers: int, model_dim: int):
        super().__init__()
        self.embed = nn.Embedding(vocab_size, model_dim).bfloat16()
        self.blocks = nn.ModuleList([Block(model_dim) for _ in range(num_layers)])
        self.proj = Linear(model_dim, vocab_size)
        self.norm1 = RMSNorm(model_dim)
        self.norm2 = RMSNorm(model_dim)

    def forward(self, inputs: Tensor, targets: Tensor):
        x = self.norm1(self.embed(inputs))
        for block in self.blocks:
            x = block(x)
        logits = self.proj(self.norm2(x)).float()
        logits = 15 * logits * (logits.square() + 15**2).rsqrt()
        return F.cross_entropy(logits.view(targets.numel(), -1), targets.view(-1), reduction="sum")


########################################
#              Optimizer               #
########################################

def leon_compute_dtype(dtype_name: str):
    if dtype_name == "bfloat16":
        return torch.bfloat16
    if dtype_name == "float32":
        return torch.float32
    if dtype_name == "float64":
        return torch.float64
    raise ValueError(f"Unsupported Leon orthogonalization dtype: {dtype_name!r}")


def leon_accum_dtype(dtype_name: str):
    return torch.float64 if dtype_name == "float64" else torch.float32


def leon_orthogonalize(grad: Tensor, momentum_buffer: Tensor, second_momentum_buffer: Tensor,
                       momentum: float = 0.95, beta2: float = 0.7,
                       ns_iters: int = 6, ns_coeffs: tuple = (2, -1.5, 0.5),
                       eps: float = 1e-7, l_scale: float = 1.0,
                       compute_dtype: str = "bfloat16",
                       l_normalize_mode: str = "off",
                       match_l0_norm: bool = False,
                       use_grad_diff: bool = False,
                       prev_grad_buffer: Tensor = None) -> Tensor:
    """
    Leon update: Nesterov momentum + Newton-Schulz orthogonalization with
    augmented Gram matrix (second momentum buffer).

    Computes (GG^T + L)^{-0.5} G where L is an EMA-like gradient Gram statistic,
    using Newton-Schulz iterations to approximate the matrix inverse square root.

    Args:
        grad: Raw gradient (mutated in-place into the Nesterov-corrected update)
        momentum_buffer: First-moment unnormalized exponential sum
            S_t = momentum * S_{t-1} + grad_t (updated in place).
        second_momentum_buffer: Second-moment unnormalized exponential sum
            T_t = beta2 * T_{t-1} + grad_t grad_t^T (updated in place).
        momentum: First momentum coefficient (Nesterov)
        beta2: Second momentum coefficient
        ns_iters: Number of Newton-Schulz iterations
        ns_coeffs: (a, b, c) coefficients for the NS iteration
        eps: Diagonal stability epsilon added to the augmented Gram matrix
        l_scale: Multiplier for the second-momentum Gram contribution
        compute_dtype: Matrix-update dtype for X inside the NS iteration
        l_normalize_mode: "off" uses L = l_scale * T_t; "match_g" rescales L so
            tr(L) = l_scale * ||G||_F^2 (l_scale=1.0 -> tr(L) fraction 0.5).
        match_l0_norm: When True, rescale the final NS output to Frobenius norm
            sqrt(min(D1, D2)), matching the L=0 update's natural Frobenius norm.
    """
    is_tall = grad.size(-2) >= grad.size(-1)
    x_dtype = leon_compute_dtype(compute_dtype)
    accum_dtype = leon_accum_dtype(compute_dtype)

    # 0. Compute Gram matrix of raw gradient BEFORE mutating it with momentum
    if use_grad_diff and prev_grad_buffer is not None:
        gram_src = grad - prev_grad_buffer
        prev_grad_buffer.copy_(grad)  # store raw grad before momentum mutation
    else:
        gram_src = grad

    if is_tall:
        gram_tmp = gram_src.mT @ gram_src
    else:
        gram_tmp = gram_src @ gram_src.mT

    # Both buffers are stored as unnormalized exponential sums:
    #   S_t = momentum * S_{t-1} + grad_t          (first moment)
    #   T_t = beta2    * T_{t-1} + grad_t grad_t^T (second moment)
    # so we avoid the lerp_ / divide-by-(1-decay) round-trip used in EMA storage.

    # 1. First-moment sum + Nesterov: g = grad + momentum * S_t
    momentum_buffer.mul_(momentum).add_(grad)
    g = grad.add_(momentum_buffer, alpha=momentum)

    # 2. Second-moment sum: T_t in place
    second_momentum_buffer.mul_(beta2).add_(gram_tmp)

    X = g.to(dtype=x_dtype)
    L_unscaled = second_momentum_buffer.to(dtype=accum_dtype)
    if l_normalize_mode == "match_g":
        x_sq = X.to(dtype=accum_dtype).pow(2).sum()
        raw_l_tr = L_unscaled.diagonal(dim1=-2, dim2=-1).sum().clamp_min(1e-12)
        # Rescale so tr(L) = l_scale * ||X||_F^2 regardless of the raw sum magnitude.
        L = L_unscaled * (l_scale * x_sq / raw_l_tr)
    else:
        L = L_unscaled * l_scale
    A = 0.5 * (L + L.transpose(-2, -1))  # ensure symmetry

    # 3. Scale so that tr(GG^T + L) ≈ 1
    tr = X.to(dtype=accum_dtype).pow(2).sum(dim=(-2, -1), keepdim=True) \
       + A.diagonal(dim1=-2, dim2=-1).sum(dim=-1, keepdim=True).unsqueeze(-1)
    tr = tr.clamp_min(1e-12) * ((1 + 2e-2)**2)  # safety cushion

    inv_sqrt_tr = tr.rsqrt()
    inv_tr = inv_sqrt_tr.square()

    X = X * inv_sqrt_tr.to(X.dtype)
    A = (A * inv_tr).contiguous()

    # 4. Initial augmented Gram: A0 = gram(X) + L_scaled
    if is_tall:
        A = A + (X.mT @ X)
    else:
        A = A + (X @ X.mT)
    A.diagonal(dim1=-2, dim2=-1).add_(eps)  # eps for stability

    # 5. Newton-Schulz iterations with A iteration
    a, b, c = ns_coeffs
    last_iter = ns_iters - 1
    for i in range(ns_iters):
        A = 0.5 * (A + A.transpose(-2, -1))  # keep symmetric
        B = b * A + c * (A @ A)

        if is_tall:
            X = a * X + X @ B.to(X.dtype)
        else:
            X = a * X + B.to(X.dtype) @ X

        # Update A alongside X (skip on last iteration)
        if i < last_iter:
            # A <- (aI + B) A (aI + B)
            # computed as: D = a*A + B@A, then A = a*D + D@B
            D = a * A + B @ A
            A = a * D + D @ B

    if match_l0_norm:
        # Rescale X to ||X||_F = sqrt(min(D1, D2)), the natural Frobenius norm
        # of an orthogonalized (L=0) Muon-NS update.
        target = float(min(X.size(-2), X.size(-1))) ** 0.5
        cur = X.to(dtype=accum_dtype).norm().clamp_min(1e-12)
        X = X * (target / cur).to(X.dtype)

    return X


class Leon(torch.optim.Optimizer):
    """
    Leon optimizer: Nesterov momentum + Newton-Schulz orthogonalization with
    an augmented Gram matrix (second momentum buffer).

    Unlike Muon which recomputes A = X@X^T each NS iteration, Leon maintains
    a second momentum buffer L (scaled from an EMA of gradient Gram matrices) and augments
    the iteration matrix: A = X@X^T + L. A is also iterated alongside X.
    """
    def __init__(self, params, lr=0.025, weight_decay=0.025, mu=0.95, beta2=0.7,
                 ns_iters=6, eps=1e-7, l_scale=1.0, orthogonalize_dtype="bfloat16",
                 l_normalize_mode="off", match_l0_norm=False, use_grad_diff=False):
        assert isinstance(params, list) and len(params) >= 1 and isinstance(params[0], torch.nn.Parameter)
        params = sorted(params, key=lambda x: x.size(), reverse=True)
        defaults = dict(lr=lr, weight_decay=weight_decay, mu=mu, beta2=beta2,
                        ns_iters=ns_iters, eps=eps, l_scale=l_scale,
                        orthogonalize_dtype=orthogonalize_dtype,
                        l_normalize_mode=l_normalize_mode,
                        match_l0_norm=match_l0_norm,
                        use_grad_diff=use_grad_diff)
        super().__init__(params, defaults)
        self.param_names = {}

    def diagnostic_stats(self, selected_patterns):
        if isinstance(selected_patterns, str):
            selected_patterns = (selected_patterns,)
        selected_patterns = tuple(selected_patterns)

        rows = []
        rank = dist.get_rank()
        world_size = dist.get_world_size()
        with torch.no_grad():
            for group in self.param_groups:
                params = group["params"]
                for base_i in range(0, len(params), world_size):
                    if base_i + rank >= len(params):
                        continue
                    p = params[base_i + rank]
                    name = self.param_names.get(p, f"param_{base_i + rank}")
                    if selected_patterns and not any(pattern in name for pattern in selected_patterns):
                        continue
                    if p.grad is None:
                        continue

                    state = self.state[p]
                    if len(state) == 0:
                        momentum_buffer = torch.zeros_like(p, dtype=torch.float32)
                        min_D = min(p.shape[-2], p.shape[-1])
                        second_momentum_buffer = torch.zeros(
                            min_D, min_D, dtype=torch.float32, device=p.device
                        )
                    else:
                        momentum_buffer = state["momentum_buffer"]
                        second_momentum_buffer = state["second_momentum_buffer"]

                    prev_grad_buffer = state.get("prev_grad_buffer")
                    prev_grad_clone = prev_grad_buffer.clone() if prev_grad_buffer is not None else None

                    grad = p.grad.float()
                    momentum_clone = momentum_buffer.clone()
                    l_clone = second_momentum_buffer.clone()
                    grad_for_update = grad.clone()

                    # Compute grad_diff_norm before leon_orthogonalize mutates prev_grad_clone
                    if prev_grad_clone is not None:
                        grad_diff_norm = (grad_for_update - prev_grad_clone).float().norm()
                    else:
                        grad_diff_norm = math.nan

                    update = leon_orthogonalize(
                        grad_for_update, momentum_clone, l_clone,
                        momentum=group["mu"], beta2=group["beta2"],
                        ns_iters=group["ns_iters"], eps=group["eps"],
                        l_scale=group["l_scale"],
                        compute_dtype=group["orthogonalize_dtype"],
                        l_normalize_mode=group["l_normalize_mode"],
                        match_l0_norm=group["match_l0_norm"],
                        use_grad_diff=group.get("use_grad_diff", False),
                        prev_grad_buffer=prev_grad_clone,
                    )
                    update *= max(1, p.size(-2) / p.size(-1))**0.5

                    momentum_l0 = momentum_buffer.clone()
                    l_l0 = second_momentum_buffer.clone()
                    update_l0 = leon_orthogonalize(
                        grad.clone(), momentum_l0, l_l0,
                        momentum=group["mu"], beta2=group["beta2"],
                        ns_iters=group["ns_iters"], eps=group["eps"],
                        l_scale=0.0,
                        compute_dtype=group["orthogonalize_dtype"],
                    )
                    update_l0 *= max(1, p.size(-2) / p.size(-1))**0.5

                    update_float = update.float()
                    update_l0_float = update_l0.float()
                    update_norm = update_float.norm()
                    update_l0_norm = update_l0_float.norm()
                    cosine_denom = (update_norm * update_l0_norm).clamp_min(1e-12)
                    update_l0_cos = (update_float.flatten() @ update_l0_float.flatten()) / cosine_denom
                    grad_norm = grad.norm()
                    # momentum_clone / l_clone are post-`leon_orthogonalize`, so they already
                    # hold the unnormalized exponential sums S_t and T_t. No 1/(1-decay) factor.
                    momentum_for_stats = momentum_clone
                    l_for_stats = l_clone
                    momentum_norm = momentum_for_stats.norm()
                    update_grad_cos = (update_float.flatten() @ grad.flatten()) / (
                        update_norm * grad_norm
                    ).clamp_min(1e-12)
                    update_momentum_cos = (update_float.flatten() @ momentum_for_stats.flatten()) / (
                        update_norm * momentum_norm
                    ).clamp_min(1e-12)

                    l_sym = 0.5 * (l_for_stats + l_for_stats.transpose(-2, -1))
                    l_trace = l_sym.diagonal(dim1=-2, dim2=-1).sum().clamp_min(0)
                    l_fro = l_sym.norm()
                    diagnostic_accum_dtype = leon_accum_dtype(group["orthogonalize_dtype"])
                    g_sq = grad_for_update.to(dtype=diagnostic_accum_dtype).pow(2).sum()
                    # Reflect the actual effective tr(L) used inside leon_orthogonalize:
                    # match_g rescales tr(L) to l_scale * ||g||^2, off uses l_scale * tr(L_unscaled).
                    if group["l_normalize_mode"] == "match_g":
                        effective_l_trace = group["l_scale"] * g_sq
                    else:
                        effective_l_trace = group["l_scale"] * l_trace
                    l_trace_fraction = effective_l_trace / (g_sq + effective_l_trace).clamp_min(1e-12)
                    if l_trace > 0:
                        l_top_eval = torch.linalg.eigvalsh(l_sym).amax().clamp_min(0)
                        l_top_eval_fraction = l_top_eval / l_trace.clamp_min(1e-12)
                    else:
                        l_top_eval = l_trace
                        l_top_eval_fraction = l_trace

                    weight_norm = p.float().norm()
                    # LR-free shape metric: ||update||_F / ||W||_F. Multiply by lr (also
                    # logged) to recover the per-step relative move.
                    relative_update = update_norm / weight_norm.clamp_min(1e-12)
                    relative_update_l0 = update_l0_norm / weight_norm.clamp_min(1e-12)

                    rows.append(dict(
                        name=name,
                        lr=float(group["lr"]),
                        weight_norm=float(weight_norm.item()),
                        grad_norm=float(grad_norm.item()),
                        grad_diff_norm=float(grad_diff_norm) if isinstance(grad_diff_norm, float) else float(grad_diff_norm.item()),
                        momentum_norm=float(momentum_norm.item()),
                        update_norm=float(update_norm.item()),
                        update_l0_norm=float(update_l0_norm.item()),
                        relative_update=float(relative_update.item()),
                        relative_update_l0=float(relative_update_l0.item()),
                        update_l0_cos=float(update_l0_cos.item()),
                        update_grad_cos=float(update_grad_cos.item()),
                        update_momentum_cos=float(update_momentum_cos.item()),
                        l_trace=float(l_trace.item()),
                        l_fro=float(l_fro.item()),
                        l_trace_fraction=float(l_trace_fraction.item()),
                        l_top_eval=float(l_top_eval.item()),
                        l_top_eval_fraction=float(l_top_eval_fraction.item()),
                    ))
        return rows

    @torch.no_grad()
    def step(self):
        world_size = dist.get_world_size()
        rank = dist.get_rank()
        for group in self.param_groups:
            params = group["params"]
            params_pad = params + [torch.empty_like(params[-1])] * (world_size - len(params) % world_size)
            for base_i in range(0, len(params), world_size):
                if base_i + rank < len(params):
                    p = params[base_i + rank]
                    state = self.state[p]
                    if len(state) == 0:
                        state["momentum_buffer"] = torch.zeros_like(p, dtype=torch.float32)
                        D1, D2 = p.shape[-2], p.shape[-1]
                        min_D = min(D1, D2)
                        state["second_momentum_buffer"] = torch.zeros(
                            min_D, min_D, dtype=torch.float32, device=p.device
                        )
                        if group["use_grad_diff"]:
                            state["prev_grad_buffer"] = torch.zeros_like(p, dtype=torch.float32)
                    grad = p.grad.float()
                    update = leon_orthogonalize(
                        grad, state["momentum_buffer"], state["second_momentum_buffer"],
                        momentum=group["mu"], beta2=group["beta2"],
                        ns_iters=group["ns_iters"], eps=group["eps"],
                        l_scale=group["l_scale"],
                        compute_dtype=group["orthogonalize_dtype"],
                        l_normalize_mode=group["l_normalize_mode"],
                        match_l0_norm=group["match_l0_norm"],
                        use_grad_diff=group["use_grad_diff"],
                        prev_grad_buffer=state.get("prev_grad_buffer"),
                    )
                    update *= max(1, p.size(-2) / p.size(-1))**0.5
                    p.mul_(1 - group["lr"] * group["weight_decay"])
                    p.add_(update, alpha=-group["lr"])
                dist.all_gather(params_pad[base_i:base_i + world_size], params_pad[base_i + rank])


########################################
#                Setup                 #
########################################

def main():
    args = parse_args()
    num_trials = args.trials if args.trials is not None else (args.legacy_trials or 1)
    hparams = resolve_hparams(args.set)
    validate_hparams(hparams)

    if args.dry_run:
        run_dir = create_run_dir(args.out_dir)
        write_run_files(run_dir, args, hparams, "dry-run")
        print(f"dry_run:true out_dir:{run_dir}")
        print(json.dumps(dict(hparams=hparams, config_diff=config_diff(hparams)), indent=2, sort_keys=True))
        return

    global device
    # torchrun sets these env variables
    device = torch.device("cuda", int(os.environ["LOCAL_RANK"]))
    torch.cuda.set_device(device)
    dist.init_process_group(backend="nccl", device_id=device)
    dist.barrier()
    # this code can be run equivalently with 1, 2, 4, or 8 gpus.
    assert 8 % dist.get_world_size() == 0

    try:
        if dist.get_rank() == 0:
            run_dir = create_run_dir(args.out_dir)
        else:
            run_dir = None
        run_dir_obj = [str(run_dir) if run_dir is not None else None]
        dist.broadcast_object_list(run_dir_obj, src=0)
        run_dir = Path(run_dir_obj[0])
        logfile = run_dir / "train.log"

        # logging setup
        if dist.get_rank() == 0:
            print(logfile)
            write_run_files(run_dir, args, hparams, "train", dict(
                device_name=torch.cuda.get_device_name(device),
                world_size=dist.get_world_size(),
            ))

        wandb_run = None
        if hparams["wandb_project"] is not None and dist.get_rank() == 0:
            try:
                import wandb
                wandb_run = wandb.init(
                    project=hparams["wandb_project"],
                    mode=hparams.get("wandb_mode", "online"),
                    name=hparams.get("wandb_run_name") or run_dir.name,
                    dir=str(run_dir),
                    config=hparams,
                    tags=[Path(__file__).stem, f"world_size={dist.get_world_size()}"],
                )
            except Exception as e:
                print(f"[wandb] init failed, continuing without wandb: {e}")
                wandb_run = None

        def print0(s, console=False, log=True):
            if dist.get_rank() == 0:
                if console:
                    print(s)
                if log:
                    with open(logfile, "a") as f:
                        print(s, file=f)

        # we begin by logging this file itself
        print0(code)
        print0("="*100)
        print0(f"Running PyTorch {torch.version.__version__} compiled for CUDA {torch.version.cuda}"
               + f" on {torch.cuda.get_device_name(device)} with world_size {dist.get_world_size()}")
        print0(json.dumps(dict(hparams=hparams, config_diff=config_diff(hparams)), indent=2, sort_keys=True))
        print0("="*100)

        val_tokens = 20 * 524288
        batch_size = 8 * 64 * 1024
        mbs = 64
        val_inputs, val_targets = next(distributed_data_generator("data/fineweb10B/fineweb_val_*.bin", val_tokens))

        model = GPT(vocab_size=50304, num_layers=12, model_dim=768).cuda()
        model.compile(dynamic=False)

        for _ in range(num_trials):


            ########################################
            #            Hyperparameters            #
            ########################################

            train_steps = hparams["train_steps"]

            # initialize model parameters
            for name, p in model.named_parameters():
                w = p.data
                if name.endswith("weight"):
                    if "proj" in name:
                        w.zero_()
                    elif "embed" in name:
                        w.normal_()  # default torch init
                    else:
                        w.normal_(std=0.33**0.5 / w.size(-1)**0.5)  # default torch init
                elif name.endswith("bias"):
                    w.zero_()
                elif name.endswith("gains"):
                    w.normal_(mean=1, std=0)
                else:
                    raise Exception(f"Uninitialized parameter: {name}")

            # create the optimizer(s)
            optimizer1 = AdamW([dict(params=[model.embed.weight], lr=hparams["embed_lr"]),
                                dict(params=[model.proj.weight], lr=hparams["proj_lr"]),
                                dict(params=[p for p in model.parameters() if p.ndim < 2], lr=hparams["scalar_lr"])],
                               betas=hparams["adam_betas"], eps=hparams["adam_eps"],
                               weight_decay=hparams["adam_wd"], fused=True)
            optimizer2 = Leon([p for p in model.blocks.parameters() if p.ndim >= 2],
                              lr=hparams["leon_lr"], weight_decay=hparams["leon_wd"],
                              mu=hparams["leon_mu"], beta2=hparams["leon_beta2"],
                              ns_iters=hparams["leon_ns_iters"], eps=hparams["leon_eps"],
                              l_scale=hparams["leon_l_scale"],
                              orthogonalize_dtype=hparams["leon_orthogonalize_dtype"],
                              l_normalize_mode=hparams["leon_l_normalize_mode"],
                              match_l0_norm=hparams["leon_match_l0_norm"],
                              use_grad_diff=hparams["leon_use_grad_diff"])
            optimizer2.param_names = {p: name for name, p in model.named_parameters()}
            optimizers = [optimizer1, optimizer2]
            assert set(p for opt in optimizers for group in opt.param_groups
                       for p in group["params"]) == set(model.parameters())
            for opt in optimizers:
                for group in opt.param_groups:
                    group["initial_lr"] = group["lr"]
            for group in optimizer1.param_groups:
                group["cooldown_frac"] = hparams["adam_cooldown_frac"]
            for group in optimizer2.param_groups:
                group["cooldown_frac"] = hparams["leon_cooldown_frac"]
                group["l_scale"] = scheduled_l_scale(hparams, 0.0)

            # learning rate schedule: stable then decay
            def set_hparams(step):
                progress = step / train_steps
                assert 0 <= progress < 1
                for opt in optimizers:
                    for group in opt.param_groups:
                        cooldown_frac = group["cooldown_frac"]
                        if progress < 1 - cooldown_frac:
                            eta = 1.0
                        else:
                            eta = (1 - progress) / cooldown_frac
                        group["lr"] = group["initial_lr"] * eta
                l_scale = scheduled_l_scale(hparams, progress)
                for group in optimizer2.param_groups:
                    group["l_scale"] = l_scale

            def log_leon_diagnostics(step):
                if not hparams["leon_log_diagnostics"]:
                    return
                interval = hparams["leon_diag_interval"]
                if interval <= 0 or step % interval != 0:
                    return
                local_rows = optimizer2.diagnostic_stats(hparams["leon_diag_patterns"])
                gathered_rows = [None] * dist.get_world_size()
                dist.all_gather_object(gathered_rows, local_rows)
                if dist.get_rank() != 0:
                    return
                rows = [row for rank_rows in gathered_rows for row in rank_rows]
                rows.sort(key=lambda row: row["name"])
                for row in rows:
                    print0(
                        "diag"
                        + f" step:{step}"
                        + f" name:{row['name']}"
                        + f" lr:{row['lr']:.8g}"
                        + f" weight_norm:{row['weight_norm']:.6g}"
                        + f" grad_norm:{row['grad_norm']:.6g}"
                        + f" grad_diff_norm:{row['grad_diff_norm']:.6g}"
                        + f" momentum_norm:{row['momentum_norm']:.6g}"
                        + f" update_norm:{row['update_norm']:.6g}"
                        + f" update_l0_norm:{row['update_l0_norm']:.6g}"
                        + f" relative_update:{row['relative_update']:.6g}"
                        + f" relative_update_l0:{row['relative_update_l0']:.6g}"
                        + f" update_l0_cos:{row['update_l0_cos']:.6g}"
                        + f" update_grad_cos:{row['update_grad_cos']:.6g}"
                        + f" update_momentum_cos:{row['update_momentum_cos']:.6g}"
                        + f" l_trace:{row['l_trace']:.6g}"
                        + f" l_fro:{row['l_fro']:.6g}"
                        + f" l_trace_fraction:{row['l_trace_fraction']:.6g}"
                        + f" l_top_eval:{row['l_top_eval']:.6g}"
                        + f" l_top_eval_fraction:{row['l_top_eval_fraction']:.6g}",
                        console=False,
                    )
                if wandb_run is not None:
                    wandb_run.log({
                        f"diag/{row['name']}/{k}": v
                        for row in rows for k, v in row.items() if k != "name"
                    }, step=step)


            ########################################
            #        Training and Validation       #
            ########################################

            train_loader = distributed_data_generator("data/fineweb10B/fineweb_train_*.bin", batch_size)
            for p in model.parameters():
                dist.broadcast(p.detach(), 0)
            # start the clock
            training_time = 0
            last_val_step = 0
            dist.barrier()
            t0 = time.perf_counter()
            for step in range(train_steps + 1):

                # --------------- VALIDATION SECTION -----------------
                if step == train_steps or step % 125 == 0:
                    # stop the clock
                    dist.barrier()
                    time_since_last_val = time.perf_counter() - t0
                    step_avg = time_since_last_val / (step - last_val_step) if step > 0 else float("nan")
                    last_val_step = step
                    training_time += time_since_last_val
                    model.eval()
                    val_loss = 0
                    with torch.no_grad():
                        assert len(val_inputs) % mbs == 0
                        for i in range(len(val_inputs) // mbs):
                            val_loss += model(val_inputs[i*mbs:(i+1)*mbs], val_targets[i*mbs:(i+1)*mbs])
                    dist.all_reduce(val_loss, op=dist.ReduceOp.SUM)
                    val_loss /= val_tokens
                    print0(f"step:{step}/{train_steps} val_loss:{val_loss:.5f} train_time:{training_time:.3f}s"
                           + f" step_avg:{1000*step_avg:.2f}ms", console=True)
                    if wandb_run is not None:
                        wandb_run.log({
                            "val_loss": float(val_loss),
                            "train_time_s": training_time,
                            "step_avg_ms": 1000 * step_avg if step > 0 else 0.0,
                        }, step=step)
                    model.train()
                    # start the clock again
                    dist.barrier()
                    t0 = time.perf_counter()

                if step == train_steps:
                    break

                # --------------- TRAINING SECTION -----------------
                inputs, targets = next(train_loader)
                # accumulate across microbatches in case we are running with fewer than 8 gpus
                assert len(inputs) % mbs == 0
                for i in range(len(inputs) // mbs):
                    model(inputs[i*mbs:(i+1)*mbs], targets[i*mbs:(i+1)*mbs]).backward()
                for name, p in model.named_parameters():
                    assert p.grad is not None, name
                    dist.all_reduce(p.grad, op=dist.ReduceOp.SUM)
                # set optimization hyperparameters and take a step
                set_hparams(step)
                log_leon_diagnostics(step + 1)
                for opt in optimizers:
                    opt.step()
                model.zero_grad(set_to_none=True)
                approx_training_time = training_time + (time.perf_counter() - t0)
                print0(f"step:{step+1}/{train_steps} train_time:{approx_training_time:.3f}s"
                       + f" step_avg:{1000*approx_training_time/(step + 1):.2f}ms", console=True, log=False)
    finally:
        if 'wandb_run' in locals() and wandb_run is not None:
            wandb_run.finish()
        dist.destroy_process_group()


if __name__ == "__main__":
    main()

====================================================================================================
Running PyTorch 2.11.0+cu128 compiled for CUDA 12.8 on NVIDIA H100 NVL with world_size 4
{
  "config_diff": {
    "leon_eps": 1e-12,
    "leon_log_diagnostics": true,
    "leon_ns_iters": 12,
    "leon_orthogonalize_dtype": "float32",
    "leon_use_grad_diff": true,
    "train_steps": 1500
  },
  "hparams": {
    "adam_betas": [
      0.8,
      0.95
    ],
    "adam_cooldown_frac": 0.7,
    "adam_eps": 1e-10,
    "adam_wd": 0.0,
    "embed_lr": 0.3,
    "leon_beta2": 0.7,
    "leon_cooldown_frac": 0.7,
    "leon_diag_interval": 125,
    "leon_diag_patterns": [
      "blocks.0.attn.q.weight",
      "blocks.6.mlp.proj.weight",
      "blocks.11.attn.proj.weight"
    ],
    "leon_eps": 1e-12,
    "leon_l_normalize_mode": "off",
    "leon_l_scale": 1.0,
    "leon_l_scale_ramp_end_frac": 0.6,
    "leon_l_scale_ramp_start_frac": 0.2,
    "leon_l_scale_schedule": "constant",
    "leon_log_diagnostics": true,
    "leon_lr": 0.025,
    "leon_match_l0_norm": false,
    "leon_mu": 0.95,
    "leon_ns_iters": 12,
    "leon_orthogonalize_dtype": "float32",
    "leon_use_grad_diff": true,
    "leon_wd": 0.025,
    "proj_lr": 0.003125,
    "scalar_lr": 0.01,
    "train_steps": 1500,
    "wandb_mode": "online",
    "wandb_project": null,
    "wandb_run_name": null
  }
}
====================================================================================================
step:0/1500 val_loss:10.82584 train_time:0.000s step_avg:nanms
diag step:125 name:blocks.0.attn.q.weight lr:0.025 weight_norm:24.8059 grad_norm:7206.9 grad_diff_norm:12414.8 momentum_norm:10405.7 update_norm:18.3855 update_l0_norm:27.4103 relative_update:0.741178 relative_update_l0:1.105 update_l0_cos:0.87811 update_grad_cos:0.18107 update_momentum_cos:0.516997 l_trace:4.44152e+08 l_fro:2.47653e+08 l_trace_fraction:0.67227 l_top_eval:2.37983e+08 l_top_eval_fraction:0.535815
diag step:125 name:blocks.11.attn.proj.weight lr:0.025 weight_norm:26.0991 grad_norm:15806.8 grad_diff_norm:28627 momentum_norm:15490.3 update_norm:18.5471 update_l0_norm:26.0249 relative_update:0.710639 relative_update_l0:0.997155 update_l0_cos:0.87366 update_grad_cos:0.0714066 update_momentum_cos:0.291166 l_trace:2.11745e+09 l_fro:2.00247e+09 l_trace_fraction:0.722382 l_top_eval:2.00214e+09 l_top_eval_fraction:0.945541
diag step:125 name:blocks.6.mlp.proj.weight lr:0.025 weight_norm:30.1886 grad_norm:14491.3 grad_diff_norm:24806.9 momentum_norm:13941.4 update_norm:19.0302 update_l0_norm:27.7128 relative_update:0.630378 relative_update_l0:0.917988 update_l0_cos:0.932267 update_grad_cos:0.180396 update_momentum_cos:0.59975 l_trace:1.85591e+09 l_fro:9.85997e+08 l_trace_fraction:0.74909 l_top_eval:9.01631e+08 l_top_eval_fraction:0.485816
step:125/1500 val_loss:4.60586 train_time:68.204s step_avg:545.63ms
diag step:250 name:blocks.0.attn.q.weight lr:0.025 weight_norm:34.7705 grad_norm:3731.07 grad_diff_norm:5753.02 momentum_norm:6265.35 update_norm:18.4347 update_l0_norm:27.4901 relative_update:0.530181 relative_update_l0:0.790616 update_l0_cos:0.881596 update_grad_cos:0.25377 update_momentum_cos:0.604337 l_trace:1.16201e+08 l_fro:4.87385e+07 l_trace_fraction:0.628846 l_top_eval:4.26699e+07 l_top_eval_fraction:0.367207
diag step:250 name:blocks.11.attn.proj.weight lr:0.025 weight_norm:39.978 grad_norm:8565.35 grad_diff_norm:18678 momentum_norm:8772.08 update_norm:18.5006 update_l0_norm:26.9726 relative_update:0.462769 relative_update_l0:0.674686 update_l0_cos:0.875381 update_grad_cos:0.0953227 update_momentum_cos:0.407593 l_trace:1.21032e+09 l_fro:1.16893e+09 l_trace_fraction:0.83662 l_top_eval:1.1689e+09 l_top_eval_fraction:0.965775
diag step:250 name:blocks.6.mlp.proj.weight lr:0.025 weight_norm:39.9435 grad_norm:8226.95 grad_diff_norm:14632.4 momentum_norm:11141.8 update_norm:19.2631 update_l0_norm:27.7128 relative_update:0.482257 relative_update_l0:0.6938 update_l0_cos:0.95134 update_grad_cos:0.290379 update_momentum_cos:0.764065 l_trace:8.62823e+08 l_fro:3.95592e+08 l_trace_fraction:0.76845 l_top_eval:3.64855e+08 l_top_eval_fraction:0.422862
step:250/1500 val_loss:4.09224 train_time:134.473s step_avg:530.15ms
diag step:375 name:blocks.0.attn.q.weight lr:0.025 weight_norm:40.9109 grad_norm:3034.46 grad_diff_norm:4751.78 momentum_norm:5314.31 update_norm:18.5286 update_l0_norm:27.5205 relative_update:0.452901 relative_update_l0:0.672693 update_l0_cos:0.884635 update_grad_cos:0.243242 update_momentum_cos:0.643227 l_trace:7.56611e+07 l_fro:3.45717e+07 l_trace_fraction:0.618088 l_top_eval:3.13633e+07 l_top_eval_fraction:0.414523
diag step:375 name:blocks.11.attn.proj.weight lr:0.025 weight_norm:48.6778 grad_norm:5656.5 grad_diff_norm:9906.68 momentum_norm:6853.17 update_norm:18.6662 update_l0_norm:27.2157 relative_update:0.383465 relative_update_l0:0.5591 update_l0_cos:0.881283 update_grad_cos:0.119976 update_momentum_cos:0.477419 l_trace:4.17529e+08 l_fro:3.94914e+08 l_trace_fraction:0.777925 l_top_eval:3.94898e+08 l_top_eval_fraction:0.945798
diag step:375 name:blocks.6.mlp.proj.weight lr:0.025 weight_norm:46.5706 grad_norm:6976.7 grad_diff_norm:11448.3 momentum_norm:11102.6 update_norm:19.7001 update_l0_norm:27.7128 relative_update:0.423017 relative_update_l0:0.595072 update_l0_cos:0.96186 update_grad_cos:0.327834 update_momentum_cos:0.805271 l_trace:5.3409e+08 l_fro:2.01741e+08 l_trace_fraction:0.708199 l_top_eval:1.40014e+08 l_top_eval_fraction:0.262154
step:375/1500 val_loss:3.92066 train_time:201.875s step_avg:539.21ms
diag step:500 name:blocks.0.attn.q.weight lr:0.023833333 weight_norm:45.5749 grad_norm:2101.47 grad_diff_norm:3528.65 momentum_norm:4558.97 update_norm:18.3737 update_l0_norm:27.5576 relative_update:0.403155 relative_update_l0:0.604667 update_l0_cos:0.880559 update_grad_cos:0.313614 update_momentum_cos:0.67443 l_trace:5.58851e+07 l_fro:2.219e+07 l_trace_fraction:0.658684 l_top_eval:1.86344e+07 l_top_eval_fraction:0.333442
diag step:500 name:blocks.11.attn.proj.weight lr:0.023833333 weight_norm:55.2397 grad_norm:4131.53 grad_diff_norm:9040.32 momentum_norm:5369.41 update_norm:18.6446 update_l0_norm:27.3931 relative_update:0.337521 relative_update_l0:0.495894 update_l0_cos:0.879216 update_grad_cos:0.146481 update_momentum_cos:0.566619 l_trace:5.09091e+08 l_fro:4.85922e+08 l_trace_fraction:0.905248 l_top_eval:4.85906e+08 l_top_eval_fraction:0.954458
diag step:500 name:blocks.6.mlp.proj.weight lr:0.023833333 weight_norm:51.5744 grad_norm:6338.98 grad_diff_norm:11456.4 momentum_norm:10770.4 update_norm:19.6705 update_l0_norm:27.7128 relative_update:0.381401 relative_update_l0:0.537337 update_l0_cos:0.962915 update_grad_cos:0.342808 update_momentum_cos:0.831204 l_trace:5.38646e+08 l_fro:2.10311e+08 l_trace_fraction:0.738237 l_top_eval:1.87068e+08 l_top_eval_fraction:0.347293
step:500/1500 val_loss:3.81036 train_time:269.370s step_avg:539.96ms
diag step:625 name:blocks.0.attn.q.weight lr:0.020857143 weight_norm:48.3911 grad_norm:2068.76 grad_diff_norm:3377.92 momentum_norm:4229.71 update_norm:18.4045 update_l0_norm:27.5525 relative_update:0.380328 relative_update_l0:0.569372 update_l0_cos:0.882846 update_grad_cos:0.298173 update_momentum_cos:0.686263 l_trace:3.74868e+07 l_fro:1.45554e+07 l_trace_fraction:0.587615 l_top_eval:1.25675e+07 l_top_eval_fraction:0.335251
diag step:625 name:blocks.11.attn.proj.weight lr:0.020857143 weight_norm:59.3988 grad_norm:6608.56 grad_diff_norm:13035.3 momentum_norm:5405.45 update_norm:18.687 update_l0_norm:27.2781 relative_update:0.314603 relative_update_l0:0.459237 update_l0_cos:0.886941 update_grad_cos:0.11218 update_momentum_cos:0.565457 l_trace:4.15213e+08 l_fro:3.957e+08 l_trace_fraction:0.798255 l_top_eval:3.9569e+08 l_top_eval_fraction:0.952982
diag step:625 name:blocks.6.mlp.proj.weight lr:0.020857143 weight_norm:54.6717 grad_norm:7212.49 grad_diff_norm:12132.4 momentum_norm:11273.8 update_norm:19.8445 update_l0_norm:27.7128 relative_update:0.362976 relative_update_l0:0.506895 update_l0_cos:0.966236 update_grad_cos:0.317807 update_momentum_cos:0.819734 l_trace:4.71048e+08 l_fro:1.65013e+08 l_trace_fraction:0.671959 l_top_eval:1.43396e+08 l_top_eval_fraction:0.304419
step:625/1500 val_loss:3.72986 train_time:336.878s step_avg:540.07ms
diag step:750 name:blocks.0.attn.q.weight lr:0.017880952 weight_norm:49.9005 grad_norm:1842.17 grad_diff_norm:3063.15 momentum_norm:4294.45 update_norm:18.4496 update_l0_norm:27.5474 relative_update:0.369729 relative_update_l0:0.552047 update_l0_cos:0.883484 update_grad_cos:0.311092 update_momentum_cos:0.685131 l_trace:3.11123e+07 l_fro:1.14411e+07 l_trace_fraction:0.555218 l_top_eval:1.01213e+07 l_top_eval_fraction:0.325314
diag step:750 name:blocks.11.attn.proj.weight lr:0.017880952 weight_norm:61.8428 grad_norm:3568.27 grad_diff_norm:6569.17 momentum_norm:5124.37 update_norm:18.7754 update_l0_norm:27.4428 relative_update:0.303598 relative_update_l0:0.443751 update_l0_cos:0.887242 update_grad_cos:0.180248 update_momentum_cos:0.618311 l_trace:1.47636e+08 l_fro:1.30021e+08 l_trace_fraction:0.74534 l_top_eval:1.3e+08 l_top_eval_fraction:0.880547
diag step:750 name:blocks.6.mlp.proj.weight lr:0.017880952 weight_norm:56.297 grad_norm:7143.49 grad_diff_norm:11883.5 momentum_norm:12047.6 update_norm:20.0496 update_l0_norm:27.7128 relative_update:0.356139 relative_update_l0:0.492261 update_l0_cos:0.968101 update_grad_cos:0.327818 update_momentum_cos:0.814373 l_trace:4.68467e+08 l_fro:1.64587e+08 l_trace_fraction:0.653934 l_top_eval:1.47847e+08 l_top_eval_fraction:0.315596
step:750/1500 val_loss:3.66436 train_time:403.554s step_avg:533.40ms
diag step:875 name:blocks.0.attn.q.weight lr:0.014904762 weight_norm:50.6167 grad_norm:1920 grad_diff_norm:2879.78 momentum_norm:4317.38 update_norm:18.4915 update_l0_norm:27.5428 relative_update:0.365325 relative_update_l0:0.544145 update_l0_cos:0.884631 update_grad_cos:0.320613 update_momentum_cos:0.680231 l_trace:2.88066e+07 l_fro:1.00721e+07 l_trace_fraction:0.523562 l_top_eval:8.6978e+06 l_top_eval_fraction:0.301938
diag step:875 name:blocks.11.attn.proj.weight lr:0.014904762 weight_norm:63.2455 grad_norm:3829.24 grad_diff_norm:6938.68 momentum_norm:5120.8 update_norm:18.8173 update_l0_norm:27.4327 relative_update:0.297528 relative_update_l0:0.433749 update_l0_cos:0.888913 update_grad_cos:0.17723 update_momentum_cos:0.633145 l_trace:1.51143e+08 l_fro:1.32678e+08 l_trace_fraction:0.740533 l_top_eval:1.32659e+08 l_top_eval_fraction:0.8777
diag step:875 name:blocks.6.mlp.proj.weight lr:0.014904762 weight_norm:56.9996 grad_norm:7471.36 grad_diff_norm:12517.9 momentum_norm:12622.4 update_norm:20.098 update_l0_norm:27.7128 relative_update:0.352598 relative_update_l0:0.486193 update_l0_cos:0.968846 update_grad_cos:0.315406 update_momentum_cos:0.809699 l_trace:5.12207e+08 l_fro:1.84955e+08 l_trace_fraction:0.656094 l_top_eval:1.65252e+08 l_top_eval_fraction:0.322628
step:875/1500 val_loss:3.61093 train_time:471.415s step_avg:542.89ms
diag step:1000 name:blocks.0.attn.q.weight lr:0.011928571 weight_norm:50.768 grad_norm:1681.44 grad_diff_norm:2471.44 momentum_norm:4288.74 update_norm:18.5205 update_l0_norm:27.5645 relative_update:0.364808 relative_update_l0:0.542951 update_l0_cos:0.885697 update_grad_cos:0.354177 update_momentum_cos:0.696619 l_trace:2.20295e+07 l_fro:6.10192e+06 l_trace_fraction:0.478999 l_top_eval:4.88761e+06 l_top_eval_fraction:0.221866
diag step:1000 name:blocks.11.attn.proj.weight lr:0.011928571 weight_norm:63.9005 grad_norm:2731.04 grad_diff_norm:4067.28 momentum_norm:4953.75 update_norm:18.929 update_l0_norm:27.492 relative_update:0.296226 relative_update_l0:0.430231 update_l0_cos:0.892163 update_grad_cos:0.252808 update_momentum_cos:0.664128 l_trace:7.71289e+07 l_fro:6.10231e+07 l_trace_fraction:0.660395 l_top_eval:6.1e+07 l_top_eval_fraction:0.790883
diag step:1000 name:blocks.6.mlp.proj.weight lr:0.011928571 weight_norm:57.095 grad_norm:6801.37 grad_diff_norm:10946.1 momentum_norm:13301.7 update_norm:20.3168 update_l0_norm:27.7128 relative_update:0.355842 relative_update_l0:0.48538 update_l0_cos:0.972021 update_grad_cos:0.347764 update_momentum_cos:0.803372 l_trace:4.62013e+08 l_fro:1.62176e+08 l_trace_fraction:0.636126 l_top_eval:1.45906e+08 l_top_eval_fraction:0.315806
step:1000/1500 val_loss:3.56169 train_time:539.024s step_avg:540.87ms
diag step:1125 name:blocks.0.attn.q.weight lr:0.008952381 weight_norm:50.5209 grad_norm:2040.73 grad_diff_norm:2794.12 momentum_norm:4526.44 update_norm:18.6088 update_l0_norm:27.5679 relative_update:0.368339 relative_update_l0:0.545672 update_l0_cos:0.887634 update_grad_cos:0.323543 update_momentum_cos:0.700686 l_trace:2.45824e+07 l_fro:7.88872e+06 l_trace_fraction:0.463828 l_top_eval:7.12799e+06 l_top_eval_fraction:0.289963
diag step:1125 name:blocks.11.attn.proj.weight lr:0.008952381 weight_norm:64.0923 grad_norm:3019.42 grad_diff_norm:4174.37 momentum_norm:5411.93 update_norm:18.9415 update_l0_norm:27.479 relative_update:0.295535 relative_update_l0:0.428741 update_l0_cos:0.893583 update_grad_cos:0.241359 update_momentum_cos:0.651147 l_trace:7.39612e+07 l_fro:5.59778e+07 l_trace_fraction:0.609905 l_top_eval:5.5944e+07 l_top_eval_fraction:0.756397
diag step:1125 name:blocks.6.mlp.proj.weight lr:0.008952381 weight_norm:56.8014 grad_norm:8038.16 grad_diff_norm:11692.9 momentum_norm:14742.9 update_norm:20.4172 update_l0_norm:27.7128 relative_update:0.359449 relative_update_l0:0.48789 update_l0_cos:0.973151 update_grad_cos:0.318329 update_momentum_cos:0.783193 l_trace:4.36503e+08 l_fro:1.26782e+08 l_trace_fraction:0.555786 l_top_eval:1.03017e+08 l_top_eval_fraction:0.236006
step:1125/1500 val_loss:3.52258 train_time:606.745s step_avg:541.76ms
diag step:1250 name:blocks.0.attn.q.weight lr:0.0059761905 weight_norm:50.1429 grad_norm:1766.32 grad_diff_norm:2318.22 momentum_norm:4704.91 update_norm:18.619 update_l0_norm:27.5642 relative_update:0.371319 relative_update_l0:0.549714 update_l0_cos:0.888568 update_grad_cos:0.352768 update_momentum_cos:0.695034 l_trace:1.94287e+07 l_fro:4.29896e+06 l_trace_fraction:0.404808 l_top_eval:3.42075e+06 l_top_eval_fraction:0.176067
diag step:1250 name:blocks.11.attn.proj.weight lr:0.0059761905 weight_norm:64.0005 grad_norm:2855.64 grad_diff_norm:4190.81 momentum_norm:5564.89 update_norm:19.0099 update_l0_norm:27.499 relative_update:0.297027 relative_update_l0:0.429668 update_l0_cos:0.895243 update_grad_cos:0.25462 update_momentum_cos:0.66042 l_trace:4.84834e+07 l_fro:3.02175e+07 l_trace_fraction:0.508972 l_top_eval:3.01576e+07 l_top_eval_fraction:0.62202
diag step:1250 name:blocks.6.mlp.proj.weight lr:0.0059761905 weight_norm:56.3435 grad_norm:7400.77 grad_diff_norm:10477.5 momentum_norm:15705 update_norm:20.591 update_l0_norm:27.7128 relative_update:0.365454 relative_update_l0:0.491855 update_l0_cos:0.975191 update_grad_cos:0.349566 update_momentum_cos:0.777731 l_trace:3.56397e+08 l_fro:9.1301e+07 l_trace_fraction:0.503429 l_top_eval:7.05764e+07 l_top_eval_fraction:0.198028
step:1250/1500 val_loss:3.48477 train_time:675.566s step_avg:550.57ms
diag step:1375 name:blocks.0.attn.q.weight lr:0.003 weight_norm:49.7651 grad_norm:1738.79 grad_diff_norm:2679.62 momentum_norm:5361.06 update_norm:18.6031 update_l0_norm:27.5382 relative_update:0.373818 relative_update_l0:0.553364 update_l0_cos:0.887306 update_grad_cos:0.34749 update_momentum_cos:0.660382 l_trace:2.55979e+07 l_fro:5.99326e+06 l_trace_fraction:0.425815 l_top_eval:4.94187e+06 l_top_eval_fraction:0.193058
diag step:1375 name:blocks.11.attn.proj.weight lr:0.003 weight_norm:63.8254 grad_norm:2279.94 grad_diff_norm:3385.08 momentum_norm:6675.1 update_norm:19.0095 update_l0_norm:27.4887 relative_update:0.297836 relative_update_l0:0.430685 update_l0_cos:0.895604 update_grad_cos:0.296397 update_momentum_cos:0.594872 l_trace:5.7082e+07 l_fro:3.29099e+07 l_trace_fraction:0.521316 l_top_eval:3.2578e+07 l_top_eval_fraction:0.570723
diag step:1375 name:blocks.6.mlp.proj.weight lr:0.003 weight_norm:55.9056 grad_norm:7100.99 grad_diff_norm:9363.25 momentum_norm:18185.2 update_norm:20.629 update_l0_norm:27.7128 relative_update:0.368997 relative_update_l0:0.495707 update_l0_cos:0.975349 update_grad_cos:0.352052 update_momentum_cos:0.736843 l_trace:3.70822e+08 l_fro:8.24511e+07 l_trace_fraction:0.462727 l_top_eval:6.14843e+07 l_top_eval_fraction:0.165805
step:1375/1500 val_loss:3.45358 train_time:744.431s step_avg:550.92ms
diag step:1500 name:blocks.0.attn.q.weight lr:2.3809524e-05 weight_norm:49.58 grad_norm:1720.33 grad_diff_norm:2369.12 momentum_norm:5373.44 update_norm:18.8362 update_l0_norm:27.5531 relative_update:0.379916 relative_update_l0:0.555731 update_l0_cos:0.891964 update_grad_cos:0.348011 update_momentum_cos:0.664808 l_trace:1.77409e+07 l_fro:3.41463e+06 l_trace_fraction:0.342219 l_top_eval:2.75177e+06 l_top_eval_fraction:0.155108
diag step:1500 name:blocks.11.attn.proj.weight lr:2.3809524e-05 weight_norm:63.7337 grad_norm:2183.32 grad_diff_norm:3211.57 momentum_norm:7452.78 update_norm:19.2483 update_l0_norm:27.466 relative_update:0.302011 relative_update_l0:0.430949 update_l0_cos:0.899833 update_grad_cos:0.313291 update_momentum_cos:0.579046 l_trace:3.25746e+07 l_fro:1.33811e+07 l_trace_fraction:0.330026 l_top_eval:1.31499e+07 l_top_eval_fraction:0.403686
diag step:1500 name:blocks.6.mlp.proj.weight lr:2.3809524e-05 weight_norm:55.7045 grad_norm:6595.23 grad_diff_norm:9389.86 momentum_norm:22378.5 update_norm:21.1387 update_l0_norm:27.7128 relative_update:0.37948 relative_update_l0:0.497497 update_l0_cos:0.978479 update_grad_cos:0.374545 update_momentum_cos:0.669351 l_trace:2.80605e+08 l_fro:6.27365e+07 l_trace_fraction:0.318886 l_top_eval:5.43575e+07 l_top_eval_fraction:0.193715
step:1500/1500 val_loss:3.43389 train_time:811.900s step_avg:539.75ms
