"""
train_gpt_simple_leon.py

This file descends from the [NanoGPT speedrun](https://github.com/KellerJordan/modded-nanogpt).
It was prepared as a simplified version of the speedrun for use in neural net optimization research.
This variant replaces Muon with Leon (initial test using the same Newton-Schulz coefficients).
"""

import os
import sys
with open(sys.argv[0]) as f:
    code = f.read() # read the code of this file ASAP, for logging
import argparse
import ast
import json
import subprocess
import uuid
import time
from datetime import datetime
from pathlib import Path


BASE_HPARAMS = dict(
    # Training
    train_steps         = 3375,
    # AdamW — embedding
    embed_lr            = 0.3,
    # AdamW — lm_head projection
    proj_lr             = 1/320,
    # AdamW — scalars (biases, gains)
    scalar_lr           = 0.01,
    # AdamW shared
    adam_betas          = (0.8, 0.95),
    adam_eps            = 1e-10,
    adam_wd             = 0.0,
    adam_cooldown_frac  = 0.7,
    # Leon — 2D block params
    leon_lr             = 0.025,
    leon_wd             = 0.025,
    leon_mu             = 0.95,
    leon_beta2          = 0.7,
    leon_cooldown_frac  = 0.7,
    leon_ns_iters       = 6,
    leon_eps            = 1e-9,
    leon_l_scale        = 1.0,
    leon_log_diagnostics = False,
    leon_diag_interval  = 125,
    leon_diag_patterns  = (
        "blocks.0.attn.q.weight",
        "blocks.6.mlp.proj.weight",
        "blocks.11.attn.proj.weight",
    ),
)


def parse_value(s: str):
    try:
        return ast.literal_eval(s)
    except (ValueError, SyntaxError):
        return s


def parse_args():
    parser = argparse.ArgumentParser()
    parser.add_argument("legacy_trials", nargs="?", type=int,
                        help="Legacy positional trial count. Prefer --trials.")
    parser.add_argument("--trials", type=int, default=None)
    parser.add_argument("--set", action="append", default=[],
                        metavar="KEY=VALUE", help="Override or add an hparams entry.")
    parser.add_argument("--dry-run", action="store_true",
                        help="Resolve config and write metadata without CUDA/NCCL/training.")
    parser.add_argument("--out-dir", type=Path, default=None,
                        help="Run output directory. Defaults to runs/leon/<timestamp>-<uuid>.")
    return parser.parse_args()


def resolve_hparams(overrides):
    hparams = dict(BASE_HPARAMS)
    for item in overrides:
        if "=" not in item:
            raise ValueError(f"--set expects KEY=VALUE, got {item!r}")
        key, raw_value = item.split("=", 1)
        value = parse_value(raw_value)
        if key == "cooldown_frac":
            hparams["adam_cooldown_frac"] = value
            hparams["leon_cooldown_frac"] = value
        hparams[key] = value
    return hparams


def config_diff(hparams):
    return {k: v for k, v in hparams.items() if BASE_HPARAMS.get(k) != v}


def default_run_dir():
    stamp = datetime.now().strftime("%Y%m%d-%H%M%S")
    return Path("records/track_3_optimization/runs/leon") / f"{stamp}-{uuid.uuid4().hex[:8]}"


def create_run_dir(out_dir=None):
    run_dir = Path(out_dir) if out_dir is not None else default_run_dir()
    run_dir.mkdir(parents=True, exist_ok=False)
    return run_dir


def git_commit():
    try:
        return subprocess.check_output(["git", "rev-parse", "HEAD"], text=True).strip()
    except Exception:
        return None


def shard_counts():
    cwd = Path.cwd()
    return dict(
        train_shards=len(list(cwd.glob("data/fineweb10B/fineweb_train_*.bin"))),
        val_shards=len(list(cwd.glob("data/fineweb10B/fineweb_val_*.bin"))),
    )


def torch_versions():
    torch_module = globals().get("torch")
    if torch_module is None:
        return None, None
    return torch_module.version.__version__, torch_module.version.cuda


def write_run_files(run_dir, args, hparams, mode, extra=None):
    torch_version, cuda_version = torch_versions()
    diff = config_diff(hparams)
    metadata = dict(
        mode=mode,
        argv=sys.argv,
        cwd=str(Path.cwd()),
        script=sys.argv[0],
        trials=args.trials if args.trials is not None else (args.legacy_trials or 1),
        dry_run=args.dry_run,
        out_dir=str(run_dir),
        git_commit=git_commit(),
        torch_version=torch_version,
        cuda_version=cuda_version,
        shard_counts=shard_counts(),
    )
    if extra:
        metadata.update(extra)
    (run_dir / "config.json").write_text(json.dumps(hparams, indent=2, sort_keys=True) + "\n")
    (run_dir / "config_diff.json").write_text(json.dumps(diff, indent=2, sort_keys=True) + "\n")
    (run_dir / "metadata.json").write_text(json.dumps(metadata, indent=2, sort_keys=True) + "\n")


if "--dry-run" in sys.argv:
    args = parse_args()
    hparams = resolve_hparams(args.set)
    run_dir = create_run_dir(args.out_dir)
    write_run_files(run_dir, args, hparams, "dry-run")
    print(f"dry_run:true out_dir:{run_dir}")
    print(json.dumps(dict(hparams=hparams, config_diff=config_diff(hparams)), indent=2, sort_keys=True))
    sys.exit(0)

import torch
from torch import Tensor, nn
from torch.optim import AdamW
import torch.nn.functional as F
import torch.distributed as dist


########################################
#              Dataloader              #
########################################

def _load_data_shard(file: Path):
    header = torch.from_file(str(file), False, 256, dtype=torch.int32) # header is 256 int32
    assert header[0] == 20240520, "magic number mismatch in the data .bin file"
    assert header[1] == 1, "unsupported version"
    num_tokens = int(header[2]) # number of tokens (claimed)
    with file.open("rb", buffering=0) as f:
        tokens = torch.empty(num_tokens, dtype=torch.uint16, pin_memory=True)
        f.seek(256 * 4)
        nbytes = f.readinto(tokens.numpy()) # avoid bytes->array copy
        assert nbytes == 2 * num_tokens, "number of tokens read does not match header"
    return tokens

def distributed_data_generator(filename_pattern: str, batch_size: int, seq_len=1024):
    files = sorted(Path.cwd().glob(filename_pattern))
    assert batch_size % dist.get_world_size() == 0
    local_batch_size = batch_size // dist.get_world_size()
    file_iter = iter(files)
    tokens, pos = _load_data_shard(next(file_iter)), 0
    while True:
        if pos + batch_size + 1 >= len(tokens):
            tokens, pos = _load_data_shard(next(file_iter)), 0
        buf = tokens[pos + dist.get_rank() * local_batch_size:][:local_batch_size + 1]
        inputs = buf[:-1].to(device="cuda", dtype=torch.int32, non_blocking=True)
        targets = buf[1:].to(device="cuda", dtype=torch.int64, non_blocking=True)
        pos += batch_size
        yield inputs.view(-1, seq_len), targets.view(-1, seq_len)


########################################
#             Architecture             #
########################################

class RMSNorm(nn.Module):
    def __init__(self, dim):
        super().__init__()
        self.gains = nn.Parameter(torch.ones(dim))

    def forward(self, x):
        return F.rms_norm(x, (x.size(-1),), weight=self.gains.type_as(x))

class Linear(nn.Linear):
    def __init__(self, in_features, out_features):
        super().__init__(in_features, out_features, bias=True)

    def forward(self, x):
        return F.linear(x, self.weight.type_as(x), self.bias.type_as(x))

class Rotary(nn.Module):
    def __init__(self, dim: int):
        super().__init__()
        # half-truncate RoPE (w/ base freq tuning)
        angular_freq = (1 / 1024) ** torch.linspace(0, 1, steps=dim//4, dtype=torch.float32)
        self.register_buffer("angular_freq", torch.cat([angular_freq, angular_freq.new_zeros(dim//4)]))

    def forward(self, x_BTHD: Tensor):
        pos = torch.arange(x_BTHD.size(1), dtype=torch.float32, device=x_BTHD.device)
        theta = torch.outer(pos, self.angular_freq)[None, :, None, :]
        cos, sin = theta.cos(), theta.sin()
        x1, x2 = x_BTHD.to(dtype=torch.float32).chunk(2, dim=-1)
        y1 = x1 * cos + x2 * sin
        y2 = x1 * (-sin) + x2 * cos
        return torch.cat((y1, y2), 3).type_as(x_BTHD)

class CausalSelfAttention(nn.Module):
    def __init__(self, dim: int, head_dim=128):
        super().__init__()
        self.num_heads = dim // head_dim
        self.head_dim = head_dim
        hdim = self.num_heads * self.head_dim
        self.q = Linear(dim, hdim)
        self.k = Linear(dim, hdim)
        self.v = Linear(dim, hdim)
        self.proj = Linear(hdim, dim)
        self.rotary = Rotary(head_dim)

    def forward(self, x: Tensor):
        B, T = x.size(0), x.size(1)
        q = self.q(x).view(B, T, self.num_heads, self.head_dim)
        k = self.k(x).view(B, T, self.num_heads, self.head_dim)
        v = self.v(x).view(B, T, self.num_heads, self.head_dim)
        q, k = F.rms_norm(q, (q.size(-1),)), F.rms_norm(k, (k.size(-1),))
        q, k = self.rotary(q), self.rotary(k)
        y = F.scaled_dot_product_attention(q.transpose(1, 2), k.transpose(1, 2),
                                           v.transpose(1, 2), scale=0.12, is_causal=True).transpose(1, 2)
        y = y.contiguous().view(B, T, self.num_heads * self.head_dim)
        y = self.proj(y)
        return y

class MLP(nn.Module):
    def __init__(self, dim: int):
        super().__init__()
        hdim = 4 * dim
        self.fc = Linear(dim, hdim)
        self.proj = Linear(hdim, dim)

    def forward(self, x: Tensor):
        x = self.fc(x)
        x = x.relu().square()
        x = self.proj(x)
        return x

class Block(nn.Module):
    def __init__(self, dim: int):
        super().__init__()
        self.attn = CausalSelfAttention(dim)
        self.mlp = MLP(dim)
        self.norm1 = RMSNorm(dim)
        self.norm2 = RMSNorm(dim)

    def forward(self, x: Tensor):
        x = x + self.attn(self.norm1(x))
        x = x + self.mlp(self.norm2(x))
        return x

class GPT(nn.Module):
    def __init__(self, vocab_size: int, num_layers: int, model_dim: int):
        super().__init__()
        self.embed = nn.Embedding(vocab_size, model_dim).bfloat16()
        self.blocks = nn.ModuleList([Block(model_dim) for _ in range(num_layers)])
        self.proj = Linear(model_dim, vocab_size)
        self.norm1 = RMSNorm(model_dim)
        self.norm2 = RMSNorm(model_dim)

    def forward(self, inputs: Tensor, targets: Tensor):
        x = self.norm1(self.embed(inputs))
        for block in self.blocks:
            x = block(x)
        logits = self.proj(self.norm2(x)).float()
        logits = 15 * logits * (logits.square() + 15**2).rsqrt()
        return F.cross_entropy(logits.view(targets.numel(), -1), targets.view(-1), reduction="sum")


########################################
#              Optimizer               #
########################################

def leon_orthogonalize(grad: Tensor, momentum_buffer: Tensor, second_momentum_buffer: Tensor,
                       momentum: float = 0.95, beta2: float = 0.7,
                       ns_iters: int = 6, ns_coeffs: tuple = (2, -1.5, 0.5),
                       eps: float = 1e-7, l_scale: float = 1.0) -> Tensor:
    """
    Leon update: Nesterov momentum + Newton-Schulz orthogonalization with
    augmented Gram matrix (second momentum buffer).

    Computes (GG^T + L)^{-0.5} G where L is an EMA of the gradient Gram matrix,
    using Newton-Schulz iterations to approximate the matrix inverse square root.

    Args:
        grad: Raw gradient (will be mutated in-place for momentum)
        momentum_buffer: First momentum buffer (EMA of gradients)
        second_momentum_buffer: Second momentum buffer (EMA of Gram matrices)
        momentum: First momentum coefficient (Nesterov)
        beta2: Second momentum coefficient (Gram EMA)
        ns_iters: Number of Newton-Schulz iterations
        ns_coeffs: (a, b, c) coefficients for the NS iteration
        eps: Diagonal stability epsilon added to the augmented Gram matrix
        l_scale: Multiplier for the second-momentum Gram contribution
    """
    is_tall = grad.size(-2) >= grad.size(-1)

    # 0. Compute Gram matrix of raw gradient BEFORE mutating it with momentum
    if is_tall:
        gram_tmp = grad.mT @ grad
    else:
        gram_tmp = grad @ grad.mT

    # 1. Update first momentum (Nesterov)
    momentum_buffer.lerp_(grad, 1 - momentum)
    g = grad.lerp_(momentum_buffer, momentum)  # in-place

    # 2. Update second momentum (Gram EMA)
    second_momentum_buffer.lerp_(gram_tmp, 1 - beta2)

    X = g.bfloat16()
    L = second_momentum_buffer.float() * l_scale
    A = 0.5 * (L + L.transpose(-2, -1))  # ensure symmetry

    # 3. Scale so that tr(GG^T + L) ≈ 1
    tr = X.float().pow(2).sum(dim=(-2, -1), keepdim=True) \
       + A.diagonal(dim1=-2, dim2=-1).sum(dim=-1, keepdim=True).unsqueeze(-1)
    tr = tr.clamp_min(1e-12) * ((1 + 2e-2)**2)  # safety cushion

    inv_sqrt_tr = tr.rsqrt()
    inv_tr = inv_sqrt_tr.square()

    X = X * inv_sqrt_tr.to(X.dtype)
    A = (A * inv_tr).contiguous()

    # 4. Initial augmented Gram: A0 = gram(X) + L_scaled
    if is_tall:
        A = A + (X.mT @ X)
    else:
        A = A + (X @ X.mT)
    A.diagonal(dim1=-2, dim2=-1).add_(eps)  # eps for stability

    # 5. Newton-Schulz iterations with A iteration
    a, b, c = ns_coeffs
    last_iter = ns_iters - 1
    for i in range(ns_iters):
        A = 0.5 * (A + A.transpose(-2, -1))  # keep symmetric
        B = b * A + c * (A @ A)

        if is_tall:
            X = a * X + X @ B.to(X.dtype)
        else:
            X = a * X + B.to(X.dtype) @ X

        # Update A alongside X (skip on last iteration)
        if i < last_iter:
            # A <- (aI + B) A (aI + B)
            # computed as: D = a*A + B@A, then A = a*D + D@B
            D = a * A + B @ A
            A = a * D + D @ B

    return X


class Leon(torch.optim.Optimizer):
    """
    Leon optimizer: Nesterov momentum + Newton-Schulz orthogonalization with
    an augmented Gram matrix (second momentum buffer).

    Unlike Muon which recomputes A = X@X^T each NS iteration, Leon maintains
    a second momentum buffer L (EMA of gradient Gram matrices) and augments
    the iteration matrix: A = X@X^T + L. A is also iterated alongside X.
    """
    def __init__(self, params, lr=0.025, weight_decay=0.025, mu=0.95, beta2=0.7,
                 ns_iters=6, eps=1e-7, l_scale=1.0):
        assert isinstance(params, list) and len(params) >= 1 and isinstance(params[0], torch.nn.Parameter)
        params = sorted(params, key=lambda x: x.size(), reverse=True)
        defaults = dict(lr=lr, weight_decay=weight_decay, mu=mu, beta2=beta2,
                        ns_iters=ns_iters, eps=eps, l_scale=l_scale)
        super().__init__(params, defaults)
        self.param_names = {}

    def diagnostic_stats(self, selected_patterns):
        if isinstance(selected_patterns, str):
            selected_patterns = (selected_patterns,)
        selected_patterns = tuple(selected_patterns)

        rows = []
        rank = dist.get_rank()
        world_size = dist.get_world_size()
        with torch.no_grad():
            for group in self.param_groups:
                params = group["params"]
                for base_i in range(0, len(params), world_size):
                    if base_i + rank >= len(params):
                        continue
                    p = params[base_i + rank]
                    name = self.param_names.get(p, f"param_{base_i + rank}")
                    if selected_patterns and not any(pattern in name for pattern in selected_patterns):
                        continue
                    if p.grad is None:
                        continue

                    state = self.state[p]
                    if len(state) == 0:
                        momentum_buffer = torch.zeros_like(p, dtype=torch.float32)
                        min_D = min(p.shape[-2], p.shape[-1])
                        second_momentum_buffer = torch.zeros(
                            min_D, min_D, dtype=torch.float32, device=p.device
                        )
                    else:
                        momentum_buffer = state["momentum_buffer"]
                        second_momentum_buffer = state["second_momentum_buffer"]

                    grad = p.grad.float()
                    momentum_clone = momentum_buffer.clone()
                    l_clone = second_momentum_buffer.clone()
                    grad_for_update = grad.clone()
                    update = leon_orthogonalize(
                        grad_for_update, momentum_clone, l_clone,
                        momentum=group["mu"], beta2=group["beta2"],
                        ns_iters=group["ns_iters"], eps=group["eps"],
                        l_scale=group["l_scale"],
                    )
                    update *= max(1, p.size(-2) / p.size(-1))**0.5

                    momentum_l0 = momentum_buffer.clone()
                    l_l0 = second_momentum_buffer.clone()
                    update_l0 = leon_orthogonalize(
                        grad.clone(), momentum_l0, l_l0,
                        momentum=group["mu"], beta2=group["beta2"],
                        ns_iters=group["ns_iters"], eps=group["eps"],
                        l_scale=0.0,
                    )
                    update_l0 *= max(1, p.size(-2) / p.size(-1))**0.5

                    update_float = update.float()
                    update_l0_float = update_l0.float()
                    update_norm = update_float.norm()
                    update_l0_norm = update_l0_float.norm()
                    cosine_denom = (update_norm * update_l0_norm).clamp_min(1e-12)
                    update_l0_cos = (update_float.flatten() @ update_l0_float.flatten()) / cosine_denom
                    grad_norm = grad.norm()
                    momentum_norm = momentum_clone.norm()
                    update_grad_cos = (update_float.flatten() @ grad.flatten()) / (
                        update_norm * grad_norm
                    ).clamp_min(1e-12)
                    update_momentum_cos = (update_float.flatten() @ momentum_clone.flatten()) / (
                        update_norm * momentum_norm
                    ).clamp_min(1e-12)

                    l_sym = 0.5 * (l_clone + l_clone.transpose(-2, -1))
                    l_trace = l_sym.diagonal(dim1=-2, dim2=-1).sum().clamp_min(0)
                    l_fro = l_sym.norm()
                    g_sq = grad_for_update.bfloat16().float().pow(2).sum()
                    scaled_l_trace = group["l_scale"] * l_trace
                    l_trace_fraction = scaled_l_trace / (g_sq + scaled_l_trace).clamp_min(1e-12)
                    if l_trace > 0:
                        l_top_eval = torch.linalg.eigvalsh(l_sym).amax().clamp_min(0)
                        l_top_eval_fraction = l_top_eval / l_trace.clamp_min(1e-12)
                    else:
                        l_top_eval = l_trace
                        l_top_eval_fraction = l_trace

                    weight_norm = p.float().norm()
                    relative_update = group["lr"] * update_norm / weight_norm.clamp_min(1e-12)
                    relative_update_l0 = group["lr"] * update_l0_norm / weight_norm.clamp_min(1e-12)

                    rows.append(dict(
                        name=name,
                        lr=float(group["lr"]),
                        weight_norm=float(weight_norm.item()),
                        grad_norm=float(grad_norm.item()),
                        momentum_norm=float(momentum_norm.item()),
                        update_norm=float(update_norm.item()),
                        update_l0_norm=float(update_l0_norm.item()),
                        relative_update=float(relative_update.item()),
                        relative_update_l0=float(relative_update_l0.item()),
                        update_l0_cos=float(update_l0_cos.item()),
                        update_grad_cos=float(update_grad_cos.item()),
                        update_momentum_cos=float(update_momentum_cos.item()),
                        l_trace=float(l_trace.item()),
                        l_fro=float(l_fro.item()),
                        l_trace_fraction=float(l_trace_fraction.item()),
                        l_top_eval=float(l_top_eval.item()),
                        l_top_eval_fraction=float(l_top_eval_fraction.item()),
                    ))
        return rows

    @torch.no_grad()
    def step(self):
        world_size = dist.get_world_size()
        rank = dist.get_rank()
        for group in self.param_groups:
            params = group["params"]
            params_pad = params + [torch.empty_like(params[-1])] * (world_size - len(params) % world_size)
            for base_i in range(0, len(params), world_size):
                if base_i + rank < len(params):
                    p = params[base_i + rank]
                    state = self.state[p]
                    if len(state) == 0:
                        state["momentum_buffer"] = torch.zeros_like(p, dtype=torch.float32)
                        D1, D2 = p.shape[-2], p.shape[-1]
                        min_D = min(D1, D2)
                        state["second_momentum_buffer"] = torch.zeros(
                            min_D, min_D, dtype=torch.float32, device=p.device
                        )
                    grad = p.grad.float()
                    update = leon_orthogonalize(
                        grad, state["momentum_buffer"], state["second_momentum_buffer"],
                        momentum=group["mu"], beta2=group["beta2"],
                        ns_iters=group["ns_iters"], eps=group["eps"],
                        l_scale=group["l_scale"],
                    )
                    update *= max(1, p.size(-2) / p.size(-1))**0.5
                    p.mul_(1 - group["lr"] * group["weight_decay"])
                    p.add_(update, alpha=-group["lr"])
                dist.all_gather(params_pad[base_i:base_i + world_size], params_pad[base_i + rank])


########################################
#                Setup                 #
########################################

def main():
    args = parse_args()
    num_trials = args.trials if args.trials is not None else (args.legacy_trials or 1)
    hparams = resolve_hparams(args.set)

    if args.dry_run:
        run_dir = create_run_dir(args.out_dir)
        write_run_files(run_dir, args, hparams, "dry-run")
        print(f"dry_run:true out_dir:{run_dir}")
        print(json.dumps(dict(hparams=hparams, config_diff=config_diff(hparams)), indent=2, sort_keys=True))
        return

    global device
    # torchrun sets these env variables
    device = torch.device("cuda", int(os.environ["LOCAL_RANK"]))
    torch.cuda.set_device(device)
    dist.init_process_group(backend="nccl", device_id=device)
    dist.barrier()
    # this code can be run equivalently with 1, 2, 4, or 8 gpus.
    assert 8 % dist.get_world_size() == 0

    try:
        if dist.get_rank() == 0:
            run_dir = create_run_dir(args.out_dir)
        else:
            run_dir = None
        run_dir_obj = [str(run_dir) if run_dir is not None else None]
        dist.broadcast_object_list(run_dir_obj, src=0)
        run_dir = Path(run_dir_obj[0])
        logfile = run_dir / "train.log"

        # logging setup
        if dist.get_rank() == 0:
            print(logfile)
            write_run_files(run_dir, args, hparams, "train", dict(
                device_name=torch.cuda.get_device_name(device),
                world_size=dist.get_world_size(),
            ))

        def print0(s, console=False, log=True):
            if dist.get_rank() == 0:
                if console:
                    print(s)
                if log:
                    with open(logfile, "a") as f:
                        print(s, file=f)

        # we begin by logging this file itself
        print0(code)
        print0("="*100)
        print0(f"Running PyTorch {torch.version.__version__} compiled for CUDA {torch.version.cuda}"
               + f" on {torch.cuda.get_device_name(device)} with world_size {dist.get_world_size()}")
        print0(json.dumps(dict(hparams=hparams, config_diff=config_diff(hparams)), indent=2, sort_keys=True))
        print0("="*100)

        val_tokens = 20 * 524288
        batch_size = 8 * 64 * 1024
        mbs = 64
        val_inputs, val_targets = next(distributed_data_generator("data/fineweb10B/fineweb_val_*.bin", val_tokens))

        model = GPT(vocab_size=50304, num_layers=12, model_dim=768).cuda()
        model.compile(dynamic=False)

        for _ in range(num_trials):


            ########################################
            #            Hyperparameters            #
            ########################################

            train_steps = hparams["train_steps"]

            # initialize model parameters
            for name, p in model.named_parameters():
                w = p.data
                if name.endswith("weight"):
                    if "proj" in name:
                        w.zero_()
                    elif "embed" in name:
                        w.normal_()  # default torch init
                    else:
                        w.normal_(std=0.33**0.5 / w.size(-1)**0.5)  # default torch init
                elif name.endswith("bias"):
                    w.zero_()
                elif name.endswith("gains"):
                    w.normal_(mean=1, std=0)
                else:
                    raise Exception(f"Uninitialized parameter: {name}")

            # create the optimizer(s)
            optimizer1 = AdamW([dict(params=[model.embed.weight], lr=hparams["embed_lr"]),
                                dict(params=[model.proj.weight], lr=hparams["proj_lr"]),
                                dict(params=[p for p in model.parameters() if p.ndim < 2], lr=hparams["scalar_lr"])],
                               betas=hparams["adam_betas"], eps=hparams["adam_eps"],
                               weight_decay=hparams["adam_wd"], fused=True)
            optimizer2 = Leon([p for p in model.blocks.parameters() if p.ndim >= 2],
                              lr=hparams["leon_lr"], weight_decay=hparams["leon_wd"],
                              mu=hparams["leon_mu"], beta2=hparams["leon_beta2"],
                              ns_iters=hparams["leon_ns_iters"], eps=hparams["leon_eps"],
                              l_scale=hparams["leon_l_scale"])
            optimizer2.param_names = {p: name for name, p in model.named_parameters()}
            optimizers = [optimizer1, optimizer2]
            assert set(p for opt in optimizers for group in opt.param_groups
                       for p in group["params"]) == set(model.parameters())
            for opt in optimizers:
                for group in opt.param_groups:
                    group["initial_lr"] = group["lr"]
            for group in optimizer1.param_groups:
                group["cooldown_frac"] = hparams["adam_cooldown_frac"]
            for group in optimizer2.param_groups:
                group["cooldown_frac"] = hparams["leon_cooldown_frac"]

            # learning rate schedule: stable then decay
            def set_hparams(step):
                progress = step / train_steps
                assert 0 <= progress < 1
                for opt in optimizers:
                    for group in opt.param_groups:
                        cooldown_frac = group["cooldown_frac"]
                        if progress < 1 - cooldown_frac:
                            eta = 1.0
                        else:
                            eta = (1 - progress) / cooldown_frac
                        group["lr"] = group["initial_lr"] * eta

            def log_leon_diagnostics(step):
                if not hparams["leon_log_diagnostics"]:
                    return
                interval = hparams["leon_diag_interval"]
                if interval <= 0 or step % interval != 0:
                    return
                local_rows = optimizer2.diagnostic_stats(hparams["leon_diag_patterns"])
                gathered_rows = [None] * dist.get_world_size()
                dist.all_gather_object(gathered_rows, local_rows)
                if dist.get_rank() != 0:
                    return
                rows = [row for rank_rows in gathered_rows for row in rank_rows]
                rows.sort(key=lambda row: row["name"])
                for row in rows:
                    print0(
                        "diag"
                        + f" step:{step}"
                        + f" name:{row['name']}"
                        + f" lr:{row['lr']:.8g}"
                        + f" weight_norm:{row['weight_norm']:.6g}"
                        + f" grad_norm:{row['grad_norm']:.6g}"
                        + f" momentum_norm:{row['momentum_norm']:.6g}"
                        + f" update_norm:{row['update_norm']:.6g}"
                        + f" update_l0_norm:{row['update_l0_norm']:.6g}"
                        + f" relative_update:{row['relative_update']:.6g}"
                        + f" relative_update_l0:{row['relative_update_l0']:.6g}"
                        + f" update_l0_cos:{row['update_l0_cos']:.6g}"
                        + f" update_grad_cos:{row['update_grad_cos']:.6g}"
                        + f" update_momentum_cos:{row['update_momentum_cos']:.6g}"
                        + f" l_trace:{row['l_trace']:.6g}"
                        + f" l_fro:{row['l_fro']:.6g}"
                        + f" l_trace_fraction:{row['l_trace_fraction']:.6g}"
                        + f" l_top_eval:{row['l_top_eval']:.6g}"
                        + f" l_top_eval_fraction:{row['l_top_eval_fraction']:.6g}",
                        console=False,
                    )


            ########################################
            #        Training and Validation       #
            ########################################

            train_loader = distributed_data_generator("data/fineweb10B/fineweb_train_*.bin", batch_size)
            for p in model.parameters():
                dist.broadcast(p.detach(), 0)
            # start the clock
            training_time = 0
            last_val_step = 0
            dist.barrier()
            t0 = time.perf_counter()
            for step in range(train_steps + 1):

                # --------------- VALIDATION SECTION -----------------
                if step == train_steps or step % 125 == 0:
                    # stop the clock
                    dist.barrier()
                    time_since_last_val = time.perf_counter() - t0
                    step_avg = time_since_last_val / (step - last_val_step) if step > 0 else float("nan")
                    last_val_step = step
                    training_time += time_since_last_val
                    model.eval()
                    val_loss = 0
                    with torch.no_grad():
                        assert len(val_inputs) % mbs == 0
                        for i in range(len(val_inputs) // mbs):
                            val_loss += model(val_inputs[i*mbs:(i+1)*mbs], val_targets[i*mbs:(i+1)*mbs])
                    dist.all_reduce(val_loss, op=dist.ReduceOp.SUM)
                    val_loss /= val_tokens
                    print0(f"step:{step}/{train_steps} val_loss:{val_loss:.5f} train_time:{training_time:.3f}s"
                           + f" step_avg:{1000*step_avg:.2f}ms", console=True)
                    model.train()
                    # start the clock again
                    dist.barrier()
                    t0 = time.perf_counter()

                if step == train_steps:
                    break

                # --------------- TRAINING SECTION -----------------
                inputs, targets = next(train_loader)
                # accumulate across microbatches in case we are running with fewer than 8 gpus
                assert len(inputs) % mbs == 0
                for i in range(len(inputs) // mbs):
                    model(inputs[i*mbs:(i+1)*mbs], targets[i*mbs:(i+1)*mbs]).backward()
                for name, p in model.named_parameters():
                    assert p.grad is not None, name
                    dist.all_reduce(p.grad, op=dist.ReduceOp.SUM)
                # set optimization hyperparameters and take a step
                set_hparams(step)
                log_leon_diagnostics(step + 1)
                for opt in optimizers:
                    opt.step()
                model.zero_grad(set_to_none=True)
                approx_training_time = training_time + (time.perf_counter() - t0)
                print0(f"step:{step+1}/{train_steps} train_time:{approx_training_time:.3f}s"
                       + f" step_avg:{1000*approx_training_time/(step + 1):.2f}ms", console=True, log=False)
    finally:
        dist.destroy_process_group()


if __name__ == "__main__":
    main()

====================================================================================================
Running PyTorch 2.11.0+cu126 compiled for CUDA 12.6 on NVIDIA H100 NVL with world_size 4
{
  "config_diff": {
    "leon_l_scale": 0.0,
    "leon_log_diagnostics": true,
    "train_steps": 500
  },
  "hparams": {
    "adam_betas": [
      0.8,
      0.95
    ],
    "adam_cooldown_frac": 0.7,
    "adam_eps": 1e-10,
    "adam_wd": 0.0,
    "embed_lr": 0.3,
    "leon_beta2": 0.7,
    "leon_cooldown_frac": 0.7,
    "leon_diag_interval": 125,
    "leon_diag_patterns": [
      "blocks.0.attn.q.weight",
      "blocks.6.mlp.proj.weight",
      "blocks.11.attn.proj.weight"
    ],
    "leon_eps": 1e-09,
    "leon_l_scale": 0.0,
    "leon_log_diagnostics": true,
    "leon_lr": 0.025,
    "leon_mu": 0.95,
    "leon_ns_iters": 6,
    "leon_wd": 0.025,
    "proj_lr": 0.003125,
    "scalar_lr": 0.01,
    "train_steps": 500
  }
}
====================================================================================================
step:0/500 val_loss:10.82584 train_time:0.000s step_avg:nanms
diag step:125 name:blocks.0.attn.q.weight lr:0.025 weight_norm:20.7667 grad_norm:5527.75 momentum_norm:531.39 update_norm:16.5369 update_l0_norm:16.5369 relative_update:0.019908 relative_update_l0:0.019908 update_l0_cos:1 update_grad_cos:0.296411 update_momentum_cos:0.656875 l_trace:4.27686e+07 l_fro:2.33686e+07 l_trace_fraction:0 l_top_eval:2.27797e+07 l_top_eval_fraction:0.532627
diag step:125 name:blocks.11.attn.proj.weight lr:0.025 weight_norm:10.5284 grad_norm:13215 momentum_norm:1008.67 update_norm:8.75712 update_l0_norm:8.75712 relative_update:0.020794 relative_update_l0:0.020794 update_l0_cos:1 update_grad_cos:0.159967 update_momentum_cos:0.469667 l_trace:3.68788e+08 l_fro:3.52079e+08 l_trace_fraction:0 l_top_eval:3.52026e+08 l_top_eval_fraction:0.954548
diag step:125 name:blocks.6.mlp.proj.weight lr:0.025 weight_norm:22.7364 grad_norm:7048.58 momentum_norm:519.596 update_norm:18.9501 update_l0_norm:18.9501 relative_update:0.0208368 relative_update_l0:0.0208368 update_l0_cos:1 update_grad_cos:0.2607 update_momentum_cos:0.747114 l_trace:6.89941e+07 l_fro:3.01386e+07 l_trace_fraction:0 l_top_eval:2.66098e+07 l_top_eval_fraction:0.385682
step:125/500 val_loss:4.81341 train_time:58.990s step_avg:471.92ms
diag step:250 name:blocks.0.attn.q.weight lr:0.017928571 weight_norm:29.741 grad_norm:3238.54 momentum_norm:292.722 update_norm:17.8471 update_l0_norm:17.8471 relative_update:0.0107586 relative_update_l0:0.0107586 update_l0_cos:1 update_grad_cos:0.354169 update_momentum_cos:0.725785 l_trace:1.08528e+07 l_fro:4.07668e+06 l_trace_fraction:0 l_top_eval:3.73489e+06 l_top_eval_fraction:0.34414
diag step:250 name:blocks.11.attn.proj.weight lr:0.017928571 weight_norm:16.5175 grad_norm:9527.88 momentum_norm:437.677 update_norm:10.0269 update_l0_norm:10.0269 relative_update:0.0108835 relative_update_l0:0.0108835 update_l0_cos:1 update_grad_cos:0.166905 update_momentum_cos:0.518937 l_trace:1.3961e+08 l_fro:1.35894e+08 l_trace_fraction:0 l_top_eval:1.3589e+08 l_top_eval_fraction:0.973355
diag step:250 name:blocks.6.mlp.proj.weight lr:0.017928571 weight_norm:35.3006 grad_norm:6220.53 momentum_norm:501.651 update_norm:22.5384 update_l0_norm:22.5384 relative_update:0.0114469 relative_update_l0:0.0114469 update_l0_cos:1 update_grad_cos:0.343722 update_momentum_cos:0.826355 l_trace:4.35692e+07 l_fro:1.80437e+07 l_trace_fraction:0 l_top_eval:1.69767e+07 l_top_eval_fraction:0.389649
step:250/500 val_loss:4.16147 train_time:115.798s step_avg:454.46ms
diag step:375 name:blocks.0.attn.q.weight lr:0.009 weight_norm:32.2861 grad_norm:2165.49 momentum_norm:285.825 update_norm:18.7867 update_l0_norm:18.7867 relative_update:0.00523692 relative_update_l0:0.00523692 update_l0_cos:1 update_grad_cos:0.371055 update_momentum_cos:0.726618 l_trace:4.84871e+06 l_fro:1.21743e+06 l_trace_fraction:0 l_top_eval:1.07969e+06 l_top_eval_fraction:0.222676
diag step:375 name:blocks.11.attn.proj.weight lr:0.009 weight_norm:19.2509 grad_norm:5130.27 momentum_norm:284.68 update_norm:12.887 update_l0_norm:12.887 relative_update:0.00602483 relative_update_l0:0.00602483 update_l0_cos:1 update_grad_cos:0.17203 update_momentum_cos:0.590687 l_trace:2.77956e+07 l_fro:2.6116e+07 l_trace_fraction:0 l_top_eval:2.61143e+07 l_top_eval_fraction:0.939511
diag step:375 name:blocks.6.mlp.proj.weight lr:0.009 weight_norm:39.546 grad_norm:5087.96 momentum_norm:585.588 update_norm:24.3833 update_l0_norm:24.3833 relative_update:0.00554923 relative_update_l0:0.00554923 update_l0_cos:1 update_grad_cos:0.412652 update_momentum_cos:0.851235 l_trace:2.5552e+07 l_fro:5.29952e+06 l_trace_fraction:0 l_top_eval:4.67468e+06 l_top_eval_fraction:0.182948
step:375/500 val_loss:3.90888 train_time:172.415s step_avg:452.93ms
diag step:500 name:blocks.0.attn.q.weight lr:7.1428571e-05 weight_norm:32.479 grad_norm:2002.88 momentum_norm:338.098 update_norm:18.4297 update_l0_norm:18.4297 relative_update:4.05311e-05 relative_update_l0:4.05311e-05 update_l0_cos:1 update_grad_cos:0.408769 update_momentum_cos:0.701568 l_trace:3.91821e+06 l_fro:648928 l_trace_fraction:0 l_top_eval:508148 l_top_eval_fraction:0.129689
diag step:500 name:blocks.11.attn.proj.weight lr:7.1428571e-05 weight_norm:20.1905 grad_norm:2724.83 momentum_norm:421.879 update_norm:13.538 update_l0_norm:13.538 relative_update:4.78938e-05 relative_update_l0:4.78938e-05 update_l0_cos:1 update_grad_cos:0.249529 update_momentum_cos:0.496471 l_trace:7.68104e+06 l_fro:5.96374e+06 l_trace_fraction:0 l_top_eval:5.95728e+06 l_top_eval_fraction:0.775582
diag step:500 name:blocks.6.mlp.proj.weight lr:7.1428571e-05 weight_norm:40.0542 grad_norm:4538.66 momentum_norm:775.652 update_norm:24.4252 update_l0_norm:24.4252 relative_update:4.35575e-05 relative_update_l0:4.35575e-05 update_l0_cos:1 update_grad_cos:0.469233 update_momentum_cos:0.832179 l_trace:2.03261e+07 l_fro:1.45833e+06 l_trace_fraction:0 l_top_eval:796444 l_top_eval_fraction:0.0391833
step:500/500 val_loss:3.79464 train_time:229.097s step_avg:453.46ms
