"""
train_gpt_simple_leon.py

This file descends from the [NanoGPT speedrun](https://github.com/KellerJordan/modded-nanogpt).
It was prepared as a simplified version of the speedrun for use in neural net optimization research.
This variant replaces Muon with Leon (initial test using the same Newton-Schulz coefficients).
"""

import math
import os
import sys
with open(sys.argv[0]) as f:
    code = f.read() # read the code of this file ASAP, for logging
import argparse
import ast
import json
import subprocess
import uuid
import time
from datetime import datetime
from pathlib import Path


BASE_HPARAMS = dict(
    # Training
    train_steps         = 3375,
    # AdamW — embedding
    embed_lr            = 0.3,
    # AdamW — lm_head projection
    proj_lr             = 1/320,
    # AdamW — scalars (biases, gains)
    scalar_lr           = 0.01,
    # AdamW shared
    adam_betas          = (0.8, 0.95),
    adam_eps            = 1e-10,
    adam_wd             = 0.0,
    adam_cooldown_frac  = 0.7,
    # Leon — 2D block params
    leon_lr             = 0.025,
    leon_wd             = 0.025,
    leon_mu             = 0.95,
    leon_beta2          = 0.7,
    leon_cooldown_frac  = 0.7,
    leon_ns_iters       = 6,
    leon_eps            = 1e-9,
    leon_l_scale        = 1.0,
    leon_orthogonalize_dtype = "bfloat16",
    leon_l_scale_schedule = "constant",
    leon_l_scale_ramp_start_frac = 0.2,
    leon_l_scale_ramp_end_frac = 0.6,
    # "off": L = l_scale * T_t (raw unnormalized Gram sum).
    # "match_g": rescale L so tr(L) = l_scale * ||G||_F^2 (l_scale=1.0 -> tr(L) fraction 0.5).
    leon_l_normalize_mode = "off",
    # When True, rescale the final NS output to Frobenius norm sqrt(min(D1, D2)),
    # i.e. match the natural ||update||_F of the L=0 (Muon-NS) update.
    leon_match_l0_norm  = False,
    # When True, second moment accumulates (grad_t - grad_{t-1})(grad_t - grad_{t-1})^T
    # instead of grad_t * grad_t^T.
    leon_use_grad_diff  = False,
    # When False, skip the Nesterov first-moment buffer entirely; orthogonalize raw grad.
    leon_use_nesterov   = True,
    leon_log_diagnostics = False,
    leon_diag_interval  = 125,
    leon_diag_patterns  = (
        "blocks.0.attn.q.weight",
        "blocks.6.mlp.proj.weight",
        "blocks.11.attn.proj.weight",
    ),
    # Optional wandb logging (off by default). Enable with --set wandb_project=<name>.
    # File artifacts (train.log, config.json, tuning_log.csv) remain authoritative.
    wandb_project = None,
    wandb_mode    = "online",  # "online" | "offline" | "disabled"
    # Optional. If unset, the wandb run name falls back to run_dir.name (the timestamp+uuid).
    # Set this to your tuning_log.csv run_id so the dashboard matches the ledger.
    wandb_run_name = None,
)


def parse_value(s: str):
    try:
        return ast.literal_eval(s)
    except (ValueError, SyntaxError):
        return s


def parse_args():
    parser = argparse.ArgumentParser()
    parser.add_argument("legacy_trials", nargs="?", type=int,
                        help="Legacy positional trial count. Prefer --trials.")
    parser.add_argument("--trials", type=int, default=None)
    parser.add_argument("--set", action="append", default=[],
                        metavar="KEY=VALUE", help="Override or add an hparams entry.")
    parser.add_argument("--dry-run", action="store_true",
                        help="Resolve config and write metadata without CUDA/NCCL/training.")
    parser.add_argument("--out-dir", type=Path, default=None,
                        help="Run output directory. Defaults to runs/leon/<timestamp>-<uuid>.")
    return parser.parse_args()


def resolve_hparams(overrides):
    hparams = dict(BASE_HPARAMS)
    for item in overrides:
        if "=" not in item:
            raise ValueError(f"--set expects KEY=VALUE, got {item!r}")
        key, raw_value = item.split("=", 1)
        value = parse_value(raw_value)
        if key == "cooldown_frac":
            hparams["adam_cooldown_frac"] = value
            hparams["leon_cooldown_frac"] = value
        hparams[key] = value
    return hparams


def config_diff(hparams):
    return {k: v for k, v in hparams.items() if BASE_HPARAMS.get(k) != v}


def validate_hparams(hparams):
    l_scale = float(hparams["leon_l_scale"])
    if l_scale < 0:
        raise ValueError(f"leon_l_scale must be non-negative, got {l_scale!r}")

    orthogonalize_dtype = hparams["leon_orthogonalize_dtype"]
    if orthogonalize_dtype not in ("bfloat16", "float32", "float64"):
        raise ValueError(
            "leon_orthogonalize_dtype must be 'bfloat16', 'float32', or 'float64', "
            f"got {orthogonalize_dtype!r}"
        )

    schedule = hparams["leon_l_scale_schedule"]
    if schedule not in ("constant", "linear_ramp"):
        raise ValueError(
            "leon_l_scale_schedule must be 'constant' or 'linear_ramp', "
            f"got {schedule!r}"
        )

    if schedule == "linear_ramp":
        start = float(hparams["leon_l_scale_ramp_start_frac"])
        end = float(hparams["leon_l_scale_ramp_end_frac"])
        if not (0 <= start < end <= 1):
            raise ValueError(
                "linear_ramp requires 0 <= leon_l_scale_ramp_start_frac "
                "< leon_l_scale_ramp_end_frac <= 1, "
                f"got start={start!r}, end={end!r}"
            )

    normalize_mode = hparams["leon_l_normalize_mode"]
    if normalize_mode not in ("off", "match_g"):
        raise ValueError(
            "leon_l_normalize_mode must be 'off' or 'match_g', "
            f"got {normalize_mode!r}"
        )

    if not isinstance(hparams["leon_use_grad_diff"], bool):
        raise TypeError(
            f"leon_use_grad_diff must be bool, got {type(hparams['leon_use_grad_diff'])!r}"
        )

    if not isinstance(hparams["leon_use_nesterov"], bool):
        raise TypeError(
            f"leon_use_nesterov must be bool, got {type(hparams['leon_use_nesterov'])!r}"
        )


def scheduled_l_scale(hparams, progress):
    target = float(hparams["leon_l_scale"])
    schedule = hparams["leon_l_scale_schedule"]

    if schedule == "constant":
        return target

    start = float(hparams["leon_l_scale_ramp_start_frac"])
    end = float(hparams["leon_l_scale_ramp_end_frac"])
    if progress < start:
        return 0.0
    if progress >= end:
        return target
    ramp_progress = (progress - start) / (end - start)
    return target * ramp_progress


def default_run_dir():
    stamp = datetime.now().strftime("%Y%m%d-%H%M%S")
    return Path("records/track_3_optimization/runs/leon") / f"{stamp}-{uuid.uuid4().hex[:8]}"


def create_run_dir(out_dir=None):
    run_dir = Path(out_dir) if out_dir is not None else default_run_dir()
    run_dir.mkdir(parents=True, exist_ok=False)
    return run_dir


def git_commit():
    try:
        return subprocess.check_output(["git", "rev-parse", "HEAD"], text=True).strip()
    except Exception:
        return None


def shard_counts():
    cwd = Path.cwd()
    return dict(
        train_shards=len(list(cwd.glob("data/fineweb10B/fineweb_train_*.bin"))),
        val_shards=len(list(cwd.glob("data/fineweb10B/fineweb_val_*.bin"))),
    )


def torch_versions():
    torch_module = globals().get("torch")
    if torch_module is None:
        return None, None
    return torch_module.version.__version__, torch_module.version.cuda


def write_run_files(run_dir, args, hparams, mode, extra=None):
    torch_version, cuda_version = torch_versions()
    diff = config_diff(hparams)
    metadata = dict(
        mode=mode,
        argv=sys.argv,
        cwd=str(Path.cwd()),
        script=sys.argv[0],
        trials=args.trials if args.trials is not None else (args.legacy_trials or 1),
        dry_run=args.dry_run,
        out_dir=str(run_dir),
        git_commit=git_commit(),
        torch_version=torch_version,
        cuda_version=cuda_version,
        shard_counts=shard_counts(),
    )
    if extra:
        metadata.update(extra)
    (run_dir / "config.json").write_text(json.dumps(hparams, indent=2, sort_keys=True) + "\n")
    (run_dir / "config_diff.json").write_text(json.dumps(diff, indent=2, sort_keys=True) + "\n")
    (run_dir / "metadata.json").write_text(json.dumps(metadata, indent=2, sort_keys=True) + "\n")


if "--dry-run" in sys.argv:
    args = parse_args()
    hparams = resolve_hparams(args.set)
    validate_hparams(hparams)
    run_dir = create_run_dir(args.out_dir)
    write_run_files(run_dir, args, hparams, "dry-run")
    print(f"dry_run:true out_dir:{run_dir}")
    print(json.dumps(dict(hparams=hparams, config_diff=config_diff(hparams)), indent=2, sort_keys=True))
    sys.exit(0)

import torch
from torch import Tensor, nn
from torch.optim import AdamW
import torch.nn.functional as F
import torch.distributed as dist


########################################
#              Dataloader              #
########################################

def _load_data_shard(file: Path):
    header = torch.from_file(str(file), False, 256, dtype=torch.int32) # header is 256 int32
    assert header[0] == 20240520, "magic number mismatch in the data .bin file"
    assert header[1] == 1, "unsupported version"
    num_tokens = int(header[2]) # number of tokens (claimed)
    with file.open("rb", buffering=0) as f:
        tokens = torch.empty(num_tokens, dtype=torch.uint16, pin_memory=True)
        f.seek(256 * 4)
        nbytes = f.readinto(tokens.numpy()) # avoid bytes->array copy
        assert nbytes == 2 * num_tokens, "number of tokens read does not match header"
    return tokens

def distributed_data_generator(filename_pattern: str, batch_size: int, seq_len=1024):
    files = sorted(Path.cwd().glob(filename_pattern))
    assert batch_size % dist.get_world_size() == 0
    local_batch_size = batch_size // dist.get_world_size()
    file_iter = iter(files)
    tokens, pos = _load_data_shard(next(file_iter)), 0
    while True:
        if pos + batch_size + 1 >= len(tokens):
            tokens, pos = _load_data_shard(next(file_iter)), 0
        buf = tokens[pos + dist.get_rank() * local_batch_size:][:local_batch_size + 1]
        inputs = buf[:-1].to(device="cuda", dtype=torch.int32, non_blocking=True)
        targets = buf[1:].to(device="cuda", dtype=torch.int64, non_blocking=True)
        pos += batch_size
        yield inputs.view(-1, seq_len), targets.view(-1, seq_len)


########################################
#             Architecture             #
########################################

class RMSNorm(nn.Module):
    def __init__(self, dim):
        super().__init__()
        self.gains = nn.Parameter(torch.ones(dim))

    def forward(self, x):
        return F.rms_norm(x, (x.size(-1),), weight=self.gains.type_as(x))

class Linear(nn.Linear):
    def __init__(self, in_features, out_features):
        super().__init__(in_features, out_features, bias=True)

    def forward(self, x):
        return F.linear(x, self.weight.type_as(x), self.bias.type_as(x))

class Rotary(nn.Module):
    def __init__(self, dim: int):
        super().__init__()
        # half-truncate RoPE (w/ base freq tuning)
        angular_freq = (1 / 1024) ** torch.linspace(0, 1, steps=dim//4, dtype=torch.float32)
        self.register_buffer("angular_freq", torch.cat([angular_freq, angular_freq.new_zeros(dim//4)]))

    def forward(self, x_BTHD: Tensor):
        pos = torch.arange(x_BTHD.size(1), dtype=torch.float32, device=x_BTHD.device)
        theta = torch.outer(pos, self.angular_freq)[None, :, None, :]
        cos, sin = theta.cos(), theta.sin()
        x1, x2 = x_BTHD.to(dtype=torch.float32).chunk(2, dim=-1)
        y1 = x1 * cos + x2 * sin
        y2 = x1 * (-sin) + x2 * cos
        return torch.cat((y1, y2), 3).type_as(x_BTHD)

class CausalSelfAttention(nn.Module):
    def __init__(self, dim: int, head_dim=128):
        super().__init__()
        self.num_heads = dim // head_dim
        self.head_dim = head_dim
        hdim = self.num_heads * self.head_dim
        self.q = Linear(dim, hdim)
        self.k = Linear(dim, hdim)
        self.v = Linear(dim, hdim)
        self.proj = Linear(hdim, dim)
        self.rotary = Rotary(head_dim)

    def forward(self, x: Tensor):
        B, T = x.size(0), x.size(1)
        q = self.q(x).view(B, T, self.num_heads, self.head_dim)
        k = self.k(x).view(B, T, self.num_heads, self.head_dim)
        v = self.v(x).view(B, T, self.num_heads, self.head_dim)
        q, k = F.rms_norm(q, (q.size(-1),)), F.rms_norm(k, (k.size(-1),))
        q, k = self.rotary(q), self.rotary(k)
        y = F.scaled_dot_product_attention(q.transpose(1, 2), k.transpose(1, 2),
                                           v.transpose(1, 2), scale=0.12, is_causal=True).transpose(1, 2)
        y = y.contiguous().view(B, T, self.num_heads * self.head_dim)
        y = self.proj(y)
        return y

class MLP(nn.Module):
    def __init__(self, dim: int):
        super().__init__()
        hdim = 4 * dim
        self.fc = Linear(dim, hdim)
        self.proj = Linear(hdim, dim)

    def forward(self, x: Tensor):
        x = self.fc(x)
        x = x.relu().square()
        x = self.proj(x)
        return x

class Block(nn.Module):
    def __init__(self, dim: int):
        super().__init__()
        self.attn = CausalSelfAttention(dim)
        self.mlp = MLP(dim)
        self.norm1 = RMSNorm(dim)
        self.norm2 = RMSNorm(dim)

    def forward(self, x: Tensor):
        x = x + self.attn(self.norm1(x))
        x = x + self.mlp(self.norm2(x))
        return x

class GPT(nn.Module):
    def __init__(self, vocab_size: int, num_layers: int, model_dim: int):
        super().__init__()
        self.embed = nn.Embedding(vocab_size, model_dim).bfloat16()
        self.blocks = nn.ModuleList([Block(model_dim) for _ in range(num_layers)])
        self.proj = Linear(model_dim, vocab_size)
        self.norm1 = RMSNorm(model_dim)
        self.norm2 = RMSNorm(model_dim)

    def forward(self, inputs: Tensor, targets: Tensor):
        x = self.norm1(self.embed(inputs))
        for block in self.blocks:
            x = block(x)
        logits = self.proj(self.norm2(x)).float()
        logits = 15 * logits * (logits.square() + 15**2).rsqrt()
        return F.cross_entropy(logits.view(targets.numel(), -1), targets.view(-1), reduction="sum")


########################################
#              Optimizer               #
########################################

def leon_compute_dtype(dtype_name: str):
    if dtype_name == "bfloat16":
        return torch.bfloat16
    if dtype_name == "float32":
        return torch.float32
    if dtype_name == "float64":
        return torch.float64
    raise ValueError(f"Unsupported Leon orthogonalization dtype: {dtype_name!r}")


def leon_accum_dtype(dtype_name: str):
    return torch.float64 if dtype_name == "float64" else torch.float32


def leon_orthogonalize(grad: Tensor, momentum_buffer: Tensor, second_momentum_buffer: Tensor,
                       momentum: float = 0.95, beta2: float = 0.7,
                       ns_iters: int = 6, ns_coeffs: tuple = (2, -1.5, 0.5),
                       eps: float = 1e-7, l_scale: float = 1.0,
                       compute_dtype: str = "bfloat16",
                       l_normalize_mode: str = "off",
                       match_l0_norm: bool = False,
                       use_grad_diff: bool = False,
                       prev_grad_buffer: Tensor = None,
                       use_nesterov: bool = True) -> Tensor:
    """
    Leon update: Nesterov momentum + Newton-Schulz orthogonalization with
    augmented Gram matrix (second momentum buffer).

    Computes (GG^T + L)^{-0.5} G where L is an EMA-like gradient Gram statistic,
    using Newton-Schulz iterations to approximate the matrix inverse square root.

    Args:
        grad: Raw gradient (mutated in-place into the Nesterov-corrected update)
        momentum_buffer: First-moment unnormalized exponential sum
            S_t = momentum * S_{t-1} + grad_t (updated in place).
        second_momentum_buffer: Second-moment unnormalized exponential sum
            T_t = beta2 * T_{t-1} + grad_t grad_t^T (updated in place).
        momentum: First momentum coefficient (Nesterov)
        beta2: Second momentum coefficient
        ns_iters: Number of Newton-Schulz iterations
        ns_coeffs: (a, b, c) coefficients for the NS iteration
        eps: Diagonal stability epsilon added to the augmented Gram matrix
        l_scale: Multiplier for the second-momentum Gram contribution
        compute_dtype: Matrix-update dtype for X inside the NS iteration
        l_normalize_mode: "off" uses L = l_scale * T_t; "match_g" rescales L so
            tr(L) = l_scale * ||G||_F^2 (l_scale=1.0 -> tr(L) fraction 0.5).
        match_l0_norm: When True, rescale the final NS output to Frobenius norm
            sqrt(min(D1, D2)), matching the L=0 update's natural Frobenius norm.
    """
    is_tall = grad.size(-2) >= grad.size(-1)
    x_dtype = leon_compute_dtype(compute_dtype)
    accum_dtype = leon_accum_dtype(compute_dtype)

    # 0. Compute Gram matrix of raw gradient BEFORE mutating it with momentum
    if use_grad_diff and prev_grad_buffer is not None:
        gram_src = grad - prev_grad_buffer
        prev_grad_buffer.copy_(grad)  # store raw grad before momentum mutation
    else:
        gram_src = grad

    if is_tall:
        gram_tmp = gram_src.mT @ gram_src
    else:
        gram_tmp = gram_src @ gram_src.mT

    # Both buffers are stored as unnormalized exponential sums:
    #   S_t = momentum * S_{t-1} + grad_t          (first moment)
    #   T_t = beta2    * T_{t-1} + grad_t grad_t^T (second moment)
    # so we avoid the lerp_ / divide-by-(1-decay) round-trip used in EMA storage.

    # 1. First-moment sum + Nesterov: g = grad + momentum * S_t
    if use_nesterov and momentum_buffer is not None:
        momentum_buffer.mul_(momentum).add_(grad)
        g = grad.add_(momentum_buffer, alpha=momentum)
    else:
        g = grad  # no momentum: orthogonalize the raw gradient directly

    # 2. Second-moment sum: T_t in place
    second_momentum_buffer.mul_(beta2).add_(gram_tmp)

    X = g.to(dtype=x_dtype)
    L_unscaled = second_momentum_buffer.to(dtype=accum_dtype)
    if l_normalize_mode == "match_g":
        x_sq = X.to(dtype=accum_dtype).pow(2).sum()
        raw_l_tr = L_unscaled.diagonal(dim1=-2, dim2=-1).sum().clamp_min(1e-12)
        # Rescale so tr(L) = l_scale * ||X||_F^2 regardless of the raw sum magnitude.
        L = L_unscaled * (l_scale * x_sq / raw_l_tr)
    else:
        L = L_unscaled * l_scale
    A = 0.5 * (L + L.transpose(-2, -1))  # ensure symmetry

    # 3. Scale so that tr(GG^T + L) ≈ 1
    tr = X.to(dtype=accum_dtype).pow(2).sum(dim=(-2, -1), keepdim=True) \
       + A.diagonal(dim1=-2, dim2=-1).sum(dim=-1, keepdim=True).unsqueeze(-1)
    tr = tr.clamp_min(1e-12) * ((1 + 2e-2)**2)  # safety cushion

    inv_sqrt_tr = tr.rsqrt()
    inv_tr = inv_sqrt_tr.square()

    X = X * inv_sqrt_tr.to(X.dtype)
    A = (A * inv_tr).contiguous()

    # 4. Initial augmented Gram: A0 = gram(X) + L_scaled
    if is_tall:
        A = A + (X.mT @ X)
    else:
        A = A + (X @ X.mT)
    A.diagonal(dim1=-2, dim2=-1).add_(eps)  # eps for stability

    # 5. Newton-Schulz iterations with A iteration
    a, b, c = ns_coeffs
    last_iter = ns_iters - 1
    for i in range(ns_iters):
        A = 0.5 * (A + A.transpose(-2, -1))  # keep symmetric
        B = b * A + c * (A @ A)

        if is_tall:
            X = a * X + X @ B.to(X.dtype)
        else:
            X = a * X + B.to(X.dtype) @ X

        # Update A alongside X (skip on last iteration)
        if i < last_iter:
            # A <- (aI + B) A (aI + B)
            # computed as: D = a*A + B@A, then A = a*D + D@B
            D = a * A + B @ A
            A = a * D + D @ B

    if match_l0_norm:
        # Rescale X to ||X||_F = sqrt(min(D1, D2)), the natural Frobenius norm
        # of an orthogonalized (L=0) Muon-NS update.
        target = float(min(X.size(-2), X.size(-1))) ** 0.5
        cur = X.to(dtype=accum_dtype).norm().clamp_min(1e-12)
        X = X * (target / cur).to(X.dtype)

    return X


class Leon(torch.optim.Optimizer):
    """
    Leon optimizer: Nesterov momentum + Newton-Schulz orthogonalization with
    an augmented Gram matrix (second momentum buffer).

    Unlike Muon which recomputes A = X@X^T each NS iteration, Leon maintains
    a second momentum buffer L (scaled from an EMA of gradient Gram matrices) and augments
    the iteration matrix: A = X@X^T + L. A is also iterated alongside X.
    """
    def __init__(self, params, lr=0.025, weight_decay=0.025, mu=0.95, beta2=0.7,
                 ns_iters=6, eps=1e-7, l_scale=1.0, orthogonalize_dtype="bfloat16",
                 l_normalize_mode="off", match_l0_norm=False, use_grad_diff=False,
                 use_nesterov=True):
        assert isinstance(params, list) and len(params) >= 1 and isinstance(params[0], torch.nn.Parameter)
        params = sorted(params, key=lambda x: x.size(), reverse=True)
        defaults = dict(lr=lr, weight_decay=weight_decay, mu=mu, beta2=beta2,
                        ns_iters=ns_iters, eps=eps, l_scale=l_scale,
                        orthogonalize_dtype=orthogonalize_dtype,
                        l_normalize_mode=l_normalize_mode,
                        match_l0_norm=match_l0_norm,
                        use_grad_diff=use_grad_diff,
                        use_nesterov=use_nesterov)
        super().__init__(params, defaults)
        self.param_names = {}

    def diagnostic_stats(self, selected_patterns):
        if isinstance(selected_patterns, str):
            selected_patterns = (selected_patterns,)
        selected_patterns = tuple(selected_patterns)

        rows = []
        rank = dist.get_rank()
        world_size = dist.get_world_size()
        with torch.no_grad():
            for group in self.param_groups:
                params = group["params"]
                for base_i in range(0, len(params), world_size):
                    if base_i + rank >= len(params):
                        continue
                    p = params[base_i + rank]
                    name = self.param_names.get(p, f"param_{base_i + rank}")
                    if selected_patterns and not any(pattern in name for pattern in selected_patterns):
                        continue
                    if p.grad is None:
                        continue

                    state = self.state[p]
                    use_nesterov = group.get("use_nesterov", True)
                    if len(state) == 0:
                        momentum_buffer = torch.zeros_like(p, dtype=torch.float32) if use_nesterov else None
                        min_D = min(p.shape[-2], p.shape[-1])
                        second_momentum_buffer = torch.zeros(
                            min_D, min_D, dtype=torch.float32, device=p.device
                        )
                    else:
                        momentum_buffer = state.get("momentum_buffer")  # None when use_nesterov=False
                        second_momentum_buffer = state["second_momentum_buffer"]

                    prev_grad_buffer = state.get("prev_grad_buffer")
                    prev_grad_clone = prev_grad_buffer.clone() if prev_grad_buffer is not None else None

                    grad = p.grad.float()
                    momentum_clone = momentum_buffer.clone() if momentum_buffer is not None else None
                    l_clone = second_momentum_buffer.clone()
                    grad_for_update = grad.clone()

                    # Compute grad_diff_norm before leon_orthogonalize mutates prev_grad_clone
                    if prev_grad_clone is not None:
                        grad_diff_norm = (grad_for_update - prev_grad_clone).float().norm()
                    else:
                        grad_diff_norm = math.nan

                    update = leon_orthogonalize(
                        grad_for_update, momentum_clone, l_clone,
                        momentum=group["mu"], beta2=group["beta2"],
                        ns_iters=group["ns_iters"], eps=group["eps"],
                        l_scale=group["l_scale"],
                        compute_dtype=group["orthogonalize_dtype"],
                        l_normalize_mode=group["l_normalize_mode"],
                        match_l0_norm=group["match_l0_norm"],
                        use_grad_diff=group.get("use_grad_diff", False),
                        prev_grad_buffer=prev_grad_clone,
                        use_nesterov=use_nesterov,
                    )
                    update *= max(1, p.size(-2) / p.size(-1))**0.5

                    momentum_l0 = momentum_buffer.clone() if momentum_buffer is not None else None
                    l_l0 = second_momentum_buffer.clone()
                    update_l0 = leon_orthogonalize(
                        grad.clone(), momentum_l0, l_l0,
                        momentum=group["mu"], beta2=group["beta2"],
                        ns_iters=group["ns_iters"], eps=group["eps"],
                        l_scale=0.0,
                        compute_dtype=group["orthogonalize_dtype"],
                        use_nesterov=use_nesterov,
                    )
                    update_l0 *= max(1, p.size(-2) / p.size(-1))**0.5

                    update_float = update.float()
                    update_l0_float = update_l0.float()
                    update_norm = update_float.norm()
                    update_l0_norm = update_l0_float.norm()
                    cosine_denom = (update_norm * update_l0_norm).clamp_min(1e-12)
                    update_l0_cos = (update_float.flatten() @ update_l0_float.flatten()) / cosine_denom
                    grad_norm = grad.norm()
                    # momentum_clone holds the unnormalized sum S_t (post-step) when use_nesterov=True.
                    if momentum_clone is not None:
                        momentum_norm = momentum_clone.norm()
                        update_momentum_cos = (update_float.flatten() @ momentum_clone.float().flatten()) / (
                            update_norm * momentum_norm
                        ).clamp_min(1e-12)
                    else:
                        momentum_norm = math.nan
                        update_momentum_cos = math.nan
                    l_for_stats = l_clone
                    update_grad_cos = (update_float.flatten() @ grad.flatten()) / (
                        update_norm * grad_norm
                    ).clamp_min(1e-12)

                    l_sym = 0.5 * (l_for_stats + l_for_stats.transpose(-2, -1))
                    l_trace = l_sym.diagonal(dim1=-2, dim2=-1).sum().clamp_min(0)
                    l_fro = l_sym.norm()
                    diagnostic_accum_dtype = leon_accum_dtype(group["orthogonalize_dtype"])
                    g_sq = grad_for_update.to(dtype=diagnostic_accum_dtype).pow(2).sum()
                    # Reflect the actual effective tr(L) used inside leon_orthogonalize:
                    # match_g rescales tr(L) to l_scale * ||g||^2, off uses l_scale * tr(L_unscaled).
                    if group["l_normalize_mode"] == "match_g":
                        effective_l_trace = group["l_scale"] * g_sq
                    else:
                        effective_l_trace = group["l_scale"] * l_trace
                    l_trace_fraction = effective_l_trace / (g_sq + effective_l_trace).clamp_min(1e-12)
                    if l_trace > 0:
                        l_top_eval = torch.linalg.eigvalsh(l_sym).amax().clamp_min(0)
                        l_top_eval_fraction = l_top_eval / l_trace.clamp_min(1e-12)
                    else:
                        l_top_eval = l_trace
                        l_top_eval_fraction = l_trace

                    weight_norm = p.float().norm()
                    # LR-free shape metric: ||update||_F / ||W||_F. Multiply by lr (also
                    # logged) to recover the per-step relative move.
                    relative_update = update_norm / weight_norm.clamp_min(1e-12)
                    relative_update_l0 = update_l0_norm / weight_norm.clamp_min(1e-12)

                    rows.append(dict(
                        name=name,
                        lr=float(group["lr"]),
                        weight_norm=float(weight_norm.item()),
                        grad_norm=float(grad_norm.item()),
                        grad_diff_norm=float(grad_diff_norm) if isinstance(grad_diff_norm, float) else float(grad_diff_norm.item()),
                        momentum_norm=float(momentum_norm) if isinstance(momentum_norm, float) else float(momentum_norm.item()),
                        update_norm=float(update_norm.item()),
                        update_l0_norm=float(update_l0_norm.item()),
                        relative_update=float(relative_update.item()),
                        relative_update_l0=float(relative_update_l0.item()),
                        update_l0_cos=float(update_l0_cos.item()),
                        update_grad_cos=float(update_grad_cos.item()),
                        update_momentum_cos=float(update_momentum_cos) if isinstance(update_momentum_cos, float) else float(update_momentum_cos.item()),
                        l_trace=float(l_trace.item()),
                        l_fro=float(l_fro.item()),
                        l_trace_fraction=float(l_trace_fraction.item()),
                        l_top_eval=float(l_top_eval.item()),
                        l_top_eval_fraction=float(l_top_eval_fraction.item()),
                    ))
        return rows

    @torch.no_grad()
    def step(self):
        world_size = dist.get_world_size()
        rank = dist.get_rank()
        for group in self.param_groups:
            params = group["params"]
            params_pad = params + [torch.empty_like(params[-1])] * (world_size - len(params) % world_size)
            for base_i in range(0, len(params), world_size):
                if base_i + rank < len(params):
                    p = params[base_i + rank]
                    state = self.state[p]
                    if len(state) == 0:
                        if group["use_nesterov"]:
                            state["momentum_buffer"] = torch.zeros_like(p, dtype=torch.float32)
                        D1, D2 = p.shape[-2], p.shape[-1]
                        min_D = min(D1, D2)
                        state["second_momentum_buffer"] = torch.zeros(
                            min_D, min_D, dtype=torch.float32, device=p.device
                        )
                        if group["use_grad_diff"]:
                            state["prev_grad_buffer"] = torch.zeros_like(p, dtype=torch.float32)
                    grad = p.grad.float()
                    update = leon_orthogonalize(
                        grad, state.get("momentum_buffer"), state["second_momentum_buffer"],
                        momentum=group["mu"], beta2=group["beta2"],
                        ns_iters=group["ns_iters"], eps=group["eps"],
                        l_scale=group["l_scale"],
                        compute_dtype=group["orthogonalize_dtype"],
                        l_normalize_mode=group["l_normalize_mode"],
                        match_l0_norm=group["match_l0_norm"],
                        use_grad_diff=group["use_grad_diff"],
                        prev_grad_buffer=state.get("prev_grad_buffer"),
                        use_nesterov=group["use_nesterov"],
                    )
                    update *= max(1, p.size(-2) / p.size(-1))**0.5
                    p.mul_(1 - group["lr"] * group["weight_decay"])
                    p.add_(update, alpha=-group["lr"])
                dist.all_gather(params_pad[base_i:base_i + world_size], params_pad[base_i + rank])


########################################
#                Setup                 #
########################################

def main():
    args = parse_args()
    num_trials = args.trials if args.trials is not None else (args.legacy_trials or 1)
    hparams = resolve_hparams(args.set)
    validate_hparams(hparams)

    if args.dry_run:
        run_dir = create_run_dir(args.out_dir)
        write_run_files(run_dir, args, hparams, "dry-run")
        print(f"dry_run:true out_dir:{run_dir}")
        print(json.dumps(dict(hparams=hparams, config_diff=config_diff(hparams)), indent=2, sort_keys=True))
        return

    global device
    # torchrun sets these env variables
    device = torch.device("cuda", int(os.environ["LOCAL_RANK"]))
    torch.cuda.set_device(device)
    dist.init_process_group(backend="nccl", device_id=device)
    dist.barrier()
    # this code can be run equivalently with 1, 2, 4, or 8 gpus.
    assert 8 % dist.get_world_size() == 0

    try:
        if dist.get_rank() == 0:
            run_dir = create_run_dir(args.out_dir)
        else:
            run_dir = None
        run_dir_obj = [str(run_dir) if run_dir is not None else None]
        dist.broadcast_object_list(run_dir_obj, src=0)
        run_dir = Path(run_dir_obj[0])
        logfile = run_dir / "train.log"

        # logging setup
        if dist.get_rank() == 0:
            print(logfile)
            write_run_files(run_dir, args, hparams, "train", dict(
                device_name=torch.cuda.get_device_name(device),
                world_size=dist.get_world_size(),
            ))

        wandb_run = None
        if hparams["wandb_project"] is not None and dist.get_rank() == 0:
            try:
                import wandb
                wandb_run = wandb.init(
                    project=hparams["wandb_project"],
                    mode=hparams.get("wandb_mode", "online"),
                    name=hparams.get("wandb_run_name") or run_dir.name,
                    dir=str(run_dir),
                    config=hparams,
                    tags=[Path(__file__).stem, f"world_size={dist.get_world_size()}"],
                )
            except Exception as e:
                print(f"[wandb] init failed, continuing without wandb: {e}")
                wandb_run = None

        def print0(s, console=False, log=True):
            if dist.get_rank() == 0:
                if console:
                    print(s)
                if log:
                    with open(logfile, "a") as f:
                        print(s, file=f)

        # we begin by logging this file itself
        print0(code)
        print0("="*100)
        print0(f"Running PyTorch {torch.version.__version__} compiled for CUDA {torch.version.cuda}"
               + f" on {torch.cuda.get_device_name(device)} with world_size {dist.get_world_size()}")
        print0(json.dumps(dict(hparams=hparams, config_diff=config_diff(hparams)), indent=2, sort_keys=True))
        print0("="*100)

        val_tokens = 20 * 524288
        batch_size = 8 * 64 * 1024
        mbs = 64
        val_inputs, val_targets = next(distributed_data_generator("data/fineweb10B/fineweb_val_*.bin", val_tokens))

        model = GPT(vocab_size=50304, num_layers=12, model_dim=768).cuda()
        model.compile(dynamic=False)

        for _ in range(num_trials):


            ########################################
            #            Hyperparameters            #
            ########################################

            train_steps = hparams["train_steps"]

            # initialize model parameters
            for name, p in model.named_parameters():
                w = p.data
                if name.endswith("weight"):
                    if "proj" in name:
                        w.zero_()
                    elif "embed" in name:
                        w.normal_()  # default torch init
                    else:
                        w.normal_(std=0.33**0.5 / w.size(-1)**0.5)  # default torch init
                elif name.endswith("bias"):
                    w.zero_()
                elif name.endswith("gains"):
                    w.normal_(mean=1, std=0)
                else:
                    raise Exception(f"Uninitialized parameter: {name}")

            # create the optimizer(s)
            optimizer1 = AdamW([dict(params=[model.embed.weight], lr=hparams["embed_lr"]),
                                dict(params=[model.proj.weight], lr=hparams["proj_lr"]),
                                dict(params=[p for p in model.parameters() if p.ndim < 2], lr=hparams["scalar_lr"])],
                               betas=hparams["adam_betas"], eps=hparams["adam_eps"],
                               weight_decay=hparams["adam_wd"], fused=True)
            optimizer2 = Leon([p for p in model.blocks.parameters() if p.ndim >= 2],
                              lr=hparams["leon_lr"], weight_decay=hparams["leon_wd"],
                              mu=hparams["leon_mu"], beta2=hparams["leon_beta2"],
                              ns_iters=hparams["leon_ns_iters"], eps=hparams["leon_eps"],
                              l_scale=hparams["leon_l_scale"],
                              orthogonalize_dtype=hparams["leon_orthogonalize_dtype"],
                              l_normalize_mode=hparams["leon_l_normalize_mode"],
                              match_l0_norm=hparams["leon_match_l0_norm"],
                              use_grad_diff=hparams["leon_use_grad_diff"],
                              use_nesterov=hparams["leon_use_nesterov"])
            optimizer2.param_names = {p: name for name, p in model.named_parameters()}
            optimizers = [optimizer1, optimizer2]
            assert set(p for opt in optimizers for group in opt.param_groups
                       for p in group["params"]) == set(model.parameters())
            for opt in optimizers:
                for group in opt.param_groups:
                    group["initial_lr"] = group["lr"]
            for group in optimizer1.param_groups:
                group["cooldown_frac"] = hparams["adam_cooldown_frac"]
            for group in optimizer2.param_groups:
                group["cooldown_frac"] = hparams["leon_cooldown_frac"]
                group["l_scale"] = scheduled_l_scale(hparams, 0.0)

            # learning rate schedule: stable then decay
            def set_hparams(step):
                progress = step / train_steps
                assert 0 <= progress < 1
                for opt in optimizers:
                    for group in opt.param_groups:
                        cooldown_frac = group["cooldown_frac"]
                        if progress < 1 - cooldown_frac:
                            eta = 1.0
                        else:
                            eta = (1 - progress) / cooldown_frac
                        group["lr"] = group["initial_lr"] * eta
                l_scale = scheduled_l_scale(hparams, progress)
                for group in optimizer2.param_groups:
                    group["l_scale"] = l_scale

            def log_leon_diagnostics(step):
                if not hparams["leon_log_diagnostics"]:
                    return
                interval = hparams["leon_diag_interval"]
                if interval <= 0 or step % interval != 0:
                    return
                local_rows = optimizer2.diagnostic_stats(hparams["leon_diag_patterns"])
                gathered_rows = [None] * dist.get_world_size()
                dist.all_gather_object(gathered_rows, local_rows)
                if dist.get_rank() != 0:
                    return
                rows = [row for rank_rows in gathered_rows for row in rank_rows]
                rows.sort(key=lambda row: row["name"])
                for row in rows:
                    print0(
                        "diag"
                        + f" step:{step}"
                        + f" name:{row['name']}"
                        + f" lr:{row['lr']:.8g}"
                        + f" weight_norm:{row['weight_norm']:.6g}"
                        + f" grad_norm:{row['grad_norm']:.6g}"
                        + f" grad_diff_norm:{row['grad_diff_norm']:.6g}"
                        + f" momentum_norm:{row['momentum_norm']:.6g}"
                        + f" update_norm:{row['update_norm']:.6g}"
                        + f" update_l0_norm:{row['update_l0_norm']:.6g}"
                        + f" relative_update:{row['relative_update']:.6g}"
                        + f" relative_update_l0:{row['relative_update_l0']:.6g}"
                        + f" update_l0_cos:{row['update_l0_cos']:.6g}"
                        + f" update_grad_cos:{row['update_grad_cos']:.6g}"
                        + f" update_momentum_cos:{row['update_momentum_cos']:.6g}"
                        + f" l_trace:{row['l_trace']:.6g}"
                        + f" l_fro:{row['l_fro']:.6g}"
                        + f" l_trace_fraction:{row['l_trace_fraction']:.6g}"
                        + f" l_top_eval:{row['l_top_eval']:.6g}"
                        + f" l_top_eval_fraction:{row['l_top_eval_fraction']:.6g}",
                        console=False,
                    )
                if wandb_run is not None:
                    wandb_run.log({
                        f"diag/{row['name']}/{k}": v
                        for row in rows for k, v in row.items() if k != "name"
                    }, step=step)


            ########################################
            #        Training and Validation       #
            ########################################

            train_loader = distributed_data_generator("data/fineweb10B/fineweb_train_*.bin", batch_size)
            for p in model.parameters():
                dist.broadcast(p.detach(), 0)
            # start the clock
            training_time = 0
            last_val_step = 0
            dist.barrier()
            t0 = time.perf_counter()
            for step in range(train_steps + 1):

                # --------------- VALIDATION SECTION -----------------
                if step == train_steps or step % 125 == 0:
                    # stop the clock
                    dist.barrier()
                    time_since_last_val = time.perf_counter() - t0
                    step_avg = time_since_last_val / (step - last_val_step) if step > 0 else float("nan")
                    last_val_step = step
                    training_time += time_since_last_val
                    model.eval()
                    val_loss = 0
                    with torch.no_grad():
                        assert len(val_inputs) % mbs == 0
                        for i in range(len(val_inputs) // mbs):
                            val_loss += model(val_inputs[i*mbs:(i+1)*mbs], val_targets[i*mbs:(i+1)*mbs])
                    dist.all_reduce(val_loss, op=dist.ReduceOp.SUM)
                    val_loss /= val_tokens
                    print0(f"step:{step}/{train_steps} val_loss:{val_loss:.5f} train_time:{training_time:.3f}s"
                           + f" step_avg:{1000*step_avg:.2f}ms", console=True)
                    if wandb_run is not None:
                        wandb_run.log({
                            "val_loss": float(val_loss),
                            "train_time_s": training_time,
                            "step_avg_ms": 1000 * step_avg if step > 0 else 0.0,
                        }, step=step)
                    model.train()
                    # start the clock again
                    dist.barrier()
                    t0 = time.perf_counter()

                if step == train_steps:
                    break

                # --------------- TRAINING SECTION -----------------
                inputs, targets = next(train_loader)
                # accumulate across microbatches in case we are running with fewer than 8 gpus
                assert len(inputs) % mbs == 0
                for i in range(len(inputs) // mbs):
                    model(inputs[i*mbs:(i+1)*mbs], targets[i*mbs:(i+1)*mbs]).backward()
                for name, p in model.named_parameters():
                    assert p.grad is not None, name
                    dist.all_reduce(p.grad, op=dist.ReduceOp.SUM)
                # set optimization hyperparameters and take a step
                set_hparams(step)
                log_leon_diagnostics(step + 1)
                for opt in optimizers:
                    opt.step()
                model.zero_grad(set_to_none=True)
                approx_training_time = training_time + (time.perf_counter() - t0)
                print0(f"step:{step+1}/{train_steps} train_time:{approx_training_time:.3f}s"
                       + f" step_avg:{1000*approx_training_time/(step + 1):.2f}ms", console=True, log=False)
    finally:
        if 'wandb_run' in locals() and wandb_run is not None:
            wandb_run.finish()
        dist.destroy_process_group()


if __name__ == "__main__":
    main()

====================================================================================================
Running PyTorch 2.11.0+cu128 compiled for CUDA 12.8 on NVIDIA H100 NVL with world_size 4
{
  "config_diff": {
    "leon_beta2": 0.5,
    "leon_eps": 1e-12,
    "leon_log_diagnostics": true,
    "leon_ns_iters": 12,
    "leon_orthogonalize_dtype": "float32",
    "leon_use_grad_diff": true,
    "train_steps": 1500,
    "wandb_project": "modded-nanogpt-track3",
    "wandb_run_name": "gd_b250_1500"
  },
  "hparams": {
    "adam_betas": [
      0.8,
      0.95
    ],
    "adam_cooldown_frac": 0.7,
    "adam_eps": 1e-10,
    "adam_wd": 0.0,
    "embed_lr": 0.3,
    "leon_beta2": 0.5,
    "leon_cooldown_frac": 0.7,
    "leon_diag_interval": 125,
    "leon_diag_patterns": [
      "blocks.0.attn.q.weight",
      "blocks.6.mlp.proj.weight",
      "blocks.11.attn.proj.weight"
    ],
    "leon_eps": 1e-12,
    "leon_l_normalize_mode": "off",
    "leon_l_scale": 1.0,
    "leon_l_scale_ramp_end_frac": 0.6,
    "leon_l_scale_ramp_start_frac": 0.2,
    "leon_l_scale_schedule": "constant",
    "leon_log_diagnostics": true,
    "leon_lr": 0.025,
    "leon_match_l0_norm": false,
    "leon_mu": 0.95,
    "leon_ns_iters": 12,
    "leon_orthogonalize_dtype": "float32",
    "leon_use_grad_diff": true,
    "leon_use_nesterov": true,
    "leon_wd": 0.025,
    "proj_lr": 0.003125,
    "scalar_lr": 0.01,
    "train_steps": 1500,
    "wandb_mode": "online",
    "wandb_project": "modded-nanogpt-track3",
    "wandb_run_name": "gd_b250_1500"
  }
}
====================================================================================================
step:0/1500 val_loss:10.82584 train_time:0.007s step_avg:nanms
diag step:125 name:blocks.0.attn.q.weight lr:0.025 weight_norm:25.8461 grad_norm:4734.06 grad_diff_norm:8657.91 momentum_norm:9845.22 update_norm:20.2787 update_l0_norm:27.4589 relative_update:0.784594 relative_update_l0:1.0624 update_l0_cos:0.897225 update_grad_cos:0.21274 update_momentum_cos:0.516391 l_trace:2.17036e+08 l_fro:1.1747e+08 l_trace_fraction:0.608151 l_top_eval:1.11743e+08 l_top_eval_fraction:0.514858
diag step:125 name:blocks.11.attn.proj.weight lr:0.025 weight_norm:27.6558 grad_norm:8904.23 grad_diff_norm:18255.4 momentum_norm:9892.2 update_norm:20.2441 update_l0_norm:26.6271 relative_update:0.732004 relative_update_l0:0.962805 update_l0_cos:0.890815 update_grad_cos:0.0746372 update_momentum_cos:0.363623 l_trace:8.74577e+08 l_fro:8.31378e+08 l_trace_fraction:0.803031 l_top_eval:8.31266e+08 l_top_eval_fraction:0.950478
diag step:125 name:blocks.6.mlp.proj.weight lr:0.025 weight_norm:33.5412 grad_norm:9434.31 grad_diff_norm:17760.8 momentum_norm:11327 update_norm:21.5415 update_l0_norm:27.7128 relative_update:0.642239 relative_update_l0:0.826231 update_l0_cos:0.955887 update_grad_cos:0.202996 update_momentum_cos:0.663621 l_trace:7.72001e+08 l_fro:4.62614e+08 l_trace_fraction:0.720868 l_top_eval:4.4227e+08 l_top_eval_fraction:0.572888
step:125/1500 val_loss:4.57245 train_time:60.233s step_avg:481.81ms
diag step:250 name:blocks.0.attn.q.weight lr:0.025 weight_norm:36.6127 grad_norm:4127.04 grad_diff_norm:7127.06 momentum_norm:6160.49 update_norm:20.2689 update_l0_norm:27.4949 relative_update:0.553604 relative_update_l0:0.750967 update_l0_cos:0.900512 update_grad_cos:0.219669 update_momentum_cos:0.585872 l_trace:8.62158e+07 l_fro:4.75892e+07 l_trace_fraction:0.546016 l_top_eval:4.60029e+07 l_top_eval_fraction:0.533578
diag step:250 name:blocks.11.attn.proj.weight lr:0.025 weight_norm:41.086 grad_norm:6154.98 grad_diff_norm:11668.7 momentum_norm:6485.65 update_norm:20.3639 update_l0_norm:27.081 relative_update:0.495641 relative_update_l0:0.659129 update_l0_cos:0.897231 update_grad_cos:0.106641 update_momentum_cos:0.456249 l_trace:3.14608e+08 l_fro:2.99633e+08 l_trace_fraction:0.749395 l_top_eval:2.99619e+08 l_top_eval_fraction:0.952359
diag step:250 name:blocks.6.mlp.proj.weight lr:0.025 weight_norm:44.6615 grad_norm:7118.1 grad_diff_norm:12370.8 momentum_norm:9991.59 update_norm:21.8239 update_l0_norm:27.7128 relative_update:0.488652 relative_update_l0:0.620508 update_l0_cos:0.971373 update_grad_cos:0.29027 update_momentum_cos:0.778458 l_trace:3.08263e+08 l_fro:1.65226e+08 l_trace_fraction:0.60635 l_top_eval:1.60759e+08 l_top_eval_fraction:0.521498
step:250/1500 val_loss:4.08462 train_time:118.034s step_avg:462.41ms
diag step:375 name:blocks.0.attn.q.weight lr:0.025 weight_norm:43.2383 grad_norm:2228.57 grad_diff_norm:3385.11 momentum_norm:5372.04 update_norm:20.3652 update_l0_norm:27.5247 relative_update:0.470998 relative_update_l0:0.636582 update_l0_cos:0.902229 update_grad_cos:0.28379 update_momentum_cos:0.615488 l_trace:2.52287e+07 l_fro:8.17684e+06 l_trace_fraction:0.39405 l_top_eval:6.79475e+06 l_top_eval_fraction:0.269326
diag step:375 name:blocks.11.attn.proj.weight lr:0.025 weight_norm:50.0959 grad_norm:4108.96 grad_diff_norm:7020.11 momentum_norm:5029.29 update_norm:20.5367 update_l0_norm:27.2912 relative_update:0.409948 relative_update_l0:0.544779 update_l0_cos:0.901738 update_grad_cos:0.132272 update_momentum_cos:0.533977 l_trace:1.4263e+08 l_fro:1.3302e+08 l_trace_fraction:0.716943 l_top_eval:1.33011e+08 l_top_eval_fraction:0.932563
diag step:375 name:blocks.6.mlp.proj.weight lr:0.025 weight_norm:52.1576 grad_norm:5525.01 grad_diff_norm:9265.29 momentum_norm:9745.6 update_norm:22.0788 update_l0_norm:27.7128 relative_update:0.423308 relative_update_l0:0.531328 update_l0_cos:0.976932 update_grad_cos:0.336511 update_momentum_cos:0.826251 l_trace:1.94497e+08 l_fro:8.5993e+07 l_trace_fraction:0.559083 l_top_eval:7.95286e+07 l_top_eval_fraction:0.408894
step:375/1500 val_loss:3.91653 train_time:175.653s step_avg:460.96ms
diag step:500 name:blocks.0.attn.q.weight lr:0.023833333 weight_norm:48.3749 grad_norm:2020.38 grad_diff_norm:3613.94 momentum_norm:4314.47 update_norm:20.1582 update_l0_norm:27.5431 relative_update:0.416706 relative_update_l0:0.569367 update_l0_cos:0.896757 update_grad_cos:0.312028 update_momentum_cos:0.664694 l_trace:2.88024e+07 l_fro:1.10991e+07 l_trace_fraction:0.518848 l_top_eval:9.40673e+06 l_top_eval_fraction:0.326595
diag step:500 name:blocks.11.attn.proj.weight lr:0.023833333 weight_norm:57.0011 grad_norm:5832.43 grad_diff_norm:12345.8 momentum_norm:4814.54 update_norm:20.5013 update_l0_norm:27.2477 relative_update:0.359665 relative_update_l0:0.478021 update_l0_cos:0.905229 update_grad_cos:0.104063 update_momentum_cos:0.53555 l_trace:2.75661e+08 l_fro:2.65265e+08 l_trace_fraction:0.784396 l_top_eval:2.65259e+08 l_top_eval_fraction:0.962266
diag step:500 name:blocks.6.mlp.proj.weight lr:0.023833333 weight_norm:57.8009 grad_norm:6296.13 grad_diff_norm:11086 momentum_norm:9827.14 update_norm:22.0377 update_l0_norm:27.7128 relative_update:0.381269 relative_update_l0:0.479453 update_l0_cos:0.977203 update_grad_cos:0.322697 update_momentum_cos:0.827044 l_trace:2.35432e+08 l_fro:1.19081e+08 l_trace_fraction:0.577598 l_top_eval:1.16023e+08 l_top_eval_fraction:0.492809
step:500/1500 val_loss:3.81238 train_time:233.248s step_avg:460.75ms
diag step:625 name:blocks.0.attn.q.weight lr:0.020857143 weight_norm:51.4683 grad_norm:1680.02 grad_diff_norm:2556.21 momentum_norm:3935.03 update_norm:20.1697 update_l0_norm:27.5493 relative_update:0.391886 relative_update_l0:0.535268 update_l0_cos:0.898026 update_grad_cos:0.322989 update_momentum_cos:0.681113 l_trace:1.83116e+07 l_fro:6.47994e+06 l_trace_fraction:0.465651 l_top_eval:5.52919e+06 l_top_eval_fraction:0.301951
diag step:625 name:blocks.11.attn.proj.weight lr:0.020857143 weight_norm:61.4583 grad_norm:3375.71 grad_diff_norm:5783.48 momentum_norm:4341.44 update_norm:20.5875 update_l0_norm:27.3953 relative_update:0.334984 relative_update_l0:0.445754 update_l0_cos:0.906941 update_grad_cos:0.167407 update_momentum_cos:0.589546 l_trace:1.11547e+08 l_fro:1.03016e+08 l_trace_fraction:0.736441 l_top_eval:1.03009e+08 l_top_eval_fraction:0.923452
diag step:625 name:blocks.6.mlp.proj.weight lr:0.020857143 weight_norm:61.2415 grad_norm:4615.23 grad_diff_norm:7205.64 momentum_norm:9653.08 update_norm:22.2073 update_l0_norm:27.7128 relative_update:0.362618 relative_update_l0:0.452517 update_l0_cos:0.980777 update_grad_cos:0.404642 update_momentum_cos:0.852436 l_trace:1.393e+08 l_fro:5.12463e+07 l_trace_fraction:0.5088 l_top_eval:4.72533e+07 l_top_eval_fraction:0.33922
step:625/1500 val_loss:3.72545 train_time:290.806s step_avg:460.46ms
diag step:750 name:blocks.0.attn.q.weight lr:0.017880952 weight_norm:53.1286 grad_norm:1732.64 grad_diff_norm:2687.2 momentum_norm:3934.99 update_norm:20.2833 update_l0_norm:27.5408 relative_update:0.381777 relative_update_l0:0.51838 update_l0_cos:0.900097 update_grad_cos:0.308808 update_momentum_cos:0.681578 l_trace:1.45175e+07 l_fro:4.67945e+06 l_trace_fraction:0.406107 l_top_eval:3.72376e+06 l_top_eval_fraction:0.256502
diag step:750 name:blocks.11.attn.proj.weight lr:0.017880952 weight_norm:64.1482 grad_norm:5016.46 grad_diff_norm:8332.24 momentum_norm:5242.84 update_norm:20.7102 update_l0_norm:27.2985 relative_update:0.32285 relative_update_l0:0.425554 update_l0_cos:0.912971 update_grad_cos:0.131369 update_momentum_cos:0.525837 l_trace:1.30069e+08 l_fro:1.20914e+08 l_trace_fraction:0.614192 l_top_eval:1.20905e+08 l_top_eval_fraction:0.929547
diag step:750 name:blocks.6.mlp.proj.weight lr:0.017880952 weight_norm:63.0379 grad_norm:6022.25 grad_diff_norm:9406.6 momentum_norm:10553.5 update_norm:22.3911 update_l0_norm:27.7128 relative_update:0.3552 relative_update_l0:0.439621 update_l0_cos:0.981763 update_grad_cos:0.348603 update_momentum_cos:0.835389 l_trace:1.61307e+08 l_fro:6.48595e+07 l_trace_fraction:0.463497 l_top_eval:6.19798e+07 l_top_eval_fraction:0.384236
step:750/1500 val_loss:3.66725 train_time:348.342s step_avg:460.29ms
diag step:875 name:blocks.0.attn.q.weight lr:0.014904762 weight_norm:54.004 grad_norm:1820.66 grad_diff_norm:3047.08 momentum_norm:3970.77 update_norm:20.2605 update_l0_norm:27.5471 relative_update:0.375166 relative_update_l0:0.510094 update_l0_cos:0.899589 update_grad_cos:0.302789 update_momentum_cos:0.677156 l_trace:1.80448e+07 l_fro:8.24521e+06 l_trace_fraction:0.444718 l_top_eval:7.93601e+06 l_top_eval_fraction:0.439796
diag step:875 name:blocks.11.attn.proj.weight lr:0.014904762 weight_norm:65.6548 grad_norm:3329.87 grad_diff_norm:6219.46 momentum_norm:4524.19 update_norm:20.6946 update_l0_norm:27.458 relative_update:0.315203 relative_update_l0:0.418217 update_l0_cos:0.910265 update_grad_cos:0.179355 update_momentum_cos:0.620084 l_trace:6.67571e+07 l_fro:5.76319e+07 l_trace_fraction:0.624696 l_top_eval:5.76171e+07 l_top_eval_fraction:0.863085
diag step:875 name:blocks.6.mlp.proj.weight lr:0.014904762 weight_norm:63.8226 grad_norm:4890.43 grad_diff_norm:8098.24 momentum_norm:10502.5 update_norm:22.4091 update_l0_norm:27.7128 relative_update:0.351115 relative_update_l0:0.434216 update_l0_cos:0.982885 update_grad_cos:0.397594 update_momentum_cos:0.859384 l_trace:1.34461e+08 l_fro:5.20134e+07 l_trace_fraction:0.463723 l_top_eval:5.04648e+07 l_top_eval_fraction:0.375313
step:875/1500 val_loss:3.60955 train_time:405.897s step_avg:460.44ms
diag step:1000 name:blocks.0.attn.q.weight lr:0.011928571 weight_norm:54.2297 grad_norm:1725.78 grad_diff_norm:2255.43 momentum_norm:4035.64 update_norm:20.2729 update_l0_norm:27.5519 relative_update:0.373834 relative_update_l0:0.508059 update_l0_cos:0.901452 update_grad_cos:0.335721 update_momentum_cos:0.678442 l_trace:1.01493e+07 l_fro:2.50738e+06 l_trace_fraction:0.30823 l_top_eval:2.15722e+06 l_top_eval_fraction:0.212549
diag step:1000 name:blocks.11.attn.proj.weight lr:0.011928571 weight_norm:66.402 grad_norm:2503.21 grad_diff_norm:3889.68 momentum_norm:4470.13 update_norm:20.7737 update_l0_norm:27.4968 relative_update:0.312848 relative_update_l0:0.414096 update_l0_cos:0.91298 update_grad_cos:0.249592 update_momentum_cos:0.649823 l_trace:3.36015e+07 l_fro:2.54552e+07 l_trace_fraction:0.507253 l_top_eval:2.54395e+07 l_top_eval_fraction:0.757095
diag step:1000 name:blocks.6.mlp.proj.weight lr:0.011928571 weight_norm:63.9176 grad_norm:5030 grad_diff_norm:7495.52 momentum_norm:11024 update_norm:22.5936 update_l0_norm:27.7128 relative_update:0.353481 relative_update_l0:0.433571 update_l0_cos:0.985264 update_grad_cos:0.424935 update_momentum_cos:0.859707 l_trace:1.07418e+08 l_fro:3.15007e+07 l_trace_fraction:0.384253 l_top_eval:3.00227e+07 l_top_eval_fraction:0.279493
step:1000/1500 val_loss:3.56199 train_time:463.454s step_avg:460.46ms
diag step:1125 name:blocks.0.attn.q.weight lr:0.008952381 weight_norm:54.0154 grad_norm:1635.66 grad_diff_norm:2235.62 momentum_norm:4235.58 update_norm:20.3658 update_l0_norm:27.5571 relative_update:0.377036 relative_update_l0:0.510172 update_l0_cos:0.902167 update_grad_cos:0.345078 update_momentum_cos:0.679596 l_trace:1.0925e+07 l_fro:2.81831e+06 l_trace_fraction:0.322866 l_top_eval:2.44306e+06 l_top_eval_fraction:0.223622
diag step:1125 name:blocks.11.attn.proj.weight lr:0.008952381 weight_norm:66.6783 grad_norm:2672.33 grad_diff_norm:3635.18 momentum_norm:4917.81 update_norm:20.8439 update_l0_norm:27.4777 relative_update:0.312605 relative_update_l0:0.412094 update_l0_cos:0.915716 update_grad_cos:0.241437 update_momentum_cos:0.638092 l_trace:3.01522e+07 l_fro:2.12894e+07 l_trace_fraction:0.438162 l_top_eval:2.12648e+07 l_top_eval_fraction:0.705247
diag step:1125 name:blocks.6.mlp.proj.weight lr:0.008952381 weight_norm:63.5736 grad_norm:5031.04 grad_diff_norm:7249.16 momentum_norm:11887.9 update_norm:22.6742 update_l0_norm:27.7128 relative_update:0.356661 relative_update_l0:0.435917 update_l0_cos:0.985912 update_grad_cos:0.422928 update_momentum_cos:0.85944 l_trace:1.06634e+08 l_fro:2.64509e+07 l_trace_fraction:0.357848 l_top_eval:2.37302e+07 l_top_eval_fraction:0.222539
step:1125/1500 val_loss:3.52177 train_time:520.990s step_avg:460.29ms
diag step:1250 name:blocks.0.attn.q.weight lr:0.0059761905 weight_norm:53.6423 grad_norm:1560.42 grad_diff_norm:2135.4 momentum_norm:4325.73 update_norm:20.3221 update_l0_norm:27.5623 relative_update:0.378845 relative_update_l0:0.513817 update_l0_cos:0.901418 update_grad_cos:0.355565 update_momentum_cos:0.679529 l_trace:8.99121e+06 l_fro:1.62863e+06 l_trace_fraction:0.276154 l_top_eval:1.27844e+06 l_top_eval_fraction:0.142188
diag step:1250 name:blocks.11.attn.proj.weight lr:0.0059761905 weight_norm:66.6521 grad_norm:2332.18 grad_diff_norm:3439.18 momentum_norm:5034.67 update_norm:20.875 update_l0_norm:27.5099 relative_update:0.313194 relative_update_l0:0.412739 update_l0_cos:0.915835 update_grad_cos:0.274515 update_momentum_cos:0.652937 l_trace:2.20654e+07 l_fro:1.26024e+07 l_trace_fraction:0.381568 l_top_eval:1.25568e+07 l_top_eval_fraction:0.569071
diag step:1250 name:blocks.6.mlp.proj.weight lr:0.0059761905 weight_norm:63.0439 grad_norm:4692.96 grad_diff_norm:6570.81 momentum_norm:12360.6 update_norm:22.7857 update_l0_norm:27.7128 relative_update:0.361425 relative_update_l0:0.439579 update_l0_cos:0.98737 update_grad_cos:0.451528 update_momentum_cos:0.863897 l_trace:8.54332e+07 l_fro:1.25356e+07 l_trace_fraction:0.303728 l_top_eval:1.08668e+07 l_top_eval_fraction:0.127197
step:1250/1500 val_loss:3.48388 train_time:578.543s step_avg:460.42ms
diag step:1375 name:blocks.0.attn.q.weight lr:0.003 weight_norm:53.2547 grad_norm:1520.71 grad_diff_norm:2206.38 momentum_norm:4880.01 update_norm:20.3052 update_l0_norm:27.535 relative_update:0.381285 relative_update_l0:0.517044 update_l0_cos:0.901263 update_grad_cos:0.347276 update_momentum_cos:0.652084 l_trace:1.12545e+07 l_fro:2.45576e+06 l_trace_fraction:0.287167 l_top_eval:2.04508e+06 l_top_eval_fraction:0.181713
diag step:1375 name:blocks.11.attn.proj.weight lr:0.003 weight_norm:66.5128 grad_norm:2080.15 grad_diff_norm:3037.83 momentum_norm:5878.78 update_norm:20.8743 update_l0_norm:27.512 relative_update:0.313839 relative_update_l0:0.413635 update_l0_cos:0.916063 update_grad_cos:0.300757 update_momentum_cos:0.610334 l_trace:2.26226e+07 l_fro:1.11998e+07 l_trace_fraction:0.352611 l_top_eval:1.10507e+07 l_top_eval_fraction:0.488479
diag step:1375 name:blocks.6.mlp.proj.weight lr:0.003 weight_norm:62.5545 grad_norm:4611.35 grad_diff_norm:6639.76 momentum_norm:13929.5 update_norm:22.8132 update_l0_norm:27.7128 relative_update:0.364693 relative_update_l0:0.443018 update_l0_cos:0.987204 update_grad_cos:0.457554 update_momentum_cos:0.838767 l_trace:1.03814e+08 l_fro:1.59753e+07 l_trace_fraction:0.309951 l_top_eval:1.29937e+07 l_top_eval_fraction:0.125163
step:1375/1500 val_loss:3.45273 train_time:636.117s step_avg:460.60ms
diag step:1500 name:blocks.0.attn.q.weight lr:2.3809524e-05 weight_norm:53.0648 grad_norm:1539.1 grad_diff_norm:2150.03 momentum_norm:5047.6 update_norm:20.4606 update_l0_norm:27.5415 relative_update:0.385577 relative_update_l0:0.519017 update_l0_cos:0.904265 update_grad_cos:0.347075 update_momentum_cos:0.640419 l_trace:8.7929e+06 l_fro:1.42693e+06 l_trace_fraction:0.22506 l_top_eval:957104 l_top_eval_fraction:0.10885
diag step:1500 name:blocks.11.attn.proj.weight lr:2.3809524e-05 weight_norm:66.4401 grad_norm:1984.77 grad_diff_norm:2958.73 momentum_norm:6792.49 update_norm:21.0755 update_l0_norm:27.4952 relative_update:0.31721 relative_update_l0:0.413835 update_l0_cos:0.919816 update_grad_cos:0.313931 update_momentum_cos:0.579477 l_trace:1.68681e+07 l_fro:6.23108e+06 l_trace_fraction:0.23584 l_top_eval:5.98331e+06 l_top_eval_fraction:0.354711
diag step:1500 name:blocks.6.mlp.proj.weight lr:2.3809524e-05 weight_norm:62.3262 grad_norm:4640.49 grad_diff_norm:6565.72 momentum_norm:15614 update_norm:23.1444 update_l0_norm:27.7128 relative_update:0.371343 relative_update_l0:0.444641 update_l0_cos:0.988854 update_grad_cos:0.456415 update_momentum_cos:0.822102 l_trace:8.37388e+07 l_fro:8.14845e+06 l_trace_fraction:0.224575 l_top_eval:6.52404e+06 l_top_eval_fraction:0.0779093
step:1500/1500 val_loss:3.43343 train_time:693.652s step_avg:460.28ms
