"""
train_gpt_simple_adamh.py

This file descends from the [NanoGPT speedrun](https://github.com/KellerJordan/modded-nanogpt).
It was prepared as a simplified version of the speedrun for use in neural net optimization research.

Differs from `train_gpt_simple.py` only in the init and the optimizer: the matrix-parameter
Muon update is replaced by AdamH (Adam preconditioning of the gradient followed by a
hyperball projection that preserves the Frobenius norm of every hidden 2D weight matrix at
every step). The residual-side projections / mlp.fc are initialised with per-module
multipliers on the default Kaiming init so AdamH has non-zero matrices to operate on from
step 0. AdamH hidden-matrix hyperparameters follow the AdamW baseline of this benchmark:
betas=(0.9, 0.95), eps=1e-8, warmup_steps=250, no weight decay (the hyperball constraint
already prevents norm growth).
"""

import os
import sys
with open(sys.argv[0]) as f:
    code = f.read() # read the code of this file ASAP, for logging
import ast
import uuid
import time
import json
import argparse
import subprocess
from datetime import datetime
from pathlib import Path


########################################
#         Hyperparameters & CLI        #
########################################

BASE_HPARAMS = {
    "train_steps": 4875,
    "matrix_lr": 0.018,
    "h_warmup_steps": 250,
}


def parse_value(s: str):
    try:
        return ast.literal_eval(s)
    except (ValueError, SyntaxError):
        return s


def parse_args():
    parser = argparse.ArgumentParser()
    parser.add_argument("legacy_trials", nargs="?", type=int,
                        help="Legacy positional trial count. Prefer --trials.")
    parser.add_argument("--trials", type=int, default=None)
    parser.add_argument("--set", action="append", default=[],
                        metavar="KEY=VALUE", help="Override an hparams entry.")
    parser.add_argument("--dry-run", action="store_true",
                        help="Resolve config and write metadata without CUDA/NCCL/training.")
    parser.add_argument("--out-dir", type=Path, default=None,
                        help="Run output directory. Defaults to runs/adamh/<timestamp>-<uuid>.")
    return parser.parse_args()


def resolve_hparams(overrides):
    hparams = dict(BASE_HPARAMS)
    for item in overrides:
        if "=" not in item:
            raise ValueError(f"--set expects KEY=VALUE, got {item!r}")
        key, _, raw_value = item.partition("=")
        hparams[key] = parse_value(raw_value)
    return hparams


def config_diff(hparams):
    return {k: v for k, v in hparams.items() if BASE_HPARAMS.get(k) != v}


def default_run_dir():
    stamp = datetime.now().strftime("%Y%m%d-%H%M%S")
    return Path("records/track_3_optimization/runs/adamh") / f"{stamp}-{uuid.uuid4().hex[:8]}"


def create_run_dir(out_dir=None):
    run_dir = Path(out_dir) if out_dir is not None else default_run_dir()
    run_dir.mkdir(parents=True, exist_ok=False)
    return run_dir


def git_commit():
    try:
        return subprocess.check_output(["git", "rev-parse", "HEAD"], text=True).strip()
    except Exception:
        return None


def shard_counts():
    cwd = Path.cwd()
    return dict(
        train_shards=len(list(cwd.glob("data/fineweb10B/fineweb_train_*.bin"))),
        val_shards=len(list(cwd.glob("data/fineweb10B/fineweb_val_*.bin"))),
    )


def write_run_files(run_dir, args, hparams, mode, extra=None):
    diff = config_diff(hparams)
    trials = args.trials if args.trials is not None else (args.legacy_trials or 1)
    metadata = dict(
        mode=mode,
        argv=sys.argv,
        cwd=str(Path.cwd()),
        script=sys.argv[0],
        trials=trials,
        dry_run=args.dry_run,
        out_dir=str(run_dir),
        git_commit=git_commit(),
        shard_counts=shard_counts(),
    )
    if extra:
        metadata.update(extra)
    (run_dir / "config.json").write_text(json.dumps(hparams, indent=2, sort_keys=True) + "\n")
    (run_dir / "config_diff.json").write_text(json.dumps(diff, indent=2, sort_keys=True) + "\n")
    (run_dir / "metadata.json").write_text(json.dumps(metadata, indent=2, sort_keys=True) + "\n")


if "--dry-run" in sys.argv:
    args = parse_args()
    hparams = resolve_hparams(args.set)
    run_dir = create_run_dir(args.out_dir)
    write_run_files(run_dir, args, hparams, "dry-run")
    print(f"dry_run:true out_dir:{run_dir}")
    print(json.dumps(dict(hparams=hparams, config_diff=config_diff(hparams)), indent=2, sort_keys=True))
    sys.exit(0)


import torch
from torch import Tensor, nn
from torch.optim import AdamW
import torch.nn.functional as F
import torch.distributed as dist


########################################
#              Dataloader              #
########################################

def _load_data_shard(file: Path):
    header = torch.from_file(str(file), False, 256, dtype=torch.int32) # header is 256 int32
    assert header[0] == 20240520, "magic number mismatch in the data .bin file"
    assert header[1] == 1, "unsupported version"
    num_tokens = int(header[2]) # number of tokens (claimed)
    with file.open("rb", buffering=0) as f:
        tokens = torch.empty(num_tokens, dtype=torch.uint16, pin_memory=True)
        f.seek(256 * 4)
        nbytes = f.readinto(tokens.numpy()) # avoid bytes->array copy
        assert nbytes == 2 * num_tokens, "number of tokens read does not match header"
    return tokens

def distributed_data_generator(filename_pattern: str, batch_size: int, seq_len=1024):
    world_size = dist.get_world_size()
    rank = dist.get_rank()
    files = sorted(Path.cwd().glob(filename_pattern))
    assert batch_size % world_size == 0
    local_batch_size = batch_size // world_size
    file_iter = iter(files)
    tokens, pos = _load_data_shard(next(file_iter)), 0
    while True:
        if pos + batch_size + 1 >= len(tokens):
            tokens, pos = _load_data_shard(next(file_iter)), 0
        buf = tokens[pos + rank * local_batch_size:][:local_batch_size + 1]
        inputs = buf[:-1].to(device="cuda", dtype=torch.int32, non_blocking=True)
        targets = buf[1:].to(device="cuda", dtype=torch.int64, non_blocking=True)
        pos += batch_size
        yield inputs.view(-1, seq_len), targets.view(-1, seq_len)


########################################
#             Architecture             #
########################################

def norm(x: Tensor):
    return F.rms_norm(x, (x.size(-1),))

class RMSNorm(nn.Module):
    def __init__(self, dim):
        super().__init__()
        self.gains = nn.Parameter(torch.ones(dim))

    def forward(self, x):
        return (norm(x.float()) * self.gains).type_as(x)

class Linear(nn.Linear):
    def __init__(self, in_features, out_features):
        super().__init__(in_features, out_features, bias=True)

    def forward(self, x):
        return F.linear(x, self.weight.type_as(x), self.bias.type_as(x))

class Rotary(nn.Module):
    def __init__(self, dim: int):
        super().__init__()
        # half-truncate RoPE (w/ base freq tuning)
        angular_freq = (1 / 1024) ** torch.linspace(0, 1, steps=dim//4, dtype=torch.float32)
        self.register_buffer("angular_freq", torch.cat([angular_freq, angular_freq.new_zeros(dim//4)]))

    def forward(self, x_BTHD: Tensor):
        pos = torch.arange(x_BTHD.size(1), dtype=torch.float32, device=x_BTHD.device)
        theta = torch.outer(pos, self.angular_freq)[None, :, None, :]
        cos, sin = theta.cos(), theta.sin()
        x1, x2 = x_BTHD.to(dtype=torch.float32).chunk(2, dim=-1)
        y1 = x1 * cos + x2 * sin
        y2 = x1 * (-sin) + x2 * cos
        return torch.cat((y1, y2), 3).type_as(x_BTHD)

class CausalSelfAttention(nn.Module):
    def __init__(self, dim: int, head_dim=128):
        super().__init__()
        self.num_heads = dim // head_dim
        self.head_dim = head_dim
        hdim = self.num_heads * self.head_dim
        self.q = Linear(dim, hdim)
        self.k = Linear(dim, hdim)
        self.v = Linear(dim, hdim)
        self.proj = Linear(hdim, dim)
        self.rotary = Rotary(head_dim)

    def forward(self, x: Tensor):
        B, T = x.size(0), x.size(1)
        q = self.q(x).view(B, T, self.num_heads, self.head_dim)
        k = self.k(x).view(B, T, self.num_heads, self.head_dim)
        v = self.v(x).view(B, T, self.num_heads, self.head_dim)
        q, k = norm(q), norm(k)
        q, k = self.rotary(q), self.rotary(k)
        y = F.scaled_dot_product_attention(q.transpose(1, 2), k.transpose(1, 2),
                                           v.transpose(1, 2), scale=0.12, is_causal=True).transpose(1, 2)
        y = y.contiguous().view(B, T, self.num_heads * self.head_dim)
        y = self.proj(y)
        return y

class MLP(nn.Module):
    def __init__(self, dim: int):
        super().__init__()
        hdim = 4 * dim
        self.fc = Linear(dim, hdim)
        self.proj = Linear(hdim, dim)

    def forward(self, x: Tensor):
        x = self.fc(x)
        x = x.relu().square()
        x = self.proj(x)
        return x

class Block(nn.Module):
    def __init__(self, dim: int):
        super().__init__()
        self.attn = CausalSelfAttention(dim)
        self.mlp = MLP(dim)
        self.norm1 = RMSNorm(dim)
        self.norm2 = RMSNorm(dim)

    def forward(self, x: Tensor):
        x = x + self.attn(self.norm1(x))
        x = x + self.mlp(self.norm2(x))
        return x

class GPT(nn.Module):
    def __init__(self, vocab_size: int, num_layers: int, model_dim: int):
        super().__init__()
        self.embed = nn.Embedding(vocab_size, model_dim).bfloat16()
        self.blocks = nn.ModuleList([Block(model_dim) for _ in range(num_layers)])
        self.proj = Linear(model_dim, vocab_size)
        self.norm1 = RMSNorm(model_dim)
        self.norm2 = RMSNorm(model_dim)

    def forward(self, inputs: Tensor, targets: Tensor):
        x = self.norm1(self.embed(inputs))
        for block in self.blocks:
            x = block(x)
        logits = self.proj(self.norm2(x)).float()
        logits = 15 * logits * (logits.square() + 15**2).rsqrt()
        return F.cross_entropy(logits.view(targets.numel(), -1), targets.view(-1), reduction="sum")


########################################
#              Optimizer               #
########################################

@torch.no_grad()
def scale_invariant_update_(param: Tensor, update: Tensor, lr: float, eps: float = 1e-10) -> None:
    """Hyperball-constrained step: take a preconditioned update of size lr * ||param||,
    then renormalise back onto the Frobenius sphere of the parameter's initial radius. Preserves
    ||param|| exactly across training; the invariant lets us drop weight decay on hidden
    matrices entirely (the constraint already prevents norm growth)."""
    p_norm = param.norm()
    u_norm = update.norm()
    new_param = param - lr * update * p_norm / torch.clamp(u_norm, min=eps)
    new_norm = torch.clamp(new_param.norm(), min=eps)
    param.copy_(new_param / new_norm * p_norm)


class AdamH(torch.optim.Optimizer):
    """AdamH: Adam-preconditioned gradient (m_t / sqrt(v_t)+eps after bias correction)
    applied via a Frobenius-norm-preserving hyperball projection. Used here for ALL hidden
    2D weight matrices — q, k, v, mlp.fc, attn.proj, mlp.proj — under non-zero (Kaiming-
    derived) init."""
    def __init__(self, params, lr=0.005, betas=(0.9, 0.95), eps=1e-8):
        assert isinstance(params, list) and len(params) >= 1 and isinstance(params[0], torch.nn.Parameter)
        defaults = dict(lr=lr, betas=betas, eps=eps)
        super().__init__(params, defaults)

    @torch.no_grad()
    def step(self):
        for group in self.param_groups:
            beta1, beta2 = group["betas"]
            eps = group["eps"]
            for p in group["params"]:
                if p.grad is None:
                    continue
                state = self.state[p]
                if len(state) == 0:
                    state["step"] = 0
                    state["exp_avg"] = torch.zeros_like(p)
                    state["exp_avg_sq"] = torch.zeros_like(p)
                state["step"] += 1
                step = state["step"]
                exp_avg = state["exp_avg"]
                exp_avg_sq = state["exp_avg_sq"]
                exp_avg.mul_(beta1).add_(p.grad, alpha=1 - beta1)
                exp_avg_sq.mul_(beta2).addcmul_(p.grad, p.grad, value=1 - beta2)
                bc1 = 1 - beta1 ** step
                bc2 = 1 - beta2 ** step
                update = (exp_avg / bc1) / ((exp_avg_sq / bc2).sqrt() + eps)
                scale_invariant_update_(p, update, group["lr"])


########################################
#                Setup                 #
########################################

# torchrun sets these env variables
device = torch.device("cuda", int(os.environ["LOCAL_RANK"]))
torch.cuda.set_device(device)
dist.init_process_group(backend="nccl", device_id=device)
dist.barrier()
# this code can be run equivalently with 1, 2, 4, or 8 gpus.
assert 8 % dist.get_world_size() == 0

args = parse_args()
hparams = resolve_hparams(args.set)
num_trials = args.trials if args.trials is not None else (args.legacy_trials or 1)

# Rank 0 creates the run directory; all ranks sync on the path.
if dist.get_rank() == 0:
    run_dir = create_run_dir(args.out_dir)
else:
    run_dir = None
run_dir_obj = [str(run_dir) if run_dir is not None else None]
dist.broadcast_object_list(run_dir_obj, src=0)
run_dir = Path(run_dir_obj[0])
logfile = run_dir / "train.log"

def print0(s, console=False, log=True):
    if dist.get_rank() == 0:
        if console:
            print(s)
        if log:
            with open(logfile, "a") as f:
                print(s, file=f)

if dist.get_rank() == 0:
    print(logfile)
    write_run_files(run_dir, args, hparams, "train", dict(
        torch_version=torch.version.__version__,
        cuda_version=torch.version.cuda,
        world_size=dist.get_world_size(),
        device_name=torch.cuda.get_device_name(device),
    ))

print0(code)
print0("="*100)
print0(f"Running PyTorch {torch.version.__version__} compiled for CUDA {torch.version.cuda}")
print0(f"Running on device_name={torch.cuda.get_device_name(device)} with world_size={dist.get_world_size()}")
print0(json.dumps(dict(hparams=hparams, config_diff=config_diff(hparams)), indent=2, sort_keys=True))
print0("="*100)

val_tokens = 20 * 524288
batch_size = 8 * 64 * 1024
mbs = 64
val_inputs, val_targets = next(distributed_data_generator("data/fineweb10B/fineweb_val_*.bin", val_tokens))

model = GPT(vocab_size=50304, num_layers=12, model_dim=768).cuda()
model.compile(dynamic=False)


for _ in range(num_trials):


    ########################################
    #       Init & Optim Hyperparams       #
    ########################################

    train_steps = int(hparams["train_steps"])
    matrix_lr = float(hparams["matrix_lr"])
    h_warmup_steps = int(hparams["h_warmup_steps"])

    # initialize model parameters. Per-module multipliers on the default nn.Linear Kaiming-uniform
    # init (std = 1/sqrt(3*fan_in), so ~0.0208 for fan_in=768 and ~0.0104 for fan_in=3072):
    #   - attn.proj.weight (fan_in=768):  default × 1.25 → std ≈ 0.026
    #   - mlp.proj.weight  (fan_in=3072): default × 3.0  → std ≈ 0.031
    #   - mlp.fc.weight    (fan_in=768):  default × 1.5  → std ≈ 0.031
    # qkv weights keep their default init. The vocab head (proj.weight) and all biases are zeroed.
    for name, p in model.named_parameters():
        if name.endswith(".attn.proj.weight"):
            p.data.mul_(1.25)
        elif name.endswith(".mlp.proj.weight"):
            p.data.mul_(3.0)
        elif name.endswith(".mlp.fc.weight"):
            p.data.mul_(1.5)
        elif name == "proj.weight":
            p.data.zero_()
        elif "proj" in name:
            p.data.zero_()

    # create the optimizer(s)
    optimizer1 = AdamW([dict(params=[model.embed.weight], lr=0.3),
                        dict(params=[model.proj.weight], lr=1/320),
                        dict(params=[p for p in model.parameters() if p.ndim < 2], lr=0.01)],
                       betas=(0.8, 0.95), eps=1e-10, weight_decay=0, fused=True)
    optimizer2 = AdamH([p for p in model.blocks.parameters() if p.ndim >= 2],
                       lr=matrix_lr, betas=(0.9, 0.95), eps=1e-8)
    optimizers = [optimizer1, optimizer2]
    for group in optimizer1.param_groups:
        group["schedule_type"] = "aux"
    for group in optimizer2.param_groups:
        group["schedule_type"] = "h"
    assert set(p for opt in optimizers for group in opt.param_groups
               for p in group["params"]) == set(model.parameters())
    for opt in optimizers:
        for group in opt.param_groups:
            group["initial_lr"] = group["lr"]

    # learning rate schedule: linear warmup (h group only) then stable then linear decay. The h
    # (AdamH) group warms up over h_warmup_steps and uses full linear cooldown over the entire
    # run (cooldown_frac=1.0). The aux (AdamW) group uses no warmup and a shorter cooldown
    # (cooldown_frac=0.4) to keep the embed/head learning longer before tapering.
    def set_lr_schedule(step):
        progress = step / train_steps
        assert 0 <= progress < 1
        for opt in optimizers:
            for group in opt.param_groups:
                if group["schedule_type"] == "h":
                    cooldown_frac = 1.0
                    if step < h_warmup_steps:
                        eta = step / h_warmup_steps
                    elif progress < 1 - cooldown_frac:
                        eta = 1.0
                    else:
                        eta = (1 - progress) / cooldown_frac
                else:
                    cooldown_frac = 0.4
                    if progress < 1 - cooldown_frac:
                        eta = 1.0
                    else:
                        eta = (1 - progress) / cooldown_frac
                group["lr"] = group["initial_lr"] * eta


    ########################################
    #        Training and Validation       #
    ########################################

    train_loader = distributed_data_generator("data/fineweb10B/fineweb_train_*.bin", batch_size)
    for p in model.parameters():
        dist.broadcast(p.detach(), 0)
    # start the clock
    training_time = 0
    dist.barrier()
    t0 = time.perf_counter()
    for step in range(train_steps + 1):

        # --------------- VALIDATION SECTION -----------------
        if step == train_steps or step % 125 == 0:
            # stop the clock
            dist.barrier()
            training_time += time.perf_counter() - t0
            model.eval()
            val_loss = 0
            with torch.no_grad():
                assert len(val_inputs) % mbs == 0
                for i in range(len(val_inputs) // mbs):
                    val_loss += model(val_inputs[i*mbs:(i+1)*mbs], val_targets[i*mbs:(i+1)*mbs])
            dist.all_reduce(val_loss, op=dist.ReduceOp.SUM)
            val_loss /= val_tokens
            print0(f"step:{step}/{train_steps} val_loss:{val_loss:.5f} train_time:{training_time:.3f}s"
                   + f" step_avg:{1000*training_time/max(step, 1):.2f}ms", console=True)
            model.train()
            # start the clock again
            dist.barrier()
            t0 = time.perf_counter()

        if step == train_steps:
            break

        # --------------- TRAINING SECTION -----------------
        inputs, targets = next(train_loader)
        # accumulate across microbatches in case we are running with fewer than 8 gpus
        assert len(inputs) % mbs == 0
        for i in range(len(inputs) // mbs):
            model(inputs[i*mbs:(i+1)*mbs], targets[i*mbs:(i+1)*mbs]).backward()
        for name, p in model.named_parameters():
            assert p.grad is not None, name
            dist.all_reduce(p.grad, op=dist.ReduceOp.SUM)
        # set optimization hyperparameters and take a step
        set_lr_schedule(step)
        for opt in optimizers:
            opt.step()
        model.zero_grad(set_to_none=True)
        approx_training_time = training_time + (time.perf_counter() - t0)
        print0(f"step:{step+1}/{train_steps} train_time:{approx_training_time:.3f}s"
               + f" step_avg:{1000*approx_training_time/(step + 1):.2f}ms", console=True, log=False)

dist.destroy_process_group()

====================================================================================================
Running PyTorch 2.11.0+cu126 compiled for CUDA 12.6
Running on device_name=NVIDIA H100 NVL with world_size=4
{
  "config_diff": {
    "matrix_lr": 0.013,
    "train_steps": 10000
  },
  "hparams": {
    "h_warmup_steps": 250,
    "matrix_lr": 0.013,
    "train_steps": 10000
  }
}
====================================================================================================
step:0/10000 val_loss:10.82584 train_time:0.000s step_avg:0.27ms
step:125/10000 val_loss:5.32517 train_time:55.333s step_avg:442.66ms
step:250/10000 val_loss:4.78644 train_time:109.370s step_avg:437.48ms
step:375/10000 val_loss:4.34922 train_time:162.543s step_avg:433.45ms
step:500/10000 val_loss:4.11990 train_time:216.341s step_avg:432.68ms
step:625/10000 val_loss:3.98456 train_time:270.154s step_avg:432.25ms
step:750/10000 val_loss:3.91388 train_time:323.368s step_avg:431.16ms
step:875/10000 val_loss:3.84410 train_time:377.105s step_avg:430.98ms
step:1000/10000 val_loss:3.80872 train_time:430.845s step_avg:430.84ms
step:1125/10000 val_loss:3.76257 train_time:484.077s step_avg:430.29ms
step:1250/10000 val_loss:3.72852 train_time:537.850s step_avg:430.28ms
step:1375/10000 val_loss:3.70785 train_time:591.636s step_avg:430.28ms
step:1500/10000 val_loss:3.67918 train_time:644.837s step_avg:429.89ms
step:1625/10000 val_loss:3.65927 train_time:698.600s step_avg:429.91ms
step:1750/10000 val_loss:3.64070 train_time:752.346s step_avg:429.91ms
step:1875/10000 val_loss:3.62076 train_time:805.607s step_avg:429.66ms
step:2000/10000 val_loss:3.61005 train_time:859.403s step_avg:429.70ms
step:2125/10000 val_loss:3.59632 train_time:913.112s step_avg:429.70ms
step:2250/10000 val_loss:3.58154 train_time:966.309s step_avg:429.47ms
step:2375/10000 val_loss:3.56968 train_time:1020.163s step_avg:429.54ms
step:2500/10000 val_loss:3.56023 train_time:1073.930s step_avg:429.57ms
step:2625/10000 val_loss:3.54766 train_time:1127.146s step_avg:429.39ms
step:2750/10000 val_loss:3.53797 train_time:1180.913s step_avg:429.42ms
step:2875/10000 val_loss:3.53202 train_time:1234.555s step_avg:429.41ms
step:3000/10000 val_loss:3.52230 train_time:1287.797s step_avg:429.27ms
step:3125/10000 val_loss:3.51821 train_time:1341.570s step_avg:429.30ms
step:3250/10000 val_loss:3.50280 train_time:1395.256s step_avg:429.31ms
step:3375/10000 val_loss:3.49441 train_time:1448.520s step_avg:429.19ms
step:3500/10000 val_loss:3.49124 train_time:1502.249s step_avg:429.21ms
step:3625/10000 val_loss:3.48265 train_time:1555.824s step_avg:429.19ms
step:3750/10000 val_loss:3.47580 train_time:1609.117s step_avg:429.10ms
step:3875/10000 val_loss:3.46628 train_time:1662.814s step_avg:429.11ms
step:4000/10000 val_loss:3.46048 train_time:1716.485s step_avg:429.12ms
step:4125/10000 val_loss:3.45354 train_time:1769.692s step_avg:429.02ms
step:4250/10000 val_loss:3.45795 train_time:1823.377s step_avg:429.03ms
step:4375/10000 val_loss:3.44289 train_time:1877.090s step_avg:429.05ms
step:4500/10000 val_loss:3.43327 train_time:1930.375s step_avg:428.97ms
step:4625/10000 val_loss:3.42697 train_time:1984.095s step_avg:428.99ms
step:4750/10000 val_loss:3.41941 train_time:2037.384s step_avg:428.92ms
step:4875/10000 val_loss:3.41322 train_time:2091.251s step_avg:428.97ms
step:5000/10000 val_loss:3.40549 train_time:2145.140s step_avg:429.03ms
step:5125/10000 val_loss:3.40184 train_time:2198.442s step_avg:428.96ms
step:5250/10000 val_loss:3.39279 train_time:2252.317s step_avg:429.01ms
step:5375/10000 val_loss:3.39260 train_time:2306.227s step_avg:429.07ms
step:5500/10000 val_loss:3.38477 train_time:2359.535s step_avg:429.01ms
step:5625/10000 val_loss:3.37977 train_time:2413.462s step_avg:429.06ms
step:5750/10000 val_loss:3.37734 train_time:2467.384s step_avg:429.11ms
step:5875/10000 val_loss:3.36863 train_time:2520.699s step_avg:429.06ms
step:6000/10000 val_loss:3.36615 train_time:2574.584s step_avg:429.10ms
step:6125/10000 val_loss:3.36400 train_time:2628.452s step_avg:429.13ms
step:6250/10000 val_loss:3.35229 train_time:2681.763s step_avg:429.08ms
step:6375/10000 val_loss:3.34667 train_time:2735.684s step_avg:429.13ms
step:6500/10000 val_loss:3.33780 train_time:2789.617s step_avg:429.17ms
step:6625/10000 val_loss:3.33148 train_time:2842.955s step_avg:429.13ms
step:6750/10000 val_loss:3.32184 train_time:2896.823s step_avg:429.16ms
step:6875/10000 val_loss:3.31876 train_time:2950.735s step_avg:429.20ms
step:7000/10000 val_loss:3.31031 train_time:3004.042s step_avg:429.15ms
step:7125/10000 val_loss:3.30497 train_time:3057.911s step_avg:429.18ms
step:7250/10000 val_loss:3.29833 train_time:3111.783s step_avg:429.21ms
step:7375/10000 val_loss:3.29292 train_time:3165.109s step_avg:429.17ms
step:7500/10000 val_loss:3.28705 train_time:3219.031s step_avg:429.20ms
step:7625/10000 val_loss:3.28243 train_time:3272.692s step_avg:429.21ms
step:7750/10000 val_loss:3.27460 train_time:3326.016s step_avg:429.16ms
step:7875/10000 val_loss:3.27025 train_time:3379.561s step_avg:429.15ms
step:8000/10000 val_loss:3.26728 train_time:3433.132s step_avg:429.14ms
step:8125/10000 val_loss:3.25839 train_time:3486.430s step_avg:429.10ms
step:8250/10000 val_loss:3.25127 train_time:3540.017s step_avg:429.09ms
step:8375/10000 val_loss:3.24565 train_time:3593.618s step_avg:429.09ms
step:8500/10000 val_loss:3.23891 train_time:3646.935s step_avg:429.05ms
step:8625/10000 val_loss:3.23287 train_time:3700.530s step_avg:429.05ms
step:8750/10000 val_loss:3.22791 train_time:3754.018s step_avg:429.03ms
step:8875/10000 val_loss:3.22189 train_time:3807.333s step_avg:429.00ms
step:9000/10000 val_loss:3.21694 train_time:3860.866s step_avg:428.99ms
step:9125/10000 val_loss:3.21105 train_time:3914.516s step_avg:428.99ms
step:9250/10000 val_loss:3.20636 train_time:3967.829s step_avg:428.95ms
step:9375/10000 val_loss:3.20216 train_time:4021.483s step_avg:428.96ms
step:9500/10000 val_loss:3.19725 train_time:4074.820s step_avg:428.93ms
step:9625/10000 val_loss:3.19317 train_time:4128.333s step_avg:428.92ms
step:9750/10000 val_loss:3.18902 train_time:4181.909s step_avg:428.91ms
step:9875/10000 val_loss:3.18587 train_time:4235.207s step_avg:428.88ms
step:10000/10000 val_loss:3.18412 train_time:4288.796s step_avg:428.88ms
