"""
train_gpt_simple_leon.py

This file descends from the [NanoGPT speedrun](https://github.com/KellerJordan/modded-nanogpt).
It was prepared as a simplified version of the speedrun for use in neural net optimization research.
This variant replaces Muon with Leon (initial test using the same Newton-Schulz coefficients).
"""

import math
import os
import sys
with open(sys.argv[0]) as f:
    code = f.read() # read the code of this file ASAP, for logging
import argparse
import ast
import json
import subprocess
import uuid
import time
from datetime import datetime
from pathlib import Path


BASE_HPARAMS = dict(
    # Training
    train_steps         = 3375,
    # AdamW — embedding
    embed_lr            = 0.3,
    # AdamW — lm_head projection
    proj_lr             = 1/320,
    # AdamW — scalars (biases, gains)
    scalar_lr           = 0.01,
    # AdamW shared
    adam_betas          = (0.8, 0.95),
    adam_eps            = 1e-10,
    adam_wd             = 0.0,
    adam_cooldown_frac  = 0.7,
    # Leon — 2D block params
    leon_lr             = 0.025,
    leon_wd             = 0.025,
    leon_mu             = 0.95,
    leon_beta2          = 0.7,
    leon_cooldown_frac  = 0.7,
    leon_ns_iters       = 6,
    leon_eps            = 1e-9,
    leon_l_scale        = 1.0,
    leon_orthogonalize_dtype = "bfloat16",
    leon_l_scale_schedule = "constant",
    leon_l_scale_ramp_start_frac = 0.2,
    leon_l_scale_ramp_end_frac = 0.6,
    # "off": L = l_scale * T_t (raw unnormalized Gram sum).
    # "match_g": rescale L so tr(L) = l_scale * ||G||_F^2 (l_scale=1.0 -> tr(L) fraction 0.5).
    leon_l_normalize_mode = "off",
    # When True, rescale the final NS output to Frobenius norm sqrt(min(D1, D2)),
    # i.e. match the natural ||update||_F of the L=0 (Muon-NS) update.
    leon_match_l0_norm  = False,
    # When True, second moment accumulates (grad_t - grad_{t-1})(grad_t - grad_{t-1})^T
    # instead of grad_t * grad_t^T.
    leon_use_grad_diff  = False,
    # When False, skip the Nesterov first-moment buffer entirely; orthogonalize raw grad.
    leon_use_nesterov   = True,
    leon_log_diagnostics = False,
    leon_diag_interval  = 125,
    leon_diag_patterns  = (
        "blocks.0.attn.q.weight",
        "blocks.6.mlp.proj.weight",
        "blocks.11.attn.proj.weight",
    ),
    # Optional wandb logging (off by default). Enable with --set wandb_project=<name>.
    # File artifacts (train.log, config.json, tuning_log.csv) remain authoritative.
    wandb_project = None,
    wandb_mode    = "online",  # "online" | "offline" | "disabled"
    # Optional. If unset, the wandb run name falls back to run_dir.name (the timestamp+uuid).
    # Set this to your tuning_log.csv run_id so the dashboard matches the ledger.
    wandb_run_name = None,
)


def parse_value(s: str):
    try:
        return ast.literal_eval(s)
    except (ValueError, SyntaxError):
        return s


def parse_args():
    parser = argparse.ArgumentParser()
    parser.add_argument("legacy_trials", nargs="?", type=int,
                        help="Legacy positional trial count. Prefer --trials.")
    parser.add_argument("--trials", type=int, default=None)
    parser.add_argument("--set", action="append", default=[],
                        metavar="KEY=VALUE", help="Override or add an hparams entry.")
    parser.add_argument("--dry-run", action="store_true",
                        help="Resolve config and write metadata without CUDA/NCCL/training.")
    parser.add_argument("--out-dir", type=Path, default=None,
                        help="Run output directory. Defaults to runs/leon/<timestamp>-<uuid>.")
    return parser.parse_args()


def resolve_hparams(overrides):
    hparams = dict(BASE_HPARAMS)
    for item in overrides:
        if "=" not in item:
            raise ValueError(f"--set expects KEY=VALUE, got {item!r}")
        key, raw_value = item.split("=", 1)
        value = parse_value(raw_value)
        if key == "cooldown_frac":
            hparams["adam_cooldown_frac"] = value
            hparams["leon_cooldown_frac"] = value
        hparams[key] = value
    return hparams


def config_diff(hparams):
    return {k: v for k, v in hparams.items() if BASE_HPARAMS.get(k) != v}


def validate_hparams(hparams):
    l_scale = float(hparams["leon_l_scale"])
    if l_scale < 0:
        raise ValueError(f"leon_l_scale must be non-negative, got {l_scale!r}")

    orthogonalize_dtype = hparams["leon_orthogonalize_dtype"]
    if orthogonalize_dtype not in ("bfloat16", "float32", "float64"):
        raise ValueError(
            "leon_orthogonalize_dtype must be 'bfloat16', 'float32', or 'float64', "
            f"got {orthogonalize_dtype!r}"
        )

    schedule = hparams["leon_l_scale_schedule"]
    if schedule not in ("constant", "linear_ramp"):
        raise ValueError(
            "leon_l_scale_schedule must be 'constant' or 'linear_ramp', "
            f"got {schedule!r}"
        )

    if schedule == "linear_ramp":
        start = float(hparams["leon_l_scale_ramp_start_frac"])
        end = float(hparams["leon_l_scale_ramp_end_frac"])
        if not (0 <= start < end <= 1):
            raise ValueError(
                "linear_ramp requires 0 <= leon_l_scale_ramp_start_frac "
                "< leon_l_scale_ramp_end_frac <= 1, "
                f"got start={start!r}, end={end!r}"
            )

    normalize_mode = hparams["leon_l_normalize_mode"]
    if normalize_mode not in ("off", "match_g"):
        raise ValueError(
            "leon_l_normalize_mode must be 'off' or 'match_g', "
            f"got {normalize_mode!r}"
        )

    if not isinstance(hparams["leon_use_grad_diff"], bool):
        raise TypeError(
            f"leon_use_grad_diff must be bool, got {type(hparams['leon_use_grad_diff'])!r}"
        )

    if not isinstance(hparams["leon_use_nesterov"], bool):
        raise TypeError(
            f"leon_use_nesterov must be bool, got {type(hparams['leon_use_nesterov'])!r}"
        )


def scheduled_l_scale(hparams, progress):
    target = float(hparams["leon_l_scale"])
    schedule = hparams["leon_l_scale_schedule"]

    if schedule == "constant":
        return target

    start = float(hparams["leon_l_scale_ramp_start_frac"])
    end = float(hparams["leon_l_scale_ramp_end_frac"])
    if progress < start:
        return 0.0
    if progress >= end:
        return target
    ramp_progress = (progress - start) / (end - start)
    return target * ramp_progress


def default_run_dir():
    stamp = datetime.now().strftime("%Y%m%d-%H%M%S")
    return Path("records/track_3_optimization/runs/leon") / f"{stamp}-{uuid.uuid4().hex[:8]}"


def create_run_dir(out_dir=None):
    run_dir = Path(out_dir) if out_dir is not None else default_run_dir()
    run_dir.mkdir(parents=True, exist_ok=False)
    return run_dir


def git_commit():
    try:
        return subprocess.check_output(["git", "rev-parse", "HEAD"], text=True).strip()
    except Exception:
        return None


def shard_counts():
    cwd = Path.cwd()
    return dict(
        train_shards=len(list(cwd.glob("data/fineweb10B/fineweb_train_*.bin"))),
        val_shards=len(list(cwd.glob("data/fineweb10B/fineweb_val_*.bin"))),
    )


def torch_versions():
    torch_module = globals().get("torch")
    if torch_module is None:
        return None, None
    return torch_module.version.__version__, torch_module.version.cuda


def write_run_files(run_dir, args, hparams, mode, extra=None):
    torch_version, cuda_version = torch_versions()
    diff = config_diff(hparams)
    metadata = dict(
        mode=mode,
        argv=sys.argv,
        cwd=str(Path.cwd()),
        script=sys.argv[0],
        trials=args.trials if args.trials is not None else (args.legacy_trials or 1),
        dry_run=args.dry_run,
        out_dir=str(run_dir),
        git_commit=git_commit(),
        torch_version=torch_version,
        cuda_version=cuda_version,
        shard_counts=shard_counts(),
    )
    if extra:
        metadata.update(extra)
    (run_dir / "config.json").write_text(json.dumps(hparams, indent=2, sort_keys=True) + "\n")
    (run_dir / "config_diff.json").write_text(json.dumps(diff, indent=2, sort_keys=True) + "\n")
    (run_dir / "metadata.json").write_text(json.dumps(metadata, indent=2, sort_keys=True) + "\n")


if "--dry-run" in sys.argv:
    args = parse_args()
    hparams = resolve_hparams(args.set)
    validate_hparams(hparams)
    run_dir = create_run_dir(args.out_dir)
    write_run_files(run_dir, args, hparams, "dry-run")
    print(f"dry_run:true out_dir:{run_dir}")
    print(json.dumps(dict(hparams=hparams, config_diff=config_diff(hparams)), indent=2, sort_keys=True))
    sys.exit(0)

import torch
from torch import Tensor, nn
from torch.optim import AdamW
import torch.nn.functional as F
import torch.distributed as dist


########################################
#              Dataloader              #
########################################

def _load_data_shard(file: Path):
    header = torch.from_file(str(file), False, 256, dtype=torch.int32) # header is 256 int32
    assert header[0] == 20240520, "magic number mismatch in the data .bin file"
    assert header[1] == 1, "unsupported version"
    num_tokens = int(header[2]) # number of tokens (claimed)
    with file.open("rb", buffering=0) as f:
        tokens = torch.empty(num_tokens, dtype=torch.uint16, pin_memory=True)
        f.seek(256 * 4)
        nbytes = f.readinto(tokens.numpy()) # avoid bytes->array copy
        assert nbytes == 2 * num_tokens, "number of tokens read does not match header"
    return tokens

def distributed_data_generator(filename_pattern: str, batch_size: int, seq_len=1024):
    files = sorted(Path.cwd().glob(filename_pattern))
    assert batch_size % dist.get_world_size() == 0
    local_batch_size = batch_size // dist.get_world_size()
    file_iter = iter(files)
    tokens, pos = _load_data_shard(next(file_iter)), 0
    while True:
        if pos + batch_size + 1 >= len(tokens):
            tokens, pos = _load_data_shard(next(file_iter)), 0
        buf = tokens[pos + dist.get_rank() * local_batch_size:][:local_batch_size + 1]
        inputs = buf[:-1].to(device="cuda", dtype=torch.int32, non_blocking=True)
        targets = buf[1:].to(device="cuda", dtype=torch.int64, non_blocking=True)
        pos += batch_size
        yield inputs.view(-1, seq_len), targets.view(-1, seq_len)


########################################
#             Architecture             #
########################################

class RMSNorm(nn.Module):
    def __init__(self, dim):
        super().__init__()
        self.gains = nn.Parameter(torch.ones(dim))

    def forward(self, x):
        return F.rms_norm(x, (x.size(-1),), weight=self.gains.type_as(x))

class Linear(nn.Linear):
    def __init__(self, in_features, out_features):
        super().__init__(in_features, out_features, bias=True)

    def forward(self, x):
        return F.linear(x, self.weight.type_as(x), self.bias.type_as(x))

class Rotary(nn.Module):
    def __init__(self, dim: int):
        super().__init__()
        # half-truncate RoPE (w/ base freq tuning)
        angular_freq = (1 / 1024) ** torch.linspace(0, 1, steps=dim//4, dtype=torch.float32)
        self.register_buffer("angular_freq", torch.cat([angular_freq, angular_freq.new_zeros(dim//4)]))

    def forward(self, x_BTHD: Tensor):
        pos = torch.arange(x_BTHD.size(1), dtype=torch.float32, device=x_BTHD.device)
        theta = torch.outer(pos, self.angular_freq)[None, :, None, :]
        cos, sin = theta.cos(), theta.sin()
        x1, x2 = x_BTHD.to(dtype=torch.float32).chunk(2, dim=-1)
        y1 = x1 * cos + x2 * sin
        y2 = x1 * (-sin) + x2 * cos
        return torch.cat((y1, y2), 3).type_as(x_BTHD)

class CausalSelfAttention(nn.Module):
    def __init__(self, dim: int, head_dim=128):
        super().__init__()
        self.num_heads = dim // head_dim
        self.head_dim = head_dim
        hdim = self.num_heads * self.head_dim
        self.q = Linear(dim, hdim)
        self.k = Linear(dim, hdim)
        self.v = Linear(dim, hdim)
        self.proj = Linear(hdim, dim)
        self.rotary = Rotary(head_dim)

    def forward(self, x: Tensor):
        B, T = x.size(0), x.size(1)
        q = self.q(x).view(B, T, self.num_heads, self.head_dim)
        k = self.k(x).view(B, T, self.num_heads, self.head_dim)
        v = self.v(x).view(B, T, self.num_heads, self.head_dim)
        q, k = F.rms_norm(q, (q.size(-1),)), F.rms_norm(k, (k.size(-1),))
        q, k = self.rotary(q), self.rotary(k)
        y = F.scaled_dot_product_attention(q.transpose(1, 2), k.transpose(1, 2),
                                           v.transpose(1, 2), scale=0.12, is_causal=True).transpose(1, 2)
        y = y.contiguous().view(B, T, self.num_heads * self.head_dim)
        y = self.proj(y)
        return y

class MLP(nn.Module):
    def __init__(self, dim: int):
        super().__init__()
        hdim = 4 * dim
        self.fc = Linear(dim, hdim)
        self.proj = Linear(hdim, dim)

    def forward(self, x: Tensor):
        x = self.fc(x)
        x = x.relu().square()
        x = self.proj(x)
        return x

class Block(nn.Module):
    def __init__(self, dim: int):
        super().__init__()
        self.attn = CausalSelfAttention(dim)
        self.mlp = MLP(dim)
        self.norm1 = RMSNorm(dim)
        self.norm2 = RMSNorm(dim)

    def forward(self, x: Tensor):
        x = x + self.attn(self.norm1(x))
        x = x + self.mlp(self.norm2(x))
        return x

class GPT(nn.Module):
    def __init__(self, vocab_size: int, num_layers: int, model_dim: int):
        super().__init__()
        self.embed = nn.Embedding(vocab_size, model_dim).bfloat16()
        self.blocks = nn.ModuleList([Block(model_dim) for _ in range(num_layers)])
        self.proj = Linear(model_dim, vocab_size)
        self.norm1 = RMSNorm(model_dim)
        self.norm2 = RMSNorm(model_dim)

    def forward(self, inputs: Tensor, targets: Tensor):
        x = self.norm1(self.embed(inputs))
        for block in self.blocks:
            x = block(x)
        logits = self.proj(self.norm2(x)).float()
        logits = 15 * logits * (logits.square() + 15**2).rsqrt()
        return F.cross_entropy(logits.view(targets.numel(), -1), targets.view(-1), reduction="sum")


########################################
#              Optimizer               #
########################################

def leon_compute_dtype(dtype_name: str):
    if dtype_name == "bfloat16":
        return torch.bfloat16
    if dtype_name == "float32":
        return torch.float32
    if dtype_name == "float64":
        return torch.float64
    raise ValueError(f"Unsupported Leon orthogonalization dtype: {dtype_name!r}")


def leon_accum_dtype(dtype_name: str):
    return torch.float64 if dtype_name == "float64" else torch.float32


def leon_orthogonalize(grad: Tensor, momentum_buffer: Tensor, second_momentum_buffer: Tensor,
                       momentum: float = 0.95, beta2: float = 0.7,
                       ns_iters: int = 6, ns_coeffs: tuple = (2, -1.5, 0.5),
                       eps: float = 1e-7, l_scale: float = 1.0,
                       compute_dtype: str = "bfloat16",
                       l_normalize_mode: str = "off",
                       match_l0_norm: bool = False,
                       use_grad_diff: bool = False,
                       prev_grad_buffer: Tensor = None,
                       use_nesterov: bool = True) -> Tensor:
    """
    Leon update: Nesterov momentum + Newton-Schulz orthogonalization with
    augmented Gram matrix (second momentum buffer).

    Computes (GG^T + L)^{-0.5} G where L is an EMA-like gradient Gram statistic,
    using Newton-Schulz iterations to approximate the matrix inverse square root.

    Args:
        grad: Raw gradient (mutated in-place into the Nesterov-corrected update)
        momentum_buffer: First-moment unnormalized exponential sum
            S_t = momentum * S_{t-1} + grad_t (updated in place).
        second_momentum_buffer: Second-moment unnormalized exponential sum
            T_t = beta2 * T_{t-1} + grad_t grad_t^T (updated in place).
        momentum: First momentum coefficient (Nesterov)
        beta2: Second momentum coefficient
        ns_iters: Number of Newton-Schulz iterations
        ns_coeffs: (a, b, c) coefficients for the NS iteration
        eps: Diagonal stability epsilon added to the augmented Gram matrix
        l_scale: Multiplier for the second-momentum Gram contribution
        compute_dtype: Matrix-update dtype for X inside the NS iteration
        l_normalize_mode: "off" uses L = l_scale * T_t; "match_g" rescales L so
            tr(L) = l_scale * ||G||_F^2 (l_scale=1.0 -> tr(L) fraction 0.5).
        match_l0_norm: When True, rescale the final NS output to Frobenius norm
            sqrt(min(D1, D2)), matching the L=0 update's natural Frobenius norm.
    """
    is_tall = grad.size(-2) >= grad.size(-1)
    x_dtype = leon_compute_dtype(compute_dtype)
    accum_dtype = leon_accum_dtype(compute_dtype)

    # 0. Compute Gram matrix of raw gradient BEFORE mutating it with momentum
    if use_grad_diff and prev_grad_buffer is not None:
        gram_src = grad - prev_grad_buffer
        prev_grad_buffer.copy_(grad)  # store raw grad before momentum mutation
    else:
        gram_src = grad

    if is_tall:
        gram_tmp = gram_src.mT @ gram_src
    else:
        gram_tmp = gram_src @ gram_src.mT

    # Both buffers are stored as unnormalized exponential sums:
    #   S_t = momentum * S_{t-1} + grad_t          (first moment)
    #   T_t = beta2    * T_{t-1} + grad_t grad_t^T (second moment)
    # so we avoid the lerp_ / divide-by-(1-decay) round-trip used in EMA storage.

    # 1. First-moment sum + Nesterov: g = grad + momentum * S_t
    if use_nesterov and momentum_buffer is not None:
        momentum_buffer.mul_(momentum).add_(grad)
        g = grad.add_(momentum_buffer, alpha=momentum)
    else:
        g = grad  # no momentum: orthogonalize the raw gradient directly

    # 2. Second-moment sum: T_t in place
    second_momentum_buffer.mul_(beta2).add_(gram_tmp)

    X = g.to(dtype=x_dtype)
    L_unscaled = second_momentum_buffer.to(dtype=accum_dtype)
    if l_normalize_mode == "match_g":
        x_sq = X.to(dtype=accum_dtype).pow(2).sum()
        raw_l_tr = L_unscaled.diagonal(dim1=-2, dim2=-1).sum().clamp_min(1e-12)
        # Rescale so tr(L) = l_scale * ||X||_F^2 regardless of the raw sum magnitude.
        L = L_unscaled * (l_scale * x_sq / raw_l_tr)
    else:
        L = L_unscaled * l_scale
    A = 0.5 * (L + L.transpose(-2, -1))  # ensure symmetry

    # 3. Scale so that tr(GG^T + L) ≈ 1
    tr = X.to(dtype=accum_dtype).pow(2).sum(dim=(-2, -1), keepdim=True) \
       + A.diagonal(dim1=-2, dim2=-1).sum(dim=-1, keepdim=True).unsqueeze(-1)
    tr = tr.clamp_min(1e-12) * ((1 + 2e-2)**2)  # safety cushion

    inv_sqrt_tr = tr.rsqrt()
    inv_tr = inv_sqrt_tr.square()

    X = X * inv_sqrt_tr.to(X.dtype)
    A = (A * inv_tr).contiguous()

    # 4. Initial augmented Gram: A0 = gram(X) + L_scaled
    if is_tall:
        A = A + (X.mT @ X)
    else:
        A = A + (X @ X.mT)
    A.diagonal(dim1=-2, dim2=-1).add_(eps)  # eps for stability

    # 5. Newton-Schulz iterations with A iteration
    a, b, c = ns_coeffs
    last_iter = ns_iters - 1
    for i in range(ns_iters):
        A = 0.5 * (A + A.transpose(-2, -1))  # keep symmetric
        B = b * A + c * (A @ A)

        if is_tall:
            X = a * X + X @ B.to(X.dtype)
        else:
            X = a * X + B.to(X.dtype) @ X

        # Update A alongside X (skip on last iteration)
        if i < last_iter:
            # A <- (aI + B) A (aI + B)
            # computed as: D = a*A + B@A, then A = a*D + D@B
            D = a * A + B @ A
            A = a * D + D @ B

    if match_l0_norm:
        # Rescale X to ||X||_F = sqrt(min(D1, D2)), the natural Frobenius norm
        # of an orthogonalized (L=0) Muon-NS update.
        target = float(min(X.size(-2), X.size(-1))) ** 0.5
        cur = X.to(dtype=accum_dtype).norm().clamp_min(1e-12)
        X = X * (target / cur).to(X.dtype)

    return X


class Leon(torch.optim.Optimizer):
    """
    Leon optimizer: Nesterov momentum + Newton-Schulz orthogonalization with
    an augmented Gram matrix (second momentum buffer).

    Unlike Muon which recomputes A = X@X^T each NS iteration, Leon maintains
    a second momentum buffer L (scaled from an EMA of gradient Gram matrices) and augments
    the iteration matrix: A = X@X^T + L. A is also iterated alongside X.
    """
    def __init__(self, params, lr=0.025, weight_decay=0.025, mu=0.95, beta2=0.7,
                 ns_iters=6, eps=1e-7, l_scale=1.0, orthogonalize_dtype="bfloat16",
                 l_normalize_mode="off", match_l0_norm=False, use_grad_diff=False,
                 use_nesterov=True):
        assert isinstance(params, list) and len(params) >= 1 and isinstance(params[0], torch.nn.Parameter)
        params = sorted(params, key=lambda x: x.size(), reverse=True)
        defaults = dict(lr=lr, weight_decay=weight_decay, mu=mu, beta2=beta2,
                        ns_iters=ns_iters, eps=eps, l_scale=l_scale,
                        orthogonalize_dtype=orthogonalize_dtype,
                        l_normalize_mode=l_normalize_mode,
                        match_l0_norm=match_l0_norm,
                        use_grad_diff=use_grad_diff,
                        use_nesterov=use_nesterov)
        super().__init__(params, defaults)
        self.param_names = {}

    def diagnostic_stats(self, selected_patterns):
        if isinstance(selected_patterns, str):
            selected_patterns = (selected_patterns,)
        selected_patterns = tuple(selected_patterns)

        rows = []
        rank = dist.get_rank()
        world_size = dist.get_world_size()
        with torch.no_grad():
            for group in self.param_groups:
                params = group["params"]
                for base_i in range(0, len(params), world_size):
                    if base_i + rank >= len(params):
                        continue
                    p = params[base_i + rank]
                    name = self.param_names.get(p, f"param_{base_i + rank}")
                    if selected_patterns and not any(pattern in name for pattern in selected_patterns):
                        continue
                    if p.grad is None:
                        continue

                    state = self.state[p]
                    use_nesterov = group.get("use_nesterov", True)
                    if len(state) == 0:
                        momentum_buffer = torch.zeros_like(p, dtype=torch.float32) if use_nesterov else None
                        min_D = min(p.shape[-2], p.shape[-1])
                        second_momentum_buffer = torch.zeros(
                            min_D, min_D, dtype=torch.float32, device=p.device
                        )
                    else:
                        momentum_buffer = state.get("momentum_buffer")  # None when use_nesterov=False
                        second_momentum_buffer = state["second_momentum_buffer"]

                    prev_grad_buffer = state.get("prev_grad_buffer")
                    prev_grad_clone = prev_grad_buffer.clone() if prev_grad_buffer is not None else None

                    grad = p.grad.float()
                    momentum_clone = momentum_buffer.clone() if momentum_buffer is not None else None
                    l_clone = second_momentum_buffer.clone()
                    grad_for_update = grad.clone()

                    # Compute grad_diff_norm before leon_orthogonalize mutates prev_grad_clone
                    if prev_grad_clone is not None:
                        grad_diff_norm = (grad_for_update - prev_grad_clone).float().norm()
                    else:
                        grad_diff_norm = math.nan

                    update = leon_orthogonalize(
                        grad_for_update, momentum_clone, l_clone,
                        momentum=group["mu"], beta2=group["beta2"],
                        ns_iters=group["ns_iters"], eps=group["eps"],
                        l_scale=group["l_scale"],
                        compute_dtype=group["orthogonalize_dtype"],
                        l_normalize_mode=group["l_normalize_mode"],
                        match_l0_norm=group["match_l0_norm"],
                        use_grad_diff=group.get("use_grad_diff", False),
                        prev_grad_buffer=prev_grad_clone,
                        use_nesterov=use_nesterov,
                    )
                    update *= max(1, p.size(-2) / p.size(-1))**0.5

                    momentum_l0 = momentum_buffer.clone() if momentum_buffer is not None else None
                    l_l0 = second_momentum_buffer.clone()
                    update_l0 = leon_orthogonalize(
                        grad.clone(), momentum_l0, l_l0,
                        momentum=group["mu"], beta2=group["beta2"],
                        ns_iters=group["ns_iters"], eps=group["eps"],
                        l_scale=0.0,
                        compute_dtype=group["orthogonalize_dtype"],
                        use_nesterov=use_nesterov,
                    )
                    update_l0 *= max(1, p.size(-2) / p.size(-1))**0.5

                    update_float = update.float()
                    update_l0_float = update_l0.float()
                    update_norm = update_float.norm()
                    update_l0_norm = update_l0_float.norm()
                    cosine_denom = (update_norm * update_l0_norm).clamp_min(1e-12)
                    update_l0_cos = (update_float.flatten() @ update_l0_float.flatten()) / cosine_denom
                    grad_norm = grad.norm()
                    # momentum_clone holds the unnormalized sum S_t (post-step) when use_nesterov=True.
                    if momentum_clone is not None:
                        momentum_norm = momentum_clone.norm()
                        update_momentum_cos = (update_float.flatten() @ momentum_clone.float().flatten()) / (
                            update_norm * momentum_norm
                        ).clamp_min(1e-12)
                    else:
                        momentum_norm = math.nan
                        update_momentum_cos = math.nan
                    l_for_stats = l_clone
                    update_grad_cos = (update_float.flatten() @ grad.flatten()) / (
                        update_norm * grad_norm
                    ).clamp_min(1e-12)

                    l_sym = 0.5 * (l_for_stats + l_for_stats.transpose(-2, -1))
                    l_trace = l_sym.diagonal(dim1=-2, dim2=-1).sum().clamp_min(0)
                    l_fro = l_sym.norm()
                    diagnostic_accum_dtype = leon_accum_dtype(group["orthogonalize_dtype"])
                    g_sq = grad_for_update.to(dtype=diagnostic_accum_dtype).pow(2).sum()
                    # Reflect the actual effective tr(L) used inside leon_orthogonalize:
                    # match_g rescales tr(L) to l_scale * ||g||^2, off uses l_scale * tr(L_unscaled).
                    if group["l_normalize_mode"] == "match_g":
                        effective_l_trace = group["l_scale"] * g_sq
                    else:
                        effective_l_trace = group["l_scale"] * l_trace
                    l_trace_fraction = effective_l_trace / (g_sq + effective_l_trace).clamp_min(1e-12)
                    if l_trace > 0:
                        l_top_eval = torch.linalg.eigvalsh(l_sym).amax().clamp_min(0)
                        l_top_eval_fraction = l_top_eval / l_trace.clamp_min(1e-12)
                    else:
                        l_top_eval = l_trace
                        l_top_eval_fraction = l_trace

                    weight_norm = p.float().norm()
                    # LR-free shape metric: ||update||_F / ||W||_F. Multiply by lr (also
                    # logged) to recover the per-step relative move.
                    relative_update = update_norm / weight_norm.clamp_min(1e-12)
                    relative_update_l0 = update_l0_norm / weight_norm.clamp_min(1e-12)

                    rows.append(dict(
                        name=name,
                        lr=float(group["lr"]),
                        weight_norm=float(weight_norm.item()),
                        grad_norm=float(grad_norm.item()),
                        grad_diff_norm=float(grad_diff_norm) if isinstance(grad_diff_norm, float) else float(grad_diff_norm.item()),
                        momentum_norm=float(momentum_norm) if isinstance(momentum_norm, float) else float(momentum_norm.item()),
                        update_norm=float(update_norm.item()),
                        update_l0_norm=float(update_l0_norm.item()),
                        relative_update=float(relative_update.item()),
                        relative_update_l0=float(relative_update_l0.item()),
                        update_l0_cos=float(update_l0_cos.item()),
                        update_grad_cos=float(update_grad_cos.item()),
                        update_momentum_cos=float(update_momentum_cos) if isinstance(update_momentum_cos, float) else float(update_momentum_cos.item()),
                        l_trace=float(l_trace.item()),
                        l_fro=float(l_fro.item()),
                        l_trace_fraction=float(l_trace_fraction.item()),
                        l_top_eval=float(l_top_eval.item()),
                        l_top_eval_fraction=float(l_top_eval_fraction.item()),
                    ))
        return rows

    @torch.no_grad()
    def step(self):
        world_size = dist.get_world_size()
        rank = dist.get_rank()
        for group in self.param_groups:
            params = group["params"]
            params_pad = params + [torch.empty_like(params[-1])] * (world_size - len(params) % world_size)
            for base_i in range(0, len(params), world_size):
                if base_i + rank < len(params):
                    p = params[base_i + rank]
                    state = self.state[p]
                    if len(state) == 0:
                        if group["use_nesterov"]:
                            state["momentum_buffer"] = torch.zeros_like(p, dtype=torch.float32)
                        D1, D2 = p.shape[-2], p.shape[-1]
                        min_D = min(D1, D2)
                        state["second_momentum_buffer"] = torch.zeros(
                            min_D, min_D, dtype=torch.float32, device=p.device
                        )
                        if group["use_grad_diff"]:
                            state["prev_grad_buffer"] = torch.zeros_like(p, dtype=torch.float32)
                    grad = p.grad.float()
                    update = leon_orthogonalize(
                        grad, state.get("momentum_buffer"), state["second_momentum_buffer"],
                        momentum=group["mu"], beta2=group["beta2"],
                        ns_iters=group["ns_iters"], eps=group["eps"],
                        l_scale=group["l_scale"],
                        compute_dtype=group["orthogonalize_dtype"],
                        l_normalize_mode=group["l_normalize_mode"],
                        match_l0_norm=group["match_l0_norm"],
                        use_grad_diff=group["use_grad_diff"],
                        prev_grad_buffer=state.get("prev_grad_buffer"),
                        use_nesterov=group["use_nesterov"],
                    )
                    update *= max(1, p.size(-2) / p.size(-1))**0.5
                    p.mul_(1 - group["lr"] * group["weight_decay"])
                    p.add_(update, alpha=-group["lr"])
                dist.all_gather(params_pad[base_i:base_i + world_size], params_pad[base_i + rank])


########################################
#                Setup                 #
########################################

def main():
    args = parse_args()
    num_trials = args.trials if args.trials is not None else (args.legacy_trials or 1)
    hparams = resolve_hparams(args.set)
    validate_hparams(hparams)

    if args.dry_run:
        run_dir = create_run_dir(args.out_dir)
        write_run_files(run_dir, args, hparams, "dry-run")
        print(f"dry_run:true out_dir:{run_dir}")
        print(json.dumps(dict(hparams=hparams, config_diff=config_diff(hparams)), indent=2, sort_keys=True))
        return

    global device
    # torchrun sets these env variables
    device = torch.device("cuda", int(os.environ["LOCAL_RANK"]))
    torch.cuda.set_device(device)
    dist.init_process_group(backend="nccl", device_id=device)
    dist.barrier()
    # this code can be run equivalently with 1, 2, 4, or 8 gpus.
    assert 8 % dist.get_world_size() == 0

    try:
        if dist.get_rank() == 0:
            run_dir = create_run_dir(args.out_dir)
        else:
            run_dir = None
        run_dir_obj = [str(run_dir) if run_dir is not None else None]
        dist.broadcast_object_list(run_dir_obj, src=0)
        run_dir = Path(run_dir_obj[0])
        logfile = run_dir / "train.log"

        # logging setup
        if dist.get_rank() == 0:
            print(logfile)
            write_run_files(run_dir, args, hparams, "train", dict(
                device_name=torch.cuda.get_device_name(device),
                world_size=dist.get_world_size(),
            ))

        wandb_run = None
        if hparams["wandb_project"] is not None and dist.get_rank() == 0:
            try:
                import wandb
                wandb_run = wandb.init(
                    project=hparams["wandb_project"],
                    mode=hparams.get("wandb_mode", "online"),
                    name=hparams.get("wandb_run_name") or run_dir.name,
                    dir=str(run_dir),
                    config=hparams,
                    tags=[Path(__file__).stem, f"world_size={dist.get_world_size()}"],
                )
            except Exception as e:
                print(f"[wandb] init failed, continuing without wandb: {e}")
                wandb_run = None

        def print0(s, console=False, log=True):
            if dist.get_rank() == 0:
                if console:
                    print(s)
                if log:
                    with open(logfile, "a") as f:
                        print(s, file=f)

        # we begin by logging this file itself
        print0(code)
        print0("="*100)
        print0(f"Running PyTorch {torch.version.__version__} compiled for CUDA {torch.version.cuda}"
               + f" on {torch.cuda.get_device_name(device)} with world_size {dist.get_world_size()}")
        print0(json.dumps(dict(hparams=hparams, config_diff=config_diff(hparams)), indent=2, sort_keys=True))
        print0("="*100)

        val_tokens = 20 * 524288
        batch_size = 8 * 64 * 1024
        mbs = 64
        val_inputs, val_targets = next(distributed_data_generator("data/fineweb10B/fineweb_val_*.bin", val_tokens))

        model = GPT(vocab_size=50304, num_layers=12, model_dim=768).cuda()
        model.compile(dynamic=False)

        for _ in range(num_trials):


            ########################################
            #            Hyperparameters            #
            ########################################

            train_steps = hparams["train_steps"]

            # initialize model parameters
            for name, p in model.named_parameters():
                w = p.data
                if name.endswith("weight"):
                    if "proj" in name:
                        w.zero_()
                    elif "embed" in name:
                        w.normal_()  # default torch init
                    else:
                        w.normal_(std=0.33**0.5 / w.size(-1)**0.5)  # default torch init
                elif name.endswith("bias"):
                    w.zero_()
                elif name.endswith("gains"):
                    w.normal_(mean=1, std=0)
                else:
                    raise Exception(f"Uninitialized parameter: {name}")

            # create the optimizer(s)
            optimizer1 = AdamW([dict(params=[model.embed.weight], lr=hparams["embed_lr"]),
                                dict(params=[model.proj.weight], lr=hparams["proj_lr"]),
                                dict(params=[p for p in model.parameters() if p.ndim < 2], lr=hparams["scalar_lr"])],
                               betas=hparams["adam_betas"], eps=hparams["adam_eps"],
                               weight_decay=hparams["adam_wd"], fused=True)
            optimizer2 = Leon([p for p in model.blocks.parameters() if p.ndim >= 2],
                              lr=hparams["leon_lr"], weight_decay=hparams["leon_wd"],
                              mu=hparams["leon_mu"], beta2=hparams["leon_beta2"],
                              ns_iters=hparams["leon_ns_iters"], eps=hparams["leon_eps"],
                              l_scale=hparams["leon_l_scale"],
                              orthogonalize_dtype=hparams["leon_orthogonalize_dtype"],
                              l_normalize_mode=hparams["leon_l_normalize_mode"],
                              match_l0_norm=hparams["leon_match_l0_norm"],
                              use_grad_diff=hparams["leon_use_grad_diff"],
                              use_nesterov=hparams["leon_use_nesterov"])
            optimizer2.param_names = {p: name for name, p in model.named_parameters()}
            optimizers = [optimizer1, optimizer2]
            assert set(p for opt in optimizers for group in opt.param_groups
                       for p in group["params"]) == set(model.parameters())
            for opt in optimizers:
                for group in opt.param_groups:
                    group["initial_lr"] = group["lr"]
            for group in optimizer1.param_groups:
                group["cooldown_frac"] = hparams["adam_cooldown_frac"]
            for group in optimizer2.param_groups:
                group["cooldown_frac"] = hparams["leon_cooldown_frac"]
                group["l_scale"] = scheduled_l_scale(hparams, 0.0)

            # learning rate schedule: stable then decay
            def set_hparams(step):
                progress = step / train_steps
                assert 0 <= progress < 1
                for opt in optimizers:
                    for group in opt.param_groups:
                        cooldown_frac = group["cooldown_frac"]
                        if progress < 1 - cooldown_frac:
                            eta = 1.0
                        else:
                            eta = (1 - progress) / cooldown_frac
                        group["lr"] = group["initial_lr"] * eta
                l_scale = scheduled_l_scale(hparams, progress)
                for group in optimizer2.param_groups:
                    group["l_scale"] = l_scale

            def log_leon_diagnostics(step):
                if not hparams["leon_log_diagnostics"]:
                    return
                interval = hparams["leon_diag_interval"]
                if interval <= 0 or step % interval != 0:
                    return
                local_rows = optimizer2.diagnostic_stats(hparams["leon_diag_patterns"])
                gathered_rows = [None] * dist.get_world_size()
                dist.all_gather_object(gathered_rows, local_rows)
                if dist.get_rank() != 0:
                    return
                rows = [row for rank_rows in gathered_rows for row in rank_rows]
                rows.sort(key=lambda row: row["name"])
                for row in rows:
                    print0(
                        "diag"
                        + f" step:{step}"
                        + f" name:{row['name']}"
                        + f" lr:{row['lr']:.8g}"
                        + f" weight_norm:{row['weight_norm']:.6g}"
                        + f" grad_norm:{row['grad_norm']:.6g}"
                        + f" grad_diff_norm:{row['grad_diff_norm']:.6g}"
                        + f" momentum_norm:{row['momentum_norm']:.6g}"
                        + f" update_norm:{row['update_norm']:.6g}"
                        + f" update_l0_norm:{row['update_l0_norm']:.6g}"
                        + f" relative_update:{row['relative_update']:.6g}"
                        + f" relative_update_l0:{row['relative_update_l0']:.6g}"
                        + f" update_l0_cos:{row['update_l0_cos']:.6g}"
                        + f" update_grad_cos:{row['update_grad_cos']:.6g}"
                        + f" update_momentum_cos:{row['update_momentum_cos']:.6g}"
                        + f" l_trace:{row['l_trace']:.6g}"
                        + f" l_fro:{row['l_fro']:.6g}"
                        + f" l_trace_fraction:{row['l_trace_fraction']:.6g}"
                        + f" l_top_eval:{row['l_top_eval']:.6g}"
                        + f" l_top_eval_fraction:{row['l_top_eval_fraction']:.6g}",
                        console=False,
                    )
                if wandb_run is not None:
                    wandb_run.log({
                        f"diag/{row['name']}/{k}": v
                        for row in rows for k, v in row.items() if k != "name"
                    }, step=step)


            ########################################
            #        Training and Validation       #
            ########################################

            train_loader = distributed_data_generator("data/fineweb10B/fineweb_train_*.bin", batch_size)
            for p in model.parameters():
                dist.broadcast(p.detach(), 0)
            # start the clock
            training_time = 0
            last_val_step = 0
            dist.barrier()
            t0 = time.perf_counter()
            for step in range(train_steps + 1):

                # --------------- VALIDATION SECTION -----------------
                if step == train_steps or step % 125 == 0:
                    # stop the clock
                    dist.barrier()
                    time_since_last_val = time.perf_counter() - t0
                    step_avg = time_since_last_val / (step - last_val_step) if step > 0 else float("nan")
                    last_val_step = step
                    training_time += time_since_last_val
                    model.eval()
                    val_loss = 0
                    with torch.no_grad():
                        assert len(val_inputs) % mbs == 0
                        for i in range(len(val_inputs) // mbs):
                            val_loss += model(val_inputs[i*mbs:(i+1)*mbs], val_targets[i*mbs:(i+1)*mbs])
                    dist.all_reduce(val_loss, op=dist.ReduceOp.SUM)
                    val_loss /= val_tokens
                    print0(f"step:{step}/{train_steps} val_loss:{val_loss:.5f} train_time:{training_time:.3f}s"
                           + f" step_avg:{1000*step_avg:.2f}ms", console=True)
                    if wandb_run is not None:
                        wandb_run.log({
                            "val_loss": float(val_loss),
                            "train_time_s": training_time,
                            "step_avg_ms": 1000 * step_avg if step > 0 else 0.0,
                        }, step=step)
                    model.train()
                    # start the clock again
                    dist.barrier()
                    t0 = time.perf_counter()

                if step == train_steps:
                    break

                # --------------- TRAINING SECTION -----------------
                inputs, targets = next(train_loader)
                # accumulate across microbatches in case we are running with fewer than 8 gpus
                assert len(inputs) % mbs == 0
                for i in range(len(inputs) // mbs):
                    model(inputs[i*mbs:(i+1)*mbs], targets[i*mbs:(i+1)*mbs]).backward()
                for name, p in model.named_parameters():
                    assert p.grad is not None, name
                    dist.all_reduce(p.grad, op=dist.ReduceOp.SUM)
                # set optimization hyperparameters and take a step
                set_hparams(step)
                log_leon_diagnostics(step + 1)
                for opt in optimizers:
                    opt.step()
                model.zero_grad(set_to_none=True)
                approx_training_time = training_time + (time.perf_counter() - t0)
                print0(f"step:{step+1}/{train_steps} train_time:{approx_training_time:.3f}s"
                       + f" step_avg:{1000*approx_training_time/(step + 1):.2f}ms", console=True, log=False)
    finally:
        if 'wandb_run' in locals() and wandb_run is not None:
            wandb_run.finish()
        dist.destroy_process_group()


if __name__ == "__main__":
    main()

====================================================================================================
Running PyTorch 2.11.0+cu128 compiled for CUDA 12.8 on NVIDIA H100 NVL with world_size 4
{
  "config_diff": {
    "leon_beta2": 0.9,
    "leon_eps": 1e-12,
    "leon_log_diagnostics": true,
    "leon_ns_iters": 12,
    "leon_orthogonalize_dtype": "float32",
    "leon_use_grad_diff": true,
    "train_steps": 1500,
    "wandb_project": "modded-nanogpt-track3",
    "wandb_run_name": "gd_b290_1500"
  },
  "hparams": {
    "adam_betas": [
      0.8,
      0.95
    ],
    "adam_cooldown_frac": 0.7,
    "adam_eps": 1e-10,
    "adam_wd": 0.0,
    "embed_lr": 0.3,
    "leon_beta2": 0.9,
    "leon_cooldown_frac": 0.7,
    "leon_diag_interval": 125,
    "leon_diag_patterns": [
      "blocks.0.attn.q.weight",
      "blocks.6.mlp.proj.weight",
      "blocks.11.attn.proj.weight"
    ],
    "leon_eps": 1e-12,
    "leon_l_normalize_mode": "off",
    "leon_l_scale": 1.0,
    "leon_l_scale_ramp_end_frac": 0.6,
    "leon_l_scale_ramp_start_frac": 0.2,
    "leon_l_scale_schedule": "constant",
    "leon_log_diagnostics": true,
    "leon_lr": 0.025,
    "leon_match_l0_norm": false,
    "leon_mu": 0.95,
    "leon_ns_iters": 12,
    "leon_orthogonalize_dtype": "float32",
    "leon_use_grad_diff": true,
    "leon_use_nesterov": true,
    "leon_wd": 0.025,
    "proj_lr": 0.003125,
    "scalar_lr": 0.01,
    "train_steps": 1500,
    "wandb_mode": "online",
    "wandb_project": "modded-nanogpt-track3",
    "wandb_run_name": "gd_b290_1500"
  }
}
====================================================================================================
step:0/1500 val_loss:10.82584 train_time:0.001s step_avg:nanms
diag step:125 name:blocks.0.attn.q.weight lr:0.025 weight_norm:21.298 grad_norm:7646.56 grad_diff_norm:13715 momentum_norm:10389.2 update_norm:13.8814 update_l0_norm:27.4235 relative_update:0.651769 relative_update_l0:1.28761 update_l0_cos:0.828676 update_grad_cos:0.176245 update_momentum_cos:0.528363 l_trace:1.41472e+09 l_fro:8.70976e+08 l_trace_fraction:0.870275 l_top_eval:8.53044e+08 l_top_eval_fraction:0.602975
diag step:125 name:blocks.11.attn.proj.weight lr:0.025 weight_norm:20.1226 grad_norm:16545.6 grad_diff_norm:27591.7 momentum_norm:16710.4 update_norm:13.9685 update_l0_norm:26.19 relative_update:0.694169 relative_update_l0:1.30152 update_l0_cos:0.778978 update_grad_cos:0.0915641 update_momentum_cos:0.335053 l_trace:4.93812e+09 l_fro:4.35301e+09 l_trace_fraction:0.846298 l_top_eval:4.35138e+09 l_top_eval_fraction:0.881181
diag step:125 name:blocks.6.mlp.proj.weight lr:0.025 weight_norm:21.8678 grad_norm:19266 grad_diff_norm:33680.2 momentum_norm:16969.1 update_norm:13.5092 update_l0_norm:27.7128 relative_update:0.617767 relative_update_l0:1.26729 update_l0_cos:0.869473 update_grad_cos:0.197662 update_momentum_cos:0.59373 l_trace:7.6284e+09 l_fro:2.48544e+09 l_trace_fraction:0.882625 l_top_eval:1.91461e+09 l_top_eval_fraction:0.250984
step:125/1500 val_loss:4.62292 train_time:60.249s step_avg:481.99ms
diag step:250 name:blocks.0.attn.q.weight lr:0.025 weight_norm:27.9112 grad_norm:4849.06 grad_diff_norm:8126.73 momentum_norm:7012.83 update_norm:13.8622 update_l0_norm:27.4908 relative_update:0.496654 relative_update_l0:0.984937 update_l0_cos:0.830377 update_grad_cos:0.222948 update_momentum_cos:0.618356 l_trace:5.32363e+08 l_fro:2.50236e+08 l_trace_fraction:0.849682 l_top_eval:2.2776e+08 l_top_eval_fraction:0.427828
diag step:250 name:blocks.11.attn.proj.weight lr:0.025 weight_norm:30.5902 grad_norm:10813.2 grad_diff_norm:19473.9 momentum_norm:9312.28 update_norm:13.8118 update_l0_norm:27.0079 relative_update:0.451512 relative_update_l0:0.882895 update_l0_cos:0.80119 update_grad_cos:0.102456 update_momentum_cos:0.481816 l_trace:2.82679e+09 l_fro:2.56427e+09 l_trace_fraction:0.907001 l_top_eval:2.56373e+09 l_top_eval_fraction:0.90694
diag step:250 name:blocks.6.mlp.proj.weight lr:0.025 weight_norm:28.5793 grad_norm:11757.2 grad_diff_norm:21802.6 momentum_norm:14018 update_norm:13.4694 update_l0_norm:27.7128 relative_update:0.471298 relative_update_l0:0.969682 update_l0_cos:0.902988 update_grad_cos:0.278907 update_momentum_cos:0.759583 l_trace:4.31154e+09 l_fro:1.19463e+09 l_trace_fraction:0.904604 l_top_eval:8.48127e+08 l_top_eval_fraction:0.196711
step:250/1500 val_loss:4.10467 train_time:126.783s step_avg:532.27ms
diag step:375 name:blocks.0.attn.q.weight lr:0.025 weight_norm:32.3292 grad_norm:2739.53 grad_diff_norm:4467.35 momentum_norm:5969.9 update_norm:13.8284 update_l0_norm:27.5378 relative_update:0.427735 relative_update_l0:0.851793 update_l0_cos:0.831951 update_grad_cos:0.292046 update_momentum_cos:0.661886 l_trace:2.95914e+08 l_fro:1.19315e+08 l_trace_fraction:0.854838 l_top_eval:1.03328e+08 l_top_eval_fraction:0.349182
diag step:375 name:blocks.11.attn.proj.weight lr:0.025 weight_norm:37.1186 grad_norm:6916.34 grad_diff_norm:13515.8 momentum_norm:7495.9 update_norm:13.8348 update_l0_norm:27.2739 relative_update:0.372719 relative_update_l0:0.734776 update_l0_cos:0.811586 update_grad_cos:0.120529 update_momentum_cos:0.548775 l_trace:2.52776e+09 l_fro:2.34006e+09 l_trace_fraction:0.948334 l_top_eval:2.33983e+09 l_top_eval_fraction:0.925653
diag step:375 name:blocks.6.mlp.proj.weight lr:0.025 weight_norm:33.2138 grad_norm:9290.89 grad_diff_norm:17121.8 momentum_norm:14021.9 update_norm:13.6688 update_l0_norm:27.7128 relative_update:0.411541 relative_update_l0:0.834377 update_l0_cos:0.919084 update_grad_cos:0.317134 update_momentum_cos:0.811334 l_trace:3.37312e+09 l_fro:9.06344e+08 l_trace_fraction:0.904387 l_top_eval:6.43154e+08 l_top_eval_fraction:0.19067
step:375/1500 val_loss:3.92999 train_time:193.742s step_avg:535.67ms
diag step:500 name:blocks.0.attn.q.weight lr:0.023833333 weight_norm:35.6983 grad_norm:3440.07 grad_diff_norm:5470.42 momentum_norm:5574.22 update_norm:13.9222 update_l0_norm:27.5134 relative_update:0.389996 relative_update_l0:0.77072 update_l0_cos:0.831959 update_grad_cos:0.262331 update_momentum_cos:0.668161 l_trace:2.37624e+08 l_fro:1.01006e+08 l_trace_fraction:0.810738 l_top_eval:9.03534e+07 l_top_eval_fraction:0.380238
diag step:500 name:blocks.11.attn.proj.weight lr:0.023833333 weight_norm:41.9445 grad_norm:7778.67 grad_diff_norm:15656.9 momentum_norm:6777.12 update_norm:13.9542 update_l0_norm:27.2913 relative_update:0.332683 relative_update_l0:0.650653 update_l0_cos:0.822136 update_grad_cos:0.115471 update_momentum_cos:0.582187 l_trace:1.87651e+09 l_fro:1.74103e+09 l_trace_fraction:0.929566 l_top_eval:1.7409e+09 l_top_eval_fraction:0.927731
diag step:500 name:blocks.6.mlp.proj.weight lr:0.023833333 weight_norm:36.742 grad_norm:10233.4 grad_diff_norm:17195.5 momentum_norm:14482.4 update_norm:14.0593 update_l0_norm:27.7128 relative_update:0.382651 relative_update_l0:0.754255 update_l0_cos:0.928969 update_grad_cos:0.325703 update_momentum_cos:0.821376 l_trace:2.58902e+09 l_fro:6.43564e+08 l_trace_fraction:0.86168 l_top_eval:4.143e+08 l_top_eval_fraction:0.160022
step:500/1500 val_loss:3.82690 train_time:276.789s step_avg:664.37ms
diag step:625 name:blocks.0.attn.q.weight lr:0.020857143 weight_norm:37.7822 grad_norm:2186.33 grad_diff_norm:3594.14 momentum_norm:5090.14 update_norm:13.9494 update_l0_norm:27.5526 relative_update:0.369207 relative_update_l0:0.729248 update_l0_cos:0.832502 update_grad_cos:0.335065 update_momentum_cos:0.691575 l_trace:1.66215e+08 l_fro:6.89584e+07 l_trace_fraction:0.821867 l_top_eval:6.3794e+07 l_top_eval_fraction:0.383804
diag step:625 name:blocks.11.attn.proj.weight lr:0.020857143 weight_norm:45.0418 grad_norm:4290.5 grad_diff_norm:7849.12 momentum_norm:6254.78 update_norm:14.1958 update_l0_norm:27.4215 relative_update:0.315171 relative_update_l0:0.608802 update_l0_cos:0.829289 update_grad_cos:0.202477 update_momentum_cos:0.620806 l_trace:1.0945e+09 l_fro:9.86956e+08 l_trace_fraction:0.938207 l_top_eval:9.86853e+08 l_top_eval_fraction:0.90165
diag step:625 name:blocks.6.mlp.proj.weight lr:0.020857143 weight_norm:39.0216 grad_norm:7311.7 grad_diff_norm:12017.6 momentum_norm:14222.5 update_norm:14.3241 update_l0_norm:27.7128 relative_update:0.367082 relative_update_l0:0.710192 update_l0_cos:0.936875 update_grad_cos:0.407205 update_momentum_cos:0.850312 l_trace:2.10285e+09 l_fro:4.76189e+08 l_trace_fraction:0.873117 l_top_eval:3.20954e+08 l_top_eval_fraction:0.152628
step:625/1500 val_loss:3.73929 train_time:371.783s step_avg:759.96ms
diag step:750 name:blocks.0.attn.q.weight lr:0.017880952 weight_norm:38.8531 grad_norm:2109.85 grad_diff_norm:3294.61 momentum_norm:4977.52 update_norm:13.8777 update_l0_norm:27.5499 relative_update:0.357182 relative_update_l0:0.709079 update_l0_cos:0.832301 update_grad_cos:0.335641 update_momentum_cos:0.713026 l_trace:1.14499e+08 l_fro:3.61484e+07 l_trace_fraction:0.776593 l_top_eval:3.07054e+07 l_top_eval_fraction:0.268173
diag step:750 name:blocks.11.attn.proj.weight lr:0.017880952 weight_norm:46.9077 grad_norm:5482.78 grad_diff_norm:8499.97 momentum_norm:6977.07 update_norm:14.194 update_l0_norm:27.367 relative_update:0.302594 relative_update_l0:0.583423 update_l0_cos:0.834933 update_grad_cos:0.173174 update_momentum_cos:0.590259 l_trace:8.96327e+08 l_fro:7.89416e+08 l_trace_fraction:0.886577 l_top_eval:7.89297e+08 l_top_eval_fraction:0.88059
diag step:750 name:blocks.6.mlp.proj.weight lr:0.017880952 weight_norm:40.3034 grad_norm:8429.18 grad_diff_norm:13788.8 momentum_norm:15317.7 update_norm:14.5705 update_l0_norm:27.7128 relative_update:0.36152 relative_update_l0:0.687604 update_l0_cos:0.941857 update_grad_cos:0.387362 update_momentum_cos:0.851943 l_trace:1.80385e+09 l_fro:3.78809e+08 l_trace_fraction:0.827532 l_top_eval:2.68443e+08 l_top_eval_fraction:0.148817
step:750/1500 val_loss:3.67888 train_time:466.722s step_avg:759.51ms
diag step:875 name:blocks.0.attn.q.weight lr:0.014904762 weight_norm:39.3404 grad_norm:2609.89 grad_diff_norm:3959.33 momentum_norm:5117.04 update_norm:13.9838 update_l0_norm:27.5294 relative_update:0.355457 relative_update_l0:0.699773 update_l0_cos:0.834779 update_grad_cos:0.294158 update_momentum_cos:0.697022 l_trace:1.17871e+08 l_fro:4.15376e+07 l_trace_fraction:0.746503 l_top_eval:3.68805e+07 l_top_eval_fraction:0.312888
diag step:875 name:blocks.11.attn.proj.weight lr:0.014904762 weight_norm:47.942 grad_norm:3762.11 grad_diff_norm:6250.78 momentum_norm:6369.78 update_norm:14.2446 update_l0_norm:27.464 relative_update:0.297121 relative_update_l0:0.572858 update_l0_cos:0.836989 update_grad_cos:0.228899 update_momentum_cos:0.651637 l_trace:6.07012e+08 l_fro:5.06165e+08 l_trace_fraction:0.900049 l_top_eval:5.06002e+08 l_top_eval_fraction:0.833595
diag step:875 name:blocks.6.mlp.proj.weight lr:0.014904762 weight_norm:40.9355 grad_norm:7549.77 grad_diff_norm:11930 momentum_norm:15504.3 update_norm:14.685 update_l0_norm:27.7128 relative_update:0.358736 relative_update_l0:0.676988 update_l0_cos:0.945472 update_grad_cos:0.405355 update_momentum_cos:0.864141 l_trace:1.5924e+09 l_fro:3.07038e+08 l_trace_fraction:0.81944 l_top_eval:2.11624e+08 l_top_eval_fraction:0.132897
step:875/1500 val_loss:3.62341 train_time:534.373s step_avg:541.21ms
diag step:1000 name:blocks.0.attn.q.weight lr:0.011928571 weight_norm:39.4106 grad_norm:2091.52 grad_diff_norm:2956.37 momentum_norm:5060.34 update_norm:14.0745 update_l0_norm:27.5497 relative_update:0.357125 relative_update_l0:0.699042 update_l0_cos:0.835963 update_grad_cos:0.363654 update_momentum_cos:0.717123 l_trace:9.23059e+07 l_fro:2.66913e+07 l_trace_fraction:0.727206 l_top_eval:2.34193e+07 l_top_eval_fraction:0.253715
diag step:1000 name:blocks.11.attn.proj.weight lr:0.011928571 weight_norm:48.4491 grad_norm:3411.64 grad_diff_norm:5444.42 momentum_norm:6270.87 update_norm:14.4541 update_l0_norm:27.4821 relative_update:0.298336 relative_update_l0:0.567237 update_l0_cos:0.842364 update_grad_cos:0.270988 update_momentum_cos:0.678114 l_trace:4.90526e+08 l_fro:3.96301e+08 l_trace_fraction:0.887636 l_top_eval:3.96158e+08 l_top_eval_fraction:0.807619
diag step:1000 name:blocks.6.mlp.proj.weight lr:0.011928571 weight_norm:41.0992 grad_norm:7086.88 grad_diff_norm:10395 momentum_norm:16104.7 update_norm:15.0028 update_l0_norm:27.7128 relative_update:0.365038 relative_update_l0:0.674291 update_l0_cos:0.949523 update_grad_cos:0.461143 update_momentum_cos:0.871695 l_trace:1.40326e+09 l_fro:2.45025e+08 l_trace_fraction:0.79627 l_top_eval:1.72033e+08 l_top_eval_fraction:0.122595
step:1000/1500 val_loss:3.57527 train_time:601.102s step_avg:533.83ms
diag step:1125 name:blocks.0.attn.q.weight lr:0.008952381 weight_norm:39.2116 grad_norm:1932.65 grad_diff_norm:2701.61 momentum_norm:5238.21 update_norm:14.0725 update_l0_norm:27.55 relative_update:0.358887 relative_update_l0:0.702597 update_l0_cos:0.835281 update_grad_cos:0.38157 update_momentum_cos:0.71881 l_trace:9.56229e+07 l_fro:2.77771e+07 l_trace_fraction:0.736292 l_top_eval:2.47304e+07 l_top_eval_fraction:0.258625
diag step:1125 name:blocks.11.attn.proj.weight lr:0.008952381 weight_norm:48.5854 grad_norm:3735.34 grad_diff_norm:5127.57 momentum_norm:6895.62 update_norm:14.487 update_l0_norm:27.4672 relative_update:0.298177 relative_update_l0:0.565338 update_l0_cos:0.844617 update_grad_cos:0.260526 update_momentum_cos:0.658564 l_trace:3.99264e+08 l_fro:2.96019e+08 l_trace_fraction:0.841297 l_top_eval:2.95755e+08 l_top_eval_fraction:0.74075
diag step:1125 name:blocks.6.mlp.proj.weight lr:0.008952381 weight_norm:40.9642 grad_norm:7803.59 grad_diff_norm:11020.5 momentum_norm:17556.9 update_norm:15.0954 update_l0_norm:27.7128 relative_update:0.368504 relative_update_l0:0.676513 update_l0_cos:0.951232 update_grad_cos:0.43491 update_momentum_cos:0.867622 l_trace:1.37062e+09 l_fro:2.02369e+08 l_trace_fraction:0.760595 l_top_eval:1.18653e+08 l_top_eval_fraction:0.0865689
step:1125/1500 val_loss:3.53565 train_time:677.944s step_avg:614.74ms
diag step:1250 name:blocks.0.attn.q.weight lr:0.0059761905 weight_norm:38.9014 grad_norm:2009.55 grad_diff_norm:2822.4 momentum_norm:5599.01 update_norm:14.1352 update_l0_norm:27.5376 relative_update:0.36336 relative_update_l0:0.707881 update_l0_cos:0.837763 update_grad_cos:0.37528 update_momentum_cos:0.705461 l_trace:8.25408e+07 l_fro:1.90939e+07 l_trace_fraction:0.675565 l_top_eval:1.54431e+07 l_top_eval_fraction:0.187097
diag step:1250 name:blocks.11.attn.proj.weight lr:0.0059761905 weight_norm:48.5306 grad_norm:3162.72 grad_diff_norm:4569.4 momentum_norm:6851.39 update_norm:14.5466 update_l0_norm:27.5023 relative_update:0.299742 relative_update_l0:0.5667 update_l0_cos:0.846671 update_grad_cos:0.293278 update_momentum_cos:0.687849 l_trace:2.219e+08 l_fro:1.25739e+08 l_trace_fraction:0.770727 l_top_eval:1.25357e+08 l_top_eval_fraction:0.564928
diag step:1250 name:blocks.6.mlp.proj.weight lr:0.0059761905 weight_norm:40.6788 grad_norm:7325.91 grad_diff_norm:10001.3 momentum_norm:18384.3 update_norm:15.2939 update_l0_norm:27.7128 relative_update:0.375966 relative_update_l0:0.681259 update_l0_cos:0.954653 update_grad_cos:0.456001 update_momentum_cos:0.876249 l_trace:1.14254e+09 l_fro:1.26332e+08 l_trace_fraction:0.720562 l_top_eval:7.72758e+07 l_top_eval_fraction:0.0676349
step:1250/1500 val_loss:3.49738 train_time:772.826s step_avg:759.06ms
diag step:1375 name:blocks.0.attn.q.weight lr:0.003 weight_norm:38.5921 grad_norm:1928.9 grad_diff_norm:2854.48 momentum_norm:6161.73 update_norm:14.1579 update_l0_norm:27.542 relative_update:0.36686 relative_update_l0:0.713668 update_l0_cos:0.836472 update_grad_cos:0.373048 update_momentum_cos:0.689455 l_trace:9.00872e+07 l_fro:1.96057e+07 l_trace_fraction:0.670039 l_top_eval:1.61843e+07 l_top_eval_fraction:0.179652
diag step:1375 name:blocks.11.attn.proj.weight lr:0.003 weight_norm:48.4062 grad_norm:2793.2 grad_diff_norm:4087.18 momentum_norm:8266.62 update_norm:14.6607 update_l0_norm:27.4884 relative_update:0.302867 relative_update_l0:0.56787 update_l0_cos:0.850149 update_grad_cos:0.327182 update_momentum_cos:0.625034 l_trace:2.11129e+08 l_fro:9.58531e+07 l_trace_fraction:0.72372 l_top_eval:9.42064e+07 l_top_eval_fraction:0.446202
diag step:1375 name:blocks.6.mlp.proj.weight lr:0.003 weight_norm:40.3896 grad_norm:7105.16 grad_diff_norm:10365.5 momentum_norm:20711.9 update_norm:15.5395 update_l0_norm:27.7128 relative_update:0.384739 relative_update_l0:0.686137 update_l0_cos:0.956636 update_grad_cos:0.465427 update_momentum_cos:0.858217 l_trace:1.16165e+09 l_fro:1.14072e+08 l_trace_fraction:0.692526 l_top_eval:5.81642e+07 l_top_eval_fraction:0.0500704
step:1375/1500 val_loss:3.46600 train_time:867.079s step_avg:754.02ms
diag step:1500 name:blocks.0.attn.q.weight lr:2.3809524e-05 weight_norm:38.448 grad_norm:1891.77 grad_diff_norm:2706.61 momentum_norm:6570.18 update_norm:14.3974 update_l0_norm:27.5377 relative_update:0.374465 relative_update_l0:0.716233 update_l0_cos:0.839893 update_grad_cos:0.389983 update_momentum_cos:0.673123 l_trace:7.63465e+07 l_fro:1.48665e+07 l_trace_fraction:0.60569 l_top_eval:1.09623e+07 l_top_eval_fraction:0.143586
diag step:1500 name:blocks.11.attn.proj.weight lr:2.3809524e-05 weight_norm:48.3394 grad_norm:2686.71 grad_diff_norm:3953.88 momentum_norm:9269.02 update_norm:14.9562 update_l0_norm:27.4795 relative_update:0.309399 relative_update_l0:0.56847 update_l0_cos:0.854811 update_grad_cos:0.34437 update_momentum_cos:0.615381 l_trace:1.45839e+08 l_fro:4.79468e+07 l_trace_fraction:0.590255 l_top_eval:4.68909e+07 l_top_eval_fraction:0.321525
diag step:1500 name:blocks.6.mlp.proj.weight lr:2.3809524e-05 weight_norm:40.2495 grad_norm:7008.52 grad_diff_norm:9921.2 momentum_norm:23503.2 update_norm:16.1636 update_l0_norm:27.7128 relative_update:0.401584 relative_update_l0:0.688526 update_l0_cos:0.959908 update_grad_cos:0.477863 update_momentum_cos:0.849384 l_trace:9.47626e+08 l_fro:5.85774e+07 l_trace_fraction:0.589884 l_top_eval:2.41503e+07 l_top_eval_fraction:0.0254851
step:1500/1500 val_loss:3.44626 train_time:941.212s step_avg:593.06ms
