"""
train_gpt_simple_leon.py

This file descends from the [NanoGPT speedrun](https://github.com/KellerJordan/modded-nanogpt).
It was prepared as a simplified version of the speedrun for use in neural net optimization research.
This variant replaces Muon with Leon (initial test using the same Newton-Schulz coefficients).
"""

import math
import os
import sys
with open(sys.argv[0]) as f:
    code = f.read() # read the code of this file ASAP, for logging
import argparse
import ast
import json
import subprocess
import uuid
import time
from datetime import datetime
from pathlib import Path


BASE_HPARAMS = dict(
    # Training
    train_steps         = 3375,
    # AdamW — embedding
    embed_lr            = 0.3,
    # AdamW — lm_head projection
    proj_lr             = 1/320,
    # AdamW — scalars (biases, gains)
    scalar_lr           = 0.01,
    # AdamW shared
    adam_betas          = (0.8, 0.95),
    adam_eps            = 1e-10,
    adam_wd             = 0.0,
    adam_cooldown_frac  = 0.7,
    # Leon — 2D block params
    leon_lr             = 0.025,
    leon_wd             = 0.025,
    leon_mu             = 0.95,
    leon_beta2          = 0.7,
    leon_cooldown_frac  = 0.7,
    leon_ns_iters       = 6,
    leon_eps            = 1e-9,
    leon_l_scale        = 1.0,
    leon_orthogonalize_dtype = "bfloat16",
    leon_l_scale_schedule = "constant",
    leon_l_scale_ramp_start_frac = 0.2,
    leon_l_scale_ramp_end_frac = 0.6,
    # "off": L = l_scale * T_t (raw unnormalized Gram sum).
    # "match_g": rescale L so tr(L) = l_scale * ||G||_F^2 (l_scale=1.0 -> tr(L) fraction 0.5).
    leon_l_normalize_mode = "off",
    # When True, rescale the final NS output to Frobenius norm sqrt(min(D1, D2)),
    # i.e. match the natural ||update||_F of the L=0 (Muon-NS) update.
    leon_match_l0_norm  = False,
    # When True, second moment accumulates (grad_t - grad_{t-1})(grad_t - grad_{t-1})^T
    # instead of grad_t * grad_t^T.
    leon_use_grad_diff  = False,
    # When False, skip the Nesterov first-moment buffer entirely; orthogonalize raw grad.
    leon_use_nesterov   = True,
    # "auto": use min(D1,D2)-side Gram (cheap, standard Muon path).
    # "input": always use D2×D2 Gram (grad.mT @ grad) with right-multiply NS.
    # "output": always use D1×D1 Gram (grad @ grad.mT) with left-multiply NS.
    # For tall MLP fc (3072×768): auto≡input (768×768 right); output uses 3072×3072 left.
    # For wide MLP proj (768×3072): auto≡output (768×768 left); input uses 3072×3072 right.
    leon_precondition_side = "auto",
    leon_log_diagnostics = False,
    leon_diag_interval  = 125,
    leon_diag_patterns  = (
        "blocks.0.mlp.fc.weight",
        "blocks.6.mlp.fc.weight",
        "blocks.11.mlp.fc.weight",
        "blocks.0.mlp.proj.weight",
        "blocks.0.attn.q.weight",
    ),
    # Optional wandb logging (off by default). Enable with --set wandb_project=<name>.
    # File artifacts (train.log, config.json, tuning_log.csv) remain authoritative.
    wandb_project = None,
    wandb_mode    = "online",  # "online" | "offline" | "disabled"
    # Optional. If unset, the wandb run name falls back to run_dir.name (the timestamp+uuid).
    # Set this to your tuning_log.csv run_id so the dashboard matches the ledger.
    wandb_run_name = None,
)


def parse_value(s: str):
    try:
        return ast.literal_eval(s)
    except (ValueError, SyntaxError):
        return s


def parse_args():
    parser = argparse.ArgumentParser()
    parser.add_argument("legacy_trials", nargs="?", type=int,
                        help="Legacy positional trial count. Prefer --trials.")
    parser.add_argument("--trials", type=int, default=None)
    parser.add_argument("--set", action="append", default=[],
                        metavar="KEY=VALUE", help="Override or add an hparams entry.")
    parser.add_argument("--dry-run", action="store_true",
                        help="Resolve config and write metadata without CUDA/NCCL/training.")
    parser.add_argument("--out-dir", type=Path, default=None,
                        help="Run output directory. Defaults to runs/leon/<timestamp>-<uuid>.")
    return parser.parse_args()


def resolve_hparams(overrides):
    hparams = dict(BASE_HPARAMS)
    for item in overrides:
        if "=" not in item:
            raise ValueError(f"--set expects KEY=VALUE, got {item!r}")
        key, raw_value = item.split("=", 1)
        value = parse_value(raw_value)
        if key == "cooldown_frac":
            hparams["adam_cooldown_frac"] = value
            hparams["leon_cooldown_frac"] = value
        hparams[key] = value
    return hparams


def config_diff(hparams):
    return {k: v for k, v in hparams.items() if BASE_HPARAMS.get(k) != v}


def validate_hparams(hparams):
    l_scale = float(hparams["leon_l_scale"])
    if l_scale < 0:
        raise ValueError(f"leon_l_scale must be non-negative, got {l_scale!r}")

    orthogonalize_dtype = hparams["leon_orthogonalize_dtype"]
    if orthogonalize_dtype not in ("bfloat16", "float32", "float64"):
        raise ValueError(
            "leon_orthogonalize_dtype must be 'bfloat16', 'float32', or 'float64', "
            f"got {orthogonalize_dtype!r}"
        )

    schedule = hparams["leon_l_scale_schedule"]
    if schedule not in ("constant", "linear_ramp"):
        raise ValueError(
            "leon_l_scale_schedule must be 'constant' or 'linear_ramp', "
            f"got {schedule!r}"
        )

    if schedule == "linear_ramp":
        start = float(hparams["leon_l_scale_ramp_start_frac"])
        end = float(hparams["leon_l_scale_ramp_end_frac"])
        if not (0 <= start < end <= 1):
            raise ValueError(
                "linear_ramp requires 0 <= leon_l_scale_ramp_start_frac "
                "< leon_l_scale_ramp_end_frac <= 1, "
                f"got start={start!r}, end={end!r}"
            )

    normalize_mode = hparams["leon_l_normalize_mode"]
    if normalize_mode not in ("off", "match_g"):
        raise ValueError(
            "leon_l_normalize_mode must be 'off' or 'match_g', "
            f"got {normalize_mode!r}"
        )

    if not isinstance(hparams["leon_use_grad_diff"], bool):
        raise TypeError(
            f"leon_use_grad_diff must be bool, got {type(hparams['leon_use_grad_diff'])!r}"
        )

    if not isinstance(hparams["leon_use_nesterov"], bool):
        raise TypeError(
            f"leon_use_nesterov must be bool, got {type(hparams['leon_use_nesterov'])!r}"
        )


def scheduled_l_scale(hparams, progress):
    target = float(hparams["leon_l_scale"])
    schedule = hparams["leon_l_scale_schedule"]

    if schedule == "constant":
        return target

    start = float(hparams["leon_l_scale_ramp_start_frac"])
    end = float(hparams["leon_l_scale_ramp_end_frac"])
    if progress < start:
        return 0.0
    if progress >= end:
        return target
    ramp_progress = (progress - start) / (end - start)
    return target * ramp_progress


def default_run_dir():
    stamp = datetime.now().strftime("%Y%m%d-%H%M%S")
    return Path("records/track_3_optimization/runs/leon") / f"{stamp}-{uuid.uuid4().hex[:8]}"


def create_run_dir(out_dir=None):
    run_dir = Path(out_dir) if out_dir is not None else default_run_dir()
    run_dir.mkdir(parents=True, exist_ok=False)
    return run_dir


def git_commit():
    try:
        return subprocess.check_output(["git", "rev-parse", "HEAD"], text=True).strip()
    except Exception:
        return None


def shard_counts():
    cwd = Path.cwd()
    return dict(
        train_shards=len(list(cwd.glob("data/fineweb10B/fineweb_train_*.bin"))),
        val_shards=len(list(cwd.glob("data/fineweb10B/fineweb_val_*.bin"))),
    )


def torch_versions():
    torch_module = globals().get("torch")
    if torch_module is None:
        return None, None
    return torch_module.version.__version__, torch_module.version.cuda


def write_run_files(run_dir, args, hparams, mode, extra=None):
    torch_version, cuda_version = torch_versions()
    diff = config_diff(hparams)
    metadata = dict(
        mode=mode,
        argv=sys.argv,
        cwd=str(Path.cwd()),
        script=sys.argv[0],
        trials=args.trials if args.trials is not None else (args.legacy_trials or 1),
        dry_run=args.dry_run,
        out_dir=str(run_dir),
        git_commit=git_commit(),
        torch_version=torch_version,
        cuda_version=cuda_version,
        shard_counts=shard_counts(),
    )
    if extra:
        metadata.update(extra)
    (run_dir / "config.json").write_text(json.dumps(hparams, indent=2, sort_keys=True) + "\n")
    (run_dir / "config_diff.json").write_text(json.dumps(diff, indent=2, sort_keys=True) + "\n")
    (run_dir / "metadata.json").write_text(json.dumps(metadata, indent=2, sort_keys=True) + "\n")


if "--dry-run" in sys.argv:
    args = parse_args()
    hparams = resolve_hparams(args.set)
    validate_hparams(hparams)
    run_dir = create_run_dir(args.out_dir)
    write_run_files(run_dir, args, hparams, "dry-run")
    print(f"dry_run:true out_dir:{run_dir}")
    print(json.dumps(dict(hparams=hparams, config_diff=config_diff(hparams)), indent=2, sort_keys=True))
    sys.exit(0)

import torch
from torch import Tensor, nn
from torch.optim import AdamW
import torch.nn.functional as F
import torch.distributed as dist


########################################
#              Dataloader              #
########################################

def _load_data_shard(file: Path):
    header = torch.from_file(str(file), False, 256, dtype=torch.int32) # header is 256 int32
    assert header[0] == 20240520, "magic number mismatch in the data .bin file"
    assert header[1] == 1, "unsupported version"
    num_tokens = int(header[2]) # number of tokens (claimed)
    with file.open("rb", buffering=0) as f:
        tokens = torch.empty(num_tokens, dtype=torch.uint16, pin_memory=True)
        f.seek(256 * 4)
        nbytes = f.readinto(tokens.numpy()) # avoid bytes->array copy
        assert nbytes == 2 * num_tokens, "number of tokens read does not match header"
    return tokens

def distributed_data_generator(filename_pattern: str, batch_size: int, seq_len=1024):
    files = sorted(Path.cwd().glob(filename_pattern))
    assert batch_size % dist.get_world_size() == 0
    local_batch_size = batch_size // dist.get_world_size()
    file_iter = iter(files)
    tokens, pos = _load_data_shard(next(file_iter)), 0
    while True:
        if pos + batch_size + 1 >= len(tokens):
            tokens, pos = _load_data_shard(next(file_iter)), 0
        buf = tokens[pos + dist.get_rank() * local_batch_size:][:local_batch_size + 1]
        inputs = buf[:-1].to(device="cuda", dtype=torch.int32, non_blocking=True)
        targets = buf[1:].to(device="cuda", dtype=torch.int64, non_blocking=True)
        pos += batch_size
        yield inputs.view(-1, seq_len), targets.view(-1, seq_len)


########################################
#             Architecture             #
########################################

class RMSNorm(nn.Module):
    def __init__(self, dim):
        super().__init__()
        self.gains = nn.Parameter(torch.ones(dim))

    def forward(self, x):
        return F.rms_norm(x, (x.size(-1),), weight=self.gains.type_as(x))

class Linear(nn.Linear):
    def __init__(self, in_features, out_features):
        super().__init__(in_features, out_features, bias=True)

    def forward(self, x):
        return F.linear(x, self.weight.type_as(x), self.bias.type_as(x))

class Rotary(nn.Module):
    def __init__(self, dim: int):
        super().__init__()
        # half-truncate RoPE (w/ base freq tuning)
        angular_freq = (1 / 1024) ** torch.linspace(0, 1, steps=dim//4, dtype=torch.float32)
        self.register_buffer("angular_freq", torch.cat([angular_freq, angular_freq.new_zeros(dim//4)]))

    def forward(self, x_BTHD: Tensor):
        pos = torch.arange(x_BTHD.size(1), dtype=torch.float32, device=x_BTHD.device)
        theta = torch.outer(pos, self.angular_freq)[None, :, None, :]
        cos, sin = theta.cos(), theta.sin()
        x1, x2 = x_BTHD.to(dtype=torch.float32).chunk(2, dim=-1)
        y1 = x1 * cos + x2 * sin
        y2 = x1 * (-sin) + x2 * cos
        return torch.cat((y1, y2), 3).type_as(x_BTHD)

class CausalSelfAttention(nn.Module):
    def __init__(self, dim: int, head_dim=128):
        super().__init__()
        self.num_heads = dim // head_dim
        self.head_dim = head_dim
        hdim = self.num_heads * self.head_dim
        self.q = Linear(dim, hdim)
        self.k = Linear(dim, hdim)
        self.v = Linear(dim, hdim)
        self.proj = Linear(hdim, dim)
        self.rotary = Rotary(head_dim)

    def forward(self, x: Tensor):
        B, T = x.size(0), x.size(1)
        q = self.q(x).view(B, T, self.num_heads, self.head_dim)
        k = self.k(x).view(B, T, self.num_heads, self.head_dim)
        v = self.v(x).view(B, T, self.num_heads, self.head_dim)
        q, k = F.rms_norm(q, (q.size(-1),)), F.rms_norm(k, (k.size(-1),))
        q, k = self.rotary(q), self.rotary(k)
        y = F.scaled_dot_product_attention(q.transpose(1, 2), k.transpose(1, 2),
                                           v.transpose(1, 2), scale=0.12, is_causal=True).transpose(1, 2)
        y = y.contiguous().view(B, T, self.num_heads * self.head_dim)
        y = self.proj(y)
        return y

class MLP(nn.Module):
    def __init__(self, dim: int):
        super().__init__()
        hdim = 4 * dim
        self.fc = Linear(dim, hdim)
        self.proj = Linear(hdim, dim)

    def forward(self, x: Tensor):
        x = self.fc(x)
        x = x.relu().square()
        x = self.proj(x)
        return x

class Block(nn.Module):
    def __init__(self, dim: int):
        super().__init__()
        self.attn = CausalSelfAttention(dim)
        self.mlp = MLP(dim)
        self.norm1 = RMSNorm(dim)
        self.norm2 = RMSNorm(dim)

    def forward(self, x: Tensor):
        x = x + self.attn(self.norm1(x))
        x = x + self.mlp(self.norm2(x))
        return x

class GPT(nn.Module):
    def __init__(self, vocab_size: int, num_layers: int, model_dim: int):
        super().__init__()
        self.embed = nn.Embedding(vocab_size, model_dim).bfloat16()
        self.blocks = nn.ModuleList([Block(model_dim) for _ in range(num_layers)])
        self.proj = Linear(model_dim, vocab_size)
        self.norm1 = RMSNorm(model_dim)
        self.norm2 = RMSNorm(model_dim)

    def forward(self, inputs: Tensor, targets: Tensor):
        x = self.norm1(self.embed(inputs))
        for block in self.blocks:
            x = block(x)
        logits = self.proj(self.norm2(x)).float()
        logits = 15 * logits * (logits.square() + 15**2).rsqrt()
        return F.cross_entropy(logits.view(targets.numel(), -1), targets.view(-1), reduction="sum")


########################################
#              Optimizer               #
########################################

def leon_compute_dtype(dtype_name: str):
    if dtype_name == "bfloat16":
        return torch.bfloat16
    if dtype_name == "float32":
        return torch.float32
    if dtype_name == "float64":
        return torch.float64
    raise ValueError(f"Unsupported Leon orthogonalization dtype: {dtype_name!r}")


def leon_accum_dtype(dtype_name: str):
    return torch.float64 if dtype_name == "float64" else torch.float32


def leon_orthogonalize(grad: Tensor, momentum_buffer: Tensor, second_momentum_buffer: Tensor,
                       momentum: float = 0.95, beta2: float = 0.7,
                       ns_iters: int = 6, ns_coeffs: tuple = (2, -1.5, 0.5),
                       eps: float = 1e-7, l_scale: float = 1.0,
                       compute_dtype: str = "bfloat16",
                       l_normalize_mode: str = "off",
                       match_l0_norm: bool = False,
                       use_grad_diff: bool = False,
                       prev_grad_buffer: Tensor = None,
                       use_nesterov: bool = True,
                       precondition_side: str = "auto") -> Tensor:
    """
    Leon update: Nesterov momentum + Newton-Schulz orthogonalization with
    augmented Gram matrix (second momentum buffer).

    precondition_side controls which matrix-dimension the Gram is computed on:
      "auto"   — min(D1,D2) side (cheap; standard Muon path)
      "input"  — always D2×D2 Gram (grad.mT @ grad); right-multiply NS
      "output" — always D1×D1 Gram (grad @ grad.mT); left-multiply NS
    """
    is_tall = grad.size(-2) >= grad.size(-1)
    x_dtype = leon_compute_dtype(compute_dtype)
    accum_dtype = leon_accum_dtype(compute_dtype)

    # 0. Compute Gram matrix of raw gradient BEFORE mutating it with momentum
    if use_grad_diff and prev_grad_buffer is not None:
        gram_src = grad - prev_grad_buffer
        prev_grad_buffer.copy_(grad)  # store raw grad before momentum mutation
    else:
        gram_src = grad

    # Determine Gram side and NS multiply direction
    if precondition_side == "input":
        gram_tmp = gram_src.mT @ gram_src   # always D2×D2
        apply_left = False
    elif precondition_side == "output":
        gram_tmp = gram_src @ gram_src.mT   # always D1×D1
        apply_left = True
    else:  # "auto" — use min-dimension side
        if is_tall:
            gram_tmp = gram_src.mT @ gram_src
            apply_left = False
        else:
            gram_tmp = gram_src @ gram_src.mT
            apply_left = True

    # Both buffers are stored as unnormalized exponential sums:
    #   S_t = momentum * S_{t-1} + grad_t          (first moment)
    #   T_t = beta2    * T_{t-1} + grad_t grad_t^T (second moment)
    # so we avoid the lerp_ / divide-by-(1-decay) round-trip used in EMA storage.

    # 1. First-moment sum + Nesterov: g = grad + momentum * S_t
    if use_nesterov and momentum_buffer is not None:
        momentum_buffer.mul_(momentum).add_(grad)
        g = grad.add_(momentum_buffer, alpha=momentum)
    else:
        g = grad  # no momentum: orthogonalize the raw gradient directly

    # 2. Second-moment sum: T_t in place
    second_momentum_buffer.mul_(beta2).add_(gram_tmp)

    X = g.to(dtype=x_dtype)
    L_unscaled = second_momentum_buffer.to(dtype=accum_dtype)
    if l_normalize_mode == "match_g":
        x_sq = X.to(dtype=accum_dtype).pow(2).sum()
        raw_l_tr = L_unscaled.diagonal(dim1=-2, dim2=-1).sum().clamp_min(1e-12)
        # Rescale so tr(L) = l_scale * ||X||_F^2 regardless of the raw sum magnitude.
        L = L_unscaled * (l_scale * x_sq / raw_l_tr)
    else:
        L = L_unscaled * l_scale
    A = 0.5 * (L + L.transpose(-2, -1))  # ensure symmetry

    # 3. Scale so that tr(GG^T + L) ≈ 1
    tr = X.to(dtype=accum_dtype).pow(2).sum(dim=(-2, -1), keepdim=True) \
       + A.diagonal(dim1=-2, dim2=-1).sum(dim=-1, keepdim=True).unsqueeze(-1)
    tr = tr.clamp_min(1e-12) * ((1 + 2e-2)**2)  # safety cushion

    inv_sqrt_tr = tr.rsqrt()
    inv_tr = inv_sqrt_tr.square()

    X = X * inv_sqrt_tr.to(X.dtype)
    A = (A * inv_tr).contiguous()

    # 4. Initial augmented Gram: A0 = gram(X) + L_scaled
    if apply_left:
        A = A + (X @ X.mT)
    else:
        A = A + (X.mT @ X)
    A.diagonal(dim1=-2, dim2=-1).add_(eps)  # eps for stability

    # 5. Newton-Schulz iterations with A iteration
    a, b, c = ns_coeffs
    last_iter = ns_iters - 1
    for i in range(ns_iters):
        A = 0.5 * (A + A.transpose(-2, -1))  # keep symmetric
        B = b * A + c * (A @ A)

        if apply_left:
            X = a * X + B.to(X.dtype) @ X
        else:
            X = a * X + X @ B.to(X.dtype)

        # Update A alongside X (skip on last iteration)
        if i < last_iter:
            # A <- (aI + B) A (aI + B)
            # computed as: D = a*A + B@A, then A = a*D + D@B
            D = a * A + B @ A
            A = a * D + D @ B

    if match_l0_norm:
        # Rescale X to ||X||_F = sqrt(min(D1, D2)), the natural Frobenius norm
        # of an orthogonalized (L=0) Muon-NS update.
        target = float(min(X.size(-2), X.size(-1))) ** 0.5
        cur = X.to(dtype=accum_dtype).norm().clamp_min(1e-12)
        X = X * (target / cur).to(X.dtype)

    return X


class Leon(torch.optim.Optimizer):
    """
    Leon optimizer: Nesterov momentum + Newton-Schulz orthogonalization with
    an augmented Gram matrix (second momentum buffer).

    Unlike Muon which recomputes A = X@X^T each NS iteration, Leon maintains
    a second momentum buffer L (scaled from an EMA of gradient Gram matrices) and augments
    the iteration matrix: A = X@X^T + L. A is also iterated alongside X.
    """
    def __init__(self, params, lr=0.025, weight_decay=0.025, mu=0.95, beta2=0.7,
                 ns_iters=6, eps=1e-7, l_scale=1.0, orthogonalize_dtype="bfloat16",
                 l_normalize_mode="off", match_l0_norm=False, use_grad_diff=False,
                 use_nesterov=True, precondition_side="auto"):
        assert isinstance(params, list) and len(params) >= 1 and isinstance(params[0], torch.nn.Parameter)
        params = sorted(params, key=lambda x: x.size(), reverse=True)
        defaults = dict(lr=lr, weight_decay=weight_decay, mu=mu, beta2=beta2,
                        ns_iters=ns_iters, eps=eps, l_scale=l_scale,
                        orthogonalize_dtype=orthogonalize_dtype,
                        l_normalize_mode=l_normalize_mode,
                        match_l0_norm=match_l0_norm,
                        use_grad_diff=use_grad_diff,
                        use_nesterov=use_nesterov,
                        precondition_side=precondition_side)
        super().__init__(params, defaults)
        self.param_names = {}

    def diagnostic_stats(self, selected_patterns):
        if isinstance(selected_patterns, str):
            selected_patterns = (selected_patterns,)
        selected_patterns = tuple(selected_patterns)

        rows = []
        rank = dist.get_rank()
        world_size = dist.get_world_size()
        with torch.no_grad():
            for group in self.param_groups:
                params = group["params"]
                for base_i in range(0, len(params), world_size):
                    if base_i + rank >= len(params):
                        continue
                    p = params[base_i + rank]
                    name = self.param_names.get(p, f"param_{base_i + rank}")
                    if selected_patterns and not any(pattern in name for pattern in selected_patterns):
                        continue
                    if p.grad is None:
                        continue

                    state = self.state[p]
                    use_nesterov = group.get("use_nesterov", True)
                    ps = group.get("precondition_side", "auto")
                    if len(state) == 0:
                        momentum_buffer = torch.zeros_like(p, dtype=torch.float32) if use_nesterov else None
                        D1d, D2d = p.shape[-2], p.shape[-1]
                        gram_D = D2d if ps == "input" else (D1d if ps == "output" else min(D1d, D2d))
                        second_momentum_buffer = torch.zeros(
                            gram_D, gram_D, dtype=torch.float32, device=p.device
                        )
                    else:
                        momentum_buffer = state.get("momentum_buffer")  # None when use_nesterov=False
                        second_momentum_buffer = state["second_momentum_buffer"]

                    prev_grad_buffer = state.get("prev_grad_buffer")
                    prev_grad_clone = prev_grad_buffer.clone() if prev_grad_buffer is not None else None

                    grad = p.grad.float()
                    momentum_clone = momentum_buffer.clone() if momentum_buffer is not None else None
                    l_clone = second_momentum_buffer.clone()
                    grad_for_update = grad.clone()

                    # Compute grad_diff_norm before leon_orthogonalize mutates prev_grad_clone
                    if prev_grad_clone is not None:
                        grad_diff_norm = (grad_for_update - prev_grad_clone).float().norm()
                    else:
                        grad_diff_norm = math.nan

                    update = leon_orthogonalize(
                        grad_for_update, momentum_clone, l_clone,
                        momentum=group["mu"], beta2=group["beta2"],
                        ns_iters=group["ns_iters"], eps=group["eps"],
                        l_scale=group["l_scale"],
                        compute_dtype=group["orthogonalize_dtype"],
                        l_normalize_mode=group["l_normalize_mode"],
                        match_l0_norm=group["match_l0_norm"],
                        use_grad_diff=group.get("use_grad_diff", False),
                        prev_grad_buffer=prev_grad_clone,
                        use_nesterov=use_nesterov,
                        precondition_side=ps,
                    )
                    update *= max(1, p.size(-2) / p.size(-1))**0.5

                    momentum_l0 = momentum_buffer.clone() if momentum_buffer is not None else None
                    l_l0 = second_momentum_buffer.clone()
                    update_l0 = leon_orthogonalize(
                        grad.clone(), momentum_l0, l_l0,
                        momentum=group["mu"], beta2=group["beta2"],
                        ns_iters=group["ns_iters"], eps=group["eps"],
                        l_scale=0.0,
                        compute_dtype=group["orthogonalize_dtype"],
                        use_nesterov=use_nesterov,
                        precondition_side=ps,
                    )
                    update_l0 *= max(1, p.size(-2) / p.size(-1))**0.5

                    update_float = update.float()
                    update_l0_float = update_l0.float()
                    update_norm = update_float.norm()
                    update_l0_norm = update_l0_float.norm()

                    # Per-row (per-neuron) stats: rows for tall, cols for wide
                    _is_tall = p.size(-2) >= p.size(-1)
                    if _is_tall:
                        upd_row_norms    = update_float.norm(dim=-1)
                        upd_l0_row_norms = update_l0_float.norm(dim=-1)
                        w_row_norms      = p.float().norm(dim=-1)
                    else:
                        upd_row_norms    = update_float.norm(dim=-2)
                        upd_l0_row_norms = update_l0_float.norm(dim=-2)
                        w_row_norms      = p.float().norm(dim=-2)
                    def _cv(x):
                        return (x.std() / x.mean().clamp_min(1e-12)).item()
                    def _dead(x):
                        return (x < 0.1 * x.mean()).float().mean().item()
                    update_row_cv    = _cv(upd_row_norms)
                    update_l0_row_cv = _cv(upd_l0_row_norms)
                    w_dead_frac      = _dead(w_row_norms)
                    cosine_denom = (update_norm * update_l0_norm).clamp_min(1e-12)
                    update_l0_cos = (update_float.flatten() @ update_l0_float.flatten()) / cosine_denom
                    grad_norm = grad.norm()
                    # momentum_clone holds the unnormalized sum S_t (post-step) when use_nesterov=True.
                    if momentum_clone is not None:
                        momentum_norm = momentum_clone.norm()
                        update_momentum_cos = (update_float.flatten() @ momentum_clone.float().flatten()) / (
                            update_norm * momentum_norm
                        ).clamp_min(1e-12)
                    else:
                        momentum_norm = math.nan
                        update_momentum_cos = math.nan
                    l_for_stats = l_clone
                    update_grad_cos = (update_float.flatten() @ grad.flatten()) / (
                        update_norm * grad_norm
                    ).clamp_min(1e-12)

                    l_sym = 0.5 * (l_for_stats + l_for_stats.transpose(-2, -1))
                    l_trace = l_sym.diagonal(dim1=-2, dim2=-1).sum().clamp_min(0)
                    l_fro = l_sym.norm()
                    diagnostic_accum_dtype = leon_accum_dtype(group["orthogonalize_dtype"])
                    g_sq = grad_for_update.to(dtype=diagnostic_accum_dtype).pow(2).sum()
                    # Reflect the actual effective tr(L) used inside leon_orthogonalize:
                    # match_g rescales tr(L) to l_scale * ||g||^2, off uses l_scale * tr(L_unscaled).
                    if group["l_normalize_mode"] == "match_g":
                        effective_l_trace = group["l_scale"] * g_sq
                    else:
                        effective_l_trace = group["l_scale"] * l_trace
                    l_trace_fraction = effective_l_trace / (g_sq + effective_l_trace).clamp_min(1e-12)
                    if l_trace > 0:
                        l_top_eval = torch.linalg.eigvalsh(l_sym).amax().clamp_min(0)
                        l_top_eval_fraction = l_top_eval / l_trace.clamp_min(1e-12)
                    else:
                        l_top_eval = l_trace
                        l_top_eval_fraction = l_trace

                    weight_norm = p.float().norm()
                    # LR-free shape metric: ||update||_F / ||W||_F. Multiply by lr (also
                    # logged) to recover the per-step relative move.
                    relative_update = update_norm / weight_norm.clamp_min(1e-12)
                    relative_update_l0 = update_l0_norm / weight_norm.clamp_min(1e-12)

                    rows.append(dict(
                        name=name,
                        lr=float(group["lr"]),
                        weight_norm=float(weight_norm.item()),
                        grad_norm=float(grad_norm.item()),
                        grad_diff_norm=float(grad_diff_norm) if isinstance(grad_diff_norm, float) else float(grad_diff_norm.item()),
                        momentum_norm=float(momentum_norm) if isinstance(momentum_norm, float) else float(momentum_norm.item()),
                        update_norm=float(update_norm.item()),
                        update_l0_norm=float(update_l0_norm.item()),
                        relative_update=float(relative_update.item()),
                        relative_update_l0=float(relative_update_l0.item()),
                        update_l0_cos=float(update_l0_cos.item()),
                        update_grad_cos=float(update_grad_cos.item()),
                        update_momentum_cos=float(update_momentum_cos) if isinstance(update_momentum_cos, float) else float(update_momentum_cos.item()),
                        l_trace=float(l_trace.item()),
                        l_fro=float(l_fro.item()),
                        l_trace_fraction=float(l_trace_fraction.item()),
                        l_top_eval=float(l_top_eval.item()),
                        l_top_eval_fraction=float(l_top_eval_fraction.item()),
                        update_row_cv=update_row_cv,
                        update_l0_row_cv=update_l0_row_cv,
                        w_dead_frac=w_dead_frac,
                    ))
        return rows

    @torch.no_grad()
    def step(self):
        world_size = dist.get_world_size()
        rank = dist.get_rank()
        for group in self.param_groups:
            params = group["params"]
            params_pad = params + [torch.empty_like(params[-1])] * (world_size - len(params) % world_size)
            for base_i in range(0, len(params), world_size):
                if base_i + rank < len(params):
                    p = params[base_i + rank]
                    state = self.state[p]
                    if len(state) == 0:
                        if group["use_nesterov"]:
                            state["momentum_buffer"] = torch.zeros_like(p, dtype=torch.float32)
                        D1, D2 = p.shape[-2], p.shape[-1]
                        ps = group.get("precondition_side", "auto")
                        gram_D = D2 if ps == "input" else (D1 if ps == "output" else min(D1, D2))
                        state["second_momentum_buffer"] = torch.zeros(
                            gram_D, gram_D, dtype=torch.float32, device=p.device
                        )
                        if group["use_grad_diff"]:
                            state["prev_grad_buffer"] = torch.zeros_like(p, dtype=torch.float32)
                    grad = p.grad.float()
                    update = leon_orthogonalize(
                        grad, state.get("momentum_buffer"), state["second_momentum_buffer"],
                        momentum=group["mu"], beta2=group["beta2"],
                        ns_iters=group["ns_iters"], eps=group["eps"],
                        l_scale=group["l_scale"],
                        compute_dtype=group["orthogonalize_dtype"],
                        l_normalize_mode=group["l_normalize_mode"],
                        match_l0_norm=group["match_l0_norm"],
                        use_grad_diff=group["use_grad_diff"],
                        prev_grad_buffer=state.get("prev_grad_buffer"),
                        use_nesterov=group["use_nesterov"],
                        precondition_side=group.get("precondition_side", "auto"),
                    )
                    update *= max(1, p.size(-2) / p.size(-1))**0.5
                    p.mul_(1 - group["lr"] * group["weight_decay"])
                    p.add_(update, alpha=-group["lr"])
                dist.all_gather(params_pad[base_i:base_i + world_size], params_pad[base_i + rank])


########################################
#                Setup                 #
########################################

def main():
    args = parse_args()
    num_trials = args.trials if args.trials is not None else (args.legacy_trials or 1)
    hparams = resolve_hparams(args.set)
    validate_hparams(hparams)

    if args.dry_run:
        run_dir = create_run_dir(args.out_dir)
        write_run_files(run_dir, args, hparams, "dry-run")
        print(f"dry_run:true out_dir:{run_dir}")
        print(json.dumps(dict(hparams=hparams, config_diff=config_diff(hparams)), indent=2, sort_keys=True))
        return

    global device
    # torchrun sets these env variables
    device = torch.device("cuda", int(os.environ["LOCAL_RANK"]))
    torch.cuda.set_device(device)
    dist.init_process_group(backend="nccl", device_id=device)
    dist.barrier()
    # this code can be run equivalently with 1, 2, 4, or 8 gpus.
    assert 8 % dist.get_world_size() == 0

    try:
        if dist.get_rank() == 0:
            run_dir = create_run_dir(args.out_dir)
        else:
            run_dir = None
        run_dir_obj = [str(run_dir) if run_dir is not None else None]
        dist.broadcast_object_list(run_dir_obj, src=0)
        run_dir = Path(run_dir_obj[0])
        logfile = run_dir / "train.log"

        # logging setup
        if dist.get_rank() == 0:
            print(logfile)
            write_run_files(run_dir, args, hparams, "train", dict(
                device_name=torch.cuda.get_device_name(device),
                world_size=dist.get_world_size(),
            ))

        wandb_run = None
        if hparams["wandb_project"] is not None and dist.get_rank() == 0:
            try:
                import wandb
                wandb_run = wandb.init(
                    project=hparams["wandb_project"],
                    mode=hparams.get("wandb_mode", "online"),
                    name=hparams.get("wandb_run_name") or run_dir.name,
                    dir=str(run_dir),
                    config=hparams,
                    tags=[Path(__file__).stem, f"world_size={dist.get_world_size()}"],
                )
            except Exception as e:
                print(f"[wandb] init failed, continuing without wandb: {e}")
                wandb_run = None

        def print0(s, console=False, log=True):
            if dist.get_rank() == 0:
                if console:
                    print(s)
                if log:
                    with open(logfile, "a") as f:
                        print(s, file=f)

        # we begin by logging this file itself
        print0(code)
        print0("="*100)
        print0(f"Running PyTorch {torch.version.__version__} compiled for CUDA {torch.version.cuda}"
               + f" on {torch.cuda.get_device_name(device)} with world_size {dist.get_world_size()}")
        print0(json.dumps(dict(hparams=hparams, config_diff=config_diff(hparams)), indent=2, sort_keys=True))
        print0("="*100)

        val_tokens = 20 * 524288
        batch_size = 8 * 64 * 1024
        mbs = 64
        val_inputs, val_targets = next(distributed_data_generator("data/fineweb10B/fineweb_val_*.bin", val_tokens))

        model = GPT(vocab_size=50304, num_layers=12, model_dim=768).cuda()
        model.compile(dynamic=False)

        for _ in range(num_trials):


            ########################################
            #            Hyperparameters            #
            ########################################

            train_steps = hparams["train_steps"]

            # initialize model parameters
            for name, p in model.named_parameters():
                w = p.data
                if name.endswith("weight"):
                    if "proj" in name:
                        w.zero_()
                    elif "embed" in name:
                        w.normal_()  # default torch init
                    else:
                        w.normal_(std=0.33**0.5 / w.size(-1)**0.5)  # default torch init
                elif name.endswith("bias"):
                    w.zero_()
                elif name.endswith("gains"):
                    w.normal_(mean=1, std=0)
                else:
                    raise Exception(f"Uninitialized parameter: {name}")

            # create the optimizer(s)
            optimizer1 = AdamW([dict(params=[model.embed.weight], lr=hparams["embed_lr"]),
                                dict(params=[model.proj.weight], lr=hparams["proj_lr"]),
                                dict(params=[p for p in model.parameters() if p.ndim < 2], lr=hparams["scalar_lr"])],
                               betas=hparams["adam_betas"], eps=hparams["adam_eps"],
                               weight_decay=hparams["adam_wd"], fused=True)
            optimizer2 = Leon([p for p in model.blocks.parameters() if p.ndim >= 2],
                              lr=hparams["leon_lr"], weight_decay=hparams["leon_wd"],
                              mu=hparams["leon_mu"], beta2=hparams["leon_beta2"],
                              ns_iters=hparams["leon_ns_iters"], eps=hparams["leon_eps"],
                              l_scale=hparams["leon_l_scale"],
                              orthogonalize_dtype=hparams["leon_orthogonalize_dtype"],
                              l_normalize_mode=hparams["leon_l_normalize_mode"],
                              match_l0_norm=hparams["leon_match_l0_norm"],
                              use_grad_diff=hparams["leon_use_grad_diff"],
                              use_nesterov=hparams["leon_use_nesterov"],
                              precondition_side=hparams["leon_precondition_side"])
            optimizer2.param_names = {p: name for name, p in model.named_parameters()}
            optimizers = [optimizer1, optimizer2]
            assert set(p for opt in optimizers for group in opt.param_groups
                       for p in group["params"]) == set(model.parameters())
            for opt in optimizers:
                for group in opt.param_groups:
                    group["initial_lr"] = group["lr"]
            for group in optimizer1.param_groups:
                group["cooldown_frac"] = hparams["adam_cooldown_frac"]
            for group in optimizer2.param_groups:
                group["cooldown_frac"] = hparams["leon_cooldown_frac"]
                group["l_scale"] = scheduled_l_scale(hparams, 0.0)

            # learning rate schedule: stable then decay
            def set_hparams(step):
                progress = step / train_steps
                assert 0 <= progress < 1
                for opt in optimizers:
                    for group in opt.param_groups:
                        cooldown_frac = group["cooldown_frac"]
                        if progress < 1 - cooldown_frac:
                            eta = 1.0
                        else:
                            eta = (1 - progress) / cooldown_frac
                        group["lr"] = group["initial_lr"] * eta
                l_scale = scheduled_l_scale(hparams, progress)
                for group in optimizer2.param_groups:
                    group["l_scale"] = l_scale

            def log_leon_diagnostics(step):
                if not hparams["leon_log_diagnostics"]:
                    return
                interval = hparams["leon_diag_interval"]
                if interval <= 0 or step % interval != 0:
                    return
                local_rows = optimizer2.diagnostic_stats(hparams["leon_diag_patterns"])
                gathered_rows = [None] * dist.get_world_size()
                dist.all_gather_object(gathered_rows, local_rows)
                if dist.get_rank() != 0:
                    return
                rows = [row for rank_rows in gathered_rows for row in rank_rows]
                rows.sort(key=lambda row: row["name"])
                for row in rows:
                    print0(
                        "diag"
                        + f" step:{step}"
                        + f" name:{row['name']}"
                        + f" lr:{row['lr']:.8g}"
                        + f" weight_norm:{row['weight_norm']:.6g}"
                        + f" grad_norm:{row['grad_norm']:.6g}"
                        + f" grad_diff_norm:{row['grad_diff_norm']:.6g}"
                        + f" momentum_norm:{row['momentum_norm']:.6g}"
                        + f" update_norm:{row['update_norm']:.6g}"
                        + f" update_l0_norm:{row['update_l0_norm']:.6g}"
                        + f" relative_update:{row['relative_update']:.6g}"
                        + f" relative_update_l0:{row['relative_update_l0']:.6g}"
                        + f" update_l0_cos:{row['update_l0_cos']:.6g}"
                        + f" update_grad_cos:{row['update_grad_cos']:.6g}"
                        + f" update_momentum_cos:{row['update_momentum_cos']:.6g}"
                        + f" l_trace:{row['l_trace']:.6g}"
                        + f" l_fro:{row['l_fro']:.6g}"
                        + f" l_trace_fraction:{row['l_trace_fraction']:.6g}"
                        + f" l_top_eval:{row['l_top_eval']:.6g}"
                        + f" l_top_eval_fraction:{row['l_top_eval_fraction']:.6g}"
                        + f" update_row_cv:{row['update_row_cv']:.6g}"
                        + f" update_l0_row_cv:{row['update_l0_row_cv']:.6g}"
                        + f" w_dead_frac:{row['w_dead_frac']:.6g}",
                        console=False,
                    )
                if wandb_run is not None:
                    wandb_run.log({
                        f"diag/{row['name']}/{k}": v
                        for row in rows for k, v in row.items() if k != "name"
                    }, step=step)


            ########################################
            #        Training and Validation       #
            ########################################

            train_loader = distributed_data_generator("data/fineweb10B/fineweb_train_*.bin", batch_size)
            for p in model.parameters():
                dist.broadcast(p.detach(), 0)
            # start the clock
            training_time = 0
            last_val_step = 0
            dist.barrier()
            t0 = time.perf_counter()
            for step in range(train_steps + 1):

                # --------------- VALIDATION SECTION -----------------
                if step == train_steps or step % 125 == 0:
                    # stop the clock
                    dist.barrier()
                    time_since_last_val = time.perf_counter() - t0
                    step_avg = time_since_last_val / (step - last_val_step) if step > 0 else float("nan")
                    last_val_step = step
                    training_time += time_since_last_val
                    model.eval()
                    val_loss = 0
                    with torch.no_grad():
                        assert len(val_inputs) % mbs == 0
                        for i in range(len(val_inputs) // mbs):
                            val_loss += model(val_inputs[i*mbs:(i+1)*mbs], val_targets[i*mbs:(i+1)*mbs])
                    dist.all_reduce(val_loss, op=dist.ReduceOp.SUM)
                    val_loss /= val_tokens
                    print0(f"step:{step}/{train_steps} val_loss:{val_loss:.5f} train_time:{training_time:.3f}s"
                           + f" step_avg:{1000*step_avg:.2f}ms", console=True)
                    if wandb_run is not None:
                        wandb_run.log({
                            "val_loss": float(val_loss),
                            "train_time_s": training_time,
                            "step_avg_ms": 1000 * step_avg if step > 0 else 0.0,
                        }, step=step)
                    model.train()
                    # start the clock again
                    dist.barrier()
                    t0 = time.perf_counter()

                if step == train_steps:
                    break

                # --------------- TRAINING SECTION -----------------
                inputs, targets = next(train_loader)
                # accumulate across microbatches in case we are running with fewer than 8 gpus
                assert len(inputs) % mbs == 0
                for i in range(len(inputs) // mbs):
                    model(inputs[i*mbs:(i+1)*mbs], targets[i*mbs:(i+1)*mbs]).backward()
                for name, p in model.named_parameters():
                    assert p.grad is not None, name
                    dist.all_reduce(p.grad, op=dist.ReduceOp.SUM)
                # set optimization hyperparameters and take a step
                set_hparams(step)
                log_leon_diagnostics(step + 1)
                for opt in optimizers:
                    opt.step()
                model.zero_grad(set_to_none=True)
                approx_training_time = training_time + (time.perf_counter() - t0)
                print0(f"step:{step+1}/{train_steps} train_time:{approx_training_time:.3f}s"
                       + f" step_avg:{1000*approx_training_time/(step + 1):.2f}ms", console=True, log=False)
    finally:
        if 'wandb_run' in locals() and wandb_run is not None:
            wandb_run.finish()
        dist.destroy_process_group()


if __name__ == "__main__":
    main()

====================================================================================================
Running PyTorch 2.11.0+cu128 compiled for CUDA 12.8 on NVIDIA H100 NVL with world_size 4
{
  "config_diff": {
    "leon_eps": 1e-12,
    "leon_log_diagnostics": true,
    "leon_ns_iters": 12,
    "leon_orthogonalize_dtype": "float32",
    "leon_precondition_side": "input",
    "train_steps": 1500,
    "wandb_project": "modded-nanogpt-track3",
    "wandb_run_name": "leon_side_input_1500"
  },
  "hparams": {
    "adam_betas": [
      0.8,
      0.95
    ],
    "adam_cooldown_frac": 0.7,
    "adam_eps": 1e-10,
    "adam_wd": 0.0,
    "embed_lr": 0.3,
    "leon_beta2": 0.7,
    "leon_cooldown_frac": 0.7,
    "leon_diag_interval": 125,
    "leon_diag_patterns": [
      "blocks.0.mlp.fc.weight",
      "blocks.6.mlp.fc.weight",
      "blocks.11.mlp.fc.weight",
      "blocks.0.mlp.proj.weight",
      "blocks.0.attn.q.weight"
    ],
    "leon_eps": 1e-12,
    "leon_l_normalize_mode": "off",
    "leon_l_scale": 1.0,
    "leon_l_scale_ramp_end_frac": 0.6,
    "leon_l_scale_ramp_start_frac": 0.2,
    "leon_l_scale_schedule": "constant",
    "leon_log_diagnostics": true,
    "leon_lr": 0.025,
    "leon_match_l0_norm": false,
    "leon_mu": 0.95,
    "leon_ns_iters": 12,
    "leon_orthogonalize_dtype": "float32",
    "leon_precondition_side": "input",
    "leon_use_grad_diff": false,
    "leon_use_nesterov": true,
    "leon_wd": 0.025,
    "proj_lr": 0.003125,
    "scalar_lr": 0.01,
    "train_steps": 1500,
    "wandb_mode": "online",
    "wandb_project": "modded-nanogpt-track3",
    "wandb_run_name": "leon_side_input_1500"
  }
}
====================================================================================================
step:0/1500 val_loss:10.82584 train_time:0.002s step_avg:nanms
diag step:125 name:blocks.0.attn.q.weight lr:0.025 weight_norm:26.4889 grad_norm:5499.71 grad_diff_norm:nan momentum_norm:9913.78 update_norm:20.2987 update_l0_norm:27.4715 relative_update:0.766309 relative_update_l0:1.03709 update_l0_cos:0.913726 update_grad_cos:0.213079 update_momentum_cos:0.548098 l_trace:1.18579e+08 l_fro:6.18055e+07 l_trace_fraction:0.431545 l_top_eval:5.96828e+07 l_top_eval_fraction:0.503318 update_row_cv:0.0587522 update_l0_row_cv:0.00356262 w_dead_frac:0
diag step:125 name:blocks.0.mlp.fc.weight lr:0.025 weight_norm:53.1703 grad_norm:23520.3 grad_diff_norm:nan momentum_norm:22956.2 update_norm:44.6275 update_l0_norm:55.4256 relative_update:0.839331 relative_update_l0:1.04242 update_l0_cos:0.988055 update_grad_cos:0.224169 update_momentum_cos:0.567349 l_trace:1.7786e+09 l_fro:9.86441e+08 l_trace_fraction:0.529182 l_top_eval:9.62163e+08 l_top_eval_fraction:0.540967 update_row_cv:0.224253 update_l0_row_cv:0.204906 w_dead_frac:0
diag step:125 name:blocks.0.mlp.proj.weight lr:0.025 weight_norm:32.8566 grad_norm:71060.6 grad_diff_norm:nan momentum_norm:56529.1 update_norm:26.4632 update_l0_norm:27.7132 relative_update:0.805415 relative_update_l0:0.843458 update_l0_cos:0.924221 update_grad_cos:0.101188 update_momentum_cos:0.418234 l_trace:1.58614e+10 l_fro:1.42587e+10 l_trace_fraction:0.547894 l_top_eval:1.42533e+10 l_top_eval_fraction:0.898616 update_row_cv:0.124964 update_l0_row_cv:0.229164 w_dead_frac:0
diag step:125 name:blocks.11.mlp.fc.weight lr:0.025 weight_norm:63.4257 grad_norm:7791.49 grad_diff_norm:nan momentum_norm:12782.6 update_norm:45.2811 update_l0_norm:55.4256 relative_update:0.713923 relative_update_l0:0.873866 update_l0_cos:0.983139 update_grad_cos:0.213806 update_momentum_cos:0.534963 l_trace:1.87911e+08 l_fro:1.02617e+08 l_trace_fraction:0.386461 l_top_eval:1.01453e+08 l_top_eval_fraction:0.539899 update_row_cv:0.447277 update_l0_row_cv:0.40308 w_dead_frac:0
diag step:125 name:blocks.6.mlp.fc.weight lr:0.025 weight_norm:62.5678 grad_norm:8243.39 grad_diff_norm:nan momentum_norm:11380.8 update_norm:45.5021 update_l0_norm:55.4256 relative_update:0.727244 relative_update_l0:0.885848 update_l0_cos:0.986003 update_grad_cos:0.198137 update_momentum_cos:0.4848 l_trace:2.24586e+08 l_fro:1.44346e+08 l_trace_fraction:0.46196 l_top_eval:1.43369e+08 l_top_eval_fraction:0.63837 update_row_cv:0.410442 update_l0_row_cv:0.375945 w_dead_frac:0
step:125/1500 val_loss:4.58127 train_time:100.231s step_avg:801.83ms
diag step:250 name:blocks.0.attn.q.weight lr:0.025 weight_norm:37.7007 grad_norm:4287.95 grad_diff_norm:nan momentum_norm:6411.72 update_norm:20.1821 update_l0_norm:27.4834 relative_update:0.535323 relative_update_l0:0.728987 update_l0_cos:0.913103 update_grad_cos:0.238078 update_momentum_cos:0.598417 l_trace:4.63227e+07 l_fro:1.89624e+07 l_trace_fraction:0.362473 l_top_eval:1.71897e+07 l_top_eval_fraction:0.371086 update_row_cv:0.0667923 update_l0_row_cv:0.00410753 w_dead_frac:0
diag step:250 name:blocks.0.mlp.fc.weight lr:0.025 weight_norm:70.9288 grad_norm:16852.2 grad_diff_norm:nan momentum_norm:17441.5 update_norm:45.1853 update_l0_norm:55.4256 relative_update:0.637052 relative_update_l0:0.781427 update_l0_cos:0.991406 update_grad_cos:0.246941 update_momentum_cos:0.631873 l_trace:7.28423e+08 l_fro:4.03585e+08 l_trace_fraction:0.454496 l_top_eval:3.94006e+08 l_top_eval_fraction:0.540903 update_row_cv:0.148516 update_l0_row_cv:0.136216 w_dead_frac:0
diag step:250 name:blocks.0.mlp.proj.weight lr:0.025 weight_norm:45.0483 grad_norm:45545 grad_diff_norm:nan momentum_norm:38102.3 update_norm:26.5698 update_l0_norm:27.7129 relative_update:0.589808 relative_update_l0:0.615183 update_l0_cos:0.939263 update_grad_cos:0.131992 update_momentum_cos:0.510846 l_trace:5.2024e+09 l_fro:4.42055e+09 l_trace_fraction:0.479531 l_top_eval:4.41673e+09 l_top_eval_fraction:0.84898 update_row_cv:0.0870304 update_l0_row_cv:0.168746 w_dead_frac:0
diag step:250 name:blocks.11.mlp.fc.weight lr:0.025 weight_norm:87.0371 grad_norm:8953.56 grad_diff_norm:nan momentum_norm:10867.2 update_norm:45.9476 update_l0_norm:55.4256 relative_update:0.527908 relative_update_l0:0.636805 update_l0_cos:0.990145 update_grad_cos:0.207217 update_momentum_cos:0.657757 l_trace:1.93579e+08 l_fro:1.28839e+08 l_trace_fraction:0.426605 l_top_eval:1.28392e+08 l_top_eval_fraction:0.663254 update_row_cv:0.314616 update_l0_row_cv:0.293371 w_dead_frac:0
diag step:250 name:blocks.6.mlp.fc.weight lr:0.025 weight_norm:86.3207 grad_norm:8008.38 grad_diff_norm:nan momentum_norm:9559.15 update_norm:46.1229 update_l0_norm:55.4256 relative_update:0.534321 relative_update_l0:0.64209 update_l0_cos:0.992387 update_grad_cos:0.215987 update_momentum_cos:0.578956 l_trace:1.65658e+08 l_fro:1.17064e+08 l_trace_fraction:0.429539 l_top_eval:1.16729e+08 l_top_eval_fraction:0.70464 update_row_cv:0.283319 update_l0_row_cv:0.263206 w_dead_frac:0
step:250/1500 val_loss:4.09340 train_time:192.865s step_avg:741.07ms
diag step:375 name:blocks.0.attn.q.weight lr:0.025 weight_norm:44.5944 grad_norm:2615.62 grad_diff_norm:nan momentum_norm:4861.73 update_norm:20.2704 update_l0_norm:27.5339 relative_update:0.454552 relative_update_l0:0.61743 update_l0_cos:0.913525 update_grad_cos:0.269935 update_momentum_cos:0.661583 l_trace:2.09949e+07 l_fro:6.76698e+06 l_trace_fraction:0.369374 l_top_eval:5.45938e+06 l_top_eval_fraction:0.260034 update_row_cv:0.0733156 update_l0_row_cv:0.00355746 w_dead_frac:0
diag step:375 name:blocks.0.mlp.fc.weight lr:0.025 weight_norm:84.9481 grad_norm:9043.87 grad_diff_norm:nan momentum_norm:12810.4 update_norm:45.6737 update_l0_norm:55.4256 relative_update:0.537666 relative_update_l0:0.652464 update_l0_cos:0.992062 update_grad_cos:0.27012 update_momentum_cos:0.687628 l_trace:2.95418e+08 l_fro:1.5338e+08 l_trace_fraction:0.473257 l_top_eval:1.46195e+08 l_top_eval_fraction:0.494875 update_row_cv:0.122876 update_l0_row_cv:0.112345 w_dead_frac:0
diag step:375 name:blocks.0.mlp.proj.weight lr:0.025 weight_norm:53.64 grad_norm:22702.7 grad_diff_norm:nan momentum_norm:24678 update_norm:26.623 update_l0_norm:27.7128 relative_update:0.496328 relative_update_l0:0.516645 update_l0_cos:0.94409 update_grad_cos:0.168194 update_momentum_cos:0.635864 l_trace:1.91431e+09 l_fro:1.53087e+09 l_trace_fraction:0.540907 l_top_eval:1.52854e+09 l_top_eval_fraction:0.798481 update_row_cv:0.078663 update_l0_row_cv:0.152775 w_dead_frac:0
diag step:375 name:blocks.11.mlp.fc.weight lr:0.025 weight_norm:103.186 grad_norm:9839.42 grad_diff_norm:nan momentum_norm:12151.7 update_norm:46.1181 update_l0_norm:55.4256 relative_update:0.446943 relative_update_l0:0.537145 update_l0_cos:0.990573 update_grad_cos:0.175853 update_momentum_cos:0.575136 l_trace:3.37491e+08 l_fro:2.78878e+08 l_trace_fraction:0.479969 l_top_eval:2.78703e+08 l_top_eval_fraction:0.825809 update_row_cv:0.250944 update_l0_row_cv:0.234203 w_dead_frac:0
diag step:375 name:blocks.6.mlp.fc.weight lr:0.025 weight_norm:103.097 grad_norm:5877.31 grad_diff_norm:nan momentum_norm:8740.45 update_norm:46.4051 update_l0_norm:55.4256 relative_update:0.450112 relative_update_l0:0.537608 update_l0_cos:0.993571 update_grad_cos:0.238963 update_momentum_cos:0.618965 l_trace:1.28236e+08 l_fro:9.16928e+07 l_trace_fraction:0.468765 l_top_eval:9.14856e+07 l_top_eval_fraction:0.713413 update_row_cv:0.219019 update_l0_row_cv:0.202838 w_dead_frac:0
step:375/1500 val_loss:3.91317 train_time:298.625s step_avg:846.08ms
diag step:500 name:blocks.0.attn.q.weight lr:0.023833333 weight_norm:49.7909 grad_norm:2173.38 grad_diff_norm:nan momentum_norm:4512.32 update_norm:20.1322 update_l0_norm:27.537 relative_update:0.404334 relative_update_l0:0.553052 update_l0_cos:0.911125 update_grad_cos:0.299514 update_momentum_cos:0.662789 l_trace:1.66655e+07 l_fro:5.33631e+06 l_trace_fraction:0.357028 l_top_eval:4.52877e+06 l_top_eval_fraction:0.271745 update_row_cv:0.077333 update_l0_row_cv:0.0035741 w_dead_frac:0
diag step:500 name:blocks.0.mlp.fc.weight lr:0.023833333 weight_norm:96.8629 grad_norm:8479.49 grad_diff_norm:nan momentum_norm:10913.4 update_norm:45.5771 update_l0_norm:55.4256 relative_update:0.470532 relative_update_l0:0.572207 update_l0_cos:0.99209 update_grad_cos:0.263117 update_momentum_cos:0.687623 l_trace:2.18689e+08 l_fro:1.19428e+08 l_trace_fraction:0.459816 l_top_eval:1.14365e+08 l_top_eval_fraction:0.52296 update_row_cv:0.116434 update_l0_row_cv:0.105798 w_dead_frac:0
diag step:500 name:blocks.0.mlp.proj.weight lr:0.023833333 weight_norm:60.4268 grad_norm:22530.2 grad_diff_norm:nan momentum_norm:22081.2 update_norm:26.6073 update_l0_norm:27.7129 relative_update:0.440323 relative_update_l0:0.458619 update_l0_cos:0.944104 update_grad_cos:0.161699 update_momentum_cos:0.623569 l_trace:1.51587e+09 l_fro:1.20913e+09 l_trace_fraction:0.508924 l_top_eval:1.20713e+09 l_top_eval_fraction:0.796327 update_row_cv:0.0756549 update_l0_row_cv:0.146044 w_dead_frac:0
diag step:500 name:blocks.11.mlp.fc.weight lr:0.023833333 weight_norm:115.208 grad_norm:5166.69 grad_diff_norm:nan momentum_norm:9680.89 update_norm:46.3016 update_l0_norm:55.4256 relative_update:0.401894 relative_update_l0:0.48109 update_l0_cos:0.992314 update_grad_cos:0.289943 update_momentum_cos:0.691374 l_trace:9.41208e+07 l_fro:5.2451e+07 l_trace_fraction:0.384728 l_top_eval:5.2138e+07 l_top_eval_fraction:0.553948 update_row_cv:0.205396 update_l0_row_cv:0.190009 w_dead_frac:0
diag step:500 name:blocks.6.mlp.fc.weight lr:0.023833333 weight_norm:115.699 grad_norm:6516.97 grad_diff_norm:nan momentum_norm:8637.98 update_norm:46.4388 update_l0_norm:55.4256 relative_update:0.401375 relative_update_l0:0.479049 update_l0_cos:0.994087 update_grad_cos:0.215703 update_momentum_cos:0.621054 l_trace:1.26375e+08 l_fro:9.37757e+07 l_trace_fraction:0.450842 l_top_eval:9.36397e+07 l_top_eval_fraction:0.740966 update_row_cv:0.186692 update_l0_row_cv:0.171189 w_dead_frac:0
step:500/1500 val_loss:3.80947 train_time:395.290s step_avg:773.32ms
diag step:625 name:blocks.0.attn.q.weight lr:0.020857143 weight_norm:52.95 grad_norm:1657.01 grad_diff_norm:nan momentum_norm:4106.7 update_norm:20.1541 update_l0_norm:27.5559 relative_update:0.380625 relative_update_l0:0.520413 update_l0_cos:0.911066 update_grad_cos:0.345592 update_momentum_cos:0.687768 l_trace:1.19114e+07 l_fro:3.0982e+06 l_trace_fraction:0.348084 l_top_eval:2.41685e+06 l_top_eval_fraction:0.202902 update_row_cv:0.0786559 update_l0_row_cv:0.00355527 w_dead_frac:0
diag step:625 name:blocks.0.mlp.fc.weight lr:0.020857143 weight_norm:104.785 grad_norm:5524.1 grad_diff_norm:nan momentum_norm:9381.89 update_norm:45.7035 update_l0_norm:55.4256 relative_update:0.436163 relative_update_l0:0.528944 update_l0_cos:0.992338 update_grad_cos:0.304086 update_momentum_cos:0.717227 l_trace:1.30256e+08 l_fro:6.735e+07 l_trace_fraction:0.474521 l_top_eval:6.43605e+07 l_top_eval_fraction:0.494108 update_row_cv:0.110459 update_l0_row_cv:0.100077 w_dead_frac:0
diag step:625 name:blocks.0.mlp.proj.weight lr:0.020857143 weight_norm:64.7863 grad_norm:13645.6 grad_diff_norm:nan momentum_norm:17857.6 update_norm:26.6212 update_l0_norm:27.7128 relative_update:0.410908 relative_update_l0:0.427758 update_l0_cos:0.945929 update_grad_cos:0.20591 update_momentum_cos:0.690483 l_trace:8.29583e+08 l_fro:6.30172e+08 l_trace_fraction:0.554004 l_top_eval:6.29038e+08 l_top_eval_fraction:0.758257 update_row_cv:0.0744234 update_l0_row_cv:0.142542 w_dead_frac:0
diag step:625 name:blocks.11.mlp.fc.weight lr:0.020857143 weight_norm:122.535 grad_norm:6977.58 grad_diff_norm:nan momentum_norm:9365.83 update_norm:46.4451 update_l0_norm:55.4256 relative_update:0.379034 relative_update_l0:0.452324 update_l0_cos:0.992901 update_grad_cos:0.227987 update_momentum_cos:0.713238 l_trace:1.008e+08 l_fro:6.18756e+07 l_trace_fraction:0.355814 l_top_eval:6.16448e+07 l_top_eval_fraction:0.611556 update_row_cv:0.174634 update_l0_row_cv:0.160076 w_dead_frac:0
diag step:625 name:blocks.6.mlp.fc.weight lr:0.020857143 weight_norm:123.511 grad_norm:4705.9 grad_diff_norm:nan momentum_norm:8329.39 update_norm:46.6557 update_l0_norm:55.4256 relative_update:0.377747 relative_update_l0:0.448752 update_l0_cos:0.99485 update_grad_cos:0.262066 update_momentum_cos:0.640622 l_trace:9.31896e+07 l_fro:6.6327e+07 l_trace_fraction:0.453634 l_top_eval:6.62207e+07 l_top_eval_fraction:0.710602 update_row_cv:0.163854 update_l0_row_cv:0.149693 w_dead_frac:0
step:625/1500 val_loss:3.72106 train_time:487.592s step_avg:738.42ms
diag step:750 name:blocks.0.attn.q.weight lr:0.017880952 weight_norm:54.6408 grad_norm:1820.19 grad_diff_norm:nan momentum_norm:4187.95 update_norm:20.2535 update_l0_norm:27.5482 relative_update:0.370666 relative_update_l0:0.504169 update_l0_cos:0.913687 update_grad_cos:0.313933 update_momentum_cos:0.682766 l_trace:1.12094e+07 l_fro:2.95606e+06 l_trace_fraction:0.31902 l_top_eval:2.4304e+06 l_top_eval_fraction:0.216819 update_row_cv:0.07456 update_l0_row_cv:0.00327591 w_dead_frac:0
diag step:750 name:blocks.0.mlp.fc.weight lr:0.017880952 weight_norm:109.538 grad_norm:6249.75 grad_diff_norm:nan momentum_norm:9388.01 update_norm:46.1404 update_l0_norm:55.4256 relative_update:0.421227 relative_update_l0:0.505994 update_l0_cos:0.993355 update_grad_cos:0.27168 update_momentum_cos:0.704454 l_trace:1.13341e+08 l_fro:5.91838e+07 l_trace_fraction:0.408902 l_top_eval:5.63684e+07 l_top_eval_fraction:0.497336 update_row_cv:0.105916 update_l0_row_cv:0.0966512 w_dead_frac:0
diag step:750 name:blocks.0.mlp.proj.weight lr:0.017880952 weight_norm:67.276 grad_norm:16222.5 grad_diff_norm:nan momentum_norm:18396.6 update_norm:26.6537 update_l0_norm:27.7128 relative_update:0.396184 relative_update_l0:0.411927 update_l0_cos:0.94865 update_grad_cos:0.175934 update_momentum_cos:0.661109 l_trace:7.34974e+08 l_fro:5.58828e+08 l_trace_fraction:0.462764 l_top_eval:5.57735e+08 l_top_eval_fraction:0.75885 update_row_cv:0.0745402 update_l0_row_cv:0.13864 w_dead_frac:0
diag step:750 name:blocks.11.mlp.fc.weight lr:0.017880952 weight_norm:126.39 grad_norm:4321.25 grad_diff_norm:nan momentum_norm:9685.83 update_norm:46.6837 update_l0_norm:55.4256 relative_update:0.369363 relative_update_l0:0.438529 update_l0_cos:0.993186 update_grad_cos:0.344937 update_momentum_cos:0.719601 l_trace:1.06623e+08 l_fro:6.61037e+07 l_trace_fraction:0.452276 l_top_eval:6.58905e+07 l_top_eval_fraction:0.617973 update_row_cv:0.163727 update_l0_row_cv:0.149091 w_dead_frac:0
diag step:750 name:blocks.6.mlp.fc.weight lr:0.017880952 weight_norm:127.749 grad_norm:5901.94 grad_diff_norm:nan momentum_norm:8795.52 update_norm:46.9323 update_l0_norm:55.4256 relative_update:0.367379 relative_update_l0:0.433863 update_l0_cos:0.995323 update_grad_cos:0.240845 update_momentum_cos:0.638025 l_trace:9.89274e+07 l_fro:7.04764e+07 l_trace_fraction:0.403697 l_top_eval:7.03626e+07 l_top_eval_fraction:0.711255 update_row_cv:0.152696 update_l0_row_cv:0.139333 w_dead_frac:0
step:750/1500 val_loss:3.65906 train_time:592.250s step_avg:837.26ms
diag step:875 name:blocks.0.attn.q.weight lr:0.014904762 weight_norm:55.4627 grad_norm:1825.25 grad_diff_norm:nan momentum_norm:4195.49 update_norm:20.2601 update_l0_norm:27.542 relative_update:0.365292 relative_update_l0:0.496585 update_l0_cos:0.914114 update_grad_cos:0.315748 update_momentum_cos:0.682379 l_trace:1.02031e+07 l_fro:2.76746e+06 l_trace_fraction:0.293629 l_top_eval:2.49347e+06 l_top_eval_fraction:0.244384 update_row_cv:0.0714542 update_l0_row_cv:0.00314582 w_dead_frac:0
diag step:875 name:blocks.0.mlp.fc.weight lr:0.014904762 weight_norm:112.169 grad_norm:4873.79 grad_diff_norm:nan momentum_norm:8763.5 update_norm:46.2704 update_l0_norm:55.4256 relative_update:0.412506 relative_update_l0:0.494125 update_l0_cos:0.993715 update_grad_cos:0.312026 update_momentum_cos:0.724696 l_trace:7.82865e+07 l_fro:3.62223e+07 l_trace_fraction:0.388951 l_top_eval:3.41232e+07 l_top_eval_fraction:0.435876 update_row_cv:0.105963 update_l0_row_cv:0.0967562 w_dead_frac:0
diag step:875 name:blocks.0.mlp.proj.weight lr:0.014904762 weight_norm:68.58 grad_norm:11972.9 grad_diff_norm:nan momentum_norm:16815.7 update_norm:26.6666 update_l0_norm:27.7128 relative_update:0.388839 relative_update_l0:0.404095 update_l0_cos:0.950429 update_grad_cos:0.212319 update_momentum_cos:0.694497 l_trace:4.68684e+08 l_fro:3.29256e+08 l_trace_fraction:0.454273 l_top_eval:3.2852e+08 l_top_eval_fraction:0.700942 update_row_cv:0.074497 update_l0_row_cv:0.137512 w_dead_frac:0
diag step:875 name:blocks.11.mlp.fc.weight lr:0.014904762 weight_norm:128.103 grad_norm:4449.09 grad_diff_norm:nan momentum_norm:9421.02 update_norm:46.6342 update_l0_norm:55.4256 relative_update:0.364036 relative_update_l0:0.432664 update_l0_cos:0.993241 update_grad_cos:0.319007 update_momentum_cos:0.75044 l_trace:9.02574e+07 l_fro:5.16149e+07 l_trace_fraction:0.418118 l_top_eval:5.14074e+07 l_top_eval_fraction:0.569565 update_row_cv:0.151292 update_l0_row_cv:0.136429 w_dead_frac:0
diag step:875 name:blocks.6.mlp.fc.weight lr:0.014904762 weight_norm:129.709 grad_norm:4906.77 grad_diff_norm:nan momentum_norm:8655.89 update_norm:46.9357 update_l0_norm:55.4256 relative_update:0.361854 relative_update_l0:0.427307 update_l0_cos:0.995413 update_grad_cos:0.253576 update_momentum_cos:0.657623 l_trace:8.65838e+07 l_fro:6.02837e+07 l_trace_fraction:0.419551 l_top_eval:6.01871e+07 l_top_eval_fraction:0.695131 update_row_cv:0.141125 update_l0_row_cv:0.128402 w_dead_frac:0
step:875/1500 val_loss:3.60366 train_time:708.055s step_avg:926.45ms
diag step:1000 name:blocks.0.attn.q.weight lr:0.011928571 weight_norm:55.6292 grad_norm:1712.05 grad_diff_norm:nan momentum_norm:4121.09 update_norm:20.2949 update_l0_norm:27.5591 relative_update:0.364825 relative_update_l0:0.495407 update_l0_cos:0.9148 update_grad_cos:0.340775 update_momentum_cos:0.696143 l_trace:8.81961e+06 l_fro:1.7725e+06 l_trace_fraction:0.282179 l_top_eval:1.32531e+06 l_top_eval_fraction:0.150269 update_row_cv:0.0712682 update_l0_row_cv:0.0032132 w_dead_frac:0
diag step:1000 name:blocks.0.mlp.fc.weight lr:0.011928571 weight_norm:113.201 grad_norm:4356.05 grad_diff_norm:nan momentum_norm:8573.76 update_norm:46.5284 update_l0_norm:55.4256 relative_update:0.411023 relative_update_l0:0.48962 update_l0_cos:0.994384 update_grad_cos:0.341307 update_momentum_cos:0.733971 l_trace:5.6398e+07 l_fro:2.21945e+07 l_trace_fraction:0.335949 l_top_eval:2.03608e+07 l_top_eval_fraction:0.36102 update_row_cv:0.104343 update_l0_row_cv:0.0957434 w_dead_frac:0
diag step:1000 name:blocks.0.mlp.proj.weight lr:0.011928571 weight_norm:69.0033 grad_norm:10055.9 grad_diff_norm:nan momentum_norm:16259.9 update_norm:26.6738 update_l0_norm:27.7128 relative_update:0.386558 relative_update_l0:0.401616 update_l0_cos:0.953208 update_grad_cos:0.246967 update_momentum_cos:0.708187 l_trace:3.08472e+08 l_fro:1.9586e+08 l_trace_fraction:0.394796 l_top_eval:1.95342e+08 l_top_eval_fraction:0.633259 update_row_cv:0.0757398 update_l0_row_cv:0.135768 w_dead_frac:0
diag step:1000 name:blocks.11.mlp.fc.weight lr:0.011928571 weight_norm:128.338 grad_norm:4464.02 grad_diff_norm:nan momentum_norm:9617.65 update_norm:46.8224 update_l0_norm:55.4256 relative_update:0.364836 relative_update_l0:0.431872 update_l0_cos:0.993746 update_grad_cos:0.341513 update_momentum_cos:0.755743 l_trace:8.61579e+07 l_fro:4.79168e+07 l_trace_fraction:0.399567 l_top_eval:4.77236e+07 l_top_eval_fraction:0.553909 update_row_cv:0.140989 update_l0_row_cv:0.126703 w_dead_frac:0
diag step:1000 name:blocks.6.mlp.fc.weight lr:0.011928571 weight_norm:130.081 grad_norm:4687.71 grad_diff_norm:nan momentum_norm:8936.3 update_norm:47.1594 update_l0_norm:55.4256 relative_update:0.362539 relative_update_l0:0.426086 update_l0_cos:0.995948 update_grad_cos:0.279549 update_momentum_cos:0.663181 l_trace:6.66844e+07 l_fro:4.17615e+07 l_trace_fraction:0.350684 l_top_eval:4.16625e+07 l_top_eval_fraction:0.624772 update_row_cv:0.137004 update_l0_row_cv:0.124691 w_dead_frac:0
step:1000/1500 val_loss:3.55551 train_time:822.826s step_avg:918.16ms
diag step:1125 name:blocks.0.attn.q.weight lr:0.008952381 weight_norm:55.4015 grad_norm:1645.31 grad_diff_norm:nan momentum_norm:4542.59 update_norm:20.361 update_l0_norm:27.5467 relative_update:0.367518 relative_update_l0:0.49722 update_l0_cos:0.916679 update_grad_cos:0.352721 update_momentum_cos:0.675279 l_trace:9.50997e+06 l_fro:2.00102e+06 l_trace_fraction:0.268199 l_top_eval:1.67217e+06 l_top_eval_fraction:0.175833 update_row_cv:0.0701652 update_l0_row_cv:0.00343588 w_dead_frac:0
diag step:1125 name:blocks.0.mlp.fc.weight lr:0.008952381 weight_norm:113.215 grad_norm:4012.94 grad_diff_norm:nan momentum_norm:9002.39 update_norm:46.7832 update_l0_norm:55.4256 relative_update:0.413225 relative_update_l0:0.489561 update_l0_cos:0.994631 update_grad_cos:0.3639 update_momentum_cos:0.737376 l_trace:5.15733e+07 l_fro:1.70496e+07 l_trace_fraction:0.310947 l_top_eval:1.4894e+07 l_top_eval_fraction:0.288793 update_row_cv:0.102794 update_l0_row_cv:0.0942077 w_dead_frac:0
diag step:1125 name:blocks.0.mlp.proj.weight lr:0.008952381 weight_norm:68.8922 grad_norm:8636.67 grad_diff_norm:nan momentum_norm:17000.2 update_norm:26.6942 update_l0_norm:27.7128 relative_update:0.387478 relative_update_l0:0.402264 update_l0_cos:0.954516 update_grad_cos:0.277761 update_momentum_cos:0.709306 l_trace:2.5703e+08 l_fro:1.4463e+08 l_trace_fraction:0.365926 l_top_eval:1.44052e+08 l_top_eval_fraction:0.560447 update_row_cv:0.0753914 update_l0_row_cv:0.133549 w_dead_frac:0
diag step:1125 name:blocks.11.mlp.fc.weight lr:0.008952381 weight_norm:127.711 grad_norm:4289.96 grad_diff_norm:nan momentum_norm:10460.1 update_norm:46.9666 update_l0_norm:55.4256 relative_update:0.367757 relative_update_l0:0.433993 update_l0_cos:0.994068 update_grad_cos:0.365323 update_momentum_cos:0.750552 l_trace:6.5835e+07 l_fro:2.36001e+07 l_trace_fraction:0.310547 l_top_eval:2.3095e+07 l_top_eval_fraction:0.350802 update_row_cv:0.13892 update_l0_row_cv:0.124231 w_dead_frac:0
diag step:1125 name:blocks.6.mlp.fc.weight lr:0.008952381 weight_norm:129.503 grad_norm:4174.48 grad_diff_norm:nan momentum_norm:9530.56 update_norm:47.3386 update_l0_norm:55.4256 relative_update:0.365539 relative_update_l0:0.427985 update_l0_cos:0.99617 update_grad_cos:0.312631 update_momentum_cos:0.669753 l_trace:5.99148e+07 l_fro:3.3682e+07 l_trace_fraction:0.324309 l_top_eval:3.35633e+07 l_top_eval_fraction:0.560184 update_row_cv:0.133427 update_l0_row_cv:0.121479 w_dead_frac:0
step:1125/1500 val_loss:3.51521 train_time:935.987s step_avg:905.29ms
diag step:1250 name:blocks.0.attn.q.weight lr:0.0059761905 weight_norm:55.0007 grad_norm:1584.18 grad_diff_norm:nan momentum_norm:4535.48 update_norm:20.3676 update_l0_norm:27.5541 relative_update:0.370316 relative_update_l0:0.500977 update_l0_cos:0.916218 update_grad_cos:0.364587 update_momentum_cos:0.690841 l_trace:8.72464e+06 l_fro:1.53315e+06 l_trace_fraction:0.255058 l_top_eval:1.22392e+06 l_top_eval_fraction:0.140283 update_row_cv:0.0713893 update_l0_row_cv:0.00330121 w_dead_frac:0
diag step:1250 name:blocks.0.mlp.fc.weight lr:0.0059761905 weight_norm:112.682 grad_norm:3556.5 grad_diff_norm:nan momentum_norm:8971.8 update_norm:46.9681 update_l0_norm:55.4256 relative_update:0.41682 relative_update_l0:0.491877 update_l0_cos:0.995096 update_grad_cos:0.377796 update_momentum_cos:0.745008 l_trace:4.09912e+07 l_fro:1.14739e+07 l_trace_fraction:0.27932 l_top_eval:9.58468e+06 l_top_eval_fraction:0.233823 update_row_cv:0.105132 update_l0_row_cv:0.0967908 w_dead_frac:0
diag step:1250 name:blocks.0.mlp.proj.weight lr:0.0059761905 weight_norm:68.5069 grad_norm:7471.64 grad_diff_norm:nan momentum_norm:16502.8 update_norm:26.7101 update_l0_norm:27.7128 relative_update:0.38989 relative_update_l0:0.404526 update_l0_cos:0.956849 update_grad_cos:0.301396 update_momentum_cos:0.729749 l_trace:1.81101e+08 l_fro:8.41342e+07 l_trace_fraction:0.318736 l_top_eval:8.36542e+07 l_top_eval_fraction:0.46192 update_row_cv:0.0764264 update_l0_row_cv:0.133134 w_dead_frac:0
diag step:1250 name:blocks.11.mlp.fc.weight lr:0.0059761905 weight_norm:126.654 grad_norm:4214.2 grad_diff_norm:nan momentum_norm:10741.4 update_norm:47.0947 update_l0_norm:55.4256 relative_update:0.371837 relative_update_l0:0.437613 update_l0_cos:0.994381 update_grad_cos:0.370524 update_momentum_cos:0.759733 l_trace:5.6131e+07 l_fro:1.5162e+07 l_trace_fraction:0.270353 l_top_eval:1.45338e+07 l_top_eval_fraction:0.258926 update_row_cv:0.135835 update_l0_row_cv:0.121324 w_dead_frac:0
diag step:1250 name:blocks.6.mlp.fc.weight lr:0.0059761905 weight_norm:128.502 grad_norm:4042.4 grad_diff_norm:nan momentum_norm:9856.65 update_norm:47.479 update_l0_norm:55.4256 relative_update:0.369482 relative_update_l0:0.431322 update_l0_cos:0.996416 update_grad_cos:0.327001 update_momentum_cos:0.677454 l_trace:5.14251e+07 l_fro:2.52327e+07 l_trace_fraction:0.285717 l_top_eval:2.50982e+07 l_top_eval_fraction:0.488053 update_row_cv:0.12947 update_l0_row_cv:0.117567 w_dead_frac:0
step:1250/1500 val_loss:3.47733 train_time:1048.345s step_avg:898.86ms
diag step:1375 name:blocks.0.attn.q.weight lr:0.003 weight_norm:54.5915 grad_norm:1567.99 grad_diff_norm:nan momentum_norm:5054.16 update_norm:20.3884 update_l0_norm:27.5567 relative_update:0.373472 relative_update_l0:0.50478 update_l0_cos:0.916184 update_grad_cos:0.352869 update_momentum_cos:0.663618 l_trace:1.04144e+07 l_fro:2.08129e+06 l_trace_fraction:0.258544 l_top_eval:1.70095e+06 l_top_eval_fraction:0.163326 update_row_cv:0.0691931 update_l0_row_cv:0.0033467 w_dead_frac:0
diag step:1375 name:blocks.0.mlp.fc.weight lr:0.003 weight_norm:112.013 grad_norm:3305.24 grad_diff_norm:nan momentum_norm:10283.5 update_norm:47.0067 update_l0_norm:55.4256 relative_update:0.419653 relative_update_l0:0.494813 update_l0_cos:0.99481 update_grad_cos:0.378425 update_momentum_cos:0.713025 l_trace:5.05247e+07 l_fro:1.37661e+07 l_trace_fraction:0.291867 l_top_eval:1.14661e+07 l_top_eval_fraction:0.22694 update_row_cv:0.105592 update_l0_row_cv:0.0964281 w_dead_frac:0
diag step:1375 name:blocks.0.mlp.proj.weight lr:0.003 weight_norm:68.0813 grad_norm:6827.84 grad_diff_norm:nan momentum_norm:19520.8 update_norm:26.7254 update_l0_norm:27.7128 relative_update:0.392551 relative_update_l0:0.407055 update_l0_cos:0.955718 update_grad_cos:0.305206 update_momentum_cos:0.673558 l_trace:2.34464e+08 l_fro:1.10174e+08 l_trace_fraction:0.344932 l_top_eval:1.09044e+08 l_top_eval_fraction:0.465077 update_row_cv:0.0768843 update_l0_row_cv:0.132406 w_dead_frac:0
diag step:1375 name:blocks.11.mlp.fc.weight lr:0.003 weight_norm:125.66 grad_norm:3774.4 grad_diff_norm:nan momentum_norm:12222.1 update_norm:47.189 update_l0_norm:55.4256 relative_update:0.375529 relative_update_l0:0.441076 update_l0_cos:0.994386 update_grad_cos:0.40501 update_momentum_cos:0.723951 l_trace:6.63168e+07 l_fro:1.77356e+07 l_trace_fraction:0.278623 l_top_eval:1.66608e+07 l_top_eval_fraction:0.251231 update_row_cv:0.133449 update_l0_row_cv:0.118859 w_dead_frac:0
diag step:1375 name:blocks.6.mlp.fc.weight lr:0.003 weight_norm:127.525 grad_norm:3798.64 grad_diff_norm:nan momentum_norm:11438 update_norm:47.5339 update_l0_norm:55.4256 relative_update:0.372742 relative_update_l0:0.434625 update_l0_cos:0.9962 update_grad_cos:0.336039 update_momentum_cos:0.636755 l_trace:6.4791e+07 l_fro:3.32202e+07 l_trace_fraction:0.298388 l_top_eval:3.30057e+07 l_top_eval_fraction:0.509418 update_row_cv:0.126046 update_l0_row_cv:0.11471 w_dead_frac:0
step:1375/1500 val_loss:3.44636 train_time:1152.913s step_avg:836.54ms
diag step:1500 name:blocks.0.attn.q.weight lr:2.3809524e-05 weight_norm:54.3979 grad_norm:1623.48 grad_diff_norm:nan momentum_norm:5297.88 update_norm:20.5786 update_l0_norm:27.5336 relative_update:0.378298 relative_update_l0:0.506152 update_l0_cos:0.919511 update_grad_cos:0.342004 update_momentum_cos:0.650241 l_trace:8.58381e+06 l_fro:1.43981e+06 l_trace_fraction:0.205936 l_top_eval:1.1139e+06 l_top_eval_fraction:0.129768 update_row_cv:0.0696434 update_l0_row_cv:0.00360406 w_dead_frac:0
diag step:1500 name:blocks.0.mlp.fc.weight lr:2.3809524e-05 weight_norm:111.666 grad_norm:3250.3 grad_diff_norm:nan momentum_norm:10745.4 update_norm:47.8978 update_l0_norm:55.4256 relative_update:0.428937 relative_update_l0:0.49635 update_l0_cos:0.996004 update_grad_cos:0.393282 update_momentum_cos:0.7106 l_trace:3.49491e+07 l_fro:7.55844e+06 l_trace_fraction:0.204313 l_top_eval:5.66594e+06 l_top_eval_fraction:0.16212 update_row_cv:0.105809 update_l0_row_cv:0.0976963 w_dead_frac:0
diag step:1500 name:blocks.0.mlp.proj.weight lr:2.3809524e-05 weight_norm:67.8761 grad_norm:6396.07 grad_diff_norm:nan momentum_norm:20849.8 update_norm:26.811 update_l0_norm:27.7128 relative_update:0.394999 relative_update_l0:0.408285 update_l0_cos:0.962349 update_grad_cos:0.335849 update_momentum_cos:0.665779 l_trace:1.3479e+08 l_fro:4.39825e+07 l_trace_fraction:0.206572 l_top_eval:4.34279e+07 l_top_eval_fraction:0.322189 update_row_cv:0.0847716 update_l0_row_cv:0.134682 w_dead_frac:0
diag step:1500 name:blocks.11.mlp.fc.weight lr:2.3809524e-05 weight_norm:125.213 grad_norm:4000.19 grad_diff_norm:nan momentum_norm:13382.5 update_norm:47.8116 update_l0_norm:55.4256 relative_update:0.381841 relative_update_l0:0.442649 update_l0_cos:0.995207 update_grad_cos:0.394658 update_momentum_cos:0.717588 l_trace:5.27027e+07 l_fro:1.01526e+07 l_trace_fraction:0.197898 l_top_eval:9.24196e+06 l_top_eval_fraction:0.17536 update_row_cv:0.133824 update_l0_row_cv:0.119672 w_dead_frac:0
diag step:1500 name:blocks.6.mlp.fc.weight lr:2.3809524e-05 weight_norm:127.072 grad_norm:3773.1 grad_diff_norm:nan momentum_norm:12684.8 update_norm:48.234 update_l0_norm:55.4256 relative_update:0.379579 relative_update_l0:0.436174 update_l0_cos:0.996948 update_grad_cos:0.350875 update_momentum_cos:0.623678 l_trace:4.61406e+07 l_fro:1.87287e+07 l_trace_fraction:0.194994 l_top_eval:1.85574e+07 l_top_eval_fraction:0.402193 update_row_cv:0.127282 update_l0_row_cv:0.116292 w_dead_frac:0
step:1500/1500 val_loss:3.42710 train_time:1260.614s step_avg:861.61ms
