"""
train_gpt_simple_leon.py

This file descends from the [NanoGPT speedrun](https://github.com/KellerJordan/modded-nanogpt).
It was prepared as a simplified version of the speedrun for use in neural net optimization research.
This variant replaces Muon with Leon (initial test using the same Newton-Schulz coefficients).
"""

import math
import os
import sys
with open(sys.argv[0]) as f:
    code = f.read() # read the code of this file ASAP, for logging
import argparse
import ast
import json
import subprocess
import uuid
import time
from datetime import datetime
from pathlib import Path


BASE_HPARAMS = dict(
    # Training
    train_steps         = 3375,
    # AdamW — embedding
    embed_lr            = 0.3,
    # AdamW — lm_head projection
    proj_lr             = 1/320,
    # AdamW — scalars (biases, gains)
    scalar_lr           = 0.01,
    # AdamW shared
    adam_betas          = (0.8, 0.95),
    adam_eps            = 1e-10,
    adam_wd             = 0.0,
    adam_cooldown_frac  = 0.7,
    # Leon — 2D block params
    leon_lr             = 0.025,
    leon_wd             = 0.025,
    leon_mu             = 0.95,
    leon_beta2          = 0.7,
    leon_cooldown_frac  = 0.7,
    leon_ns_iters       = 6,
    leon_eps            = 1e-9,
    leon_l_scale        = 1.0,
    leon_orthogonalize_dtype = "bfloat16",
    leon_l_scale_schedule = "constant",
    leon_l_scale_ramp_start_frac = 0.2,
    leon_l_scale_ramp_end_frac = 0.6,
    # "off": L = l_scale * T_t (raw unnormalized Gram sum).
    # "match_g": rescale L so tr(L) = l_scale * ||G||_F^2 (l_scale=1.0 -> tr(L) fraction 0.5).
    leon_l_normalize_mode = "off",
    # When True, rescale the final NS output to Frobenius norm sqrt(min(D1, D2)),
    # i.e. match the natural ||update||_F of the L=0 (Muon-NS) update.
    leon_match_l0_norm  = False,
    # When True, second moment accumulates (grad_t - grad_{t-1})(grad_t - grad_{t-1})^T
    # instead of grad_t * grad_t^T.
    leon_use_grad_diff  = False,
    # When False, skip the Nesterov first-moment buffer entirely; orthogonalize raw grad.
    leon_use_nesterov   = True,
    leon_log_diagnostics = False,
    leon_diag_interval  = 125,
    leon_diag_patterns  = (
        "blocks.0.attn.q.weight",
        "blocks.6.mlp.proj.weight",
        "blocks.11.attn.proj.weight",
    ),
    # Optional wandb logging (off by default). Enable with --set wandb_project=<name>.
    # File artifacts (train.log, config.json, tuning_log.csv) remain authoritative.
    wandb_project = None,
    wandb_mode    = "online",  # "online" | "offline" | "disabled"
    # Optional. If unset, the wandb run name falls back to run_dir.name (the timestamp+uuid).
    # Set this to your tuning_log.csv run_id so the dashboard matches the ledger.
    wandb_run_name = None,
)


def parse_value(s: str):
    try:
        return ast.literal_eval(s)
    except (ValueError, SyntaxError):
        return s


def parse_args():
    parser = argparse.ArgumentParser()
    parser.add_argument("legacy_trials", nargs="?", type=int,
                        help="Legacy positional trial count. Prefer --trials.")
    parser.add_argument("--trials", type=int, default=None)
    parser.add_argument("--set", action="append", default=[],
                        metavar="KEY=VALUE", help="Override or add an hparams entry.")
    parser.add_argument("--dry-run", action="store_true",
                        help="Resolve config and write metadata without CUDA/NCCL/training.")
    parser.add_argument("--out-dir", type=Path, default=None,
                        help="Run output directory. Defaults to runs/leon/<timestamp>-<uuid>.")
    return parser.parse_args()


def resolve_hparams(overrides):
    hparams = dict(BASE_HPARAMS)
    for item in overrides:
        if "=" not in item:
            raise ValueError(f"--set expects KEY=VALUE, got {item!r}")
        key, raw_value = item.split("=", 1)
        value = parse_value(raw_value)
        if key == "cooldown_frac":
            hparams["adam_cooldown_frac"] = value
            hparams["leon_cooldown_frac"] = value
        hparams[key] = value
    return hparams


def config_diff(hparams):
    return {k: v for k, v in hparams.items() if BASE_HPARAMS.get(k) != v}


def validate_hparams(hparams):
    l_scale = float(hparams["leon_l_scale"])
    if l_scale < 0:
        raise ValueError(f"leon_l_scale must be non-negative, got {l_scale!r}")

    orthogonalize_dtype = hparams["leon_orthogonalize_dtype"]
    if orthogonalize_dtype not in ("bfloat16", "float32", "float64"):
        raise ValueError(
            "leon_orthogonalize_dtype must be 'bfloat16', 'float32', or 'float64', "
            f"got {orthogonalize_dtype!r}"
        )

    schedule = hparams["leon_l_scale_schedule"]
    if schedule not in ("constant", "linear_ramp"):
        raise ValueError(
            "leon_l_scale_schedule must be 'constant' or 'linear_ramp', "
            f"got {schedule!r}"
        )

    if schedule == "linear_ramp":
        start = float(hparams["leon_l_scale_ramp_start_frac"])
        end = float(hparams["leon_l_scale_ramp_end_frac"])
        if not (0 <= start < end <= 1):
            raise ValueError(
                "linear_ramp requires 0 <= leon_l_scale_ramp_start_frac "
                "< leon_l_scale_ramp_end_frac <= 1, "
                f"got start={start!r}, end={end!r}"
            )

    normalize_mode = hparams["leon_l_normalize_mode"]
    if normalize_mode not in ("off", "match_g"):
        raise ValueError(
            "leon_l_normalize_mode must be 'off' or 'match_g', "
            f"got {normalize_mode!r}"
        )

    if not isinstance(hparams["leon_use_grad_diff"], bool):
        raise TypeError(
            f"leon_use_grad_diff must be bool, got {type(hparams['leon_use_grad_diff'])!r}"
        )

    if not isinstance(hparams["leon_use_nesterov"], bool):
        raise TypeError(
            f"leon_use_nesterov must be bool, got {type(hparams['leon_use_nesterov'])!r}"
        )


def scheduled_l_scale(hparams, progress):
    target = float(hparams["leon_l_scale"])
    schedule = hparams["leon_l_scale_schedule"]

    if schedule == "constant":
        return target

    start = float(hparams["leon_l_scale_ramp_start_frac"])
    end = float(hparams["leon_l_scale_ramp_end_frac"])
    if progress < start:
        return 0.0
    if progress >= end:
        return target
    ramp_progress = (progress - start) / (end - start)
    return target * ramp_progress


def default_run_dir():
    stamp = datetime.now().strftime("%Y%m%d-%H%M%S")
    return Path("records/track_3_optimization/runs/leon") / f"{stamp}-{uuid.uuid4().hex[:8]}"


def create_run_dir(out_dir=None):
    run_dir = Path(out_dir) if out_dir is not None else default_run_dir()
    run_dir.mkdir(parents=True, exist_ok=False)
    return run_dir


def git_commit():
    try:
        return subprocess.check_output(["git", "rev-parse", "HEAD"], text=True).strip()
    except Exception:
        return None


def shard_counts():
    cwd = Path.cwd()
    return dict(
        train_shards=len(list(cwd.glob("data/fineweb10B/fineweb_train_*.bin"))),
        val_shards=len(list(cwd.glob("data/fineweb10B/fineweb_val_*.bin"))),
    )


def torch_versions():
    torch_module = globals().get("torch")
    if torch_module is None:
        return None, None
    return torch_module.version.__version__, torch_module.version.cuda


def write_run_files(run_dir, args, hparams, mode, extra=None):
    torch_version, cuda_version = torch_versions()
    diff = config_diff(hparams)
    metadata = dict(
        mode=mode,
        argv=sys.argv,
        cwd=str(Path.cwd()),
        script=sys.argv[0],
        trials=args.trials if args.trials is not None else (args.legacy_trials or 1),
        dry_run=args.dry_run,
        out_dir=str(run_dir),
        git_commit=git_commit(),
        torch_version=torch_version,
        cuda_version=cuda_version,
        shard_counts=shard_counts(),
    )
    if extra:
        metadata.update(extra)
    (run_dir / "config.json").write_text(json.dumps(hparams, indent=2, sort_keys=True) + "\n")
    (run_dir / "config_diff.json").write_text(json.dumps(diff, indent=2, sort_keys=True) + "\n")
    (run_dir / "metadata.json").write_text(json.dumps(metadata, indent=2, sort_keys=True) + "\n")


if "--dry-run" in sys.argv:
    args = parse_args()
    hparams = resolve_hparams(args.set)
    validate_hparams(hparams)
    run_dir = create_run_dir(args.out_dir)
    write_run_files(run_dir, args, hparams, "dry-run")
    print(f"dry_run:true out_dir:{run_dir}")
    print(json.dumps(dict(hparams=hparams, config_diff=config_diff(hparams)), indent=2, sort_keys=True))
    sys.exit(0)

import torch
from torch import Tensor, nn
from torch.optim import AdamW
import torch.nn.functional as F
import torch.distributed as dist


########################################
#              Dataloader              #
########################################

def _load_data_shard(file: Path):
    header = torch.from_file(str(file), False, 256, dtype=torch.int32) # header is 256 int32
    assert header[0] == 20240520, "magic number mismatch in the data .bin file"
    assert header[1] == 1, "unsupported version"
    num_tokens = int(header[2]) # number of tokens (claimed)
    with file.open("rb", buffering=0) as f:
        tokens = torch.empty(num_tokens, dtype=torch.uint16, pin_memory=True)
        f.seek(256 * 4)
        nbytes = f.readinto(tokens.numpy()) # avoid bytes->array copy
        assert nbytes == 2 * num_tokens, "number of tokens read does not match header"
    return tokens

def distributed_data_generator(filename_pattern: str, batch_size: int, seq_len=1024):
    files = sorted(Path.cwd().glob(filename_pattern))
    assert batch_size % dist.get_world_size() == 0
    local_batch_size = batch_size // dist.get_world_size()
    file_iter = iter(files)
    tokens, pos = _load_data_shard(next(file_iter)), 0
    while True:
        if pos + batch_size + 1 >= len(tokens):
            tokens, pos = _load_data_shard(next(file_iter)), 0
        buf = tokens[pos + dist.get_rank() * local_batch_size:][:local_batch_size + 1]
        inputs = buf[:-1].to(device="cuda", dtype=torch.int32, non_blocking=True)
        targets = buf[1:].to(device="cuda", dtype=torch.int64, non_blocking=True)
        pos += batch_size
        yield inputs.view(-1, seq_len), targets.view(-1, seq_len)


########################################
#             Architecture             #
########################################

class RMSNorm(nn.Module):
    def __init__(self, dim):
        super().__init__()
        self.gains = nn.Parameter(torch.ones(dim))

    def forward(self, x):
        return F.rms_norm(x, (x.size(-1),), weight=self.gains.type_as(x))

class Linear(nn.Linear):
    def __init__(self, in_features, out_features):
        super().__init__(in_features, out_features, bias=True)

    def forward(self, x):
        return F.linear(x, self.weight.type_as(x), self.bias.type_as(x))

class Rotary(nn.Module):
    def __init__(self, dim: int):
        super().__init__()
        # half-truncate RoPE (w/ base freq tuning)
        angular_freq = (1 / 1024) ** torch.linspace(0, 1, steps=dim//4, dtype=torch.float32)
        self.register_buffer("angular_freq", torch.cat([angular_freq, angular_freq.new_zeros(dim//4)]))

    def forward(self, x_BTHD: Tensor):
        pos = torch.arange(x_BTHD.size(1), dtype=torch.float32, device=x_BTHD.device)
        theta = torch.outer(pos, self.angular_freq)[None, :, None, :]
        cos, sin = theta.cos(), theta.sin()
        x1, x2 = x_BTHD.to(dtype=torch.float32).chunk(2, dim=-1)
        y1 = x1 * cos + x2 * sin
        y2 = x1 * (-sin) + x2 * cos
        return torch.cat((y1, y2), 3).type_as(x_BTHD)

class CausalSelfAttention(nn.Module):
    def __init__(self, dim: int, head_dim=128):
        super().__init__()
        self.num_heads = dim // head_dim
        self.head_dim = head_dim
        hdim = self.num_heads * self.head_dim
        self.q = Linear(dim, hdim)
        self.k = Linear(dim, hdim)
        self.v = Linear(dim, hdim)
        self.proj = Linear(hdim, dim)
        self.rotary = Rotary(head_dim)

    def forward(self, x: Tensor):
        B, T = x.size(0), x.size(1)
        q = self.q(x).view(B, T, self.num_heads, self.head_dim)
        k = self.k(x).view(B, T, self.num_heads, self.head_dim)
        v = self.v(x).view(B, T, self.num_heads, self.head_dim)
        q, k = F.rms_norm(q, (q.size(-1),)), F.rms_norm(k, (k.size(-1),))
        q, k = self.rotary(q), self.rotary(k)
        y = F.scaled_dot_product_attention(q.transpose(1, 2), k.transpose(1, 2),
                                           v.transpose(1, 2), scale=0.12, is_causal=True).transpose(1, 2)
        y = y.contiguous().view(B, T, self.num_heads * self.head_dim)
        y = self.proj(y)
        return y

class MLP(nn.Module):
    def __init__(self, dim: int):
        super().__init__()
        hdim = 4 * dim
        self.fc = Linear(dim, hdim)
        self.proj = Linear(hdim, dim)

    def forward(self, x: Tensor):
        x = self.fc(x)
        x = x.relu().square()
        x = self.proj(x)
        return x

class Block(nn.Module):
    def __init__(self, dim: int):
        super().__init__()
        self.attn = CausalSelfAttention(dim)
        self.mlp = MLP(dim)
        self.norm1 = RMSNorm(dim)
        self.norm2 = RMSNorm(dim)

    def forward(self, x: Tensor):
        x = x + self.attn(self.norm1(x))
        x = x + self.mlp(self.norm2(x))
        return x

class GPT(nn.Module):
    def __init__(self, vocab_size: int, num_layers: int, model_dim: int):
        super().__init__()
        self.embed = nn.Embedding(vocab_size, model_dim).bfloat16()
        self.blocks = nn.ModuleList([Block(model_dim) for _ in range(num_layers)])
        self.proj = Linear(model_dim, vocab_size)
        self.norm1 = RMSNorm(model_dim)
        self.norm2 = RMSNorm(model_dim)

    def forward(self, inputs: Tensor, targets: Tensor):
        x = self.norm1(self.embed(inputs))
        for block in self.blocks:
            x = block(x)
        logits = self.proj(self.norm2(x)).float()
        logits = 15 * logits * (logits.square() + 15**2).rsqrt()
        return F.cross_entropy(logits.view(targets.numel(), -1), targets.view(-1), reduction="sum")


########################################
#              Optimizer               #
########################################

def leon_compute_dtype(dtype_name: str):
    if dtype_name == "bfloat16":
        return torch.bfloat16
    if dtype_name == "float32":
        return torch.float32
    if dtype_name == "float64":
        return torch.float64
    raise ValueError(f"Unsupported Leon orthogonalization dtype: {dtype_name!r}")


def leon_accum_dtype(dtype_name: str):
    return torch.float64 if dtype_name == "float64" else torch.float32


def leon_orthogonalize(grad: Tensor, momentum_buffer: Tensor, second_momentum_buffer: Tensor,
                       momentum: float = 0.95, beta2: float = 0.7,
                       ns_iters: int = 6, ns_coeffs: tuple = (2, -1.5, 0.5),
                       eps: float = 1e-7, l_scale: float = 1.0,
                       compute_dtype: str = "bfloat16",
                       l_normalize_mode: str = "off",
                       match_l0_norm: bool = False,
                       use_grad_diff: bool = False,
                       prev_grad_buffer: Tensor = None,
                       use_nesterov: bool = True) -> Tensor:
    """
    Leon update: Nesterov momentum + Newton-Schulz orthogonalization with
    augmented Gram matrix (second momentum buffer).

    Computes (GG^T + L)^{-0.5} G where L is an EMA-like gradient Gram statistic,
    using Newton-Schulz iterations to approximate the matrix inverse square root.

    Args:
        grad: Raw gradient (mutated in-place into the Nesterov-corrected update)
        momentum_buffer: First-moment unnormalized exponential sum
            S_t = momentum * S_{t-1} + grad_t (updated in place).
        second_momentum_buffer: Second-moment unnormalized exponential sum
            T_t = beta2 * T_{t-1} + grad_t grad_t^T (updated in place).
        momentum: First momentum coefficient (Nesterov)
        beta2: Second momentum coefficient
        ns_iters: Number of Newton-Schulz iterations
        ns_coeffs: (a, b, c) coefficients for the NS iteration
        eps: Diagonal stability epsilon added to the augmented Gram matrix
        l_scale: Multiplier for the second-momentum Gram contribution
        compute_dtype: Matrix-update dtype for X inside the NS iteration
        l_normalize_mode: "off" uses L = l_scale * T_t; "match_g" rescales L so
            tr(L) = l_scale * ||G||_F^2 (l_scale=1.0 -> tr(L) fraction 0.5).
        match_l0_norm: When True, rescale the final NS output to Frobenius norm
            sqrt(min(D1, D2)), matching the L=0 update's natural Frobenius norm.
    """
    is_tall = grad.size(-2) >= grad.size(-1)
    x_dtype = leon_compute_dtype(compute_dtype)
    accum_dtype = leon_accum_dtype(compute_dtype)

    # 0. Compute Gram matrix of raw gradient BEFORE mutating it with momentum
    if use_grad_diff and prev_grad_buffer is not None:
        gram_src = grad - prev_grad_buffer
        prev_grad_buffer.copy_(grad)  # store raw grad before momentum mutation
    else:
        gram_src = grad

    if is_tall:
        gram_tmp = gram_src.mT @ gram_src
    else:
        gram_tmp = gram_src @ gram_src.mT

    # Both buffers are stored as unnormalized exponential sums:
    #   S_t = momentum * S_{t-1} + grad_t          (first moment)
    #   T_t = beta2    * T_{t-1} + grad_t grad_t^T (second moment)
    # so we avoid the lerp_ / divide-by-(1-decay) round-trip used in EMA storage.

    # 1. First-moment sum + Nesterov: g = grad + momentum * S_t
    if use_nesterov and momentum_buffer is not None:
        momentum_buffer.mul_(momentum).add_(grad)
        g = grad.add_(momentum_buffer, alpha=momentum)
    else:
        g = grad  # no momentum: orthogonalize the raw gradient directly

    # 2. Second-moment sum: T_t in place
    second_momentum_buffer.mul_(beta2).add_(gram_tmp)

    X = g.to(dtype=x_dtype)
    L_unscaled = second_momentum_buffer.to(dtype=accum_dtype)
    if l_normalize_mode == "match_g":
        x_sq = X.to(dtype=accum_dtype).pow(2).sum()
        raw_l_tr = L_unscaled.diagonal(dim1=-2, dim2=-1).sum().clamp_min(1e-12)
        # Rescale so tr(L) = l_scale * ||X||_F^2 regardless of the raw sum magnitude.
        L = L_unscaled * (l_scale * x_sq / raw_l_tr)
    else:
        L = L_unscaled * l_scale
    A = 0.5 * (L + L.transpose(-2, -1))  # ensure symmetry

    # 3. Scale so that tr(GG^T + L) ≈ 1
    tr = X.to(dtype=accum_dtype).pow(2).sum(dim=(-2, -1), keepdim=True) \
       + A.diagonal(dim1=-2, dim2=-1).sum(dim=-1, keepdim=True).unsqueeze(-1)
    tr = tr.clamp_min(1e-12) * ((1 + 2e-2)**2)  # safety cushion

    inv_sqrt_tr = tr.rsqrt()
    inv_tr = inv_sqrt_tr.square()

    X = X * inv_sqrt_tr.to(X.dtype)
    A = (A * inv_tr).contiguous()

    # 4. Initial augmented Gram: A0 = gram(X) + L_scaled
    if is_tall:
        A = A + (X.mT @ X)
    else:
        A = A + (X @ X.mT)
    A.diagonal(dim1=-2, dim2=-1).add_(eps)  # eps for stability

    # 5. Newton-Schulz iterations with A iteration
    a, b, c = ns_coeffs
    last_iter = ns_iters - 1
    for i in range(ns_iters):
        A = 0.5 * (A + A.transpose(-2, -1))  # keep symmetric
        B = b * A + c * (A @ A)

        if is_tall:
            X = a * X + X @ B.to(X.dtype)
        else:
            X = a * X + B.to(X.dtype) @ X

        # Update A alongside X (skip on last iteration)
        if i < last_iter:
            # A <- (aI + B) A (aI + B)
            # computed as: D = a*A + B@A, then A = a*D + D@B
            D = a * A + B @ A
            A = a * D + D @ B

    if match_l0_norm:
        # Rescale X to ||X||_F = sqrt(min(D1, D2)), the natural Frobenius norm
        # of an orthogonalized (L=0) Muon-NS update.
        target = float(min(X.size(-2), X.size(-1))) ** 0.5
        cur = X.to(dtype=accum_dtype).norm().clamp_min(1e-12)
        X = X * (target / cur).to(X.dtype)

    return X


class Leon(torch.optim.Optimizer):
    """
    Leon optimizer: Nesterov momentum + Newton-Schulz orthogonalization with
    an augmented Gram matrix (second momentum buffer).

    Unlike Muon which recomputes A = X@X^T each NS iteration, Leon maintains
    a second momentum buffer L (scaled from an EMA of gradient Gram matrices) and augments
    the iteration matrix: A = X@X^T + L. A is also iterated alongside X.
    """
    def __init__(self, params, lr=0.025, weight_decay=0.025, mu=0.95, beta2=0.7,
                 ns_iters=6, eps=1e-7, l_scale=1.0, orthogonalize_dtype="bfloat16",
                 l_normalize_mode="off", match_l0_norm=False, use_grad_diff=False,
                 use_nesterov=True):
        assert isinstance(params, list) and len(params) >= 1 and isinstance(params[0], torch.nn.Parameter)
        params = sorted(params, key=lambda x: x.size(), reverse=True)
        defaults = dict(lr=lr, weight_decay=weight_decay, mu=mu, beta2=beta2,
                        ns_iters=ns_iters, eps=eps, l_scale=l_scale,
                        orthogonalize_dtype=orthogonalize_dtype,
                        l_normalize_mode=l_normalize_mode,
                        match_l0_norm=match_l0_norm,
                        use_grad_diff=use_grad_diff,
                        use_nesterov=use_nesterov)
        super().__init__(params, defaults)
        self.param_names = {}

    def diagnostic_stats(self, selected_patterns):
        if isinstance(selected_patterns, str):
            selected_patterns = (selected_patterns,)
        selected_patterns = tuple(selected_patterns)

        rows = []
        rank = dist.get_rank()
        world_size = dist.get_world_size()
        with torch.no_grad():
            for group in self.param_groups:
                params = group["params"]
                for base_i in range(0, len(params), world_size):
                    if base_i + rank >= len(params):
                        continue
                    p = params[base_i + rank]
                    name = self.param_names.get(p, f"param_{base_i + rank}")
                    if selected_patterns and not any(pattern in name for pattern in selected_patterns):
                        continue
                    if p.grad is None:
                        continue

                    state = self.state[p]
                    use_nesterov = group.get("use_nesterov", True)
                    if len(state) == 0:
                        momentum_buffer = torch.zeros_like(p, dtype=torch.float32) if use_nesterov else None
                        min_D = min(p.shape[-2], p.shape[-1])
                        second_momentum_buffer = torch.zeros(
                            min_D, min_D, dtype=torch.float32, device=p.device
                        )
                    else:
                        momentum_buffer = state.get("momentum_buffer")  # None when use_nesterov=False
                        second_momentum_buffer = state["second_momentum_buffer"]

                    prev_grad_buffer = state.get("prev_grad_buffer")
                    prev_grad_clone = prev_grad_buffer.clone() if prev_grad_buffer is not None else None

                    grad = p.grad.float()
                    momentum_clone = momentum_buffer.clone() if momentum_buffer is not None else None
                    l_clone = second_momentum_buffer.clone()
                    grad_for_update = grad.clone()

                    # Compute grad_diff_norm before leon_orthogonalize mutates prev_grad_clone
                    if prev_grad_clone is not None:
                        grad_diff_norm = (grad_for_update - prev_grad_clone).float().norm()
                    else:
                        grad_diff_norm = math.nan

                    update = leon_orthogonalize(
                        grad_for_update, momentum_clone, l_clone,
                        momentum=group["mu"], beta2=group["beta2"],
                        ns_iters=group["ns_iters"], eps=group["eps"],
                        l_scale=group["l_scale"],
                        compute_dtype=group["orthogonalize_dtype"],
                        l_normalize_mode=group["l_normalize_mode"],
                        match_l0_norm=group["match_l0_norm"],
                        use_grad_diff=group.get("use_grad_diff", False),
                        prev_grad_buffer=prev_grad_clone,
                        use_nesterov=use_nesterov,
                    )
                    update *= max(1, p.size(-2) / p.size(-1))**0.5

                    momentum_l0 = momentum_buffer.clone() if momentum_buffer is not None else None
                    l_l0 = second_momentum_buffer.clone()
                    update_l0 = leon_orthogonalize(
                        grad.clone(), momentum_l0, l_l0,
                        momentum=group["mu"], beta2=group["beta2"],
                        ns_iters=group["ns_iters"], eps=group["eps"],
                        l_scale=0.0,
                        compute_dtype=group["orthogonalize_dtype"],
                        use_nesterov=use_nesterov,
                    )
                    update_l0 *= max(1, p.size(-2) / p.size(-1))**0.5

                    update_float = update.float()
                    update_l0_float = update_l0.float()
                    update_norm = update_float.norm()
                    update_l0_norm = update_l0_float.norm()
                    cosine_denom = (update_norm * update_l0_norm).clamp_min(1e-12)
                    update_l0_cos = (update_float.flatten() @ update_l0_float.flatten()) / cosine_denom
                    grad_norm = grad.norm()
                    # momentum_clone holds the unnormalized sum S_t (post-step) when use_nesterov=True.
                    if momentum_clone is not None:
                        momentum_norm = momentum_clone.norm()
                        update_momentum_cos = (update_float.flatten() @ momentum_clone.float().flatten()) / (
                            update_norm * momentum_norm
                        ).clamp_min(1e-12)
                    else:
                        momentum_norm = math.nan
                        update_momentum_cos = math.nan
                    l_for_stats = l_clone
                    update_grad_cos = (update_float.flatten() @ grad.flatten()) / (
                        update_norm * grad_norm
                    ).clamp_min(1e-12)

                    l_sym = 0.5 * (l_for_stats + l_for_stats.transpose(-2, -1))
                    l_trace = l_sym.diagonal(dim1=-2, dim2=-1).sum().clamp_min(0)
                    l_fro = l_sym.norm()
                    diagnostic_accum_dtype = leon_accum_dtype(group["orthogonalize_dtype"])
                    g_sq = grad_for_update.to(dtype=diagnostic_accum_dtype).pow(2).sum()
                    # Reflect the actual effective tr(L) used inside leon_orthogonalize:
                    # match_g rescales tr(L) to l_scale * ||g||^2, off uses l_scale * tr(L_unscaled).
                    if group["l_normalize_mode"] == "match_g":
                        effective_l_trace = group["l_scale"] * g_sq
                    else:
                        effective_l_trace = group["l_scale"] * l_trace
                    l_trace_fraction = effective_l_trace / (g_sq + effective_l_trace).clamp_min(1e-12)
                    if l_trace > 0:
                        l_top_eval = torch.linalg.eigvalsh(l_sym).amax().clamp_min(0)
                        l_top_eval_fraction = l_top_eval / l_trace.clamp_min(1e-12)
                    else:
                        l_top_eval = l_trace
                        l_top_eval_fraction = l_trace

                    weight_norm = p.float().norm()
                    # LR-free shape metric: ||update||_F / ||W||_F. Multiply by lr (also
                    # logged) to recover the per-step relative move.
                    relative_update = update_norm / weight_norm.clamp_min(1e-12)
                    relative_update_l0 = update_l0_norm / weight_norm.clamp_min(1e-12)

                    rows.append(dict(
                        name=name,
                        lr=float(group["lr"]),
                        weight_norm=float(weight_norm.item()),
                        grad_norm=float(grad_norm.item()),
                        grad_diff_norm=float(grad_diff_norm) if isinstance(grad_diff_norm, float) else float(grad_diff_norm.item()),
                        momentum_norm=float(momentum_norm) if isinstance(momentum_norm, float) else float(momentum_norm.item()),
                        update_norm=float(update_norm.item()),
                        update_l0_norm=float(update_l0_norm.item()),
                        relative_update=float(relative_update.item()),
                        relative_update_l0=float(relative_update_l0.item()),
                        update_l0_cos=float(update_l0_cos.item()),
                        update_grad_cos=float(update_grad_cos.item()),
                        update_momentum_cos=float(update_momentum_cos) if isinstance(update_momentum_cos, float) else float(update_momentum_cos.item()),
                        l_trace=float(l_trace.item()),
                        l_fro=float(l_fro.item()),
                        l_trace_fraction=float(l_trace_fraction.item()),
                        l_top_eval=float(l_top_eval.item()),
                        l_top_eval_fraction=float(l_top_eval_fraction.item()),
                    ))
        return rows

    @torch.no_grad()
    def step(self):
        world_size = dist.get_world_size()
        rank = dist.get_rank()
        for group in self.param_groups:
            params = group["params"]
            params_pad = params + [torch.empty_like(params[-1])] * (world_size - len(params) % world_size)
            for base_i in range(0, len(params), world_size):
                if base_i + rank < len(params):
                    p = params[base_i + rank]
                    state = self.state[p]
                    if len(state) == 0:
                        if group["use_nesterov"]:
                            state["momentum_buffer"] = torch.zeros_like(p, dtype=torch.float32)
                        D1, D2 = p.shape[-2], p.shape[-1]
                        min_D = min(D1, D2)
                        state["second_momentum_buffer"] = torch.zeros(
                            min_D, min_D, dtype=torch.float32, device=p.device
                        )
                        if group["use_grad_diff"]:
                            state["prev_grad_buffer"] = torch.zeros_like(p, dtype=torch.float32)
                    grad = p.grad.float()
                    update = leon_orthogonalize(
                        grad, state.get("momentum_buffer"), state["second_momentum_buffer"],
                        momentum=group["mu"], beta2=group["beta2"],
                        ns_iters=group["ns_iters"], eps=group["eps"],
                        l_scale=group["l_scale"],
                        compute_dtype=group["orthogonalize_dtype"],
                        l_normalize_mode=group["l_normalize_mode"],
                        match_l0_norm=group["match_l0_norm"],
                        use_grad_diff=group["use_grad_diff"],
                        prev_grad_buffer=state.get("prev_grad_buffer"),
                        use_nesterov=group["use_nesterov"],
                    )
                    update *= max(1, p.size(-2) / p.size(-1))**0.5
                    p.mul_(1 - group["lr"] * group["weight_decay"])
                    p.add_(update, alpha=-group["lr"])
                dist.all_gather(params_pad[base_i:base_i + world_size], params_pad[base_i + rank])


########################################
#                Setup                 #
########################################

def main():
    args = parse_args()
    num_trials = args.trials if args.trials is not None else (args.legacy_trials or 1)
    hparams = resolve_hparams(args.set)
    validate_hparams(hparams)

    if args.dry_run:
        run_dir = create_run_dir(args.out_dir)
        write_run_files(run_dir, args, hparams, "dry-run")
        print(f"dry_run:true out_dir:{run_dir}")
        print(json.dumps(dict(hparams=hparams, config_diff=config_diff(hparams)), indent=2, sort_keys=True))
        return

    global device
    # torchrun sets these env variables
    device = torch.device("cuda", int(os.environ["LOCAL_RANK"]))
    torch.cuda.set_device(device)
    dist.init_process_group(backend="nccl", device_id=device)
    dist.barrier()
    # this code can be run equivalently with 1, 2, 4, or 8 gpus.
    assert 8 % dist.get_world_size() == 0

    try:
        if dist.get_rank() == 0:
            run_dir = create_run_dir(args.out_dir)
        else:
            run_dir = None
        run_dir_obj = [str(run_dir) if run_dir is not None else None]
        dist.broadcast_object_list(run_dir_obj, src=0)
        run_dir = Path(run_dir_obj[0])
        logfile = run_dir / "train.log"

        # logging setup
        if dist.get_rank() == 0:
            print(logfile)
            write_run_files(run_dir, args, hparams, "train", dict(
                device_name=torch.cuda.get_device_name(device),
                world_size=dist.get_world_size(),
            ))

        wandb_run = None
        if hparams["wandb_project"] is not None and dist.get_rank() == 0:
            try:
                import wandb
                wandb_run = wandb.init(
                    project=hparams["wandb_project"],
                    mode=hparams.get("wandb_mode", "online"),
                    name=hparams.get("wandb_run_name") or run_dir.name,
                    dir=str(run_dir),
                    config=hparams,
                    tags=[Path(__file__).stem, f"world_size={dist.get_world_size()}"],
                )
            except Exception as e:
                print(f"[wandb] init failed, continuing without wandb: {e}")
                wandb_run = None

        def print0(s, console=False, log=True):
            if dist.get_rank() == 0:
                if console:
                    print(s)
                if log:
                    with open(logfile, "a") as f:
                        print(s, file=f)

        # we begin by logging this file itself
        print0(code)
        print0("="*100)
        print0(f"Running PyTorch {torch.version.__version__} compiled for CUDA {torch.version.cuda}"
               + f" on {torch.cuda.get_device_name(device)} with world_size {dist.get_world_size()}")
        print0(json.dumps(dict(hparams=hparams, config_diff=config_diff(hparams)), indent=2, sort_keys=True))
        print0("="*100)

        val_tokens = 20 * 524288
        batch_size = 8 * 64 * 1024
        mbs = 64
        val_inputs, val_targets = next(distributed_data_generator("data/fineweb10B/fineweb_val_*.bin", val_tokens))

        model = GPT(vocab_size=50304, num_layers=12, model_dim=768).cuda()
        model.compile(dynamic=False)

        for _ in range(num_trials):


            ########################################
            #            Hyperparameters            #
            ########################################

            train_steps = hparams["train_steps"]

            # initialize model parameters
            for name, p in model.named_parameters():
                w = p.data
                if name.endswith("weight"):
                    if "proj" in name:
                        w.zero_()
                    elif "embed" in name:
                        w.normal_()  # default torch init
                    else:
                        w.normal_(std=0.33**0.5 / w.size(-1)**0.5)  # default torch init
                elif name.endswith("bias"):
                    w.zero_()
                elif name.endswith("gains"):
                    w.normal_(mean=1, std=0)
                else:
                    raise Exception(f"Uninitialized parameter: {name}")

            # create the optimizer(s)
            optimizer1 = AdamW([dict(params=[model.embed.weight], lr=hparams["embed_lr"]),
                                dict(params=[model.proj.weight], lr=hparams["proj_lr"]),
                                dict(params=[p for p in model.parameters() if p.ndim < 2], lr=hparams["scalar_lr"])],
                               betas=hparams["adam_betas"], eps=hparams["adam_eps"],
                               weight_decay=hparams["adam_wd"], fused=True)
            optimizer2 = Leon([p for p in model.blocks.parameters() if p.ndim >= 2],
                              lr=hparams["leon_lr"], weight_decay=hparams["leon_wd"],
                              mu=hparams["leon_mu"], beta2=hparams["leon_beta2"],
                              ns_iters=hparams["leon_ns_iters"], eps=hparams["leon_eps"],
                              l_scale=hparams["leon_l_scale"],
                              orthogonalize_dtype=hparams["leon_orthogonalize_dtype"],
                              l_normalize_mode=hparams["leon_l_normalize_mode"],
                              match_l0_norm=hparams["leon_match_l0_norm"],
                              use_grad_diff=hparams["leon_use_grad_diff"],
                              use_nesterov=hparams["leon_use_nesterov"])
            optimizer2.param_names = {p: name for name, p in model.named_parameters()}
            optimizers = [optimizer1, optimizer2]
            assert set(p for opt in optimizers for group in opt.param_groups
                       for p in group["params"]) == set(model.parameters())
            for opt in optimizers:
                for group in opt.param_groups:
                    group["initial_lr"] = group["lr"]
            for group in optimizer1.param_groups:
                group["cooldown_frac"] = hparams["adam_cooldown_frac"]
            for group in optimizer2.param_groups:
                group["cooldown_frac"] = hparams["leon_cooldown_frac"]
                group["l_scale"] = scheduled_l_scale(hparams, 0.0)

            # learning rate schedule: stable then decay
            def set_hparams(step):
                progress = step / train_steps
                assert 0 <= progress < 1
                for opt in optimizers:
                    for group in opt.param_groups:
                        cooldown_frac = group["cooldown_frac"]
                        if progress < 1 - cooldown_frac:
                            eta = 1.0
                        else:
                            eta = (1 - progress) / cooldown_frac
                        group["lr"] = group["initial_lr"] * eta
                l_scale = scheduled_l_scale(hparams, progress)
                for group in optimizer2.param_groups:
                    group["l_scale"] = l_scale

            def log_leon_diagnostics(step):
                if not hparams["leon_log_diagnostics"]:
                    return
                interval = hparams["leon_diag_interval"]
                if interval <= 0 or step % interval != 0:
                    return
                local_rows = optimizer2.diagnostic_stats(hparams["leon_diag_patterns"])
                gathered_rows = [None] * dist.get_world_size()
                dist.all_gather_object(gathered_rows, local_rows)
                if dist.get_rank() != 0:
                    return
                rows = [row for rank_rows in gathered_rows for row in rank_rows]
                rows.sort(key=lambda row: row["name"])
                for row in rows:
                    print0(
                        "diag"
                        + f" step:{step}"
                        + f" name:{row['name']}"
                        + f" lr:{row['lr']:.8g}"
                        + f" weight_norm:{row['weight_norm']:.6g}"
                        + f" grad_norm:{row['grad_norm']:.6g}"
                        + f" grad_diff_norm:{row['grad_diff_norm']:.6g}"
                        + f" momentum_norm:{row['momentum_norm']:.6g}"
                        + f" update_norm:{row['update_norm']:.6g}"
                        + f" update_l0_norm:{row['update_l0_norm']:.6g}"
                        + f" relative_update:{row['relative_update']:.6g}"
                        + f" relative_update_l0:{row['relative_update_l0']:.6g}"
                        + f" update_l0_cos:{row['update_l0_cos']:.6g}"
                        + f" update_grad_cos:{row['update_grad_cos']:.6g}"
                        + f" update_momentum_cos:{row['update_momentum_cos']:.6g}"
                        + f" l_trace:{row['l_trace']:.6g}"
                        + f" l_fro:{row['l_fro']:.6g}"
                        + f" l_trace_fraction:{row['l_trace_fraction']:.6g}"
                        + f" l_top_eval:{row['l_top_eval']:.6g}"
                        + f" l_top_eval_fraction:{row['l_top_eval_fraction']:.6g}",
                        console=False,
                    )
                if wandb_run is not None:
                    wandb_run.log({
                        f"diag/{row['name']}/{k}": v
                        for row in rows for k, v in row.items() if k != "name"
                    }, step=step)


            ########################################
            #        Training and Validation       #
            ########################################

            train_loader = distributed_data_generator("data/fineweb10B/fineweb_train_*.bin", batch_size)
            for p in model.parameters():
                dist.broadcast(p.detach(), 0)
            # start the clock
            training_time = 0
            last_val_step = 0
            dist.barrier()
            t0 = time.perf_counter()
            for step in range(train_steps + 1):

                # --------------- VALIDATION SECTION -----------------
                if step == train_steps or step % 125 == 0:
                    # stop the clock
                    dist.barrier()
                    time_since_last_val = time.perf_counter() - t0
                    step_avg = time_since_last_val / (step - last_val_step) if step > 0 else float("nan")
                    last_val_step = step
                    training_time += time_since_last_val
                    model.eval()
                    val_loss = 0
                    with torch.no_grad():
                        assert len(val_inputs) % mbs == 0
                        for i in range(len(val_inputs) // mbs):
                            val_loss += model(val_inputs[i*mbs:(i+1)*mbs], val_targets[i*mbs:(i+1)*mbs])
                    dist.all_reduce(val_loss, op=dist.ReduceOp.SUM)
                    val_loss /= val_tokens
                    print0(f"step:{step}/{train_steps} val_loss:{val_loss:.5f} train_time:{training_time:.3f}s"
                           + f" step_avg:{1000*step_avg:.2f}ms", console=True)
                    if wandb_run is not None:
                        wandb_run.log({
                            "val_loss": float(val_loss),
                            "train_time_s": training_time,
                            "step_avg_ms": 1000 * step_avg if step > 0 else 0.0,
                        }, step=step)
                    model.train()
                    # start the clock again
                    dist.barrier()
                    t0 = time.perf_counter()

                if step == train_steps:
                    break

                # --------------- TRAINING SECTION -----------------
                inputs, targets = next(train_loader)
                # accumulate across microbatches in case we are running with fewer than 8 gpus
                assert len(inputs) % mbs == 0
                for i in range(len(inputs) // mbs):
                    model(inputs[i*mbs:(i+1)*mbs], targets[i*mbs:(i+1)*mbs]).backward()
                for name, p in model.named_parameters():
                    assert p.grad is not None, name
                    dist.all_reduce(p.grad, op=dist.ReduceOp.SUM)
                # set optimization hyperparameters and take a step
                set_hparams(step)
                log_leon_diagnostics(step + 1)
                for opt in optimizers:
                    opt.step()
                model.zero_grad(set_to_none=True)
                approx_training_time = training_time + (time.perf_counter() - t0)
                print0(f"step:{step+1}/{train_steps} train_time:{approx_training_time:.3f}s"
                       + f" step_avg:{1000*approx_training_time/(step + 1):.2f}ms", console=True, log=False)
    finally:
        if 'wandb_run' in locals() and wandb_run is not None:
            wandb_run.finish()
        dist.destroy_process_group()


if __name__ == "__main__":
    main()

====================================================================================================
Running PyTorch 2.11.0+cu128 compiled for CUDA 12.8 on NVIDIA H100 NVL with world_size 4
{
  "config_diff": {
    "leon_eps": 1e-12,
    "leon_log_diagnostics": true,
    "leon_mu": 0.98,
    "leon_ns_iters": 12,
    "leon_orthogonalize_dtype": "float32",
    "leon_use_grad_diff": true,
    "train_steps": 1500,
    "wandb_project": "modded-nanogpt-track3",
    "wandb_run_name": "gd_mu098_1500"
  },
  "hparams": {
    "adam_betas": [
      0.8,
      0.95
    ],
    "adam_cooldown_frac": 0.7,
    "adam_eps": 1e-10,
    "adam_wd": 0.0,
    "embed_lr": 0.3,
    "leon_beta2": 0.7,
    "leon_cooldown_frac": 0.7,
    "leon_diag_interval": 125,
    "leon_diag_patterns": [
      "blocks.0.attn.q.weight",
      "blocks.6.mlp.proj.weight",
      "blocks.11.attn.proj.weight"
    ],
    "leon_eps": 1e-12,
    "leon_l_normalize_mode": "off",
    "leon_l_scale": 1.0,
    "leon_l_scale_ramp_end_frac": 0.6,
    "leon_l_scale_ramp_start_frac": 0.2,
    "leon_l_scale_schedule": "constant",
    "leon_log_diagnostics": true,
    "leon_lr": 0.025,
    "leon_match_l0_norm": false,
    "leon_mu": 0.98,
    "leon_ns_iters": 12,
    "leon_orthogonalize_dtype": "float32",
    "leon_use_grad_diff": true,
    "leon_use_nesterov": true,
    "leon_wd": 0.025,
    "proj_lr": 0.003125,
    "scalar_lr": 0.01,
    "train_steps": 1500,
    "wandb_mode": "online",
    "wandb_project": "modded-nanogpt-track3",
    "wandb_run_name": "gd_mu098_1500"
  }
}
====================================================================================================
step:0/1500 val_loss:10.82584 train_time:0.001s step_avg:nanms
diag step:125 name:blocks.0.attn.q.weight lr:0.025 weight_norm:33.3105 grad_norm:4081.92 grad_diff_norm:7273.82 momentum_norm:19671.8 update_norm:20.8976 update_l0_norm:27.4604 relative_update:0.627358 relative_update_l0:0.824377 update_l0_cos:0.917401 update_grad_cos:0.158973 update_momentum_cos:0.479574 l_trace:1.98123e+08 l_fro:9.65683e+07 l_trace_fraction:0.31967 l_top_eval:9.04175e+07 l_top_eval_fraction:0.456371
diag step:125 name:blocks.11.attn.proj.weight lr:0.025 weight_norm:36.532 grad_norm:10985.9 grad_diff_norm:21046 momentum_norm:21386 update_norm:21.3208 update_l0_norm:26.6429 relative_update:0.58362 relative_update_l0:0.729303 update_l0_cos:0.917669 update_grad_cos:0.0341293 update_momentum_cos:0.304289 l_trace:1.16379e+09 l_fro:1.12682e+09 l_trace_fraction:0.714887 l_top_eval:1.12678e+09 l_top_eval_fraction:0.968202
diag step:125 name:blocks.6.mlp.proj.weight lr:0.025 weight_norm:47.5836 grad_norm:7408.65 grad_diff_norm:14091.4 momentum_norm:29211.2 update_norm:22.9404 update_l0_norm:27.7128 relative_update:0.482108 relative_update_l0:0.582403 update_l0_cos:0.970248 update_grad_cos:0.144013 update_momentum_cos:0.463425 l_trace:6.2587e+08 l_fro:3.106e+08 l_trace_fraction:0.396532 l_top_eval:2.77957e+08 l_top_eval_fraction:0.444113
step:125/1500 val_loss:4.64689 train_time:60.182s step_avg:481.45ms
diag step:250 name:blocks.0.attn.q.weight lr:0.025 weight_norm:60.1375 grad_norm:2906.52 grad_diff_norm:4138.11 momentum_norm:8086.49 update_norm:21.0119 update_l0_norm:27.5216 relative_update:0.349398 relative_update_l0:0.457644 update_l0_cos:0.918427 update_grad_cos:0.167269 update_momentum_cos:0.597961 l_trace:5.5763e+07 l_fro:2.58036e+07 l_trace_fraction:0.401471 l_top_eval:2.44155e+07 l_top_eval_fraction:0.437845
diag step:250 name:blocks.11.attn.proj.weight lr:0.025 weight_norm:66.8796 grad_norm:7035.12 grad_diff_norm:11884.9 momentum_norm:11569.8 update_norm:21.416 update_l0_norm:26.9896 relative_update:0.320217 relative_update_l0:0.403556 update_l0_cos:0.925899 update_grad_cos:0.0655368 update_momentum_cos:0.362552 l_trace:3.98736e+08 l_fro:3.85186e+08 l_trace_fraction:0.589202 l_top_eval:3.85176e+08 l_top_eval_fraction:0.965992
diag step:250 name:blocks.6.mlp.proj.weight lr:0.025 weight_norm:73.3302 grad_norm:5036.99 grad_diff_norm:7981.06 momentum_norm:10813.5 update_norm:22.8382 update_l0_norm:27.7128 relative_update:0.311443 relative_update_l0:0.377918 update_l0_cos:0.978863 update_grad_cos:0.198853 update_momentum_cos:0.812147 l_trace:2.11373e+08 l_fro:8.90598e+07 l_trace_fraction:0.553369 l_top_eval:7.32229e+07 l_top_eval_fraction:0.346415
step:250/1500 val_loss:4.12949 train_time:117.904s step_avg:461.77ms
diag step:375 name:blocks.0.attn.q.weight lr:0.025 weight_norm:75.858 grad_norm:1805.41 grad_diff_norm:2731.97 momentum_norm:5218.57 update_norm:20.6798 update_l0_norm:27.5293 relative_update:0.272613 relative_update_l0:0.362905 update_l0_cos:0.91067 update_grad_cos:0.176096 update_momentum_cos:0.661255 l_trace:2.14756e+07 l_fro:8.68355e+06 l_trace_fraction:0.386542 l_top_eval:8.11007e+06 l_top_eval_fraction:0.377641
diag step:375 name:blocks.11.attn.proj.weight lr:0.025 weight_norm:86.6387 grad_norm:4823.03 grad_diff_norm:7943.14 momentum_norm:6994.4 update_norm:21.307 update_l0_norm:27.2428 relative_update:0.245929 relative_update_l0:0.314442 update_l0_cos:0.922951 update_grad_cos:0.0694128 update_momentum_cos:0.453465 l_trace:1.89569e+08 l_fro:1.81675e+08 l_trace_fraction:0.638983 l_top_eval:1.8167e+08 l_top_eval_fraction:0.958335
diag step:375 name:blocks.6.mlp.proj.weight lr:0.025 weight_norm:87.5971 grad_norm:3945.92 grad_diff_norm:6376.32 momentum_norm:9503.17 update_norm:22.8482 update_l0_norm:27.7128 relative_update:0.260833 relative_update_l0:0.316367 update_l0_cos:0.981421 update_grad_cos:0.222414 update_momentum_cos:0.84957 l_trace:1.38991e+08 l_fro:5.65571e+07 l_trace_fraction:0.53058 l_top_eval:5.02734e+07 l_top_eval_fraction:0.361703
step:375/1500 val_loss:3.94211 train_time:175.442s step_avg:460.31ms
diag step:500 name:blocks.0.attn.q.weight lr:0.023833333 weight_norm:85.144 grad_norm:1664.77 grad_diff_norm:2716.14 momentum_norm:4172.01 update_norm:20.3709 update_l0_norm:27.5324 relative_update:0.239252 relative_update_l0:0.323362 update_l0_cos:0.905185 update_grad_cos:0.19111 update_momentum_cos:0.673857 l_trace:1.9574e+07 l_fro:8.70848e+06 l_trace_fraction:0.45509 l_top_eval:7.96783e+06 l_top_eval_fraction:0.407062
diag step:500 name:blocks.11.attn.proj.weight lr:0.023833333 weight_norm:99.88 grad_norm:4094.71 grad_diff_norm:7247.47 momentum_norm:5516.11 update_norm:21.1675 update_l0_norm:27.3211 relative_update:0.211929 relative_update_l0:0.27354 update_l0_cos:0.920708 update_grad_cos:0.0762128 update_momentum_cos:0.509788 l_trace:1.48206e+08 l_fro:1.41626e+08 l_trace_fraction:0.684094 l_top_eval:1.41623e+08 l_top_eval_fraction:0.95558
diag step:500 name:blocks.6.mlp.proj.weight lr:0.023833333 weight_norm:97.0965 grad_norm:3718.37 grad_diff_norm:6230.27 momentum_norm:9064.03 update_norm:22.7805 update_l0_norm:27.7128 relative_update:0.234617 relative_update_l0:0.285415 update_l0_cos:0.982007 update_grad_cos:0.234848 update_momentum_cos:0.862985 l_trace:1.28033e+08 l_fro:5.49714e+07 l_trace_fraction:0.537201 l_top_eval:5.19925e+07 l_top_eval_fraction:0.406087
step:500/1500 val_loss:3.82689 train_time:233.039s step_avg:460.77ms
diag step:625 name:blocks.0.attn.q.weight lr:0.020857143 weight_norm:90.2609 grad_norm:1067.61 grad_diff_norm:1875.11 momentum_norm:3725.3 update_norm:20.277 update_l0_norm:27.5393 relative_update:0.224649 relative_update_l0:0.305108 update_l0_cos:0.902508 update_grad_cos:0.219579 update_momentum_cos:0.686142 l_trace:1.33815e+07 l_fro:5.94278e+06 l_trace_fraction:0.456646 l_top_eval:5.62799e+06 l_top_eval_fraction:0.420579
diag step:625 name:blocks.11.attn.proj.weight lr:0.020857143 weight_norm:108.112 grad_norm:2302.64 grad_diff_norm:4267.89 momentum_norm:4533.74 update_norm:21.1567 update_l0_norm:27.4537 relative_update:0.195692 relative_update_l0:0.253938 update_l0_cos:0.919132 update_grad_cos:0.117253 update_momentum_cos:0.593841 l_trace:8.44617e+07 l_fro:7.85488e+07 l_trace_fraction:0.731599 l_top_eval:7.85447e+07 l_top_eval_fraction:0.929944
diag step:625 name:blocks.6.mlp.proj.weight lr:0.020857143 weight_norm:103.036 grad_norm:2748.51 grad_diff_norm:4430.48 momentum_norm:8978.93 update_norm:22.8585 update_l0_norm:27.7128 relative_update:0.22185 relative_update_l0:0.268962 update_l0_cos:0.983671 update_grad_cos:0.295092 update_momentum_cos:0.875778 l_trace:9.17885e+07 l_fro:3.2225e+07 l_trace_fraction:0.489545 l_top_eval:2.99927e+07 l_top_eval_fraction:0.326759
step:625/1500 val_loss:3.74014 train_time:290.656s step_avg:460.94ms
diag step:750 name:blocks.0.attn.q.weight lr:0.017880952 weight_norm:92.7755 grad_norm:1140.02 grad_diff_norm:1788.84 momentum_norm:3672.79 update_norm:20.3173 update_l0_norm:27.5327 relative_update:0.218994 relative_update_l0:0.296767 update_l0_cos:0.903192 update_grad_cos:0.206402 update_momentum_cos:0.690899 l_trace:9.87967e+06 l_fro:3.86136e+06 l_trace_fraction:0.382647 l_top_eval:3.67092e+06 l_top_eval_fraction:0.371563
diag step:750 name:blocks.11.attn.proj.weight lr:0.017880952 weight_norm:112.877 grad_norm:3067.95 grad_diff_norm:4714.8 momentum_norm:4896.61 update_norm:21.2413 update_l0_norm:27.4089 relative_update:0.188181 relative_update_l0:0.242821 update_l0_cos:0.92396 update_grad_cos:0.0972563 update_momentum_cos:0.574056 l_trace:5.64279e+07 l_fro:5.08195e+07 l_trace_fraction:0.551081 l_top_eval:5.08143e+07 l_top_eval_fraction:0.900517
diag step:750 name:blocks.6.mlp.proj.weight lr:0.017880952 weight_norm:106.18 grad_norm:3427.02 grad_diff_norm:5524.15 momentum_norm:9531.17 update_norm:23.0243 update_l0_norm:27.7128 relative_update:0.216843 relative_update_l0:0.260999 update_l0_cos:0.984755 update_grad_cos:0.25829 update_momentum_cos:0.868965 l_trace:9.01563e+07 l_fro:3.15778e+07 l_trace_fraction:0.439644 l_top_eval:2.9919e+07 l_top_eval_fraction:0.331857
step:750/1500 val_loss:3.67843 train_time:348.212s step_avg:460.44ms
diag step:875 name:blocks.0.attn.q.weight lr:0.014904762 weight_norm:93.8684 grad_norm:1359.28 grad_diff_norm:2048.8 momentum_norm:3748.56 update_norm:20.3497 update_l0_norm:27.539 relative_update:0.21679 relative_update_l0:0.293379 update_l0_cos:0.903128 update_grad_cos:0.188659 update_momentum_cos:0.675672 l_trace:1.0238e+07 l_fro:4.08531e+06 l_trace_fraction:0.361352 l_top_eval:3.81285e+06 l_top_eval_fraction:0.37242
diag step:875 name:blocks.11.attn.proj.weight lr:0.014904762 weight_norm:115.46 grad_norm:2578.49 grad_diff_norm:4167.81 momentum_norm:4558.32 update_norm:21.236 update_l0_norm:27.4626 relative_update:0.183926 relative_update_l0:0.237854 update_l0_cos:0.922445 update_grad_cos:0.110205 update_momentum_cos:0.619176 l_trace:4.74636e+07 l_fro:4.18077e+07 l_trace_fraction:0.586355 l_top_eval:4.18019e+07 l_top_eval_fraction:0.880716
diag step:875 name:blocks.6.mlp.proj.weight lr:0.014904762 weight_norm:107.58 grad_norm:3378.17 grad_diff_norm:5538.97 momentum_norm:9663.96 update_norm:23.0384 update_l0_norm:27.7128 relative_update:0.214152 relative_update_l0:0.257603 update_l0_cos:0.985266 update_grad_cos:0.247547 update_momentum_cos:0.875254 l_trace:8.40066e+07 l_fro:2.82403e+07 l_trace_fraction:0.420474 l_top_eval:2.687e+07 l_top_eval_fraction:0.319856
step:875/1500 val_loss:3.62364 train_time:405.811s step_avg:460.79ms
diag step:1000 name:blocks.0.attn.q.weight lr:0.011928571 weight_norm:94.0223 grad_norm:998.336 grad_diff_norm:1369.46 momentum_norm:3666.97 update_norm:20.35 update_l0_norm:27.5421 relative_update:0.216438 relative_update_l0:0.292932 update_l0_cos:0.903743 update_grad_cos:0.233001 update_momentum_cos:0.693659 l_trace:7.32463e+06 l_fro:2.23144e+06 l_trace_fraction:0.324081 l_top_eval:2.0678e+06 l_top_eval_fraction:0.282308
diag step:1000 name:blocks.11.attn.proj.weight lr:0.011928571 weight_norm:116.63 grad_norm:2288.22 grad_diff_norm:3418.74 momentum_norm:4601.52 update_norm:21.2938 update_l0_norm:27.4798 relative_update:0.182576 relative_update_l0:0.235615 update_l0_cos:0.925073 update_grad_cos:0.130541 update_momentum_cos:0.625802 l_trace:3.49242e+07 l_fro:2.96768e+07 l_trace_fraction:0.516462 l_top_eval:2.96709e+07 l_top_eval_fraction:0.849578
diag step:1000 name:blocks.6.mlp.proj.weight lr:0.011928571 weight_norm:107.8 grad_norm:3077.38 grad_diff_norm:4739.24 momentum_norm:10053.1 update_norm:23.1832 update_l0_norm:27.7128 relative_update:0.215056 relative_update_l0:0.257075 update_l0_cos:0.986749 update_grad_cos:0.287518 update_momentum_cos:0.878812 l_trace:7.12687e+07 l_fro:1.72886e+07 l_trace_fraction:0.373487 l_top_eval:1.52954e+07 l_top_eval_fraction:0.214616
step:1000/1500 val_loss:3.57510 train_time:463.404s step_avg:460.74ms
diag step:1125 name:blocks.0.attn.q.weight lr:0.008952381 weight_norm:93.5749 grad_norm:2220.89 grad_diff_norm:2417.28 momentum_norm:4396.81 update_norm:20.3489 update_l0_norm:27.4729 relative_update:0.217461 relative_update_l0:0.293593 update_l0_cos:0.905778 update_grad_cos:0.153956 update_momentum_cos:0.622504 l_trace:1.15447e+07 l_fro:4.60911e+06 l_trace_fraction:0.261305 l_top_eval:3.89587e+06 l_top_eval_fraction:0.337461
diag step:1125 name:blocks.11.attn.proj.weight lr:0.008952381 weight_norm:116.921 grad_norm:2199.87 grad_diff_norm:2984.26 momentum_norm:4850.14 update_norm:21.2701 update_l0_norm:27.4882 relative_update:0.181919 relative_update_l0:0.235102 update_l0_cos:0.924601 update_grad_cos:0.137234 update_momentum_cos:0.626446 l_trace:3.14326e+07 l_fro:2.55037e+07 l_trace_fraction:0.476382 l_top_eval:2.5494e+07 l_top_eval_fraction:0.81107
diag step:1125 name:blocks.6.mlp.proj.weight lr:0.008952381 weight_norm:107.286 grad_norm:3401.52 grad_diff_norm:4692.07 momentum_norm:10847.4 update_norm:23.2071 update_l0_norm:27.7128 relative_update:0.21631 relative_update_l0:0.258307 update_l0_cos:0.987061 update_grad_cos:0.271937 update_momentum_cos:0.870672 l_trace:7.43861e+07 l_fro:1.52009e+07 l_trace_fraction:0.344078 l_top_eval:1.1085e+07 l_top_eval_fraction:0.149019
step:1125/1500 val_loss:3.53590 train_time:520.942s step_avg:460.30ms
diag step:1250 name:blocks.0.attn.q.weight lr:0.0059761905 weight_norm:92.8361 grad_norm:932.688 grad_diff_norm:1344.77 momentum_norm:4062.27 update_norm:20.4208 update_l0_norm:27.5408 relative_update:0.219966 relative_update_l0:0.296661 update_l0_cos:0.905069 update_grad_cos:0.243345 update_momentum_cos:0.679439 l_trace:6.63376e+06 l_fro:1.73253e+06 l_trace_fraction:0.26582 l_top_eval:1.60688e+06 l_top_eval_fraction:0.242227
diag step:1250 name:blocks.11.attn.proj.weight lr:0.0059761905 weight_norm:116.681 grad_norm:1854.96 grad_diff_norm:2491.41 momentum_norm:4925.81 update_norm:21.3704 update_l0_norm:27.5076 relative_update:0.183153 relative_update_l0:0.235751 update_l0_cos:0.926109 update_grad_cos:0.14869 update_momentum_cos:0.640143 l_trace:2.10789e+07 l_fro:1.52235e+07 l_trace_fraction:0.403895 l_top_eval:1.52086e+07 l_top_eval_fraction:0.721509
diag step:1250 name:blocks.6.mlp.proj.weight lr:0.0059761905 weight_norm:106.435 grad_norm:3110.03 grad_diff_norm:4242.08 momentum_norm:11477.1 update_norm:23.3844 update_l0_norm:27.7128 relative_update:0.219706 relative_update_l0:0.260373 update_l0_cos:0.988692 update_grad_cos:0.286486 update_momentum_cos:0.870839 l_trace:5.95373e+07 l_fro:8.2084e+06 l_trace_fraction:0.282561 l_top_eval:5.67192e+06 l_top_eval_fraction:0.0952667
step:1250/1500 val_loss:3.49895 train_time:578.540s step_avg:460.78ms
diag step:1375 name:blocks.0.attn.q.weight lr:0.003 weight_norm:92.1449 grad_norm:968.229 grad_diff_norm:1491.31 momentum_norm:4594.23 update_norm:20.4094 update_l0_norm:27.528 relative_update:0.221493 relative_update_l0:0.298747 update_l0_cos:0.903729 update_grad_cos:0.219383 update_momentum_cos:0.651077 l_trace:9.14031e+06 l_fro:2.54895e+06 l_trace_fraction:0.290084 l_top_eval:2.3259e+06 l_top_eval_fraction:0.254466
diag step:1375 name:blocks.11.attn.proj.weight lr:0.003 weight_norm:116.289 grad_norm:1561.52 grad_diff_norm:2261.31 momentum_norm:6008.34 update_norm:21.3523 update_l0_norm:27.492 relative_update:0.183613 relative_update_l0:0.236411 update_l0_cos:0.925664 update_grad_cos:0.163237 update_momentum_cos:0.572148 l_trace:2.60456e+07 l_fro:1.7622e+07 l_trace_fraction:0.394075 l_top_eval:1.75253e+07 l_top_eval_fraction:0.67287
diag step:1375 name:blocks.6.mlp.proj.weight lr:0.003 weight_norm:105.638 grad_norm:2940.4 grad_diff_norm:4125.36 momentum_norm:13136.4 update_norm:23.4017 update_l0_norm:27.7128 relative_update:0.221526 relative_update_l0:0.262337 update_l0_cos:0.988378 update_grad_cos:0.294462 update_momentum_cos:0.841387 l_trace:7.34274e+07 l_fro:1.02679e+07 l_trace_fraction:0.279371 l_top_eval:6.35444e+06 l_top_eval_fraction:0.0865404
step:1375/1500 val_loss:3.46874 train_time:636.094s step_avg:460.44ms
diag step:1500 name:blocks.0.attn.q.weight lr:2.3809524e-05 weight_norm:91.8238 grad_norm:985.694 grad_diff_norm:1345.91 momentum_norm:5103.83 update_norm:20.7899 update_l0_norm:27.4948 relative_update:0.22641 relative_update_l0:0.29943 update_l0_cos:0.911634 update_grad_cos:0.224892 update_momentum_cos:0.628647 l_trace:5.82014e+06 l_fro:1.13585e+06 l_trace_fraction:0.17103 l_top_eval:982279 l_top_eval_fraction:0.168772
diag step:1500 name:blocks.11.attn.proj.weight lr:2.3809524e-05 weight_norm:116.087 grad_norm:1554.47 grad_diff_norm:2232.97 momentum_norm:7376.46 update_norm:21.6555 update_l0_norm:27.438 relative_update:0.186545 relative_update_l0:0.236357 update_l0_cos:0.933186 update_grad_cos:0.171201 update_momentum_cos:0.525831 l_trace:1.58302e+07 l_fro:9.40978e+06 l_trace_fraction:0.206102 l_top_eval:9.35727e+06 l_top_eval_fraction:0.591104
diag step:1500 name:blocks.6.mlp.proj.weight lr:2.3809524e-05 weight_norm:105.272 grad_norm:2967.42 grad_diff_norm:4147.18 momentum_norm:15610.8 update_norm:23.9828 update_l0_norm:27.7128 relative_update:0.227819 relative_update_l0:0.263251 update_l0_cos:0.991292 update_grad_cos:0.293966 update_momentum_cos:0.812781 l_trace:5.62222e+07 l_fro:6.26259e+06 l_trace_fraction:0.174709 l_top_eval:4.88089e+06 l_top_eval_fraction:0.0868144
step:1500/1500 val_loss:3.45030 train_time:693.628s step_avg:460.27ms
